00:00 +0: loading C:/Users/User/FlutterProjects/taskly_bloc/test/core/operation_context_seed_test.dart
00:00 +0: C:/Users/User/FlutterProjects/taskly_bloc/test/core/operation_context_seed_test.dart: (setUpAll)
00:00 +0: C:/Users/User/FlutterProjects/taskly_bloc/test/core/operation_context_seed_test.dart: OperationContext helpers support forwarding assertions
00:00 +1: C:/Users/User/FlutterProjects/taskly_bloc/test/core/operation_context_seed_test.dart: TestOperationContextFactory creates unique correlation IDs
00:00 +2: C:/Users/User/FlutterProjects/taskly_bloc/test/core/operation_context_seed_test.dart: (tearDownAll)
00:00 +2: loading C:/Users/User/FlutterProjects/taskly_bloc/test/diagnosis/my_day_page_compile_probe_test.dart
00:00 +2: C:/Users/User/FlutterProjects/taskly_bloc/test/diagnosis/my_day_page_compile_probe_test.dart: (setUpAll)
00:00 +2: C:/Users/User/FlutterProjects/taskly_bloc/test/diagnosis/my_day_page_compile_probe_test.dart: my day page compile probe
00:01 +3: C:/Users/User/FlutterProjects/taskly_bloc/test/diagnosis/my_day_page_compile_probe_test.dart: (tearDownAll)
00:01 +3: loading C:/Users/User/FlutterProjects/taskly_bloc/test/diagnosis/my_day_page_imports_probe_test.dart
00:01 +3: C:/Users/User/FlutterProjects/taskly_bloc/test/diagnosis/my_day_page_imports_probe_test.dart: (setUpAll)
00:01 +3: C:/Users/User/FlutterProjects/taskly_bloc/test/diagnosis/my_day_page_imports_probe_test.dart: my day page imports probe
00:01 +4: C:/Users/User/FlutterProjects/taskly_bloc/test/diagnosis/my_day_page_imports_probe_test.dart: (tearDownAll)
00:02 +4: loading C:/Users/User/FlutterProjects/taskly_bloc/test/domain/allocation/allocation_orchestrator_test.dart
00:02 +4: C:/Users/User/FlutterProjects/taskly_bloc/test/domain/allocation/allocation_orchestrator_test.dart: (setUpAll)
00:02 +4: C:/Users/User/FlutterProjects/taskly_bloc/test/domain/allocation/allocation_orchestrator_test.dart: AllocationOrchestrator returns requiresValueSetup when no values exist
[38;5;255m┌──────────────────────────────────────────────────────────────────────────────────────────────────────────────[0m
[38;5;255m│ [verbose] | 6:37:10 633ms | [domain.allocation] getAllocationSnapshot: nowUtc=2025-01-15T12:00:00.000 todayUtc=2025-01-15T00:00:00.000Z (route: <unknown>)[0m
[38;5;255m└──────────────────────────────────────────────────────────────────────────────────────────────────────────────[0m
[38;5;255m┌──────────────────────────────────────────────────────────────────────────────────────────────────────────────[0m
[38;5;255m│ [verbose] | 6:37:10 646ms | [domain.allocation] Compute: 0 tasks, 0 projects, anchors=2 maxTasks=4 (route: <unknown>)[0m
[38;5;255m└──────────────────────────────────────────────────────────────────────────────────────────────────────────────[0m
[38;5;255m┌──────────────────────────────────────────────────────────────────────────────────────────────────────────────[0m
[38;5;255m│ [verbose] | 6:37:10 647ms | [domain.allocation] Found 0 values in DB (route: <unknown>)[0m
[38;5;255m└──────────────────────────────────────────────────────────────────────────────────────────────────────────────[0m
00:02 +5: C:/Users/User/FlutterProjects/taskly_bloc/test/domain/allocation/allocation_orchestrator_test.dart: AllocationOrchestrator allocates pinned tasks and regular tasks
[38;5;255m┌──────────────────────────────────────────────────────────────────────────────────────────────────────────────[0m
[38;5;255m│ [verbose] | 6:37:10 657ms | [domain.allocation] getAllocationSnapshot: nowUtc=2025-01-15T12:00:00.000 todayUtc=2025-01-15T00:00:00.000Z (route: <unknown>)[0m
[38;5;255m└──────────────────────────────────────────────────────────────────────────────────────────────────────────────[0m
[38;5;255m┌──────────────────────────────────────────────────────────────────────────────────────────────────────────────[0m
[38;5;255m│ [verbose] | 6:37:10 657ms | [domain.allocation] Compute: 2 tasks, 1 projects, anchors=2 maxTasks=4 (route: <unknown>)[0m
[38;5;255m└──────────────────────────────────────────────────────────────────────────────────────────────────────────────[0m
[38;5;255m┌──────────────────────────────────────────────────────────────────────────────────────────────────────────────[0m
[38;5;255m│ [debug] | 6:37:10 659ms | [AllocationOrchestrator] _allocateRegularTasks: 1 values[0m
[38;5;255m└──────────────────────────────────────────────────────────────────────────────────────────────────────────────[0m
[38;5;255m┌──────────────────────────────────────────────────────────────────────────────────────────────────────────────[0m
[38;5;255m│ [debug] | 6:37:10 659ms | [AllocationOrchestrator] Task value distribution: 1/1 tasks have values[0m
[38;5;255m└──────────────────────────────────────────────────────────────────────────────────────────────────────────────[0m
[38;5;255m┌──────────────────────────────────────────────────────────────────────────────────────────────────────────────[0m
[38;5;255m│ [debug] | 6:37:10 659ms | [AllocationOrchestrator] Using ProjectFirstAnchors, 1/1 tasks have values, 1 categories[0m
[38;5;255m└──────────────────────────────────────────────────────────────────────────────────────────────────────────────[0m
00:02 +6: C:/Users/User/FlutterProjects/taskly_bloc/test/domain/allocation/allocation_orchestrator_test.dart: AllocationOrchestrator pin and unpin task update repository
[38;5;255m┌──────────────────────────────────────────────────────────────────────────────────────────────────────────────[0m
[38;5;255m│ [debug] | 6:37:10 675ms | [AllocationOrchestrator] Pinning task: t1[0m
[38;5;255m└──────────────────────────────────────────────────────────────────────────────────────────────────────────────[0m
[38;5;255m┌──────────────────────────────────────────────────────────────────────────────────────────────────────────────[0m
[38;5;255m│ [debug] | 6:37:10 676ms | [AllocationOrchestrator] Unpinning task: t1[0m
[38;5;255m└──────────────────────────────────────────────────────────────────────────────────────────────────────────────[0m
00:02 +7: C:/Users/User/FlutterProjects/taskly_bloc/test/domain/allocation/allocation_orchestrator_test.dart: (tearDownAll)
00:02 +7: loading C:/Users/User/FlutterProjects/taskly_bloc/test/domain/analytics/correlation_calculator_test.dart
00:03 +7: C:/Users/User/FlutterProjects/taskly_bloc/test/domain/analytics/correlation_calculator_test.dart: (setUpAll)
00:03 +7: C:/Users/User/FlutterProjects/taskly_bloc/test/domain/analytics/correlation_calculator_test.dart: CorrelationCalculator returns insufficient data result when inputs are empty
00:03 +8: C:/Users/User/FlutterProjects/taskly_bloc/test/domain/analytics/correlation_calculator_test.dart: CorrelationCalculator calculates correlation with adequate sample size
00:03 +9: C:/Users/User/FlutterProjects/taskly_bloc/test/domain/analytics/correlation_calculator_test.dart: CorrelationCalculator filters outliers and still computes result
00:03 +10: C:/Users/User/FlutterProjects/taskly_bloc/test/domain/analytics/correlation_calculator_test.dart: (tearDownAll)
00:03 +10: loading C:/Users/User/FlutterProjects/taskly_bloc/test/domain/analytics/task_stats_calculator_test.dart
00:04 +10: C:/Users/User/FlutterProjects/taskly_bloc/test/domain/analytics/task_stats_calculator_test.dart: (setUpAll)
00:04 +10: C:/Users/User/FlutterProjects/taskly_bloc/test/domain/analytics/task_stats_calculator_test.dart: TaskStatsCalculator calculates basic counts and rates
00:04 +11: C:/Users/User/FlutterProjects/taskly_bloc/test/domain/analytics/task_stats_calculator_test.dart: TaskStatsCalculator calculates stale and overdue counts
00:04 +12: C:/Users/User/FlutterProjects/taskly_bloc/test/domain/analytics/task_stats_calculator_test.dart: TaskStatsCalculator calculates average days to complete and velocity
00:04 +13: C:/Users/User/FlutterProjects/taskly_bloc/test/domain/analytics/task_stats_calculator_test.dart: TaskStatsCalculator returns completion days for entity
00:04 +14: C:/Users/User/FlutterProjects/taskly_bloc/test/domain/analytics/task_stats_calculator_test.dart: (tearDownAll)
00:04 +14: loading C:/Users/User/FlutterProjects/taskly_bloc/test/domain/attention/attention_engine_test.dart
00:04 +14: C:/Users/User/FlutterProjects/taskly_bloc/test/domain/attention/attention_engine_test.dart: (setUpAll)
00:05 +14: C:/Users/User/FlutterProjects/taskly_bloc/test/domain/attention/attention_engine_test.dart: AttentionEngine emits task attention items for overdue predicate
00:05 +15: C:/Users/User/FlutterProjects/taskly_bloc/test/domain/attention/attention_engine_test.dart: AttentionEngine suppresses items using runtime state
00:05 +16: C:/Users/User/FlutterProjects/taskly_bloc/test/domain/attention/attention_engine_test.dart: (tearDownAll)
00:05 +16: loading C:/Users/User/FlutterProjects/taskly_bloc/test/domain/core/editing/project_command_handler_test.dart
00:05 +16: C:/Users/User/FlutterProjects/taskly_bloc/test/domain/core/editing/project_command_handler_test.dart: (setUpAll)
00:05 +16: C:/Users/User/FlutterProjects/taskly_bloc/test/domain/core/editing/project_command_handler_test.dart: ProjectCommandHandler handleCreate trims name and calls repository
00:05 +17: C:/Users/User/FlutterProjects/taskly_bloc/test/domain/core/editing/project_command_handler_test.dart: ProjectCommandHandler handleUpdate returns validation failure for invalid name
00:05 +18: C:/Users/User/FlutterProjects/taskly_bloc/test/domain/core/editing/project_command_handler_test.dart: ProjectCommandHandler validation fails when deadline is before start
00:05 +19: C:/Users/User/FlutterProjects/taskly_bloc/test/domain/core/editing/project_command_handler_test.dart: (tearDownAll)
00:05 +19: loading C:/Users/User/FlutterProjects/taskly_bloc/test/domain/core/editing/task_command_handler_test.dart
00:06 +19: C:/Users/User/FlutterProjects/taskly_bloc/test/domain/core/editing/task_command_handler_test.dart: (setUpAll)
00:06 +19: C:/Users/User/FlutterProjects/taskly_bloc/test/domain/core/editing/task_command_handler_test.dart: TaskCommandHandler handleCreate trims name and calls repository
00:06 +20: C:/Users/User/FlutterProjects/taskly_bloc/test/domain/core/editing/task_command_handler_test.dart: TaskCommandHandler handleUpdate returns validation failure for invalid name
00:06 +21: C:/Users/User/FlutterProjects/taskly_bloc/test/domain/core/editing/task_command_handler_test.dart: TaskCommandHandler validation fails when deadline is before start
00:06 +22: C:/Users/User/FlutterProjects/taskly_bloc/test/domain/core/editing/task_command_handler_test.dart: (tearDownAll)
00:06 +22: loading C:/Users/User/FlutterProjects/taskly_bloc/test/domain/core/editing/value_command_handler_test.dart
00:07 +22: C:/Users/User/FlutterProjects/taskly_bloc/test/domain/core/editing/value_command_handler_test.dart: (setUpAll)
00:07 +22: C:/Users/User/FlutterProjects/taskly_bloc/test/domain/core/editing/value_command_handler_test.dart: ValueCommandHandler handleCreate trims name and forwards context
00:07 +23: C:/Users/User/FlutterProjects/taskly_bloc/test/domain/core/editing/value_command_handler_test.dart: ValueCommandHandler handleUpdate rejects empty name
00:07 +24: C:/Users/User/FlutterProjects/taskly_bloc/test/domain/core/editing/value_command_handler_test.dart: ValueCommandHandler handleCreate rejects empty color
00:07 +25: C:/Users/User/FlutterProjects/taskly_bloc/test/domain/core/editing/value_command_handler_test.dart: ValueCommandHandler handleUpdate rejects empty iconName
00:07 +26: C:/Users/User/FlutterProjects/taskly_bloc/test/domain/core/editing/value_command_handler_test.dart: ValueCommandHandler handleCreate rejects name over 120 chars
00:07 +27: C:/Users/User/FlutterProjects/taskly_bloc/test/domain/core/editing/value_command_handler_test.dart: (tearDownAll)
00:07 +27: loading C:/Users/User/FlutterProjects/taskly_bloc/test/domain/core/errors/app_failure_test.dart
00:07 +27: C:/Users/User/FlutterProjects/taskly_bloc/test/domain/core/errors/app_failure_test.dart: (setUpAll)
00:08 +27: C:/Users/User/FlutterProjects/taskly_bloc/test/domain/core/errors/app_failure_test.dart: AppFailure uiMessage prefers explicit message
00:08 +28: C:/Users/User/FlutterProjects/taskly_bloc/test/domain/core/errors/app_failure_test.dart: AppFailure uiMessage falls back by kind when message is empty
00:08 +29: C:/Users/User/FlutterProjects/taskly_bloc/test/domain/core/errors/app_failure_test.dart: AppFailure unknown failures report as unexpected
00:08 +30: C:/Users/User/FlutterProjects/taskly_bloc/test/domain/core/errors/app_failure_test.dart: AppFailure toString includes kind and code
00:08 +31: C:/Users/User/FlutterProjects/taskly_bloc/test/domain/core/errors/app_failure_test.dart: (tearDownAll)
00:08 +31: loading C:/Users/User/FlutterProjects/taskly_bloc/test/domain/core/model/task_project_model_test.dart
00:08 +31: C:/Users/User/FlutterProjects/taskly_bloc/test/domain/core/model/task_project_model_test.dart: (setUpAll)
00:08 +31: C:/Users/User/FlutterProjects/taskly_bloc/test/domain/core/model/task_project_model_test.dart: Task model copyWith updates fields and preserves others
00:08 +32: C:/Users/User/FlutterProjects/taskly_bloc/test/domain/core/model/task_project_model_test.dart: Task model isRepeating reflects repeat rule
00:08 +33: C:/Users/User/FlutterProjects/taskly_bloc/test/domain/core/model/task_project_model_test.dart: Task model equality compares values and occurrence
00:08 +34: C:/Users/User/FlutterProjects/taskly_bloc/test/domain/core/model/task_project_model_test.dart: Project model copyWith updates fields and preserves others
00:08 +35: C:/Users/User/FlutterProjects/taskly_bloc/test/domain/core/model/task_project_model_test.dart: Project model isRepeating reflects repeat rule
00:08 +36: C:/Users/User/FlutterProjects/taskly_bloc/test/domain/core/model/task_project_model_test.dart: Project model equality compares values and occurrence
00:08 +37: C:/Users/User/FlutterProjects/taskly_bloc/test/domain/core/model/task_project_model_test.dart: (tearDownAll)
00:08 +37: loading C:/Users/User/FlutterProjects/taskly_bloc/test/domain/core/model/value_model_test.dart
00:09 +37: C:/Users/User/FlutterProjects/taskly_bloc/test/domain/core/model/value_model_test.dart: (setUpAll)
00:09 +37: C:/Users/User/FlutterProjects/taskly_bloc/test/domain/core/model/value_model_test.dart: Value model copyWith updates fields and preserves others
00:09 +38: C:/Users/User/FlutterProjects/taskly_bloc/test/domain/core/model/value_model_test.dart: Value model equality compares values
00:09 +39: C:/Users/User/FlutterProjects/taskly_bloc/test/domain/core/model/value_model_test.dart: ValueDraft empty uses default values
00:09 +40: C:/Users/User/FlutterProjects/taskly_bloc/test/domain/core/model/value_model_test.dart: ValueDraft fromValue applies fallback color
00:09 +41: C:/Users/User/FlutterProjects/taskly_bloc/test/domain/core/model/value_model_test.dart: ValueDraft copyWith overrides fields
00:09 +42: C:/Users/User/FlutterProjects/taskly_bloc/test/domain/core/model/value_model_test.dart: (tearDownAll)
00:09 +42: loading C:/Users/User/FlutterProjects/taskly_bloc/test/domain/filtering/task_rule_test.dart
00:10 +42: C:/Users/User/FlutterProjects/taskly_bloc/test/domain/filtering/task_rule_test.dart: (setUpAll)
00:10 +42: C:/Users/User/FlutterProjects/taskly_bloc/test/domain/filtering/task_rule_test.dart: TaskRule.fromJson defaults to BooleanRule when type is missing or unknown
00:10 +43: C:/Users/User/FlutterProjects/taskly_bloc/test/domain/filtering/task_rule_test.dart: TaskRule.fromJson hydrates known rule types
00:10 +44: C:/Users/User/FlutterProjects/taskly_bloc/test/domain/filtering/task_rule_test.dart: DateRule validates required fields per operator
00:10 +45: C:/Users/User/FlutterProjects/taskly_bloc/test/domain/filtering/task_rule_test.dart: DateRule evaluates date operators using date-only semantics
00:10 +46: C:/Users/User/FlutterProjects/taskly_bloc/test/domain/filtering/task_rule_test.dart: DateRule evaluates relative operators against today
00:10 +47: C:/Users/User/FlutterProjects/taskly_bloc/test/domain/filtering/task_rule_test.dart: DateRule handles null date targets
00:10 +48: C:/Users/User/FlutterProjects/taskly_bloc/test/domain/filtering/task_rule_test.dart: DateRule matches completedAt via occurrence data
00:10 +49: C:/Users/User/FlutterProjects/taskly_bloc/test/domain/filtering/task_rule_test.dart: BooleanRule applies based on boolean operator
00:10 +50: C:/Users/User/FlutterProjects/taskly_bloc/test/domain/filtering/task_rule_test.dart: ValueRule validates required value IDs for hasAny/hasAll
00:10 +51: C:/Users/User/FlutterProjects/taskly_bloc/test/domain/filtering/task_rule_test.dart: ValueRule applies value operators against task values
00:10 +52: C:/Users/User/FlutterProjects/taskly_bloc/test/domain/filtering/task_rule_test.dart: ProjectRule validates required project IDs
00:10 +53: C:/Users/User/FlutterProjects/taskly_bloc/test/domain/filtering/task_rule_test.dart: ProjectRule applies project operators
00:10 +54: C:/Users/User/FlutterProjects/taskly_bloc/test/domain/filtering/task_rule_test.dart: ProjectRule compares list order for equality
00:10 +55: C:/Users/User/FlutterProjects/taskly_bloc/test/domain/filtering/task_rule_test.dart: (tearDownAll)
00:10 +55: loading C:/Users/User/FlutterProjects/taskly_bloc/test/domain/queries/journal_query_test.dart
00:11 +55: C:/Users/User/FlutterProjects/taskly_bloc/test/domain/queries/journal_query_test.dart: (setUpAll)
00:11 +55: C:/Users/User/FlutterProjects/taskly_bloc/test/domain/queries/journal_query_test.dart: JournalPredicate round-trips json for id/date/mood/text
00:11 +56: C:/Users/User/FlutterProjects/taskly_bloc/test/domain/queries/journal_query_test.dart: JournalQuery factory methods set filters
00:11 +57: C:/Users/User/FlutterProjects/taskly_bloc/test/domain/queries/journal_query_test.dart: JournalQuery serializes and deserializes
00:11 +58: C:/Users/User/FlutterProjects/taskly_bloc/test/domain/queries/journal_query_test.dart: (tearDownAll)
00:11 +58: loading C:/Users/User/FlutterProjects/taskly_bloc/test/domain/queries/query_objects_test.dart
00:11 +58: C:/Users/User/FlutterProjects/taskly_bloc/test/domain/queries/query_objects_test.dart: (setUpAll)
00:11 +58: C:/Users/User/FlutterProjects/taskly_bloc/test/domain/queries/query_objects_test.dart: TaskQuery factory methods populate expected predicates
00:11 +59: C:/Users/User/FlutterProjects/taskly_bloc/test/domain/queries/query_objects_test.dart: TaskQuery copyWith respects occurrence exclusivity
00:11 +60: C:/Users/User/FlutterProjects/taskly_bloc/test/domain/queries/query_objects_test.dart: TaskQuery serializes and deserializes
00:11 +61: C:/Users/User/FlutterProjects/taskly_bloc/test/domain/queries/query_objects_test.dart: ProjectQuery factory methods populate expected predicates
00:11 +62: C:/Users/User/FlutterProjects/taskly_bloc/test/domain/queries/query_objects_test.dart: ProjectQuery copyWith enforces occurrence exclusivity
00:11 +63: C:/Users/User/FlutterProjects/taskly_bloc/test/domain/queries/query_objects_test.dart: ProjectQuery serializes and deserializes
00:11 +64: C:/Users/User/FlutterProjects/taskly_bloc/test/domain/queries/query_objects_test.dart: ValueQuery factory methods populate expected predicates
00:11 +65: C:/Users/User/FlutterProjects/taskly_bloc/test/domain/queries/query_objects_test.dart: ValueQuery addPredicate and copyWith preserve filters
00:11 +66: C:/Users/User/FlutterProjects/taskly_bloc/test/domain/queries/query_objects_test.dart: Comparison operators bool comparison evaluates both operators
00:11 +67: C:/Users/User/FlutterProjects/taskly_bloc/test/domain/queries/query_objects_test.dart: Comparison operators value comparison evaluates membership and null checks
00:11 +68: C:/Users/User/FlutterProjects/taskly_bloc/test/domain/queries/query_objects_test.dart: Comparison operators date comparison uses date-only semantics
00:11 +69: C:/Users/User/FlutterProjects/taskly_bloc/test/domain/queries/query_objects_test.dart: (tearDownAll)
00:11 +69: loading C:/Users/User/FlutterProjects/taskly_bloc/test/domain/queries/query_predicates_test.dart
00:12 +69: C:/Users/User/FlutterProjects/taskly_bloc/test/domain/queries/query_predicates_test.dart: (setUpAll)
00:12 +69: C:/Users/User/FlutterProjects/taskly_bloc/test/domain/queries/query_predicates_test.dart: QueryFilter serializes and deserializes shared + orGroups
00:12 +70: C:/Users/User/FlutterProjects/taskly_bloc/test/domain/queries/query_predicates_test.dart: QueryFilter matchAll reports empty shared and orGroups
00:12 +71: C:/Users/User/FlutterProjects/taskly_bloc/test/domain/queries/query_predicates_test.dart: QueryFilter merge combines shared and orGroups
00:12 +72: C:/Users/User/FlutterProjects/taskly_bloc/test/domain/queries/query_predicates_test.dart: TaskPredicate round-trips json for bool/date/project/value
00:12 +73: C:/Users/User/FlutterProjects/taskly_bloc/test/domain/queries/query_predicates_test.dart: TaskPredicate throws on unknown predicate type
00:12 +74: C:/Users/User/FlutterProjects/taskly_bloc/test/domain/queries/query_predicates_test.dart: ProjectPredicate round-trips json for id/bool/date/value
00:12 +75: C:/Users/User/FlutterProjects/taskly_bloc/test/domain/queries/query_predicates_test.dart: ProjectPredicate throws on unknown predicate type
00:12 +76: C:/Users/User/FlutterProjects/taskly_bloc/test/domain/queries/query_predicates_test.dart: ValuePredicate round-trips json for name/color/id/ids
00:12 +77: C:/Users/User/FlutterProjects/taskly_bloc/test/domain/queries/query_predicates_test.dart: ValuePredicate throws on unknown predicate type
00:12 +78: C:/Users/User/FlutterProjects/taskly_bloc/test/domain/queries/query_predicates_test.dart: (tearDownAll)
00:12 +78: loading C:/Users/User/FlutterProjects/taskly_bloc/test/domain/screens/runtime/entity_action_service_operation_context_test.dart
00:13 +78: C:/Users/User/FlutterProjects/taskly_bloc/test/domain/screens/runtime/entity_action_service_operation_context_test.dart: (setUpAll)
00:13 +78: C:/Users/User/FlutterProjects/taskly_bloc/test/domain/screens/runtime/entity_action_service_operation_context_test.dart: TaskWriteService (TG-006) forwards OperationContext into TaskRepository.completeOccurrence
00:13 +79: C:/Users/User/FlutterProjects/taskly_bloc/test/domain/screens/runtime/entity_action_service_operation_context_test.dart: TaskWriteService (TG-006) forwards OperationContext into AllocationOrchestrator.pinTask
00:13 +80: C:/Users/User/FlutterProjects/taskly_bloc/test/domain/screens/runtime/entity_action_service_operation_context_test.dart: (tearDownAll)
00:13 +80: loading C:/Users/User/FlutterProjects/taskly_bloc/test/domain/services/effective_values_test.dart
00:14 +80: C:/Users/User/FlutterProjects/taskly_bloc/test/domain/services/effective_values_test.dart: (setUpAll)
00:14 +80: C:/Users/User/FlutterProjects/taskly_bloc/test/domain/services/effective_values_test.dart: TaskEffectiveValuesX includes task overrides alongside project primary
00:14 +81: C:/Users/User/FlutterProjects/taskly_bloc/test/domain/services/effective_values_test.dart: TaskEffectiveValuesX inherits project values when not overriding
00:14 +82: C:/Users/User/FlutterProjects/taskly_bloc/test/domain/services/effective_values_test.dart: TaskEffectiveValuesX reports valueless when no values present
00:14 +83: C:/Users/User/FlutterProjects/taskly_bloc/test/domain/services/effective_values_test.dart: (tearDownAll)
00:14 +83: loading C:/Users/User/FlutterProjects/taskly_bloc/test/domain/services/occurrence_command_service_test.dart
00:14 +83: C:/Users/User/FlutterProjects/taskly_bloc/test/domain/services/occurrence_command_service_test.dart: (setUpAll)
00:14 +83: C:/Users/User/FlutterProjects/taskly_bloc/test/domain/services/occurrence_command_service_test.dart: OccurrenceCommandService completes explicit task occurrence date
00:14 +84: C:/Users/User/FlutterProjects/taskly_bloc/test/domain/services/occurrence_command_service_test.dart: OccurrenceCommandService resolves next uncompleted task occurrence
00:14 +85: C:/Users/User/FlutterProjects/taskly_bloc/test/domain/services/occurrence_command_service_test.dart: OccurrenceCommandService uncompletes most recent completed occurrence
00:14 +86: C:/Users/User/FlutterProjects/taskly_bloc/test/domain/services/occurrence_command_service_test.dart: (tearDownAll)
00:14 +86: loading C:/Users/User/FlutterProjects/taskly_bloc/test/domain/services/occurrence_read_service_test.dart
00:15 +86: C:/Users/User/FlutterProjects/taskly_bloc/test/domain/services/occurrence_read_service_test.dart: (setUpAll)
00:15 +86: C:/Users/User/FlutterProjects/taskly_bloc/test/domain/services/occurrence_read_service_test.dart: OccurrenceReadService adds next occurrence preview for repeating tasks
00:15 +87: C:/Users/User/FlutterProjects/taskly_bloc/test/domain/services/occurrence_read_service_test.dart: OccurrenceReadService expands task occurrences for range
00:15 +88: C:/Users/User/FlutterProjects/taskly_bloc/test/domain/services/occurrence_read_service_test.dart: (tearDownAll)
00:15 +88: loading C:/Users/User/FlutterProjects/taskly_bloc/test/domain/services/occurrence_stream_expander_test.dart
00:16 +88: C:/Users/User/FlutterProjects/taskly_bloc/test/domain/services/occurrence_stream_expander_test.dart: (setUpAll)
00:16 +88: C:/Users/User/FlutterProjects/taskly_bloc/test/domain/services/occurrence_stream_expander_test.dart: OccurrenceStreamExpander expands non-repeating tasks within range
00:16 +89: C:/Users/User/FlutterProjects/taskly_bloc/test/domain/services/occurrence_stream_expander_test.dart: OccurrenceStreamExpander expands repeating tasks with exceptions
00:16 +90: C:/Users/User/FlutterProjects/taskly_bloc/test/domain/services/occurrence_stream_expander_test.dart: (tearDownAll)
00:16 +90: loading C:/Users/User/FlutterProjects/taskly_bloc/test/domain/services/scheduled_occurrences_service_test.dart
00:17 +90: C:/Users/User/FlutterProjects/taskly_bloc/test/domain/services/scheduled_occurrences_service_test.dart: (setUpAll)
00:17 +90: C:/Users/User/FlutterProjects/taskly_bloc/test/domain/services/scheduled_occurrences_service_test.dart: ScheduledOccurrencesService combines overdue and scheduled occurrences
00:17 +91: C:/Users/User/FlutterProjects/taskly_bloc/test/domain/services/scheduled_occurrences_service_test.dart: (tearDownAll)
00:17 +91: loading C:/Users/User/FlutterProjects/taskly_bloc/test/domain/services/template_data_service_test.dart
00:17 +91: C:/Users/User/FlutterProjects/taskly_bloc/test/domain/services/template_data_service_test.dart: (setUpAll)
00:18 +91: C:/Users/User/FlutterProjects/taskly_bloc/test/domain/services/template_data_service_test.dart: TemplateDataService seeds values, projects, and tasks
00:18 +92: C:/Users/User/FlutterProjects/taskly_bloc/test/domain/services/template_data_service_test.dart: (tearDownAll)
00:18 +92: loading C:/Users/User/FlutterProjects/taskly_bloc/test/domain/test_data_seed_test.dart
00:18 +92: C:/Users/User/FlutterProjects/taskly_bloc/test/domain/test_data_seed_test.dart: (setUpAll)
00:18 +92: C:/Users/User/FlutterProjects/taskly_bloc/test/domain/test_data_seed_test.dart: TestData builders are deterministic by default
00:18 +93: C:/Users/User/FlutterProjects/taskly_bloc/test/domain/test_data_seed_test.dart: TestData builders respect provided now
00:18 +94: C:/Users/User/FlutterProjects/taskly_bloc/test/domain/test_data_seed_test.dart: (tearDownAll)
00:18 +94: loading C:/Users/User/FlutterProjects/taskly_bloc/test/domain/time/date_only_test.dart
00:19 +94: C:/Users/User/FlutterProjects/taskly_bloc/test/domain/time/date_only_test.dart: (setUpAll)
00:19 +94: C:/Users/User/FlutterProjects/taskly_bloc/test/domain/time/date_only_test.dart: dateOnly normalizes to UTC midnight
00:19 +95: C:/Users/User/FlutterProjects/taskly_bloc/test/domain/time/date_only_test.dart: dateOnly returns null when input is null
00:19 +96: C:/Users/User/FlutterProjects/taskly_bloc/test/domain/time/date_only_test.dart: encode/parse date-only encodes to YYYY-MM-DD
00:19 +97: C:/Users/User/FlutterProjects/taskly_bloc/test/domain/time/date_only_test.dart: encode/parse date-only parses valid date-only string
00:19 +98: C:/Users/User/FlutterProjects/taskly_bloc/test/domain/time/date_only_test.dart: encode/parse date-only throws on invalid date-only string
00:19 +99: C:/Users/User/FlutterProjects/taskly_bloc/test/domain/time/date_only_test.dart: encode/parse date-only tryParseDateOnly handles legacy timestamps
00:19 +100: C:/Users/User/FlutterProjects/taskly_bloc/test/domain/time/date_only_test.dart: (tearDownAll)
00:19 +100: loading C:/Users/User/FlutterProjects/taskly_bloc/test/integration/journal_write_flow_test.dart
00:20 +100: C:/Users/User/FlutterProjects/taskly_bloc/test/integration/journal_write_flow_test.dart: (setUpAll)
00:20 +100: C:/Users/User/FlutterProjects/taskly_bloc/test/integration/journal_write_flow_test.dart: journal repository upsert/update emits stream updates
[38;5;255m┌──────────────────────────────────────────────────────────────────────────────────────────────────────────────[0m
[38;5;255m│ [verbose] | 6:37:28 219ms | [data.journal] upsertJournalEntry succeeded | feature=journal intent=test operation=journal.upsert correlationId=corr-1 durationMs=106 (route: <unknown>)[0m
[38;5;255m└──────────────────────────────────────────────────────────────────────────────────────────────────────────────[0m
[38;5;255m┌──────────────────────────────────────────────────────────────────────────────────────────────────────────────[0m
[38;5;255m│ [verbose] | 6:37:28 245ms | [data.journal] upsertJournalEntry succeeded | feature=journal intent=test operation=journal.upsert correlationId=corr-1 durationMs=1 (route: <unknown>)[0m
[38;5;255m└──────────────────────────────────────────────────────────────────────────────────────────────────────────────[0m
00:20 +101: C:/Users/User/FlutterProjects/taskly_bloc/test/integration/journal_write_flow_test.dart: tracker group/definition updates emit stream updates
[38;5;255m┌──────────────────────────────────────────────────────────────────────────────────────────────────────────────[0m
[38;5;255m│ [verbose] | 6:37:28 273ms | [data.journal] saveTrackerGroup succeeded | feature=journal intent=test operation=journal.save_tracker correlationId=corr-2 durationMs=11 (route: <unknown>)[0m
[38;5;255m└──────────────────────────────────────────────────────────────────────────────────────────────────────────────[0m
[38;5;255m┌──────────────────────────────────────────────────────────────────────────────────────────────────────────────[0m
[38;5;255m│ [verbose] | 6:37:28 283ms | [data.journal] saveTrackerDefinition succeeded | feature=journal intent=test operation=journal.save_tracker correlationId=corr-2 durationMs=5 (route: <unknown>)[0m
[38;5;255m└──────────────────────────────────────────────────────────────────────────────────────────────────────────────[0m
00:20 +102: C:/Users/User/FlutterProjects/taskly_bloc/test/integration/journal_write_flow_test.dart: (tearDownAll)
00:20 +102: loading C:/Users/User/FlutterProjects/taskly_bloc/test/integration/occurrence_write_flow_test.dart
00:21 +102: C:/Users/User/FlutterProjects/taskly_bloc/test/integration/occurrence_write_flow_test.dart: (setUpAll)
00:21 +102: C:/Users/User/FlutterProjects/taskly_bloc/test/integration/occurrence_write_flow_test.dart: task occurrence writes persist and forward OperationContext
[38;5;255m┌──────────────────────────────────────────────────────────────────────────────────────────────────────────────[0m
[38;5;255m│ [debug] | 6:37:29 13ms | [TaskRepository] create: name="Task A", projectId=null[0m
[38;5;255m└──────────────────────────────────────────────────────────────────────────────────────────────────────────────[0m
[38;5;255m┌──────────────────────────────────────────────────────────────────────────────────────────────────────────────[0m
[38;5;255m│ [verbose] | 6:37:29 128ms | [data.task] create succeeded | durationMs=115 (route: <unknown>)[0m
[38;5;255m└──────────────────────────────────────────────────────────────────────────────────────────────────────────────[0m
[38;5;255m┌──────────────────────────────────────────────────────────────────────────────────────────────────────────────[0m
[38;5;255m│ [verbose] | 6:37:29 140ms | [data.occurrence_write] completeTaskOccurrence | feature=tasks intent=test operation=tasks.complete_occurrence correlationId=test-corr-0 taskId=task-0 occurrenceDate=2025-01-15T00:00:00.000Z (route: <unknown>)[0m
[38;5;255m└──────────────────────────────────────────────────────────────────────────────────────────────────────────────[0m
00:21 +103: C:/Users/User/FlutterProjects/taskly_bloc/test/integration/occurrence_write_flow_test.dart: project occurrence writes persist and forward OperationContext
[38;5;255m┌──────────────────────────────────────────────────────────────────────────────────────────────────────────────[0m
[38;5;255m│ [debug] | 6:37:29 171ms | [ValueRepository] create: name="Primary", priority=ValuePriority.medium[0m
[38;5;255m└──────────────────────────────────────────────────────────────────────────────────────────────────────────────[0m
[38;5;3m┌──────────────────────────────────────────────────────────────────────────────────────────────────────────────[0m
[38;5;3m│ [warning] | 6:37:29 172ms | [data.value] create requested | id=value-primary name=Primary color=#00AAFF iconName= priority=medium (route: <unknown>)[0m
[38;5;3m└──────────────────────────────────────────────────────────────────────────────────────────────────────────────[0m
[38;5;3m┌──────────────────────────────────────────────────────────────────────────────────────────────────────────────[0m
[38;5;3m│ [warning] | 6:37:29 182ms | [data.value] create inserted | id=value-primary name=Primary (route: <unknown>)[0m
[38;5;3m└──────────────────────────────────────────────────────────────────────────────────────────────────────────────[0m
[38;5;255m┌──────────────────────────────────────────────────────────────────────────────────────────────────────────────[0m
[38;5;255m│ [verbose] | 6:37:29 182ms | [data.value] create succeeded | durationMs=11 (route: <unknown>)[0m
[38;5;255m└──────────────────────────────────────────────────────────────────────────────────────────────────────────────[0m
[38;5;255m┌──────────────────────────────────────────────────────────────────────────────────────────────────────────────[0m
[38;5;255m│ [debug] | 6:37:29 184ms | [ProjectRepository] create: name="Project Alpha"[0m
[38;5;255m└──────────────────────────────────────────────────────────────────────────────────────────────────────────────[0m
[38;5;255m┌──────────────────────────────────────────────────────────────────────────────────────────────────────────────[0m
[38;5;255m│ [verbose] | 6:37:29 187ms | [data.project] create succeeded | durationMs=3 (route: <unknown>)[0m
[38;5;255m└──────────────────────────────────────────────────────────────────────────────────────────────────────────────[0m
00:21 +104: C:/Users/User/FlutterProjects/taskly_bloc/test/integration/occurrence_write_flow_test.dart: task occurrence uncomplete and series operations persist
[38;5;255m┌──────────────────────────────────────────────────────────────────────────────────────────────────────────────[0m
[38;5;255m│ [debug] | 6:37:29 208ms | [TaskRepository] create: name="Recurring Task", projectId=null[0m
[38;5;255m└──────────────────────────────────────────────────────────────────────────────────────────────────────────────[0m
[38;5;255m┌──────────────────────────────────────────────────────────────────────────────────────────────────────────────[0m
[38;5;255m│ [verbose] | 6:37:29 219ms | [data.task] create succeeded | durationMs=10 (route: <unknown>)[0m
[38;5;255m└──────────────────────────────────────────────────────────────────────────────────────────────────────────────[0m
[38;5;255m┌──────────────────────────────────────────────────────────────────────────────────────────────────────────────[0m
[38;5;255m│ [verbose] | 6:37:29 220ms | [data.occurrence_write] completeTaskOccurrence | feature=tasks intent=test operation=tasks.complete_occurrence correlationId=test-corr-0 taskId=task-0 occurrenceDate= (route: <unknown>)[0m
[38;5;255m└──────────────────────────────────────────────────────────────────────────────────────────────────────────────[0m
00:21 +105: C:/Users/User/FlutterProjects/taskly_bloc/test/integration/occurrence_write_flow_test.dart: project series operations persist
[38;5;255m┌──────────────────────────────────────────────────────────────────────────────────────────────────────────────[0m
[38;5;255m│ [debug] | 6:37:29 233ms | [ValueRepository] create: name="Work", priority=ValuePriority.high[0m
[38;5;255m└──────────────────────────────────────────────────────────────────────────────────────────────────────────────[0m
[38;5;3m┌──────────────────────────────────────────────────────────────────────────────────────────────────────────────[0m
[38;5;3m│ [warning] | 6:37:29 233ms | [data.value] create requested | id=value-work name=Work color=#FF0000 iconName= priority=high (route: <unknown>)[0m
[38;5;3m└──────────────────────────────────────────────────────────────────────────────────────────────────────────────[0m
[38;5;3m┌──────────────────────────────────────────────────────────────────────────────────────────────────────────────[0m
[38;5;3m│ [warning] | 6:37:29 241ms | [data.value] create inserted | id=value-work name=Work (route: <unknown>)[0m
[38;5;3m└──────────────────────────────────────────────────────────────────────────────────────────────────────────────[0m
[38;5;255m┌──────────────────────────────────────────────────────────────────────────────────────────────────────────────[0m
[38;5;255m│ [verbose] | 6:37:29 241ms | [data.value] create succeeded | durationMs=8 (route: <unknown>)[0m
[38;5;255m└──────────────────────────────────────────────────────────────────────────────────────────────────────────────[0m
[38;5;255m┌──────────────────────────────────────────────────────────────────────────────────────────────────────────────[0m
[38;5;255m│ [debug] | 6:37:29 241ms | [ProjectRepository] create: name="Recurring Project"[0m
[38;5;255m└──────────────────────────────────────────────────────────────────────────────────────────────────────────────[0m
[38;5;255m┌──────────────────────────────────────────────────────────────────────────────────────────────────────────────[0m
[38;5;255m│ [verbose] | 6:37:29 242ms | [data.project] create succeeded | durationMs=0 (route: <unknown>)[0m
[38;5;255m└──────────────────────────────────────────────────────────────────────────────────────────────────────────────[0m
[38;5;255m┌──────────────────────────────────────────────────────────────────────────────────────────────────────────────[0m
[38;5;255m│ [debug] | 6:37:29 243ms | [ProjectRepository] setPinned: id=project-0, isPinned=true[0m
[38;5;255m└──────────────────────────────────────────────────────────────────────────────────────────────────────────────[0m
[38;5;255m┌──────────────────────────────────────────────────────────────────────────────────────────────────────────────[0m
[38;5;255m│ [verbose] | 6:37:29 243ms | [data.project] setPinned succeeded | feature=projects intent=test operation=projects.pin correlationId=corr-pin durationMs=0 (route: <unknown>)[0m
[38;5;255m└──────────────────────────────────────────────────────────────────────────────────────────────────────────────[0m
00:21 +106: C:/Users/User/FlutterProjects/taskly_bloc/test/integration/occurrence_write_flow_test.dart: (tearDownAll)
00:21 +106: loading C:/Users/User/FlutterProjects/taskly_bloc/test/integration/project_anchor_state_write_flow_test.dart
00:21 +106: C:/Users/User/FlutterProjects/taskly_bloc/test/integration/project_anchor_state_write_flow_test.dart: (setUpAll)
00:22 +106: C:/Users/User/FlutterProjects/taskly_bloc/test/integration/project_anchor_state_write_flow_test.dart: project anchor state records anchors and emits streams
[38;5;255m┌──────────────────────────────────────────────────────────────────────────────────────────────────────────────[0m
[38;5;255m│ [debug] | 6:37:29 958ms | [ProjectRepository] create: name="Project Alpha"[0m
[38;5;255m└──────────────────────────────────────────────────────────────────────────────────────────────────────────────[0m
[38;5;1m┌──────────────────────────────────────────────────────────────────────────────────────────────────────────────[0m
[38;5;1m│ [exception] | 6:37:29 972ms | [data.project] create failed | mappedFailure=AppFailure(kind=AppFailureKind.validation, code=null, message=Projects must have at least one value., cause=RepositoryValidationException) durationMs=8 (route: <unknown>)[0m
[38;5;1m│ AppFailure(kind=AppFailureKind.validation, code=null, message=Projects must have at least one value., cause=RepositoryValidationException)[0m
[38;5;1m│ StackTrace: #0      ProjectRepository.create.<anonymous closure> (package:taskly_data/src/repositories/project_repository.dart:496:11)[0m
[38;5;1m│ #1      FailureGuard.run (package:taskly_data/src/errors/failure_guard.dart:79:37)[0m
[38;5;1m│ #2      ProjectRepository.create (package:taskly_data/src/repositories/project_repository.dart:491:25)[0m
[38;5;1m│ #3      main.<anonymous closure> (file:///C:/Users/User/FlutterProjects/taskly_bloc/test/integration/project_anchor_state_write_flow_test.dart:44:29)[0m
[38;5;1m│ #4      testSafe.<anonymous closure> (file:///C:/Users/User/FlutterProjects/taskly_bloc/test/helpers/test_helpers.dart:117:21)[0m
[38;5;1m│ #5      Declarer.test.<anonymous closure>.<anonymous closure> (package:test_api/src/backend/declarer.dart:242:19)[0m
[38;5;1m│ <asynchronous suspension>[0m
[38;5;1m│ #6      Declarer.test.<anonymous closure> (package:test_api/src/backend/declarer.dart:240:7)[0m
[38;5;1m│ <asynchronous suspension>[0m
[38;5;1m│ #7      Invoker._waitForOutstandingCallbacks.<anonymous closure> (package:test_api/src/backend/invoker.dart:282:9)[0m
[38;5;1m│ <asynchronous suspension>[0m
[38;5;1m│ }[0m
[38;5;1m└──────────────────────────────────────────────────────────────────────────────────────────────────────────────[0m
00:22 +106 -1: C:/Users/User/FlutterProjects/taskly_bloc/test/integration/project_anchor_state_write_flow_test.dart: project anchor state records anchors and emits streams [E]
  AppFailure(kind=AppFailureKind.validation, code=null, message=Projects must have at least one value., cause=RepositoryValidationException)
  package:taskly_data/src/errors/failure_guard.dart 117:7  FailureGuard.run
  
00:22 +106 -1: C:/Users/User/FlutterProjects/taskly_bloc/test/integration/project_anchor_state_write_flow_test.dart: (tearDownAll)
00:22 +106 -1: loading C:/Users/User/FlutterProjects/taskly_bloc/test/integration/project_extra_write_flow_test.dart
00:22 +106 -1: C:/Users/User/FlutterProjects/taskly_bloc/test/integration/project_extra_write_flow_test.dart: (setUpAll)
00:22 +106 -1: C:/Users/User/FlutterProjects/taskly_bloc/test/integration/project_extra_write_flow_test.dart: project repository setPinned persists updates
[38;5;255m┌──────────────────────────────────────────────────────────────────────────────────────────────────────────────[0m
[38;5;255m│ [debug] | 6:37:30 677ms | [ProjectRepository] create: name="Project Alpha"[0m
[38;5;255m└──────────────────────────────────────────────────────────────────────────────────────────────────────────────[0m
[38;5;1m┌──────────────────────────────────────────────────────────────────────────────────────────────────────────────[0m
[38;5;1m│ [exception] | 6:37:30 689ms | [data.project] create failed | mappedFailure=AppFailure(kind=AppFailureKind.validation, code=null, message=Projects must have at least one value., cause=RepositoryValidationException) durationMs=10 (route: <unknown>)[0m
[38;5;1m│ AppFailure(kind=AppFailureKind.validation, code=null, message=Projects must have at least one value., cause=RepositoryValidationException)[0m
[38;5;1m│ StackTrace: #0      ProjectRepository.create.<anonymous closure> (package:taskly_data/src/repositories/project_repository.dart:496:11)[0m
[38;5;1m│ #1      FailureGuard.run (package:taskly_data/src/errors/failure_guard.dart:79:37)[0m
[38;5;1m│ #2      ProjectRepository.create (package:taskly_data/src/repositories/project_repository.dart:491:25)[0m
[38;5;1m│ #3      main.<anonymous closure> (file:///C:/Users/User/FlutterProjects/taskly_bloc/test/integration/project_extra_write_flow_test.dart:39:29)[0m
[38;5;1m│ #4      testSafe.<anonymous closure> (file:///C:/Users/User/FlutterProjects/taskly_bloc/test/helpers/test_helpers.dart:117:21)[0m
[38;5;1m│ #5      Declarer.test.<anonymous closure>.<anonymous closure> (package:test_api/src/backend/declarer.dart:242:19)[0m
[38;5;1m│ <asynchronous suspension>[0m
[38;5;1m│ #6      Declarer.test.<anonymous closure> (package:test_api/src/backend/declarer.dart:240:7)[0m
[38;5;1m│ <asynchronous suspension>[0m
[38;5;1m│ #7      Invoker._waitForOutstandingCallbacks.<anonymous closure> (package:test_api/src/backend/invoker.dart:282:9)[0m
[38;5;1m│ <asynchronous suspension>[0m
[38;5;1m│ }[0m
[38;5;1m└──────────────────────────────────────────────────────────────────────────────────────────────────────────────[0m
00:22 +106 -2: C:/Users/User/FlutterProjects/taskly_bloc/test/integration/project_extra_write_flow_test.dart: project repository setPinned persists updates [E]
  AppFailure(kind=AppFailureKind.validation, code=null, message=Projects must have at least one value., cause=RepositoryValidationException)
  package:taskly_data/src/errors/failure_guard.dart 117:7  FailureGuard.run
  
00:22 +106 -2: C:/Users/User/FlutterProjects/taskly_bloc/test/integration/project_extra_write_flow_test.dart: (tearDownAll)
00:22 +106 -2: loading C:/Users/User/FlutterProjects/taskly_bloc/test/integration/project_write_flow_test.dart
00:23 +106 -2: C:/Users/User/FlutterProjects/taskly_bloc/test/integration/project_write_flow_test.dart: (setUpAll)
00:23 +106 -2: C:/Users/User/FlutterProjects/taskly_bloc/test/integration/project_write_flow_test.dart: project repository create/update emits stream updates
[38;5;255m┌──────────────────────────────────────────────────────────────────────────────────────────────────────────────[0m
[38;5;255m│ [debug] | 6:37:31 426ms | [ProjectRepository] create: name="Project A"[0m
[38;5;255m└──────────────────────────────────────────────────────────────────────────────────────────────────────────────[0m
[38;5;1m┌──────────────────────────────────────────────────────────────────────────────────────────────────────────────[0m
[38;5;1m│ [exception] | 6:37:31 439ms | [data.project] create failed | feature=projects intent=test operation=projects.create correlationId=corr-1 mappedFailure=AppFailure(kind=AppFailureKind.validation, code=null, message=Projects must have at least one value., cause=RepositoryValidationException) durationMs=12 (route: <unknown>)[0m
[38;5;1m│ AppFailure(kind=AppFailureKind.validation, code=null, message=Projects must have at least one value., cause=RepositoryValidationException)[0m
[38;5;1m│ StackTrace: #0      ProjectRepository.create.<anonymous closure> (package:taskly_data/src/repositories/project_repository.dart:496:11)[0m
[38;5;1m│ #1      FailureGuard.run (package:taskly_data/src/errors/failure_guard.dart:79:37)[0m
[38;5;1m│ #2      ProjectRepository.create (package:taskly_data/src/repositories/project_repository.dart:491:25)[0m
[38;5;1m│ #3      main.<anonymous closure> (file:///C:/Users/User/FlutterProjects/taskly_bloc/test/integration/project_write_flow_test.dart:45:29)[0m
[38;5;1m│ #4      testSafe.<anonymous closure> (file:///C:/Users/User/FlutterProjects/taskly_bloc/test/helpers/test_helpers.dart:117:21)[0m
[38;5;1m│ #5      Declarer.test.<anonymous closure>.<anonymous closure> (package:test_api/src/backend/declarer.dart:242:19)[0m
[38;5;1m│ <asynchronous suspension>[0m
[38;5;1m│ #6      Declarer.test.<anonymous closure> (package:test_api/src/backend/declarer.dart:240:7)[0m
[38;5;1m│ <asynchronous suspension>[0m
[38;5;1m│ #7      Invoker._waitForOutstandingCallbacks.<anonymous closure> (package:test_api/src/backend/invoker.dart:282:9)[0m
[38;5;1m│ <asynchronous suspension>[0m
[38;5;1m│ }[0m
[38;5;1m└──────────────────────────────────────────────────────────────────────────────────────────────────────────────[0m
00:23 +106 -3: C:/Users/User/FlutterProjects/taskly_bloc/test/integration/project_write_flow_test.dart: project repository create/update emits stream updates [E]
  AppFailure(kind=AppFailureKind.validation, code=null, message=Projects must have at least one value., cause=RepositoryValidationException)
  package:taskly_data/src/errors/failure_guard.dart 117:7  FailureGuard.run
  
00:23 +106 -3: C:/Users/User/FlutterProjects/taskly_bloc/test/integration/project_write_flow_test.dart: project repository delete removes project and emits stream updates
[38;5;255m┌──────────────────────────────────────────────────────────────────────────────────────────────────────────────[0m
[38;5;255m│ [debug] | 6:37:31 453ms | [ProjectRepository] create: name="Delete Project"[0m
[38;5;255m└──────────────────────────────────────────────────────────────────────────────────────────────────────────────[0m
[38;5;1m┌──────────────────────────────────────────────────────────────────────────────────────────────────────────────[0m
[38;5;1m│ [exception] | 6:37:31 453ms | [data.project] create failed | mappedFailure=AppFailure(kind=AppFailureKind.validation, code=null, message=Projects must have at least one value., cause=RepositoryValidationException) durationMs=0 (route: <unknown>)[0m
[38;5;1m│ AppFailure(kind=AppFailureKind.validation, code=null, message=Projects must have at least one value., cause=RepositoryValidationException)[0m
[38;5;1m│ StackTrace: #0      ProjectRepository.create.<anonymous closure> (package:taskly_data/src/repositories/project_repository.dart:496:11)[0m
[38;5;1m│ #1      FailureGuard.run (package:taskly_data/src/errors/failure_guard.dart:79:37)[0m
[38;5;1m│ #2      ProjectRepository.create (package:taskly_data/src/repositories/project_repository.dart:491:25)[0m
[38;5;1m│ #3      main.<anonymous closure> (file:///C:/Users/User/FlutterProjects/taskly_bloc/test/integration/project_write_flow_test.dart:92:31)[0m
[38;5;1m│ #4      testSafe.<anonymous closure> (file:///C:/Users/User/FlutterProjects/taskly_bloc/test/helpers/test_helpers.dart:117:21)[0m
[38;5;1m│ #5      Declarer.test.<anonymous closure>.<anonymous closure> (package:test_api/src/backend/declarer.dart:242:19)[0m
[38;5;1m│ <asynchronous suspension>[0m
[38;5;1m│ #6      Declarer.test.<anonymous closure> (package:test_api/src/backend/declarer.dart:240:7)[0m
[38;5;1m│ <asynchronous suspension>[0m
[38;5;1m│ #7      Invoker._waitForOutstandingCallbacks.<anonymous closure> (package:test_api/src/backend/invoker.dart:282:9)[0m
[38;5;1m│ <asynchronous suspension>[0m
[38;5;1m│ }[0m
[38;5;1m└──────────────────────────────────────────────────────────────────────────────────────────────────────────────[0m
00:23 +106 -4: C:/Users/User/FlutterProjects/taskly_bloc/test/integration/project_write_flow_test.dart: project repository delete removes project and emits stream updates [E]
  AppFailure(kind=AppFailureKind.validation, code=null, message=Projects must have at least one value., cause=RepositoryValidationException)
  package:taskly_data/src/errors/failure_guard.dart 117:7  FailureGuard.run
  
00:23 +106 -4: C:/Users/User/FlutterProjects/taskly_bloc/test/integration/project_write_flow_test.dart: project repository rejects empty name
[38;5;255m┌──────────────────────────────────────────────────────────────────────────────────────────────────────────────[0m
[38;5;255m│ [debug] | 6:37:31 461ms | [ProjectRepository] create: name=""[0m
[38;5;255m└──────────────────────────────────────────────────────────────────────────────────────────────────────────────[0m
[38;5;1m┌──────────────────────────────────────────────────────────────────────────────────────────────────────────────[0m
[38;5;1m│ [exception] | 6:37:31 466ms | [data.project] create failed | mappedFailure=AppFailure(kind=AppFailureKind.validation, code=null, message=Projects must have at least one value., cause=RepositoryValidationException) durationMs=4 (route: <unknown>)[0m
[38;5;1m│ AppFailure(kind=AppFailureKind.validation, code=null, message=Projects must have at least one value., cause=RepositoryValidationException)[0m
[38;5;1m│ StackTrace: #0      ProjectRepository.create.<anonymous closure> (package:taskly_data/src/repositories/project_repository.dart:496:11)[0m
[38;5;1m│ #1      FailureGuard.run (package:taskly_data/src/errors/failure_guard.dart:79:37)[0m
[38;5;1m│ #2      ProjectRepository.create (package:taskly_data/src/repositories/project_repository.dart:491:25)[0m
[38;5;1m│ #3      main.<anonymous closure> (file:///C:/Users/User/FlutterProjects/taskly_bloc/test/integration/project_write_flow_test.dart:132:25)[0m
[38;5;1m│ #4      testSafe.<anonymous closure> (file:///C:/Users/User/FlutterProjects/taskly_bloc/test/helpers/test_helpers.dart:117:21)[0m
[38;5;1m│ #5      Declarer.test.<anonymous closure>.<anonymous closure> (package:test_api/src/backend/declarer.dart:242:19)[0m
[38;5;1m│ <asynchronous suspension>[0m
[38;5;1m│ #6      Declarer.test.<anonymous closure> (package:test_api/src/backend/declarer.dart:240:7)[0m
[38;5;1m│ <asynchronous suspension>[0m
[38;5;1m│ #7      Invoker._waitForOutstandingCallbacks.<anonymous closure> (package:test_api/src/backend/invoker.dart:282:9)[0m
[38;5;1m│ <asynchronous suspension>[0m
[38;5;1m│ }[0m
[38;5;1m└──────────────────────────────────────────────────────────────────────────────────────────────────────────────[0m
00:23 +107 -4: C:/Users/User/FlutterProjects/taskly_bloc/test/integration/project_write_flow_test.dart: (tearDownAll)
00:23 +107 -4: loading C:/Users/User/FlutterProjects/taskly_bloc/test/integration/routine_write_flow_test.dart
00:24 +107 -4: C:/Users/User/FlutterProjects/taskly_bloc/test/integration/routine_write_flow_test.dart: (setUpAll)
00:24 +107 -4: C:/Users/User/FlutterProjects/taskly_bloc/test/integration/routine_write_flow_test.dart: routine repository create/update and completion/skip emit streams
[38;5;255m┌──────────────────────────────────────────────────────────────────────────────────────────────────────────────[0m
[38;5;255m│ [debug] | 6:37:32 180ms | [ValueRepository] create: name="Health", priority=ValuePriority.high[0m
[38;5;255m└──────────────────────────────────────────────────────────────────────────────────────────────────────────────[0m
[38;5;3m┌──────────────────────────────────────────────────────────────────────────────────────────────────────────────[0m
[38;5;3m│ [warning] | 6:37:32 186ms | [data.value] create requested | id=value-health name=Health color=#00CC66 iconName= priority=high (route: <unknown>)[0m
[38;5;3m└──────────────────────────────────────────────────────────────────────────────────────────────────────────────[0m
[38;5;3m┌──────────────────────────────────────────────────────────────────────────────────────────────────────────────[0m
[38;5;3m│ [warning] | 6:37:32 283ms | [data.value] create inserted | id=value-health name=Health (route: <unknown>)[0m
[38;5;3m└──────────────────────────────────────────────────────────────────────────────────────────────────────────────[0m
[38;5;255m┌──────────────────────────────────────────────────────────────────────────────────────────────────────────────[0m
[38;5;255m│ [verbose] | 6:37:32 284ms | [data.value] create succeeded | feature=values intent=test operation=values.create correlationId=test-corr-0 durationMs=109 (route: <unknown>)[0m
[38;5;255m└──────────────────────────────────────────────────────────────────────────────────────────────────────────────[0m
[38;5;255m┌──────────────────────────────────────────────────────────────────────────────────────────────────────────────[0m
[38;5;255m│ [verbose] | 6:37:32 299ms | [data.routines] create succeeded | feature=routines intent=test operation=routines.create correlationId=test-corr-1 durationMs=4 (route: <unknown>)[0m
[38;5;255m└──────────────────────────────────────────────────────────────────────────────────────────────────────────────[0m
[38;5;255m┌──────────────────────────────────────────────────────────────────────────────────────────────────────────────[0m
[38;5;255m│ [verbose] | 6:37:32 324ms | [data.routines] update succeeded | feature=routines intent=test operation=routines.create correlationId=test-corr-1 durationMs=4 (route: <unknown>)[0m
[38;5;255m└──────────────────────────────────────────────────────────────────────────────────────────────────────────────[0m
[38;5;255m┌──────────────────────────────────────────────────────────────────────────────────────────────────────────────[0m
[38;5;255m│ [verbose] | 6:37:32 330ms | [data.routines] recordCompletion succeeded | feature=routines intent=test operation=routines.create correlationId=test-corr-1 durationMs=1 (route: <unknown>)[0m
[38;5;255m└──────────────────────────────────────────────────────────────────────────────────────────────────────────────[0m
[38;5;255m┌──────────────────────────────────────────────────────────────────────────────────────────────────────────────[0m
[38;5;255m│ [verbose] | 6:37:32 338ms | [data.routines] recordSkip succeeded | feature=routines intent=test operation=routines.create correlationId=test-corr-1 durationMs=4 (route: <unknown>)[0m
[38;5;255m└──────────────────────────────────────────────────────────────────────────────────────────────────────────────[0m
00:24 +108 -4: C:/Users/User/FlutterProjects/taskly_bloc/test/integration/routine_write_flow_test.dart: (tearDownAll)
00:24 +108 -4: loading C:/Users/User/FlutterProjects/taskly_bloc/test/integration/settings_write_flow_test.dart
00:25 +108 -4: C:/Users/User/FlutterProjects/taskly_bloc/test/integration/settings_write_flow_test.dart: (setUpAll)
00:25 +108 -4: C:/Users/User/FlutterProjects/taskly_bloc/test/integration/settings_write_flow_test.dart: settings repository saves global settings with maintenance fields
[38;5;255m┌──────────────────────────────────────────────────────────────────────────────────────────────────────────────[0m
[38;5;255m│ [verbose] | 6:37:33 245ms | [repository.Settings] save<GlobalSettings>: key=SettingsKey.global complete in 122ms[0m
[38;5;255m└──────────────────────────────────────────────────────────────────────────────────────────────────────────────[0m
[38;5;255m┌──────────────────────────────────────────────────────────────────────────────────────────────────────────────[0m
[38;5;255m│ [verbose] | 6:37:33 251ms | [data.settings] save succeeded | feature=settings intent=test operation=settings.save.global correlationId=test-corr-0 durationMs=128 (route: <unknown>)[0m
[38;5;255m└──────────────────────────────────────────────────────────────────────────────────────────────────────────────[0m
00:25 +109 -4: C:/Users/User/FlutterProjects/taskly_bloc/test/integration/settings_write_flow_test.dart: settings repository saves allocation settings
[38;5;255m┌──────────────────────────────────────────────────────────────────────────────────────────────────────────────[0m
[38;5;255m│ [verbose] | 6:37:33 289ms | [repository.Settings] save<AllocationConfig>: key=SettingsKey.allocation complete in 11ms[0m
[38;5;255m└──────────────────────────────────────────────────────────────────────────────────────────────────────────────[0m
[38;5;255m┌──────────────────────────────────────────────────────────────────────────────────────────────────────────────[0m
[38;5;255m│ [verbose] | 6:37:33 289ms | [data.settings] save succeeded | feature=settings intent=test operation=settings.save.allocation correlationId=test-corr-0 durationMs=11 (route: <unknown>)[0m
[38;5;255m└──────────────────────────────────────────────────────────────────────────────────────────────────────────────[0m
00:25 +110 -4: C:/Users/User/FlutterProjects/taskly_bloc/test/integration/settings_write_flow_test.dart: (tearDownAll)
00:25 +110 -4: loading C:/Users/User/FlutterProjects/taskly_bloc/test/integration/task_extra_write_flow_test.dart
00:26 +110 -4: C:/Users/User/FlutterProjects/taskly_bloc/test/integration/task_extra_write_flow_test.dart: (setUpAll)
00:26 +110 -4: C:/Users/User/FlutterProjects/taskly_bloc/test/integration/task_extra_write_flow_test.dart: task repository setPinned and setMyDaySnoozedUntil persist updates
[38;5;255m┌──────────────────────────────────────────────────────────────────────────────────────────────────────────────[0m
[38;5;255m│ [debug] | 6:37:34 8ms | [TaskRepository] create: name="Task A", projectId=null[0m
[38;5;255m└──────────────────────────────────────────────────────────────────────────────────────────────────────────────[0m
[38;5;255m┌──────────────────────────────────────────────────────────────────────────────────────────────────────────────[0m
[38;5;255m│ [verbose] | 6:37:34 122ms | [data.task] create succeeded | durationMs=115 (route: <unknown>)[0m
[38;5;255m└──────────────────────────────────────────────────────────────────────────────────────────────────────────────[0m
[38;5;255m┌──────────────────────────────────────────────────────────────────────────────────────────────────────────────[0m
[38;5;255m│ [debug] | 6:37:34 134ms | [TaskRepository] setPinned: id=task-0, isPinned=true[0m
[38;5;255m└──────────────────────────────────────────────────────────────────────────────────────────────────────────────[0m
[38;5;255m┌──────────────────────────────────────────────────────────────────────────────────────────────────────────────[0m
[38;5;255m│ [verbose] | 6:37:34 138ms | [data.task] setPinned succeeded | feature=tasks intent=test operation=tasks.pin correlationId=test-corr-0 durationMs=3 (route: <unknown>)[0m
[38;5;255m└──────────────────────────────────────────────────────────────────────────────────────────────────────────────[0m
[38;5;255m┌──────────────────────────────────────────────────────────────────────────────────────────────────────────────[0m
[38;5;255m│ [debug] | 6:37:34 141ms | [TaskRepository] setMyDaySnoozedUntil: id=task-0, untilUtc=2025-01-20 00:00:00.000Z[0m
[38;5;255m└──────────────────────────────────────────────────────────────────────────────────────────────────────────────[0m
[38;5;255m┌──────────────────────────────────────────────────────────────────────────────────────────────────────────────[0m
[38;5;255m│ [verbose] | 6:37:34 144ms | [data.task] setMyDaySnoozedUntil succeeded | feature=tasks intent=test operation=tasks.snooze correlationId=test-corr-1 durationMs=3 (route: <unknown>)[0m
[38;5;255m└──────────────────────────────────────────────────────────────────────────────────────────────────────────────[0m
00:26 +111 -4: C:/Users/User/FlutterProjects/taskly_bloc/test/integration/task_extra_write_flow_test.dart: (tearDownAll)
00:26 +111 -4: loading C:/Users/User/FlutterProjects/taskly_bloc/test/integration/task_write_flow_test.dart
00:26 +111 -4: C:/Users/User/FlutterProjects/taskly_bloc/test/integration/task_write_flow_test.dart: (setUpAll)
00:26 +111 -4: C:/Users/User/FlutterProjects/taskly_bloc/test/integration/task_write_flow_test.dart: task repository create/update emits stream updates
[38;5;255m┌──────────────────────────────────────────────────────────────────────────────────────────────────────────────[0m
[38;5;255m│ [debug] | 6:37:34 871ms | [ValueRepository] create: name="Focus", priority=ValuePriority.medium[0m
[38;5;255m└──────────────────────────────────────────────────────────────────────────────────────────────────────────────[0m
[38;5;3m┌──────────────────────────────────────────────────────────────────────────────────────────────────────────────[0m
[38;5;3m│ [warning] | 6:37:34 881ms | [data.value] create requested | id=value-focus name=Focus color=#FF0000 iconName= priority=medium (route: <unknown>)[0m
[38;5;3m└──────────────────────────────────────────────────────────────────────────────────────────────────────────────[0m
[38;5;3m┌──────────────────────────────────────────────────────────────────────────────────────────────────────────────[0m
[38;5;3m│ [warning] | 6:37:34 981ms | [data.value] create inserted | id=value-focus name=Focus (route: <unknown>)[0m
[38;5;3m└──────────────────────────────────────────────────────────────────────────────────────────────────────────────[0m
[38;5;255m┌──────────────────────────────────────────────────────────────────────────────────────────────────────────────[0m
[38;5;255m│ [verbose] | 6:37:34 981ms | [data.value] create succeeded | durationMs=111 (route: <unknown>)[0m
[38;5;255m└──────────────────────────────────────────────────────────────────────────────────────────────────────────────[0m
[38;5;255m┌──────────────────────────────────────────────────────────────────────────────────────────────────────────────[0m
[38;5;255m│ [debug] | 6:37:34 982ms | [ProjectRepository] create: name="Project Alpha"[0m
[38;5;255m└──────────────────────────────────────────────────────────────────────────────────────────────────────────────[0m
[38;5;255m┌──────────────────────────────────────────────────────────────────────────────────────────────────────────────[0m
[38;5;255m│ [verbose] | 6:37:34 988ms | [data.project] create succeeded | durationMs=6 (route: <unknown>)[0m
[38;5;255m└──────────────────────────────────────────────────────────────────────────────────────────────────────────────[0m
[38;5;255m┌──────────────────────────────────────────────────────────────────────────────────────────────────────────────[0m
[38;5;255m│ [debug] | 6:37:34 999ms | [TaskRepository] create: name="Task A", projectId=project-0[0m
[38;5;255m└──────────────────────────────────────────────────────────────────────────────────────────────────────────────[0m
[38;5;255m┌──────────────────────────────────────────────────────────────────────────────────────────────────────────────[0m
[38;5;255m│ [verbose] | 6:37:35 3ms | [data.task] create succeeded | feature=tasks intent=test operation=tasks.create correlationId=corr-1 durationMs=4 (route: <unknown>)[0m
[38;5;255m└──────────────────────────────────────────────────────────────────────────────────────────────────────────────[0m
[38;5;255m┌──────────────────────────────────────────────────────────────────────────────────────────────────────────────[0m
[38;5;255m│ [debug] | 6:37:35 34ms | [TaskRepository] update: id=task-0, name="Task A Updated"[0m
[38;5;255m└──────────────────────────────────────────────────────────────────────────────────────────────────────────────[0m
[38;5;255m┌──────────────────────────────────────────────────────────────────────────────────────────────────────────────[0m
[38;5;255m│ [verbose] | 6:37:35 41ms | [data.task] update succeeded | feature=tasks intent=test operation=tasks.create correlationId=corr-1 durationMs=7 (route: <unknown>)[0m
[38;5;255m└──────────────────────────────────────────────────────────────────────────────────────────────────────────────[0m
00:27 +112 -4: C:/Users/User/FlutterProjects/taskly_bloc/test/integration/task_write_flow_test.dart: task repository delete removes task and emits stream updates
[38;5;255m┌──────────────────────────────────────────────────────────────────────────────────────────────────────────────[0m
[38;5;255m│ [debug] | 6:37:35 61ms | [TaskRepository] create: name="Delete Me", projectId=null[0m
[38;5;255m└──────────────────────────────────────────────────────────────────────────────────────────────────────────────[0m
[38;5;255m┌──────────────────────────────────────────────────────────────────────────────────────────────────────────────[0m
[38;5;255m│ [verbose] | 6:37:35 72ms | [data.task] create succeeded | durationMs=10 (route: <unknown>)[0m
[38;5;255m└──────────────────────────────────────────────────────────────────────────────────────────────────────────────[0m
[38;5;255m┌──────────────────────────────────────────────────────────────────────────────────────────────────────────────[0m
[38;5;255m│ [debug] | 6:37:35 74ms | [TaskRepository] delete: id=task-0[0m
[38;5;255m└──────────────────────────────────────────────────────────────────────────────────────────────────────────────[0m
[38;5;255m┌──────────────────────────────────────────────────────────────────────────────────────────────────────────────[0m
[38;5;255m│ [verbose] | 6:37:35 77ms | [data.task] delete succeeded | durationMs=2 (route: <unknown>)[0m
[38;5;255m└──────────────────────────────────────────────────────────────────────────────────────────────────────────────[0m
00:27 +113 -4: C:/Users/User/FlutterProjects/taskly_bloc/test/integration/task_write_flow_test.dart: task repository rejects empty name
[38;5;255m┌──────────────────────────────────────────────────────────────────────────────────────────────────────────────[0m
[38;5;255m│ [debug] | 6:37:35 89ms | [TaskRepository] create: name="", projectId=null[0m
[38;5;255m└──────────────────────────────────────────────────────────────────────────────────────────────────────────────[0m
[38;5;1m┌──────────────────────────────────────────────────────────────────────────────────────────────────────────────[0m
[38;5;1m│ [exception] | 6:37:35 110ms | [data.task] create failed | mappedFailure=AppFailure(kind=AppFailureKind.unknown, code=null, message=null, cause=InvalidDataException) durationMs=17 (route: <unknown>)[0m
[38;5;1m│ AppFailure(kind=AppFailureKind.unknown, code=null, message=null, cause=InvalidDataException)[0m
[38;5;1m│ StackTrace: #0      VerificationContext.throwIfInvalid (package:drift/src/runtime/data_verification.dart:74:5)[0m
[38;5;1m│ #1      InsertStatement._validateIntegrity (package:drift/src/runtime/query_builder/statements/insert.dart:404:51)[0m
[38;5;1m│ #2      InsertStatement.createContext (package:drift/src/runtime/query_builder/statements/insert.dart:184:5)[0m
[38;5;1m│ #3      InsertStatement.insert (package:drift/src/runtime/query_builder/statements/insert.dart:70:17)[0m
[38;5;1m│ #4      TaskRepository.create.<anonymous closure>.<anonymous closure> (package:taskly_data/src/repositories/task_repository.dart:452:16)[0m
[38;5;1m│ #5      DatabaseConnectionUser.transaction.<anonymous closure>.<anonymous closure> (package:drift/src/runtime/api/connection_user.dart:505:38)[0m
[38;5;1m│ <asynchronous suspension>[0m
[38;5;1m│ #6      DatabaseConnectionUser.transaction (package:drift/src/runtime/api/connection_user.dart:496:12)[0m
[38;5;1m│ <asynchronous suspension>[0m
[38;5;1m│ #7      TaskRepository.create.<anonymous closure> (package:taskly_data/src/repositories/task_repository.dart:449:9)[0m
[38;5;1m│ <asynchronous suspension>[0m
[38;5;1m│ #8      FailureGuard.run (package:taskly_data/src/errors/failure_guard.dart:79:22)[0m
[38;5;1m│ <asynchronous suspension>[0m
[38;5;1m│ #9      TaskRepository.create (package:taskly_data/src/repositories/task_repository.dart:409:5)[0m
[38;5;1m│ <asynchronous suspension>[0m
[38;5;1m│ #10     Throws._matchFuture (package:matcher/src/expect/throws_matcher.dart:102:19)[0m
[38;5;1m│ <asynchronous suspension>[0m
[38;5;1m│ #11     _expect.<anonymous closure> (package:matcher/src/expect/expect.dart:123:26)[0m
[38;5;1m│ <asynchronous suspension>[0m
[38;5;1m│ #12     StackZoneSpecification._registerCallback.<anonymous closure> (package:stack_trace/src/stack_zone_specification.dart:114:42)[0m
[38;5;1m│ <asynchronous suspension>[0m
[38;5;1m│ #13     expectLater.<anonymous closure> (package:flutter_test/src/widget_tester.dart:508:19)[0m
[38;5;1m│ <asynchronous suspension>[0m
[38;5;1m│ #14     main.<anonymous closure> (file:///C:/Users/User/FlutterProjects/taskly_bloc/test/integration/task_write_flow_test.dart:169:5)[0m
[38;5;1m│ <asynchronous suspension>[0m
[38;5;1m│ #15     Future.timeout.<anonymous closure> (dart:async/future_impl.dart:1061:7)[0m
[38;5;1m│ <asynchronous suspension>[0m
[38;5;1m│ #16     testSafe.<anonymous closure> (file:///C:/Users/User/FlutterProjects/taskly_bloc/test/helpers/test_helpers.dart:117:7)[0m
[38;5;1m│ <asynchronous suspension>[0m
[38;5;1m│ #17     Declarer.test.<anonymous closure>.<anonymous closure> (package:test_api/src/backend/declarer.dart:242:9)[0m
[38;5;1m│ <asynchronous suspension>[0m
[38;5;1m│ #18     Declarer.test.<anonymous closure> (package:test_api/src/backend/declarer.dart:240:7)[0m
[38;5;1m│ <asynchronous suspension>[0m
[38;5;1m│ #19     Invoker._waitForOutstandingCallbacks.<anonymous closure> (package:test_api/src/backend/invoker.dart:282:9)[0m
[38;5;1m│ <asynchronous suspension>[0m
[38;5;1m│ }[0m
[38;5;1m└──────────────────────────────────────────────────────────────────────────────────────────────────────────────[0m
00:27 +114 -4: C:/Users/User/FlutterProjects/taskly_bloc/test/integration/task_write_flow_test.dart: (tearDownAll)
00:27 +114 -4: loading C:/Users/User/FlutterProjects/taskly_bloc/test/integration/value_ratings_write_flow_test.dart
00:27 +114 -4: C:/Users/User/FlutterProjects/taskly_bloc/test/integration/value_ratings_write_flow_test.dart: (setUpAll)
00:27 +114 -4: C:/Users/User/FlutterProjects/taskly_bloc/test/integration/value_ratings_write_flow_test.dart: value ratings repository upserts weekly ratings and emits streams
[38;5;255m┌──────────────────────────────────────────────────────────────────────────────────────────────────────────────[0m
[38;5;255m│ [debug] | 6:37:35 839ms | [ValueRepository] create: name="Focus", priority=ValuePriority.medium[0m
[38;5;255m└──────────────────────────────────────────────────────────────────────────────────────────────────────────────[0m
[38;5;3m┌──────────────────────────────────────────────────────────────────────────────────────────────────────────────[0m
[38;5;3m│ [warning] | 6:37:35 845ms | [data.value] create requested | id=value-focus name=Focus color=#3366FF iconName= priority=medium (route: <unknown>)[0m
[38;5;3m└──────────────────────────────────────────────────────────────────────────────────────────────────────────────[0m
[38;5;3m┌──────────────────────────────────────────────────────────────────────────────────────────────────────────────[0m
[38;5;3m│ [warning] | 6:37:35 941ms | [data.value] create inserted | id=value-focus name=Focus (route: <unknown>)[0m
[38;5;3m└──────────────────────────────────────────────────────────────────────────────────────────────────────────────[0m
[38;5;255m┌──────────────────────────────────────────────────────────────────────────────────────────────────────────────[0m
[38;5;255m│ [verbose] | 6:37:35 941ms | [data.value] create succeeded | feature=values intent=test operation=values.create correlationId=test-corr-0 durationMs=108 (route: <unknown>)[0m
[38;5;255m└──────────────────────────────────────────────────────────────────────────────────────────────────────────────[0m
[38;5;255m┌──────────────────────────────────────────────────────────────────────────────────────────────────────────────[0m
[38;5;255m│ [verbose] | 6:37:35 959ms | [data.value_ratings] weekly rating upserted | valueId=value-focus weekStart=2025-01-13T00:00:00.000Z rating=5 updated=false (route: <unknown>)[0m
[38;5;255m└──────────────────────────────────────────────────────────────────────────────────────────────────────────────[0m
[38;5;255m┌──────────────────────────────────────────────────────────────────────────────────────────────────────────────[0m
[38;5;255m│ [verbose] | 6:37:35 960ms | [data.value_ratings] upsert succeeded | feature=values intent=test operation=values.ratings.upsert correlationId=test-corr-1 durationMs=6 (route: <unknown>)[0m
[38;5;255m└──────────────────────────────────────────────────────────────────────────────────────────────────────────────[0m
[38;5;255m┌──────────────────────────────────────────────────────────────────────────────────────────────────────────────[0m
[38;5;255m│ [verbose] | 6:37:35 974ms | [data.value_ratings] weekly rating upserted | valueId=value-focus weekStart=2025-01-13T00:00:00.000Z rating=7 updated=true (route: <unknown>)[0m
[38;5;255m└──────────────────────────────────────────────────────────────────────────────────────────────────────────────[0m
[38;5;255m┌──────────────────────────────────────────────────────────────────────────────────────────────────────────────[0m
[38;5;255m│ [verbose] | 6:37:35 974ms | [data.value_ratings] upsert succeeded | feature=values intent=test operation=values.ratings.upsert correlationId=test-corr-1 durationMs=1 (route: <unknown>)[0m
[38;5;255m└──────────────────────────────────────────────────────────────────────────────────────────────────────────────[0m
00:28 +115 -4: C:/Users/User/FlutterProjects/taskly_bloc/test/integration/value_ratings_write_flow_test.dart: (tearDownAll)
00:28 +115 -4: loading C:/Users/User/FlutterProjects/taskly_bloc/test/integration/value_write_flow_test.dart
00:28 +115 -4: C:/Users/User/FlutterProjects/taskly_bloc/test/integration/value_write_flow_test.dart: (setUpAll)
00:28 +115 -4: C:/Users/User/FlutterProjects/taskly_bloc/test/integration/value_write_flow_test.dart: value repository create/update emits stream updates
[38;5;255m┌──────────────────────────────────────────────────────────────────────────────────────────────────────────────[0m
[38;5;255m│ [verbose] | 6:37:36 719ms | [data.value] watchAll subscribed | hasFilter=false cacheHit=false (route: <unknown>)[0m
[38;5;255m└──────────────────────────────────────────────────────────────────────────────────────────────────────────────[0m
[38;5;255m┌──────────────────────────────────────────────────────────────────────────────────────────────────────────────[0m
[38;5;255m│ [debug] | 6:37:36 729ms | [ValueRepository] create: name="Health", priority=ValuePriority.high[0m
[38;5;255m└──────────────────────────────────────────────────────────────────────────────────────────────────────────────[0m
[38;5;3m┌──────────────────────────────────────────────────────────────────────────────────────────────────────────────[0m
[38;5;3m│ [warning] | 6:37:36 730ms | [data.value] create requested | id=value-health name=Health color=#00CC66 iconName= priority=high (route: <unknown>)[0m
[38;5;3m└──────────────────────────────────────────────────────────────────────────────────────────────────────────────[0m
[38;5;3m┌──────────────────────────────────────────────────────────────────────────────────────────────────────────────[0m
[38;5;3m│ [warning] | 6:37:36 824ms | [data.value] create inserted | id=value-health name=Health (route: <unknown>)[0m
[38;5;3m└──────────────────────────────────────────────────────────────────────────────────────────────────────────────[0m
[38;5;255m┌──────────────────────────────────────────────────────────────────────────────────────────────────────────────[0m
[38;5;255m│ [verbose] | 6:37:36 824ms | [data.value] create succeeded | feature=values intent=test operation=values.create correlationId=corr-1 durationMs=96 (route: <unknown>)[0m
[38;5;255m└──────────────────────────────────────────────────────────────────────────────────────────────────────────────[0m
[38;5;255m┌──────────────────────────────────────────────────────────────────────────────────────────────────────────────[0m
[38;5;255m│ [verbose] | 6:37:36 835ms | [data.value] watchAll first emission | hasFilter=false cacheHit=false count=1 (route: <unknown>)[0m
[38;5;255m└──────────────────────────────────────────────────────────────────────────────────────────────────────────────[0m
[38;5;255m┌──────────────────────────────────────────────────────────────────────────────────────────────────────────────[0m
[38;5;255m│ [debug] | 6:37:36 838ms | [ValueRepository] update: id=value-health, name="Health Updated"[0m
[38;5;255m└──────────────────────────────────────────────────────────────────────────────────────────────────────────────[0m
[38;5;3m┌──────────────────────────────────────────────────────────────────────────────────────────────────────────────[0m
[38;5;3m│ [warning] | 6:37:36 845ms | [data.value] update applied | id=value-health didUpdate=true name=Health Updated color=#00CC66 iconName= priority=low dbName=Health Updated dbColor=#00CC66 dbIconName= dbPriority=low dbUpdatedAt=2025-01-15T12:00:00.000Z (route: <unknown>)[0m
[38;5;3m└──────────────────────────────────────────────────────────────────────────────────────────────────────────────[0m
[38;5;255m┌──────────────────────────────────────────────────────────────────────────────────────────────────────────────[0m
[38;5;255m│ [verbose] | 6:37:36 845ms | [data.value] update succeeded | feature=values intent=test operation=values.create correlationId=corr-1 durationMs=7 (route: <unknown>)[0m
[38;5;255m└──────────────────────────────────────────────────────────────────────────────────────────────────────────────[0m
00:28 +116 -4: C:/Users/User/FlutterProjects/taskly_bloc/test/integration/value_write_flow_test.dart: value repository delete removes value and emits stream updates
[38;5;255m┌──────────────────────────────────────────────────────────────────────────────────────────────────────────────[0m
[38;5;255m│ [verbose] | 6:37:36 862ms | [data.value] watchAll subscribed | hasFilter=false cacheHit=false (route: <unknown>)[0m
[38;5;255m└──────────────────────────────────────────────────────────────────────────────────────────────────────────────[0m
[38;5;255m┌──────────────────────────────────────────────────────────────────────────────────────────────────────────────[0m
[38;5;255m│ [debug] | 6:37:36 863ms | [ValueRepository] create: name="Delete Value", priority=ValuePriority.high[0m
[38;5;255m└──────────────────────────────────────────────────────────────────────────────────────────────────────────────[0m
[38;5;3m┌──────────────────────────────────────────────────────────────────────────────────────────────────────────────[0m
[38;5;3m│ [warning] | 6:37:36 863ms | [data.value] create requested | id=value-delete-value name=Delete Value color=#00CC66 iconName= priority=high (route: <unknown>)[0m
[38;5;3m└──────────────────────────────────────────────────────────────────────────────────────────────────────────────[0m
[38;5;3m┌──────────────────────────────────────────────────────────────────────────────────────────────────────────────[0m
[38;5;3m│ [warning] | 6:37:36 873ms | [data.value] create inserted | id=value-delete-value name=Delete Value (route: <unknown>)[0m
[38;5;3m└──────────────────────────────────────────────────────────────────────────────────────────────────────────────[0m
[38;5;255m┌──────────────────────────────────────────────────────────────────────────────────────────────────────────────[0m
[38;5;255m│ [verbose] | 6:37:36 873ms | [data.value] create succeeded | durationMs=9 (route: <unknown>)[0m
[38;5;255m└──────────────────────────────────────────────────────────────────────────────────────────────────────────────[0m
[38;5;255m┌──────────────────────────────────────────────────────────────────────────────────────────────────────────────[0m
[38;5;255m│ [verbose] | 6:37:36 874ms | [data.value] watchAll first emission | hasFilter=false cacheHit=false count=1 (route: <unknown>)[0m
[38;5;255m└──────────────────────────────────────────────────────────────────────────────────────────────────────────────[0m
[38;5;255m┌──────────────────────────────────────────────────────────────────────────────────────────────────────────────[0m
[38;5;255m│ [debug] | 6:37:36 874ms | [ValueRepository] delete: id=value-delete-value[0m
[38;5;255m└──────────────────────────────────────────────────────────────────────────────────────────────────────────────[0m
[38;5;255m┌──────────────────────────────────────────────────────────────────────────────────────────────────────────────[0m
[38;5;255m│ [verbose] | 6:37:36 876ms | [data.value] delete succeeded | durationMs=2 (route: <unknown>)[0m
[38;5;255m└──────────────────────────────────────────────────────────────────────────────────────────────────────────────[0m
00:28 +117 -4: C:/Users/User/FlutterProjects/taskly_bloc/test/integration/value_write_flow_test.dart: value repository rejects empty name
[38;5;255m┌──────────────────────────────────────────────────────────────────────────────────────────────────────────────[0m
[38;5;255m│ [debug] | 6:37:36 885ms | [ValueRepository] create: name="", priority=ValuePriority.medium[0m
[38;5;255m└──────────────────────────────────────────────────────────────────────────────────────────────────────────────[0m
[38;5;3m┌──────────────────────────────────────────────────────────────────────────────────────────────────────────────[0m
[38;5;3m│ [warning] | 6:37:36 885ms | [data.value] create requested | id=value- name= color=#00CC66 iconName= priority=medium (route: <unknown>)[0m
[38;5;3m└──────────────────────────────────────────────────────────────────────────────────────────────────────────────[0m
[38;5;1m┌──────────────────────────────────────────────────────────────────────────────────────────────────────────────[0m
[38;5;1m│ [exception] | 6:37:36 891ms | [data.value] create failed | mappedFailure=AppFailure(kind=AppFailureKind.unknown, code=null, message=null, cause=InvalidDataException) durationMs=4 (route: <unknown>)[0m
[38;5;1m│ AppFailure(kind=AppFailureKind.unknown, code=null, message=null, cause=InvalidDataException)[0m
[38;5;1m│ StackTrace: #0      VerificationContext.throwIfInvalid (package:drift/src/runtime/data_verification.dart:74:5)[0m
[38;5;1m│ #1      InsertStatement._validateIntegrity (package:drift/src/runtime/query_builder/statements/insert.dart:404:51)[0m
[38;5;1m│ #2      InsertStatement.createContext (package:drift/src/runtime/query_builder/statements/insert.dart:184:5)[0m
[38;5;1m│ #3      InsertStatement.insert (package:drift/src/runtime/query_builder/statements/insert.dart:70:17)[0m
[38;5;1m│ #4      ValueRepository._createValue (package:taskly_data/src/repositories/value_repository.dart:295:45)[0m
[38;5;1m│ #5      ValueRepository.create.<anonymous closure> (package:taskly_data/src/repositories/value_repository.dart:344:15)[0m
[38;5;1m│ #6      FailureGuard.run (package:taskly_data/src/errors/failure_guard.dart:79:37)[0m
[38;5;1m│ #7      ValueRepository.create (package:taskly_data/src/repositories/value_repository.dart:318:25)[0m
[38;5;1m│ #8      main.<anonymous closure> (file:///C:/Users/User/FlutterProjects/taskly_bloc/test/integration/value_write_flow_test.dart:150:23)[0m
[38;5;1m│ #9      testSafe.<anonymous closure> (file:///C:/Users/User/FlutterProjects/taskly_bloc/test/helpers/test_helpers.dart:117:21)[0m
[38;5;1m│ #10     Declarer.test.<anonymous closure>.<anonymous closure> (package:test_api/src/backend/declarer.dart:242:19)[0m
[38;5;1m│ <asynchronous suspension>[0m
[38;5;1m│ #11     Declarer.test.<anonymous closure> (package:test_api/src/backend/declarer.dart:240:7)[0m
[38;5;1m│ <asynchronous suspension>[0m
[38;5;1m│ #12     Invoker._waitForOutstandingCallbacks.<anonymous closure> (package:test_api/src/backend/invoker.dart:282:9)[0m
[38;5;1m│ <asynchronous suspension>[0m
[38;5;1m│ }[0m
[38;5;1m└──────────────────────────────────────────────────────────────────────────────────────────────────────────────[0m
00:29 +118 -4: C:/Users/User/FlutterProjects/taskly_bloc/test/integration/value_write_flow_test.dart: (tearDownAll)
00:29 +118 -4: loading C:/Users/User/FlutterProjects/taskly_bloc/test/integration_test/powersync_pipeline_test.dart
00:29 +118 -4: C:/Users/User/FlutterProjects/taskly_bloc/test/integration_test/powersync_pipeline_test.dart: (setUpAll)
00:29 +118 -5: C:/Users/User/FlutterProjects/taskly_bloc/test/integration_test/powersync_pipeline_test.dart: (setUpAll) [E]
  Bad state: Can't call tearDownAll() once tests have begun running.
  If async work is required before any tests are run use a `setUpAll` callback.
  If async work cannot be avoided before declaring tests it must all be awaited within the Future returned from `main`.
  package:test_api                                      Declarer.tearDownAll
  package:flutter_test/src/test_compat.dart 278:13      tearDownAll
  package:integration_test/integration_test.dart 50:5   new IntegrationTestWidgetsFlutterBinding
  package:integration_test/integration_test.dart 158:7  IntegrationTestWidgetsFlutterBinding.ensureInitialized
  test\helpers\test_environment.dart 34:40              setUpAllIntegrationTestEnvironment
  
00:29 +118 -5: C:/Users/User/FlutterProjects/taskly_bloc/test/integration_test/powersync_pipeline_test.dart: (tearDownAll)
00:29 +118 -6: C:/Users/User/FlutterProjects/taskly_bloc/test/integration_test/powersync_pipeline_test.dart: (tearDownAll) [E]
  LateInitializationError: Local 'stack' has not been initialized.
  dart:_internal                                      LateError._throwLocalNotInitialized
  test\integration_test\powersync_pipeline_test.dart  main.<fn>
  
00:29 +118 -6: loading C:/Users/User/FlutterProjects/taskly_bloc/test/presentation/entity_tiles/task_tile_mapper_today_badge_test.dart
00:30 +118 -6: C:/Users/User/FlutterProjects/taskly_bloc/test/presentation/entity_tiles/task_tile_mapper_today_badge_test.dart: (setUpAll)
00:30 +118 -6: C:/Users/User/FlutterProjects/taskly_bloc/test/presentation/entity_tiles/task_tile_mapper_today_badge_test.dart: marks task due today in tile data
00:30 +119 -6: C:/Users/User/FlutterProjects/taskly_bloc/test/presentation/entity_tiles/task_tile_mapper_today_badge_test.dart: (tearDownAll)
00:30 +119 -6: loading C:/Users/User/FlutterProjects/taskly_bloc/test/presentation/features/app/bloc/initial_sync_gate_bloc_test.dart
00:31 +119 -6: C:/Users/User/FlutterProjects/taskly_bloc/test/presentation/features/app/bloc/initial_sync_gate_bloc_test.dart: (setUpAll)
00:32 +119 -6: C:/Users/User/FlutterProjects/taskly_bloc/test/presentation/features/app/bloc/initial_sync_gate_bloc_test.dart: emits ready immediately when local data exists
00:32 +120 -6: C:/Users/User/FlutterProjects/taskly_bloc/test/presentation/features/app/bloc/initial_sync_gate_bloc_test.dart: emits ready when sync completes without blocking
00:32 +121 -6: C:/Users/User/FlutterProjects/taskly_bloc/test/presentation/features/app/bloc/initial_sync_gate_bloc_test.dart: retry exits failure state
00:33 +122 -6: C:/Users/User/FlutterProjects/taskly_bloc/test/presentation/features/app/bloc/initial_sync_gate_bloc_test.dart: (tearDownAll)
00:33 +122 -6: loading C:/Users/User/FlutterProjects/taskly_bloc/test/presentation/features/app/initial_sync_gate_screen_widget_test.dart
00:34 +122 -6: C:/Users/User/FlutterProjects/taskly_bloc/test/presentation/features/app/initial_sync_gate_screen_widget_test.dart: (setUpAll)
00:34 +122 -6: C:/Users/User/FlutterProjects/taskly_bloc/test/presentation/features/app/initial_sync_gate_screen_widget_test.dart: shows loading screen during sync
00:34 +123 -6: C:/Users/User/FlutterProjects/taskly_bloc/test/presentation/features/app/initial_sync_gate_screen_widget_test.dart: shows error state with retry button
00:34 +124 -6: C:/Users/User/FlutterProjects/taskly_bloc/test/presentation/features/app/initial_sync_gate_screen_widget_test.dart: (tearDownAll)
00:34 +124 -6: loading C:/Users/User/FlutterProjects/taskly_bloc/test/presentation/features/app/splash_screen_widget_test.dart
00:35 +124 -6: C:/Users/User/FlutterProjects/taskly_bloc/test/presentation/features/app/splash_screen_widget_test.dart: (setUpAll)
00:35 +124 -6: C:/Users/User/FlutterProjects/taskly_bloc/test/presentation/features/app/splash_screen_widget_test.dart: splash screen shows app branding and loader
00:36 +125 -6: C:/Users/User/FlutterProjects/taskly_bloc/test/presentation/features/app/splash_screen_widget_test.dart: (tearDownAll)
00:36 +125 -6: loading C:/Users/User/FlutterProjects/taskly_bloc/test/presentation/features/auth/auth_views_widget_test.dart
00:36 +125 -6: C:/Users/User/FlutterProjects/taskly_bloc/test/presentation/features/auth/auth_views_widget_test.dart: (setUpAll)
00:36 +125 -6: C:/Users/User/FlutterProjects/taskly_bloc/test/presentation/features/auth/auth_views_widget_test.dart: sign in shows loading state
00:37 +126 -6: C:/Users/User/FlutterProjects/taskly_bloc/test/presentation/features/auth/auth_views_widget_test.dart: sign up shows loading state
00:37 +127 -6: C:/Users/User/FlutterProjects/taskly_bloc/test/presentation/features/auth/auth_views_widget_test.dart: forgot password shows loading state
00:37 +128 -6: C:/Users/User/FlutterProjects/taskly_bloc/test/presentation/features/auth/auth_views_widget_test.dart: sign in shows error snack bar
00:37 +129 -6: C:/Users/User/FlutterProjects/taskly_bloc/test/presentation/features/auth/auth_views_widget_test.dart: (tearDownAll)
00:37 +129 -6: loading C:/Users/User/FlutterProjects/taskly_bloc/test/presentation/features/auth/bloc/auth_bloc_test.dart
00:38 +129 -6: C:/Users/User/FlutterProjects/taskly_bloc/test/presentation/features/auth/bloc/auth_bloc_test.dart: (setUpAll)
00:38 +129 -6: C:/Users/User/FlutterProjects/taskly_bloc/test/presentation/features/auth/bloc/auth_bloc_test.dart: subscription emits authenticated when session exists
[38;5;255m┌──────────────────────────────────────────────────────────────────────────────────────────────────────────────[0m
[38;5;255m│ [verbose] | 6:37:46 444ms | [bloc.Auth] AuthBloc CONSTRUCTOR called[0m
[38;5;255m└──────────────────────────────────────────────────────────────────────────────────────────────────────────────[0m
[38;5;255m┌──────────────────────────────────────────────────────────────────────────────────────────────────────────────[0m
[38;5;255m│ [verbose] | 6:37:46 450ms | [bloc.Auth] AuthBloc CONSTRUCTOR done, event handlers registered[0m
[38;5;255m└──────────────────────────────────────────────────────────────────────────────────────────────────────────────[0m
[38;5;255m┌──────────────────────────────────────────────────────────────────────────────────────────────────────────────[0m
[38;5;255m│ [verbose] | 6:37:46 457ms | [bloc.Auth] _onSubscriptionRequested: session=exists[0m
[38;5;255m└──────────────────────────────────────────────────────────────────────────────────────────────────────────────[0m
[38;5;255m┌──────────────────────────────────────────────────────────────────────────────────────────────────────────────[0m
[38;5;255m│ [verbose] | 6:37:46 458ms | [bloc.Auth] Initial session found, emitting authenticated[0m
[38;5;255m└──────────────────────────────────────────────────────────────────────────────────────────────────────────────[0m
[38;5;255m┌──────────────────────────────────────────────────────────────────────────────────────────────────────────────[0m
[38;5;255m│ [verbose] | 6:37:46 464ms | [bloc.Auth] Auth state changed: event=AuthEventKind.initialSession[0m
[38;5;255m└──────────────────────────────────────────────────────────────────────────────────────────────────────────────[0m
[38;5;255m┌──────────────────────────────────────────────────────────────────────────────────────────────────────────────[0m
[38;5;255m│ [verbose] | 6:37:46 464ms | [bloc.Auth] No session in auth state change, emitting unauthenticated[0m
[38;5;255m└──────────────────────────────────────────────────────────────────────────────────────────────────────────────[0m
00:38 +130 -6: C:/Users/User/FlutterProjects/taskly_bloc/test/presentation/features/auth/bloc/auth_bloc_test.dart: updates to authenticated when auth stream emits session
[38;5;255m┌──────────────────────────────────────────────────────────────────────────────────────────────────────────────[0m
[38;5;255m│ [verbose] | 6:37:46 777ms | [bloc.Auth] AuthBloc CONSTRUCTOR called[0m
[38;5;255m└──────────────────────────────────────────────────────────────────────────────────────────────────────────────[0m
[38;5;255m┌──────────────────────────────────────────────────────────────────────────────────────────────────────────────[0m
[38;5;255m│ [verbose] | 6:37:46 778ms | [bloc.Auth] AuthBloc CONSTRUCTOR done, event handlers registered[0m
[38;5;255m└──────────────────────────────────────────────────────────────────────────────────────────────────────────────[0m
[38;5;255m┌──────────────────────────────────────────────────────────────────────────────────────────────────────────────[0m
[38;5;255m│ [verbose] | 6:37:46 779ms | [bloc.Auth] _onSubscriptionRequested: session=null[0m
[38;5;255m└──────────────────────────────────────────────────────────────────────────────────────────────────────────────[0m
[38;5;255m┌──────────────────────────────────────────────────────────────────────────────────────────────────────────────[0m
[38;5;255m│ [verbose] | 6:37:46 779ms | [bloc.Auth] No initial session, emitting unauthenticated state[0m
[38;5;255m└──────────────────────────────────────────────────────────────────────────────────────────────────────────────[0m
[38;5;255m┌──────────────────────────────────────────────────────────────────────────────────────────────────────────────[0m
[38;5;255m│ [verbose] | 6:37:46 779ms | [bloc.Auth] Auth state changed: event=AuthEventKind.signedIn[0m
[38;5;255m└──────────────────────────────────────────────────────────────────────────────────────────────────────────────[0m
[38;5;255m┌──────────────────────────────────────────────────────────────────────────────────────────────────────────────[0m
[38;5;255m│ [verbose] | 6:37:46 779ms | [bloc.Auth] Session found, emitting authenticated[0m
[38;5;255m└──────────────────────────────────────────────────────────────────────────────────────────────────────────────[0m
00:39 +131 -6: C:/Users/User/FlutterProjects/taskly_bloc/test/presentation/features/auth/bloc/auth_bloc_test.dart: sign in failure emits error and unauthenticated
[38;5;255m┌──────────────────────────────────────────────────────────────────────────────────────────────────────────────[0m
[38;5;255m│ [verbose] | 6:37:47 90ms | [bloc.Auth] AuthBloc CONSTRUCTOR called[0m
[38;5;255m└──────────────────────────────────────────────────────────────────────────────────────────────────────────────[0m
[38;5;255m┌──────────────────────────────────────────────────────────────────────────────────────────────────────────────[0m
[38;5;255m│ [verbose] | 6:37:47 91ms | [bloc.Auth] AuthBloc CONSTRUCTOR done, event handlers registered[0m
[38;5;255m└──────────────────────────────────────────────────────────────────────────────────────────────────────────────[0m
[38;5;1m┌──────────────────────────────────────────────────────────────────────────────────────────────────────────────[0m
[38;5;1m│ [exception] | 6:37:47 98ms | [AuthBloc] Sign in failed[0m
[38;5;1m│ AppFailure(kind=AppFailureKind.auth, code=null, message=bad creds, cause=null)[0m
[38;5;1m│ StackTrace: #0      When.thenThrow.<anonymous closure> (package:mocktail/src/mocktail.dart:249:7)[0m
[38;5;1m│ #1      Mock.noSuchMethod (package:mocktail/src/mocktail.dart:131:37)[0m
[38;5;1m│ #2      MockAuthRepositoryContract.signInWithPassword (file:///C:/Users/User/FlutterProjects/taskly_bloc/test/mocks/repository_mocks.dart:53:7)[0m
[38;5;1m│ #3      AuthBloc._onSignInRequested (package:taskly_bloc/presentation/features/auth/bloc/auth_bloc.dart:144:46)[0m
[38;5;1m│ #4      Bloc.on.<anonymous closure>.handleEvent (package:bloc/src/bloc.dart:226:26)[0m
[38;5;1m│ #5      Bloc.on.<anonymous closure> (package:bloc/src/bloc.dart:237:9)[0m
[38;5;1m│ #6      _MapStream._handleData (dart:async/stream_pipe.dart:247:31)[0m
[38;5;1m│ #7      _ForwardingStreamSubscription._handleData (dart:async/stream_pipe.dart:184:13)[0m
[38;5;1m│ #8      StackZoneSpecification._registerUnaryCallback.<anonymous closure>.<anonymous closure> (package:stack_trace/src/stack_zone_specification.dart:127:36)[0m
[38;5;1m│ #9      StackZoneSpecification._run (package:stack_trace/src/stack_zone_specification.dart:207:15)[0m
[38;5;1m│ #10     StackZoneSpecification._registerUnaryCallback.<anonymous closure> (package:stack_trace/src/stack_zone_specification.dart:127:24)[0m
[38;5;1m│ #11     _rootRunUnary (dart:async/zone.dart:1538:47)[0m
[38;5;1m│ #12     _CustomZone.runUnary (dart:async/zone.dart:1429:19)[0m
[38;5;1m│ #13     _CustomZone.runUnaryGuarded (dart:async/zone.dart:1329:7)[0m
[38;5;1m│ #14     CastStreamSubscription._onData (dart:_internal/async_cast.dart:95:11)[0m
[38;5;1m│ #15     StackZoneSpecification._registerUnaryCallback.<anonymous closure>.<anonymous closure> (package:stack_trace/src/stack_zone_specification.dart:127:36)[0m
[38;5;1m│ #16     StackZoneSpecification._run (package:stack_trace/src/stack_zone_specification.dart:207:15)[0m
[38;5;1m│ #17     StackZoneSpecification._registerUnaryCallback.<anonymous closure> (package:stack_trace/src/stack_zone_specification.dart:127:24)[0m
[38;5;1m│ #18     _rootRunUnary (dart:async/zone.dart:1538:47)[0m
[38;5;1m│ #19     _CustomZone.runUnary (dart:async/zone.dart:1429:19)[0m
[38;5;1m│ #20     _CustomZone.runUnaryGuarded (dart:async/zone.dart:1329:7)[0m
[38;5;1m│ #21     _BufferingStreamSubscription._sendData (dart:async/stream_impl.dart:381:11)[0m
[38;5;1m│ #22     _BufferingStreamSubscription._add (dart:async/stream_impl.dart:312:7)[0m
[38;5;1m│ #23     _ForwardingStreamSubscription._add (dart:async/stream_pipe.dart:154:11)[0m
[38;5;1m│ #24     _WhereStream._handleData (dart:async/stream_pipe.dart:229:12)[0m
[38;5;1m│ #25     _ForwardingStreamSubscription._handleData (dart:async/stream_pipe.dart:184:13)[0m
[38;5;1m│ #26     StackZoneSpecification._registerUnaryCallback.<anonymous closure>.<anonymous closure> (package:stack_trace/src/stack_zone_specification.dart:127:36)[0m
[38;5;1m│ #27     StackZoneSpecification._run (package:stack_trace/src/stack_zone_specification.dart:207:15)[0m
[38;5;1m│ #28     StackZoneSpecification._registerUnaryCallback.<anonymous closure> (package:stack_trace/src/stack_zone_specification.dart:127:24)[0m
[38;5;1m│ #29     _rootRunUnary (dart:async/zone.dart:1538:47)[0m
[38;5;1m│ #30     _CustomZone.runUnary (dart:async/zone.dart:1429:19)[0m
[38;5;1m│ #31     _CustomZone.runUnaryGuarded (dart:async/zone.dart:1329:7)[0m
[38;5;1m│ #32     _BufferingStreamSubscription._sendData (dart:async/stream_impl.dart:381:11)[0m
[38;5;1m│ #33     _DelayedData.perform (dart:async/stream_impl.dart:573:14)[0m
[38;5;1m│ #34     _PendingEvents.handleNext (dart:async/stream_impl.dart:678:11)[0m
[38;5;1m│ #35     _PendingEvents.schedule.<anonymous closure> (dart:async/stream_impl.dart:649:7)[0m
[38;5;1m│ #36     StackZoneSpecification._run (package:stack_trace/src/stack_zone_specification.dart:207:15)[0m
[38;5;1m│ #37     StackZoneSpecification._registerCallback.<anonymous closure> (package:stack_trace/src/stack_zone_specification.dart:114:48)[0m
[38;5;1m│ #38     _rootRun (dart:async/zone.dart:1517:47)[0m
[38;5;1m│ #39     _CustomZone.run (dart:async/zone.dart:1422:19)[0m
[38;5;1m│ #40     _CustomZone.runGuarded (dart:async/zone.dart:1321:7)[0m
[38;5;1m│ #41     _CustomZone.bindCallbackGuarded.<anonymous closure> (dart:async/zone.dart:1362:23)[0m
[38;5;1m│ #42     StackZoneSpecification._run (package:stack_trace/src/stack_zone_specification.dart:207:15)[0m
[38;5;1m│ #43     StackZoneSpecification._registerCallback.<anonymous closure> (package:stack_trace/src/stack_zone_specification.dart:114:48)[0m
[38;5;1m│ #44     _rootRun (dart:async/zone.dart:1525:13)[0m
[38;5;1m│ #45     _CustomZone.run (dart:async/zone.dart:1422:19)[0m
[38;5;1m│ #46     _CustomZone.runGuarded (dart:async/zone.dart:1321:7)[0m
[38;5;1m│ #47     _CustomZone.bindCallbackGuarded.<anonymous closure> (dart:async/zone.dart:1362:23)[0m
[38;5;1m│ #48     _microtaskLoop (dart:async/schedule_microtask.dart:40:35)[0m
[38;5;1m│ #49     _startMicrotaskLoop (dart:async/schedule_microtask.dart:49:5)[0m
[38;5;1m│ }[0m
[38;5;1m└──────────────────────────────────────────────────────────────────────────────────────────────────────────────[0m
00:39 +132 -6: C:/Users/User/FlutterProjects/taskly_bloc/test/presentation/features/auth/bloc/auth_bloc_test.dart: sign out forwards operation context
[38;5;255m┌──────────────────────────────────────────────────────────────────────────────────────────────────────────────[0m
[38;5;255m│ [verbose] | 6:37:47 407ms | [bloc.Auth] AuthBloc CONSTRUCTOR called[0m
[38;5;255m└──────────────────────────────────────────────────────────────────────────────────────────────────────────────[0m
[38;5;255m┌──────────────────────────────────────────────────────────────────────────────────────────────────────────────[0m
[38;5;255m│ [verbose] | 6:37:47 408ms | [bloc.Auth] AuthBloc CONSTRUCTOR done, event handlers registered[0m
[38;5;255m└──────────────────────────────────────────────────────────────────────────────────────────────────────────────[0m
00:39 +133 -6: C:/Users/User/FlutterProjects/taskly_bloc/test/presentation/features/auth/bloc/auth_bloc_test.dart: (tearDownAll)
00:39 +133 -6: loading C:/Users/User/FlutterProjects/taskly_bloc/test/presentation/features/editors/editor_host_page_widget_test.dart
00:40 +133 -6: C:/Users/User/FlutterProjects/taskly_bloc/test/presentation/features/editors/editor_host_page_widget_test.dart: (setUpAll)
00:40 +133 -6: C:/Users/User/FlutterProjects/taskly_bloc/test/presentation/features/editors/editor_host_page_widget_test.dart: renders full page when no back stack
00:41 +134 -6: C:/Users/User/FlutterProjects/taskly_bloc/test/presentation/features/editors/editor_host_page_widget_test.dart: opens modal when route can pop and closes on dismiss
00:41 +135 -6: C:/Users/User/FlutterProjects/taskly_bloc/test/presentation/features/editors/editor_host_page_widget_test.dart: does not auto-close when route changes during modal
00:41 +136 -6: C:/Users/User/FlutterProjects/taskly_bloc/test/presentation/features/editors/editor_host_page_widget_test.dart: (tearDownAll)
00:41 +136 -6: loading C:/Users/User/FlutterProjects/taskly_bloc/test/presentation/features/editors/editor_launcher_test.dart
00:42 +136 -6: C:/Users/User/FlutterProjects/taskly_bloc/test/presentation/features/editors/editor_launcher_test.dart: (setUpAll)
00:42 +136 -6: C:/Users/User/FlutterProjects/taskly_bloc/test/presentation/features/editors/editor_launcher_test.dart: throws when required dependencies are missing
00:42 +137 -6: C:/Users/User/FlutterProjects/taskly_bloc/test/presentation/features/editors/editor_launcher_test.dart: opens bottom sheet on compact screens

Warning: A call to tap() with finder "Found 1 widget with text "Cancel": [
  Text("Cancel", dependencies: [DefaultSelectionStyle, DefaultTextStyle, MediaQuery]),
]" derived an Offset (Offset(250.0, 892.0)) that would not hit test on the specified widget.
Maybe the widget is actually off-screen, or another widget is obscuring it, or the widget cannot receive pointer events.
Indeed, Offset(250.0, 892.0) is outside the bounds of the root of the render tree, Size(500.0, 800.0).
The finder corresponds to this RenderBox: RenderParagraph#0f117 relayoutBoundary=up28
The hit test result at that offset is: HitTestResult(HitTestEntry<HitTestTarget>#23cd8(_ReusableRenderView#43648), HitTestEntry<HitTestTarget>#7bb7d(<AutomatedTestWidgetsFlutterBinding>))
#0      WidgetController._getElementPoint (package:flutter_test/src/controller.dart:2081:25)
#1      WidgetController.getCenter (package:flutter_test/src/controller.dart:1865:12)
#2      WidgetController.tap (package:flutter_test/src/controller.dart:1045:7)
#3      main.<anonymous closure> (file:///C:/Users/User/FlutterProjects/taskly_bloc/test/presentation/features/editors/editor_launcher_test.dart:185:18)
<asynchronous suspension>
#4      Future.timeout.<anonymous closure> (dart:async/future_impl.dart:1061:7)
<asynchronous suspension>
#5      testWidgetsSafe.<anonymous closure> (file:///C:/Users/User/FlutterProjects/taskly_bloc/test/helpers/test_helpers.dart:71:9)
<asynchronous suspension>
#6      testWidgets.<anonymous closure>.<anonymous closure> (package:flutter_test/src/widget_tester.dart:192:15)
<asynchronous suspension>
#7      TestWidgetsFlutterBinding._runTestBody (package:flutter_test/src/binding.dart:1059:5)
<asynchronous suspension>
#8      StackZoneSpecification._registerCallback.<anonymous closure> (package:stack_trace/src/stack_zone_specification.dart:114:42)
<asynchronous suspension>
To silence this warning, pass "warnIfMissed: false" to "tap()".
To make this warning fatal, set WidgetController.hitTestWarningShouldBeFatal to true.

00:42 +138 -6: C:/Users/User/FlutterProjects/taskly_bloc/test/presentation/features/editors/editor_launcher_test.dart: opens dialog on regular screens
00:42 +139 -6: C:/Users/User/FlutterProjects/taskly_bloc/test/presentation/features/editors/editor_launcher_test.dart: (tearDownAll)
00:42 +139 -6: loading C:/Users/User/FlutterProjects/taskly_bloc/test/presentation/features/guided_tour/bloc/guided_tour_bloc_test.dart
00:43 +139 -6: C:/Users/User/FlutterProjects/taskly_bloc/test/presentation/features/guided_tour/bloc/guided_tour_bloc_test.dart: (setUpAll)
00:43 +139 -6: C:/Users/User/FlutterProjects/taskly_bloc/test/presentation/features/guided_tour/bloc/guided_tour_bloc_test.dart: starts tour from the first step
00:43 +140 -6: C:/Users/User/FlutterProjects/taskly_bloc/test/presentation/features/guided_tour/bloc/guided_tour_bloc_test.dart: disables demo mode when skipped
[GuidedTourBloc] Failed to persist completion: type 'Null' is not a subtype of type 'Future<GlobalSettings>'
#0      MockSettingsRepositoryContract.load (file:///C:/Users/User/FlutterProjects/taskly_bloc/test/mocks/repository_mocks.dart:25:7)
#1      GuidedTourBloc._complete (package:taskly_bloc/presentation/features/guided_tour/bloc/guided_tour_bloc.dart:157:50)
#2      GuidedTourBloc._onSkipped (package:taskly_bloc/presentation/features/guided_tour/bloc/guided_tour_bloc.dart:141:11)
#3      Bloc.on.<anonymous closure>.handleEvent (package:bloc/src/bloc.dart:226:26)
#4      Bloc.on.<anonymous closure> (package:bloc/src/bloc.dart:237:9)
#5      _MapStream._handleData (dart:async/stream_pipe.dart:247:31)
#6      _ForwardingStreamSubscription._handleData (dart:async/stream_pipe.dart:184:13)
#7      StackZoneSpecification._registerUnaryCallback.<anonymous closure>.<anonymous closure> (package:stack_trace/src/stack_zone_specification.dart:127:36)
#8      StackZoneSpecification._run (package:stack_trace/src/stack_zone_specification.dart:207:15)
#9      StackZoneSpecification._registerUnaryCallback.<anonymous closure> (package:stack_trace/src/stack_zone_specification.dart:127:24)
#10     _rootRunUnary (dart:async/zone.dart:1538:47)
#11     _CustomZone.runUnary (dart:async/zone.dart:1429:19)
#12     _CustomZone.runUnaryGuarded (dart:async/zone.dart:1329:7)
#13     CastStreamSubscription._onData (dart:_internal/async_cast.dart:95:11)
#14     StackZoneSpecification._registerUnaryCallback.<anonymous closure>.<anonymous closure> (package:stack_trace/src/stack_zone_specification.dart:127:36)
#15     StackZoneSpecification._run (package:stack_trace/src/stack_zone_specification.dart:207:15)
#16     StackZoneSpecification._registerUnaryCallback.<anonymous closure> (package:stack_trace/src/stack_zone_specification.dart:127:24)
#17     _rootRunUnary (dart:async/zone.dart:1538:47)
#18     _CustomZone.runUnary (dart:async/zone.dart:1429:19)
#19     _CustomZone.runUnaryGuarded (dart:async/zone.dart:1329:7)
#20     _BufferingStreamSubscription._sendData (dart:async/stream_impl.dart:381:11)
#21     _BufferingStreamSubscription._add (dart:async/stream_impl.dart:312:7)
#22     _ForwardingStreamSubscription._add (dart:async/stream_pipe.dart:154:11)
#23     _WhereStream._handleData (dart:async/stream_pipe.dart:229:12)
#24     _ForwardingStreamSubscription._handleData (dart:async/stream_pipe.dart:184:13)
#25     StackZoneSpecification._registerUnaryCallback.<anonymous closure>.<anonymous closure> (package:stack_trace/src/stack_zone_specification.dart:127:36)
#26     StackZoneSpecification._run (package:stack_trace/src/stack_zone_specification.dart:207:15)
#27     StackZoneSpecification._registerUnaryCallback.<anonymous closure> (package:stack_trace/src/stack_zone_specification.dart:127:24)
#28     _rootRunUnary (dart:async/zone.dart:1538:47)
#29     _CustomZone.runUnary (dart:async/zone.dart:1429:19)
#30     _CustomZone.runUnaryGuarded (dart:async/zone.dart:1329:7)
#31     _BufferingStreamSubscription._sendData (dart:async/stream_impl.dart:381:11)
#32     _DelayedData.perform (dart:async/stream_impl.dart:573:14)
#33     _PendingEvents.handleNext (dart:async/stream_impl.dart:678:11)
#34     _PendingEvents.schedule.<anonymous closure> (dart:async/stream_impl.dart:649:7)
#35     StackZoneSpecification._run (package:stack_trace/src/stack_zone_specification.dart:207:15)
#36     StackZoneSpecification._registerCallback.<anonymous closure> (package:stack_trace/src/stack_zone_specification.dart:114:48)
#37     _rootRun (dart:async/zone.dart:1517:47)
#38     _CustomZone.run (dart:async/zone.dart:1422:19)
#39     _CustomZone.runGuarded (dart:async/zone.dart:1321:7)
#40     _CustomZone.bindCallbackGuarded.<anonymous closure> (dart:async/zone.dart:1362:23)
#41     StackZoneSpecification._run (package:stack_trace/src/stack_zone_specification.dart:207:15)
#42     StackZoneSpecification._registerCallback.<anonymous closure> (package:stack_trace/src/stack_zone_specification.dart:114:48)
#43     _rootRun (dart:async/zone.dart:1525:13)
#44     _CustomZone.run (dart:async/zone.dart:1422:19)
#45     _CustomZone.runGuarded (dart:async/zone.dart:1321:7)
#46     _CustomZone.bindCallbackGuarded.<anonymous closure> (dart:async/zone.dart:1362:23)
#47     _microtaskLoop (dart:async/schedule_microtask.dart:40:35)
#48     _startMicrotaskLoop (dart:async/schedule_microtask.dart:49:5)

00:44 +141 -6: C:/Users/User/FlutterProjects/taskly_bloc/test/presentation/features/guided_tour/bloc/guided_tour_bloc_test.dart: advances to the next step
00:44 +142 -6: C:/Users/User/FlutterProjects/taskly_bloc/test/presentation/features/guided_tour/bloc/guided_tour_bloc_test.dart: completes and persists on the last step
00:44 +143 -6: C:/Users/User/FlutterProjects/taskly_bloc/test/presentation/features/guided_tour/bloc/guided_tour_bloc_test.dart: (tearDownAll)
00:44 +143 -6: loading C:/Users/User/FlutterProjects/taskly_bloc/test/presentation/features/guided_tour/guided_tour_overlay_widget_test.dart
00:45 +143 -6: C:/Users/User/FlutterProjects/taskly_bloc/test/presentation/features/guided_tour/guided_tour_overlay_widget_test.dart: (setUpAll)
00:45 +143 -6: C:/Users/User/FlutterProjects/taskly_bloc/test/presentation/features/guided_tour/guided_tour_overlay_widget_test.dart: navigates to projects and shows coachmark overlay
[GuidedTourOverlay] anchor render box (step=projects_overview, target=projects_create_project, attempt=0, hasSize=true, size=Size(10.0, 10.0))
00:46 +144 -6: C:/Users/User/FlutterProjects/taskly_bloc/test/presentation/features/guided_tour/guided_tour_overlay_widget_test.dart: coachmark card stays on-screen when target is near bottom
[GuidedTourOverlay] anchor render box (step=projects_overview, target=projects_create_project, attempt=0, hasSize=true, size=Size(56.0, 56.0))
00:46 +145 -6: C:/Users/User/FlutterProjects/taskly_bloc/test/presentation/features/guided_tour/guided_tour_overlay_widget_test.dart: waits for Plan My Day anchor to mount before showing coachmark
[GuidedTourOverlay] plan state check (step=plan_my_day_triage, current=PlanMyDayReady)
[GuidedTourOverlay] anchor context null (step=plan_my_day_triage, target=plan_my_day_triage, attempt=0, key=514360759)
[GuidedTourOverlay] waiting for anchor (step=plan_my_day_triage, target=plan_my_day_triage, attempt=0)
[GuidedTourOverlay] plan state check (step=plan_my_day_triage, current=PlanMyDayReady)
[GuidedTourOverlay] waiting for anchor (step=plan_my_day_triage, target=plan_my_day_triage, attempt=1)
[GuidedTourOverlay] plan state check (step=plan_my_day_triage, current=PlanMyDayReady)
[GuidedTourOverlay] waiting for anchor (step=plan_my_day_triage, target=plan_my_day_triage, attempt=2)
[GuidedTourOverlay] plan state check (step=plan_my_day_triage, current=PlanMyDayReady)
[GuidedTourOverlay] waiting for anchor (step=plan_my_day_triage, target=plan_my_day_triage, attempt=3)
[GuidedTourOverlay] plan state check (step=plan_my_day_triage, current=PlanMyDayReady)
[GuidedTourOverlay] waiting for anchor (step=plan_my_day_triage, target=plan_my_day_triage, attempt=4)
[GuidedTourOverlay] plan state check (step=plan_my_day_triage, current=PlanMyDayReady)
[GuidedTourOverlay] anchor context null (step=plan_my_day_triage, target=plan_my_day_triage, attempt=5, key=514360759)
[GuidedTourOverlay] waiting for anchor (step=plan_my_day_triage, target=plan_my_day_triage, attempt=5)
[GuidedTourOverlay] plan state check (step=plan_my_day_triage, current=PlanMyDayReady)
[GuidedTourOverlay] waiting for anchor (step=plan_my_day_triage, target=plan_my_day_triage, attempt=6)
[GuidedTourOverlay] plan state check (step=plan_my_day_triage, current=PlanMyDayReady)
00:46 +146 -6: C:/Users/User/FlutterProjects/taskly_bloc/test/presentation/features/guided_tour/guided_tour_overlay_widget_test.dart: keeps coachmark visible through Plan My Day loading churn
Churn test: triage anchor not found
[GuidedTourOverlay] plan state check (step=plan_my_day_triage, current=PlanMyDayReady)
[GuidedTourOverlay] anchor render box (step=plan_my_day_triage, target=plan_my_day_triage, attempt=0, hasSize=true, size=Size(2368.0, 154.0))
00:47 +147 -6: C:/Users/User/FlutterProjects/taskly_bloc/test/presentation/features/guided_tour/guided_tour_overlay_widget_test.dart: (tearDownAll)
00:47 +147 -6: loading C:/Users/User/FlutterProjects/taskly_bloc/test/presentation/features/journal/bloc/journal_add_entry_bloc_test.dart
00:47 +147 -6: C:/Users/User/FlutterProjects/taskly_bloc/test/presentation/features/journal/bloc/journal_add_entry_bloc_test.dart: (setUpAll)
00:47 +147 -6: C:/Users/User/FlutterProjects/taskly_bloc/test/presentation/features/journal/bloc/journal_add_entry_bloc_test.dart: initial state is loading
00:47 +148 -6: C:/Users/User/FlutterProjects/taskly_bloc/test/presentation/features/journal/bloc/journal_add_entry_bloc_test.dart: started loads active groups and trackers
00:48 +149 -6: C:/Users/User/FlutterProjects/taskly_bloc/test/presentation/features/journal/bloc/journal_add_entry_bloc_test.dart: save emits error when nothing to save
00:48 +150 -6: C:/Users/User/FlutterProjects/taskly_bloc/test/presentation/features/journal/bloc/journal_add_entry_bloc_test.dart: save emits error when mood missing
00:48 +151 -6: C:/Users/User/FlutterProjects/taskly_bloc/test/presentation/features/journal/bloc/journal_add_entry_bloc_test.dart: save persists entry and tracker events with context
00:49 +152 -6: C:/Users/User/FlutterProjects/taskly_bloc/test/presentation/features/journal/bloc/journal_add_entry_bloc_test.dart: (tearDownAll)
00:49 +152 -6: loading C:/Users/User/FlutterProjects/taskly_bloc/test/presentation/features/journal/bloc/journal_daily_edit_bloc_test.dart
00:49 +152 -6: C:/Users/User/FlutterProjects/taskly_bloc/test/presentation/features/journal/bloc/journal_daily_edit_bloc_test.dart: (setUpAll)
00:49 +152 -6: C:/Users/User/FlutterProjects/taskly_bloc/test/presentation/features/journal/bloc/journal_daily_edit_bloc_test.dart: initial state is loading
00:49 +153 -6: C:/Users/User/FlutterProjects/taskly_bloc/test/presentation/features/journal/bloc/journal_daily_edit_bloc_test.dart: started loads daily trackers and groups
00:50 +154 -6: C:/Users/User/FlutterProjects/taskly_bloc/test/presentation/features/journal/bloc/journal_daily_edit_bloc_test.dart: value change persists tracker event with context
00:50 +155 -6: C:/Users/User/FlutterProjects/taskly_bloc/test/presentation/features/journal/bloc/journal_daily_edit_bloc_test.dart: delta add persists tracker event with context
00:50 +156 -6: C:/Users/User/FlutterProjects/taskly_bloc/test/presentation/features/journal/bloc/journal_daily_edit_bloc_test.dart: value change emits error when repository fails
[38;5;1m┌──────────────────────────────────────────────────────────────────────────────────────────────────────────────[0m
[38;5;1m│ [error] | 6:37:58 759ms | [app.unexpected] [JournalDailyEditBloc] set value failed (unmapped exception) | feature=journal screen=journal_daily_edit intent=set_daily_value operation=journal.daily_edit.set correlationId=f907bcdf-6e44-4154-9587-b3a3e1e9100c entityType=tracker_event entityId=daily valueType=int scope=daily (route: <unknown>)[0m
[38;5;1m│ Bad state: boom[0m
[38;5;1m│ StackTrace: #0      When.thenThrow.<anonymous closure> (package:mocktail/src/mocktail.dart:249:7)[0m
[38;5;1m│ #1      Mock.noSuchMethod (package:mocktail/src/mocktail.dart:131:37)[0m
[38;5;1m│ #2      MockJournalRepositoryContract.appendTrackerEvent (file:///C:/Users/User/FlutterProjects/taskly_bloc/test/mocks/feature_mocks.dart:26:7)[0m
[38;5;1m│ #3      JournalDailyEditBloc._onValueChanged (package:taskly_bloc/presentation/features/journal/bloc/journal_daily_edit_bloc.dart:329:25)[0m
[38;5;1m│ #4      Bloc.on.<anonymous closure>.handleEvent (package:bloc/src/bloc.dart:226:26)[0m
[38;5;1m│ #5      Bloc.on.<anonymous closure> (package:bloc/src/bloc.dart:237:9)[0m
[38;5;1m│ #6      Stream.asyncExpand.<anonymous closure>.<anonymous closure> (dart:async/stream.dart:887:30)[0m
[38;5;1m│ #7      StackZoneSpecification._registerUnaryCallback.<anonymous closure>.<anonymous closure> (package:stack_trace/src/stack_zone_specification.dart:127:36)[0m
[38;5;1m│ #8      StackZoneSpecification._run (package:stack_trace/src/stack_zone_specification.dart:207:15)[0m
[38;5;1m│ #9      StackZoneSpecification._registerUnaryCallback.<anonymous closure> (package:stack_trace/src/stack_zone_specification.dart:127:24)[0m
[38;5;1m│ #10     _rootRunUnary (dart:async/zone.dart:1538:47)[0m
[38;5;1m│ #11     _CustomZone.runUnary (dart:async/zone.dart:1429:19)[0m
[38;5;1m│ #12     _CustomZone.runUnaryGuarded (dart:async/zone.dart:1329:7)[0m
[38;5;1m│ #13     CastStreamSubscription._onData (dart:_internal/async_cast.dart:95:11)[0m
[38;5;1m│ #14     StackZoneSpecification._registerUnaryCallback.<anonymous closure>.<anonymous closure> (package:stack_trace/src/stack_zone_specification.dart:127:36)[0m
[38;5;1m│ #15     StackZoneSpecification._run (package:stack_trace/src/stack_zone_specification.dart:207:15)[0m
[38;5;1m│ #16     StackZoneSpecification._registerUnaryCallback.<anonymous closure> (package:stack_trace/src/stack_zone_specification.dart:127:24)[0m
[38;5;1m│ #17     _rootRunUnary (dart:async/zone.dart:1538:47)[0m
[38;5;1m│ #18     _CustomZone.runUnary (dart:async/zone.dart:1429:19)[0m
[38;5;1m│ #19     _CustomZone.runUnaryGuarded (dart:async/zone.dart:1329:7)[0m
[38;5;1m│ #20     _BufferingStreamSubscription._sendData (dart:async/stream_impl.dart:381:11)[0m
[38;5;1m│ #21     _BufferingStreamSubscription._add (dart:async/stream_impl.dart:312:7)[0m
[38;5;1m│ #22     _ForwardingStreamSubscription._add (dart:async/stream_pipe.dart:154:11)[0m
[38;5;1m│ #23     _WhereStream._handleData (dart:async/stream_pipe.dart:229:12)[0m
[38;5;1m│ #24     _ForwardingStreamSubscription._handleData (dart:async/stream_pipe.dart:184:13)[0m
[38;5;1m│ #25     StackZoneSpecification._registerUnaryCallback.<anonymous closure>.<anonymous closure> (package:stack_trace/src/stack_zone_specification.dart:127:36)[0m
[38;5;1m│ #26     StackZoneSpecification._run (package:stack_trace/src/stack_zone_specification.dart:207:15)[0m
[38;5;1m│ #27     StackZoneSpecification._registerUnaryCallback.<anonymous closure> (package:stack_trace/src/stack_zone_specification.dart:127:24)[0m
[38;5;1m│ #28     _rootRunUnary (dart:async/zone.dart:1538:47)[0m
[38;5;1m│ #29     _CustomZone.runUnary (dart:async/zone.dart:1429:19)[0m
[38;5;1m│ #30     _CustomZone.runUnaryGuarded (dart:async/zone.dart:1329:7)[0m
[38;5;1m│ #31     _BufferingStreamSubscription._sendData (dart:async/stream_impl.dart:381:11)[0m
[38;5;1m│ #32     _DelayedData.perform (dart:async/stream_impl.dart:573:14)[0m
[38;5;1m│ #33     _PendingEvents.handleNext (dart:async/stream_impl.dart:678:11)[0m
[38;5;1m│ #34     _PendingEvents.schedule.<anonymous closure> (dart:async/stream_impl.dart:649:7)[0m
[38;5;1m│ #35     StackZoneSpecification._run (package:stack_trace/src/stack_zone_specification.dart:207:15)[0m
[38;5;1m│ #36     StackZoneSpecification._registerCallback.<anonymous closure> (package:stack_trace/src/stack_zone_specification.dart:114:48)[0m
[38;5;1m│ #37     _rootRun (dart:async/zone.dart:1517:47)[0m
[38;5;1m│ #38     _CustomZone.run (dart:async/zone.dart:1422:19)[0m
[38;5;1m│ #39     _CustomZone.runGuarded (dart:async/zone.dart:1321:7)[0m
[38;5;1m│ #40     _CustomZone.bindCallbackGuarded.<anonymous closure> (dart:async/zone.dart:1362:23)[0m
[38;5;1m│ #41     StackZoneSpecification._run (package:stack_trace/src/stack_zone_specification.dart:207:15)[0m
[38;5;1m│ #42     StackZoneSpecification._registerCallback.<anonymous closure> (package:stack_trace/src/stack_zone_specification.dart:114:48)[0m
[38;5;1m│ #43     _rootRun (dart:async/zone.dart:1525:13)[0m
[38;5;1m│ #44     _CustomZone.run (dart:async/zone.dart:1422:19)[0m
[38;5;1m│ #45     _CustomZone.runGuarded (dart:async/zone.dart:1321:7)[0m
[38;5;1m│ #46     _CustomZone.bindCallbackGuarded.<anonymous closure> (dart:async/zone.dart:1362:23)[0m
[38;5;1m│ #47     _microtaskLoop (dart:async/schedule_microtask.dart:40:35)[0m
[38;5;1m│ #48     _startMicrotaskLoop (dart:async/schedule_microtask.dart:49:5)[0m
[38;5;1m│ }[0m
[38;5;1m└──────────────────────────────────────────────────────────────────────────────────────────────────────────────[0m
00:51 +157 -6: C:/Users/User/FlutterProjects/taskly_bloc/test/presentation/features/journal/bloc/journal_daily_edit_bloc_test.dart: (tearDownAll)
00:51 +157 -6: loading C:/Users/User/FlutterProjects/taskly_bloc/test/presentation/features/journal/bloc/journal_entry_editor_bloc_test.dart
00:51 +157 -6: C:/Users/User/FlutterProjects/taskly_bloc/test/presentation/features/journal/bloc/journal_entry_editor_bloc_test.dart: (setUpAll)
00:51 +157 -6: C:/Users/User/FlutterProjects/taskly_bloc/test/presentation/features/journal/bloc/journal_entry_editor_bloc_test.dart: starts new entry with preselected values
00:52 +158 -6: C:/Users/User/FlutterProjects/taskly_bloc/test/presentation/features/journal/bloc/journal_entry_editor_bloc_test.dart: loads existing entry data
00:52 +159 -6: C:/Users/User/FlutterProjects/taskly_bloc/test/presentation/features/journal/bloc/journal_entry_editor_bloc_test.dart: save emits error when mood missing
00:52 +160 -6: C:/Users/User/FlutterProjects/taskly_bloc/test/presentation/features/journal/bloc/journal_entry_editor_bloc_test.dart: save persists entry and events with context
00:53 +161 -6: C:/Users/User/FlutterProjects/taskly_bloc/test/presentation/features/journal/bloc/journal_entry_editor_bloc_test.dart: (tearDownAll)
00:53 +161 -6: loading C:/Users/User/FlutterProjects/taskly_bloc/test/presentation/features/journal/bloc/journal_history_bloc_test.dart
00:53 +161 -6: C:/Users/User/FlutterProjects/taskly_bloc/test/presentation/features/journal/bloc/journal_history_bloc_test.dart: (setUpAll)
00:53 +161 -6: C:/Users/User/FlutterProjects/taskly_bloc/test/presentation/features/journal/bloc/journal_history_bloc_test.dart: filters days by mood minimum
00:54 +162 -6: C:/Users/User/FlutterProjects/taskly_bloc/test/presentation/features/journal/bloc/journal_history_bloc_test.dart: (tearDownAll)
00:54 +162 -6: loading C:/Users/User/FlutterProjects/taskly_bloc/test/presentation/features/journal/bloc/journal_manage_library_bloc_test.dart
00:55 +162 -6: C:/Users/User/FlutterProjects/taskly_bloc/test/presentation/features/journal/bloc/journal_manage_library_bloc_test.dart: (setUpAll)
00:55 +162 -6: C:/Users/User/FlutterProjects/taskly_bloc/test/presentation/features/journal/bloc/journal_manage_library_bloc_test.dart: loads tracker groups and definitions
00:55 +163 -6: C:/Users/User/FlutterProjects/taskly_bloc/test/presentation/features/journal/bloc/journal_manage_library_bloc_test.dart: createGroup saves group and updates status
00:55 +164 -6: C:/Users/User/FlutterProjects/taskly_bloc/test/presentation/features/journal/bloc/journal_manage_library_bloc_test.dart: deleteGroup clears trackers and deletes group
00:56 +165 -6: C:/Users/User/FlutterProjects/taskly_bloc/test/presentation/features/journal/bloc/journal_manage_library_bloc_test.dart: (tearDownAll)
00:56 +165 -6: loading C:/Users/User/FlutterProjects/taskly_bloc/test/presentation/features/journal/bloc/journal_today_bloc_test.dart
00:56 +165 -6: C:/Users/User/FlutterProjects/taskly_bloc/test/presentation/features/journal/bloc/journal_today_bloc_test.dart: (setUpAll)
00:56 +165 -6: C:/Users/User/FlutterProjects/taskly_bloc/test/presentation/features/journal/bloc/journal_today_bloc_test.dart: loads today data and computes mood summary
00:57 +166 -6: C:/Users/User/FlutterProjects/taskly_bloc/test/presentation/features/journal/bloc/journal_today_bloc_test.dart: emits error when stream fails
00:57 +167 -6: C:/Users/User/FlutterProjects/taskly_bloc/test/presentation/features/journal/bloc/journal_today_bloc_test.dart: (tearDownAll)
00:57 +167 -6: loading C:/Users/User/FlutterProjects/taskly_bloc/test/presentation/features/journal/bloc/journal_tracker_wizard_bloc_test.dart
00:58 +167 -6: C:/Users/User/FlutterProjects/taskly_bloc/test/presentation/features/journal/bloc/journal_tracker_wizard_bloc_test.dart: (setUpAll)
00:58 +167 -6: C:/Users/User/FlutterProjects/taskly_bloc/test/presentation/features/journal/bloc/journal_tracker_wizard_bloc_test.dart: saves daily quantity tracker with add op
00:58 +168 -6: C:/Users/User/FlutterProjects/taskly_bloc/test/presentation/features/journal/bloc/journal_tracker_wizard_bloc_test.dart: saves choice tracker and choices
00:58 +169 -6: C:/Users/User/FlutterProjects/taskly_bloc/test/presentation/features/journal/bloc/journal_tracker_wizard_bloc_test.dart: (tearDownAll)
00:58 +169 -6: loading C:/Users/User/FlutterProjects/taskly_bloc/test/presentation/features/journal/journal_entry_editor_route_page_widget_test.dart
00:59 +169 -6: C:/Users/User/FlutterProjects/taskly_bloc/test/presentation/features/journal/journal_entry_editor_route_page_widget_test.dart: (setUpAll)
00:59 +169 -6: C:/Users/User/FlutterProjects/taskly_bloc/test/presentation/features/journal/journal_entry_editor_route_page_widget_test.dart: shows error snack bar when entry load fails
[38;5;1m┌──────────────────────────────────────────────────────────────────────────────────────────────────────────────[0m
[38;5;1m│ [error] | 6:38:08 69ms | [app.unexpected] [JournalEntryEditorBloc] init failed (unmapped exception) | feature=journal screen=journal_entry_editor intent=init operation=journal.entry_editor.init correlationId=d85eab53-96b4-4f0a-bd95-3218682e922c entityType=journal_entry entityId=entry-1 (route: <unknown>)[0m
[38;5;1m│ Bad state: missing[0m
[38;5;1m│ StackTrace: #0      When.thenThrow.<anonymous closure> (package:mocktail/src/mocktail.dart:249:7)[0m
[38;5;1m│ #1      Mock.noSuchMethod (package:mocktail/src/mocktail.dart:131:37)[0m
[38;5;1m│ #2      MockJournalRepositoryContract.getJournalEntryById (file:///C:/Users/User/FlutterProjects/taskly_bloc/test/mocks/feature_mocks.dart:26:7)[0m
[38;5;1m│ #3      JournalEntryEditorBloc._loadExistingEntry (package:taskly_bloc/presentation/features/journal/bloc/journal_entry_editor_bloc.dart:596:37)[0m
[38;5;1m│ #4      JournalEntryEditorBloc._onStarted (package:taskly_bloc/presentation/features/journal/bloc/journal_entry_editor_bloc.dart:299:30)[0m
[38;5;1m│ #5      Bloc.on.<anonymous closure>.handleEvent (package:bloc/src/bloc.dart:226:26)[0m
[38;5;1m│ #6      Bloc.on.<anonymous closure> (package:bloc/src/bloc.dart:237:9)[0m
[38;5;1m│ #7      _MapStream._handleData (dart:async/stream_pipe.dart:247:31)[0m
[38;5;1m│ #8      _ForwardingStreamSubscription._handleData (dart:async/stream_pipe.dart:184:13)[0m
[38;5;1m│ #9      StackZoneSpecification._registerUnaryCallback.<anonymous closure>.<anonymous closure> (package:stack_trace/src/stack_zone_specification.dart:127:36)[0m
[38;5;1m│ #10     StackZoneSpecification._run (package:stack_trace/src/stack_zone_specification.dart:207:15)[0m
[38;5;1m│ #11     StackZoneSpecification._registerUnaryCallback.<anonymous closure> (package:stack_trace/src/stack_zone_specification.dart:127:24)[0m
[38;5;1m│ #12     _rootRunUnary (dart:async/zone.dart:1538:47)[0m
[38;5;1m│ #13     _CustomZone.runUnary (dart:async/zone.dart:1429:19)[0m
[38;5;1m│ #14     _CustomZone.runUnaryGuarded (dart:async/zone.dart:1329:7)[0m
[38;5;1m│ #15     CastStreamSubscription._onData (dart:_internal/async_cast.dart:95:11)[0m
[38;5;1m│ #16     StackZoneSpecification._registerUnaryCallback.<anonymous closure>.<anonymous closure> (package:stack_trace/src/stack_zone_specification.dart:127:36)[0m
[38;5;1m│ #17     StackZoneSpecification._run (package:stack_trace/src/stack_zone_specification.dart:207:15)[0m
[38;5;1m│ #18     StackZoneSpecification._registerUnaryCallback.<anonymous closure> (package:stack_trace/src/stack_zone_specification.dart:127:24)[0m
[38;5;1m│ #19     _rootRunUnary (dart:async/zone.dart:1538:47)[0m
[38;5;1m│ #20     _CustomZone.runUnary (dart:async/zone.dart:1429:19)[0m
[38;5;1m│ #21     _CustomZone.runUnaryGuarded (dart:async/zone.dart:1329:7)[0m
[38;5;1m│ #22     _BufferingStreamSubscription._sendData (dart:async/stream_impl.dart:381:11)[0m
[38;5;1m│ #23     _BufferingStreamSubscription._add (dart:async/stream_impl.dart:312:7)[0m
[38;5;1m│ #24     _ForwardingStreamSubscription._add (dart:async/stream_pipe.dart:154:11)[0m
[38;5;1m│ #25     _WhereStream._handleData (dart:async/stream_pipe.dart:229:12)[0m
[38;5;1m│ #26     _ForwardingStreamSubscription._handleData (dart:async/stream_pipe.dart:184:13)[0m
[38;5;1m│ #27     StackZoneSpecification._registerUnaryCallback.<anonymous closure>.<anonymous closure> (package:stack_trace/src/stack_zone_specification.dart:127:36)[0m
[38;5;1m│ #28     StackZoneSpecification._run (package:stack_trace/src/stack_zone_specification.dart:207:15)[0m
[38;5;1m│ #29     StackZoneSpecification._registerUnaryCallback.<anonymous closure> (package:stack_trace/src/stack_zone_specification.dart:127:24)[0m
[38;5;1m│ #30     _rootRunUnary (dart:async/zone.dart:1538:47)[0m
[38;5;1m│ #31     _CustomZone.runUnary (dart:async/zone.dart:1429:19)[0m
[38;5;1m│ #32     _CustomZone.runUnaryGuarded (dart:async/zone.dart:1329:7)[0m
[38;5;1m│ #33     _BufferingStreamSubscription._sendData (dart:async/stream_impl.dart:381:11)[0m
[38;5;1m│ #34     _DelayedData.perform (dart:async/stream_impl.dart:573:14)[0m
[38;5;1m│ #35     _PendingEvents.handleNext (dart:async/stream_impl.dart:678:11)[0m
[38;5;1m│ #36     _PendingEvents.schedule.<anonymous closure> (dart:async/stream_impl.dart:649:7)[0m
[38;5;1m│ #37     StackZoneSpecification._run (package:stack_trace/src/stack_zone_specification.dart:207:15)[0m
[38;5;1m│ #38     StackZoneSpecification._registerCallback.<anonymous closure> (package:stack_trace/src/stack_zone_specification.dart:114:48)[0m
[38;5;1m│ #39     _rootRun (dart:async/zone.dart:1517:47)[0m
[38;5;1m│ #40     _CustomZone.run (dart:async/zone.dart:1422:19)[0m
[38;5;1m│ #41     _CustomZone.runGuarded (dart:async/zone.dart:1321:7)[0m
[38;5;1m│ #42     _CustomZone.bindCallbackGuarded.<anonymous closure> (dart:async/zone.dart:1362:23)[0m
[38;5;1m│ #43     _rootRun (dart:async/zone.dart:1517:47)[0m
[38;5;1m│ #44     _CustomZone.run (dart:async/zone.dart:1422:19)[0m
[38;5;1m│ #45     _CustomZone.runGuarded (dart:async/zone.dart:1321:7)[0m
[38;5;1m│ #46     FakeAsync.run.<anonymous closure>.<anonymous closure> (package:fake_async/fake_async.dart:189:18)[0m
[38;5;1m│ #47     FakeAsync.flushMicrotasks (package:fake_async/fake_async.dart:200:32)[0m
[38;5;1m│ #48     AutomatedTestWidgetsFlutterBinding.pump.<anonymous closure> (package:flutter_test/src/binding.dart:1337:26)[0m
[38;5;1m│ #49     _rootRun (dart:async/zone.dart:1525:13)[0m
[38;5;1m│ #50     _CustomZone.run (dart:async/zone.dart:1422:19)[0m
[38;5;1m│ #51     TestAsyncUtils.guard (package:flutter_test/src/test_async_utils.dart:74:41)[0m
[38;5;1m│ #52     AutomatedTestWidgetsFlutterBinding.pump (package:flutter_test/src/binding.dart:1324:27)[0m
[38;5;1m│ #53     WidgetTester.pumpWidget.<anonymous closure> (package:flutter_test/src/widget_tester.dart:598:22)[0m
[38;5;1m│ #54     _rootRun (dart:async/zone.dart:1525:13)[0m
[38;5;1m│ #55     _CustomZone.run (dart:async/zone.dart:1422:19)[0m
[38;5;1m│ #56     TestAsyncUtils.guard (package:flutter_test/src/test_async_utils.dart:74:41)[0m
[38;5;1m│ #57     WidgetTester.pumpWidget (package:flutter_test/src/widget_tester.dart:595:27)[0m
[38;5;1m│ #58     pumpTasklyApp (file:///C:/Users/User/FlutterProjects/taskly_bloc/test/helpers/pump_app.dart:43:16)[0m
[38;5;1m│ #59     WidgetPumpExtensions.pumpApp (file:///C:/Users/User/FlutterProjects/taskly_bloc/test/helpers/widget_test_helpers.dart:70:11)[0m
[38;5;1m│ #60     main.pumpPage (file:///C:/Users/User/FlutterProjects/taskly_bloc/test/presentation/features/journal/journal_entry_editor_route_page_widget_test.dart:83:18)[0m
[38;5;1m│ #61     main.<anonymous closure> (file:///C:/Users/User/FlutterProjects/taskly_bloc/test/presentation/features/journal/journal_entry_editor_route_page_widget_test.dart:109:11)[0m
[38;5;1m│ #62     testWidgetsSafe.<anonymous closure> (file:///C:/Users/User/FlutterProjects/taskly_bloc/test/helpers/test_helpers.dart:71:23)[0m
[38;5;1m│ #63     testWidgets.<anonymous closure>.<anonymous closure> (package:flutter_test/src/widget_tester.dart:192:29)[0m
[38;5;1m│ <asynchronous suspension>[0m
[38;5;1m│ #64     TestWidgetsFlutterBinding._runTestBody (package:flutter_test/src/binding.dart:1059:5)[0m
[38;5;1m│ <asynchronous suspension>[0m
[38;5;1m│ #65     StackZoneSpecification._registerCallback.<anonymous closure> (package:stack_trace/src/stack_zone_specification.dart:114:42)[0m
[38;5;1m│ <asynchronous suspension>[0m
[38;5;1m│ }[0m
[38;5;1m└──────────────────────────────────────────────────────────────────────────────────────────────────────────────[0m
01:00 +170 -6: C:/Users/User/FlutterProjects/taskly_bloc/test/presentation/features/journal/journal_entry_editor_route_page_widget_test.dart: renders editor content when loaded
01:00 +171 -6: C:/Users/User/FlutterProjects/taskly_bloc/test/presentation/features/journal/journal_entry_editor_route_page_widget_test.dart: requires mood before save
══╡ EXCEPTION CAUGHT BY FLUTTER TEST FRAMEWORK ╞════════════════════════════════════════════════════
The following TestFailure was thrown running a test:
Expected: exactly one matching candidate
  Actual: _TextContainingWidgetFinder:<Found 0 widgets with text containing Please choose a mood:
[]>
   Which: means none were found but one was expected

When the exception was thrown, this was the stack:
#4      main.<anonymous closure> (file:///C:/Users/User/FlutterProjects/taskly_bloc/test/presentation/features/journal/journal_entry_editor_route_page_widget_test.dart:140:5)
<asynchronous suspension>
<asynchronous suspension>
#6      testWidgetsSafe.<anonymous closure> (file:///C:/Users/User/FlutterProjects/taskly_bloc/test/helpers/test_helpers.dart:71:9)
<asynchronous suspension>
#7      testWidgets.<anonymous closure>.<anonymous closure> (package:flutter_test/src/widget_tester.dart:192:15)
<asynchronous suspension>
#8      TestWidgetsFlutterBinding._runTestBody (package:flutter_test/src/binding.dart:1059:5)
<asynchronous suspension>
<asynchronous suspension>
(elided 2 frames from dart:async and package:stack_trace)

This was caught by the test expectation on the following line:
  file:///C:/Users/User/FlutterProjects/taskly_bloc/test/presentation/features/journal/journal_entry_editor_route_page_widget_test.dart line 140
The test description was:
  requires mood before save
════════════════════════════════════════════════════════════════════════════════════════════════════
01:00 +171 -7: C:/Users/User/FlutterProjects/taskly_bloc/test/presentation/features/journal/journal_entry_editor_route_page_widget_test.dart: requires mood before save [E]
  Test failed. See exception logs above.
  The test description was: requires mood before save
  
01:00 +171 -7: C:/Users/User/FlutterProjects/taskly_bloc/test/presentation/features/journal/journal_entry_editor_route_page_widget_test.dart: shows error when mood tracker is missing
══╡ EXCEPTION CAUGHT BY FLUTTER TEST FRAMEWORK ╞════════════════════════════════════════════════════
The following assertion was thrown running a test:
The finder "Found 0 widgets with element matching predicate: []" (used in a call to "tap()") could
not find any matching widgets.

When the exception was thrown, this was the stack:
#0      WidgetController._getElementPoint (package:flutter_test/src/controller.dart:2013:7)
#1      WidgetController.getCenter (package:flutter_test/src/controller.dart:1865:12)
#2      WidgetController.tap (package:flutter_test/src/controller.dart:1045:7)
#3      main.<anonymous closure> (file:///C:/Users/User/FlutterProjects/taskly_bloc/test/presentation/features/journal/journal_entry_editor_route_page_widget_test.dart:147:18)
<asynchronous suspension>
<asynchronous suspension>
#5      testWidgetsSafe.<anonymous closure> (file:///C:/Users/User/FlutterProjects/taskly_bloc/test/helpers/test_helpers.dart:71:9)
<asynchronous suspension>
#6      testWidgets.<anonymous closure>.<anonymous closure> (package:flutter_test/src/widget_tester.dart:192:15)
<asynchronous suspension>
#7      TestWidgetsFlutterBinding._runTestBody (package:flutter_test/src/binding.dart:1059:5)
<asynchronous suspension>
<asynchronous suspension>
(elided 2 frames from dart:async and package:stack_trace)

The test description was:
  shows error when mood tracker is missing
════════════════════════════════════════════════════════════════════════════════════════════════════
01:00 +171 -8: C:/Users/User/FlutterProjects/taskly_bloc/test/presentation/features/journal/journal_entry_editor_route_page_widget_test.dart: shows error when mood tracker is missing [E]
  Test failed. See exception logs above.
  The test description was: shows error when mood tracker is missing
  
01:00 +171 -8: C:/Users/User/FlutterProjects/taskly_bloc/test/presentation/features/journal/journal_entry_editor_route_page_widget_test.dart: saves new entry and shows success snack
══╡ EXCEPTION CAUGHT BY FLUTTER TEST FRAMEWORK ╞════════════════════════════════════════════════════
The following StateError was thrown running a test:
Bad state: A test tried to use `any` or `captureAny` on a parameter of type `JournalEntry`, but
registerFallbackValue was not previously called to register a fallback value for `JournalEntry`.

To fix, do:

```
void main() {
  setUpAll(() {
    registerFallbackValue(/* create a dummy instance of `JournalEntry` */);
  });
}
```

This instance of `JournalEntry` will only be passed around, but never be interacted with.
Therefore, if `JournalEntry` is a function, it does not have to return a valid object and
could throw unconditionally.
If you cannot easily create an instance of `JournalEntry`, consider defining a `Fake`:

```
class MyTypeFake extends Fake implements MyType {}

void main() {
  setUpAll(() {
    registerFallbackValue(MyTypeFake());
  });
}
```

Fallbacks are required because mocktail has to know of a valid `JournalEntry` to prevent
TypeErrors from being thrown in Dart's sound null safe mode, while still
providing a convenient syntax.

When the exception was thrown, this was the stack:
#0      _getFallbackValue (package:mocktail/src/_register_matcher.dart:49:5)
#1      _registerMatcher (package:mocktail/src/_register_matcher.dart:160:25)
#2      any (package:mocktail/src/_register_matcher.dart:104:10)
#3      main.<anonymous closure>.<anonymous closure> (file:///C:/Users/User/FlutterProjects/taskly_bloc/test/presentation/features/journal/journal_entry_editor_route_page_widget_test.dart:159:9)
#4      when.<anonymous closure> (package:mocktail/src/mocktail.dart:211:9)
#5      main.<anonymous closure> (file:///C:/Users/User/FlutterProjects/taskly_bloc/test/presentation/features/journal/journal_entry_editor_route_page_widget_test.dart:157:9)
#6      testWidgetsSafe.<anonymous closure> (file:///C:/Users/User/FlutterProjects/taskly_bloc/test/helpers/test_helpers.dart:71:23)
#7      testWidgets.<anonymous closure>.<anonymous closure> (package:flutter_test/src/widget_tester.dart:192:29)
<asynchronous suspension>
#8      TestWidgetsFlutterBinding._runTestBody (package:flutter_test/src/binding.dart:1059:5)
<asynchronous suspension>
<asynchronous suspension>
(elided one frame from package:stack_trace)

The test description was:
  saves new entry and shows success snack
════════════════════════════════════════════════════════════════════════════════════════════════════
01:00 +171 -9: C:/Users/User/FlutterProjects/taskly_bloc/test/presentation/features/journal/journal_entry_editor_route_page_widget_test.dart: saves new entry and shows success snack [E]
  Test failed. See exception logs above.
  The test description was: saves new entry and shows success snack
  
01:00 +171 -9: C:/Users/User/FlutterProjects/taskly_bloc/test/presentation/features/journal/journal_entry_editor_route_page_widget_test.dart: shows error snack when save fails
══╡ EXCEPTION CAUGHT BY FLUTTER TEST FRAMEWORK ╞════════════════════════════════════════════════════
The following StateError was thrown running a test:
Bad state: A test tried to use `any` or `captureAny` on a parameter of type `JournalEntry`, but
registerFallbackValue was not previously called to register a fallback value for `JournalEntry`.

To fix, do:

```
void main() {
  setUpAll(() {
    registerFallbackValue(/* create a dummy instance of `JournalEntry` */);
  });
}
```

This instance of `JournalEntry` will only be passed around, but never be interacted with.
Therefore, if `JournalEntry` is a function, it does not have to return a valid object and
could throw unconditionally.
If you cannot easily create an instance of `JournalEntry`, consider defining a `Fake`:

```
class MyTypeFake extends Fake implements MyType {}

void main() {
  setUpAll(() {
    registerFallbackValue(MyTypeFake());
  });
}
```

Fallbacks are required because mocktail has to know of a valid `JournalEntry` to prevent
TypeErrors from being thrown in Dart's sound null safe mode, while still
providing a convenient syntax.

When the exception was thrown, this was the stack:
#0      _getFallbackValue (package:mocktail/src/_register_matcher.dart:49:5)
#1      _registerMatcher (package:mocktail/src/_register_matcher.dart:160:25)
#2      any (package:mocktail/src/_register_matcher.dart:104:10)
#3      main.<anonymous closure>.<anonymous closure> (file:///C:/Users/User/FlutterProjects/taskly_bloc/test/presentation/features/journal/journal_entry_editor_route_page_widget_test.dart:200:9)
#4      when.<anonymous closure> (package:mocktail/src/mocktail.dart:211:9)
#5      main.<anonymous closure> (file:///C:/Users/User/FlutterProjects/taskly_bloc/test/presentation/features/journal/journal_entry_editor_route_page_widget_test.dart:198:9)
#6      testWidgetsSafe.<anonymous closure> (file:///C:/Users/User/FlutterProjects/taskly_bloc/test/helpers/test_helpers.dart:71:23)
#7      testWidgets.<anonymous closure>.<anonymous closure> (package:flutter_test/src/widget_tester.dart:192:29)
<asynchronous suspension>
#8      TestWidgetsFlutterBinding._runTestBody (package:flutter_test/src/binding.dart:1059:5)
<asynchronous suspension>
<asynchronous suspension>
(elided one frame from package:stack_trace)

The test description was:
  shows error snack when save fails
════════════════════════════════════════════════════════════════════════════════════════════════════
01:00 +171 -10: C:/Users/User/FlutterProjects/taskly_bloc/test/presentation/features/journal/journal_entry_editor_route_page_widget_test.dart: shows error snack when save fails [E]
  Test failed. See exception logs above.
  The test description was: shows error snack when save fails
  
01:00 +171 -10: C:/Users/User/FlutterProjects/taskly_bloc/test/presentation/features/journal/journal_entry_editor_route_page_widget_test.dart: save button enabled only after edits on existing entry
══╡ EXCEPTION CAUGHT BY FLUTTER TEST FRAMEWORK ╞════════════════════════════════════════════════════
The following StateError was thrown running a test:
Bad state: No element

When the exception was thrown, this was the stack:
#0      Iterable.single (dart:core/iterable.dart:694:25)
#1      WidgetController.widget (package:flutter_test/src/controller.dart:808:30)
#2      main.<anonymous closure> (file:///C:/Users/User/FlutterProjects/taskly_bloc/test/presentation/features/journal/journal_entry_editor_route_page_widget_test.dart:255:29)
<asynchronous suspension>
<asynchronous suspension>
#4      testWidgetsSafe.<anonymous closure> (file:///C:/Users/User/FlutterProjects/taskly_bloc/test/helpers/test_helpers.dart:71:9)
<asynchronous suspension>
#5      testWidgets.<anonymous closure>.<anonymous closure> (package:flutter_test/src/widget_tester.dart:192:15)
<asynchronous suspension>
#6      TestWidgetsFlutterBinding._runTestBody (package:flutter_test/src/binding.dart:1059:5)
<asynchronous suspension>
<asynchronous suspension>
(elided 2 frames from dart:async and package:stack_trace)

The test description was:
  save button enabled only after edits on existing entry
════════════════════════════════════════════════════════════════════════════════════════════════════
01:00 +171 -11: C:/Users/User/FlutterProjects/taskly_bloc/test/presentation/features/journal/journal_entry_editor_route_page_widget_test.dart: save button enabled only after edits on existing entry [E]
  Test failed. See exception logs above.
  The test description was: save button enabled only after edits on existing entry
  
01:00 +171 -11: C:/Users/User/FlutterProjects/taskly_bloc/test/presentation/features/journal/journal_entry_editor_route_page_widget_test.dart: updates tracker list when definitions change
01:01 +172 -11: C:/Users/User/FlutterProjects/taskly_bloc/test/presentation/features/journal/journal_entry_editor_route_page_widget_test.dart: renders choice chips and updates selection
01:01 +173 -11: C:/Users/User/FlutterProjects/taskly_bloc/test/presentation/features/journal/journal_entry_editor_route_page_widget_test.dart: rating slider uses configured bounds
01:01 +174 -11: C:/Users/User/FlutterProjects/taskly_bloc/test/presentation/features/journal/journal_entry_editor_route_page_widget_test.dart: quantity edit sheet clamps values

Warning: A call to tap() with finder "Found 1 widget with text "Save": [
  Text("Save", dependencies: [DefaultSelectionStyle, DefaultTextStyle, MediaQuery]),
]" derived an Offset (Offset(651.8, 780.0)) that would not hit test on the specified widget.
Maybe the widget is actually off-screen, or another widget is obscuring it, or the widget cannot receive pointer events.
Indeed, Offset(651.8, 780.0) is outside the bounds of the root of the render tree, Size(800.0, 600.0).
The finder corresponds to this RenderBox: RenderParagraph#8576d relayoutBoundary=up24
The hit test result at that offset is: HitTestResult(HitTestEntry<HitTestTarget>#bdbcf(_ReusableRenderView#76e92), HitTestEntry<HitTestTarget>#e8851(<AutomatedTestWidgetsFlutterBinding>))
#0      WidgetController._getElementPoint (package:flutter_test/src/controller.dart:2081:25)
#1      WidgetController.getCenter (package:flutter_test/src/controller.dart:1865:12)
#2      WidgetController.tap (package:flutter_test/src/controller.dart:1045:7)
#3      main.<anonymous closure> (file:///C:/Users/User/FlutterProjects/taskly_bloc/test/presentation/features/journal/journal_entry_editor_route_page_widget_test.dart:390:18)
<asynchronous suspension>
#4      Future.timeout.<anonymous closure> (dart:async/future_impl.dart:1061:7)
<asynchronous suspension>
#5      testWidgetsSafe.<anonymous closure> (file:///C:/Users/User/FlutterProjects/taskly_bloc/test/helpers/test_helpers.dart:71:9)
<asynchronous suspension>
#6      testWidgets.<anonymous closure>.<anonymous closure> (package:flutter_test/src/widget_tester.dart:192:15)
<asynchronous suspension>
#7      TestWidgetsFlutterBinding._runTestBody (package:flutter_test/src/binding.dart:1059:5)
<asynchronous suspension>
#8      StackZoneSpecification._registerCallback.<anonymous closure> (package:stack_trace/src/stack_zone_specification.dart:114:42)
<asynchronous suspension>
To silence this warning, pass "warnIfMissed: false" to "tap()".
To make this warning fatal, set WidgetController.hitTestWarningShouldBeFatal to true.

══╡ EXCEPTION CAUGHT BY FLUTTER TEST FRAMEWORK ╞════════════════════════════════════════════════════
The following TestFailure was thrown running a test:
Expected: exactly one matching candidate
  Actual: _TextWidgetFinder:<Found 0 widgets with text "10": []>
   Which: means none were found but one was expected

When the exception was thrown, this was the stack:
#4      main.<anonymous closure> (file:///C:/Users/User/FlutterProjects/taskly_bloc/test/presentation/features/journal/journal_entry_editor_route_page_widget_test.dart:393:5)
<asynchronous suspension>
<asynchronous suspension>
#6      testWidgetsSafe.<anonymous closure> (file:///C:/Users/User/FlutterProjects/taskly_bloc/test/helpers/test_helpers.dart:71:9)
<asynchronous suspension>
#7      testWidgets.<anonymous closure>.<anonymous closure> (package:flutter_test/src/widget_tester.dart:192:15)
<asynchronous suspension>
#8      TestWidgetsFlutterBinding._runTestBody (package:flutter_test/src/binding.dart:1059:5)
<asynchronous suspension>
<asynchronous suspension>
(elided 2 frames from dart:async and package:stack_trace)

This was caught by the test expectation on the following line:
  file:///C:/Users/User/FlutterProjects/taskly_bloc/test/presentation/features/journal/journal_entry_editor_route_page_widget_test.dart line 393
The test description was:
  quantity edit sheet clamps values
════════════════════════════════════════════════════════════════════════════════════════════════════
01:01 +174 -12: C:/Users/User/FlutterProjects/taskly_bloc/test/presentation/features/journal/journal_entry_editor_route_page_widget_test.dart: quantity edit sheet clamps values [E]
  Test failed. See exception logs above.
  The test description was: quantity edit sheet clamps values
  
01:01 +174 -12: C:/Users/User/FlutterProjects/taskly_bloc/test/presentation/features/journal/journal_entry_editor_route_page_widget_test.dart: choice bottom sheet search selects option
══╡ EXCEPTION CAUGHT BY FLUTTER TEST FRAMEWORK ╞════════════════════════════════════════════════════
The following assertion was thrown running a test:
The finder "Found 2 widgets with text "Work": [
  EditableText-[LabeledGlobalKey<EditableTextState>#67d07](controller:
TextEditingController#756cb(TextEditingValue(text: ┤Work├, selection:
TextSelection.collapsed(offset: 4, affinity: TextAffinity.downstream, isDirectional: false),
composing: TextRange(start: -1, end: -1))), focusNode: FocusNode#11b6c([PRIMARY FOCUS]),
autocorrect: true, debugLabel: ((englishLike bodyLarge 2021).merge(((blackMountainView
bodyLarge).apply).merge(unknown))).merge(unknown), inherit: false, color: Color(alpha: 1.0000, red:
0.0941, green: 0.1098, blue: 0.1255, colorSpace: ColorSpace.sRGB), family: Roboto, size: 16.0,
weight: 400, letterSpacing: 0.5, baseline: alphabetic, height: 1.5x, leadingDistribution: even,
decoration: Color(alpha: 1.0000, red: 0.0941, green: 0.1098, blue: 0.1255, colorSpace:
ColorSpace.sRGB) TextDecoration.none, textAlign: start, keyboardType: TextInputType(name:
TextInputType.text, signed: null, decimal: null), autofillHints: [], spellCheckConfiguration:
SpellCheckConfiguration(disabled, service: null, text style: null, toolbar builder: null),
dependencies: [Directionality, MediaQuery, _EffectiveTickerMode, _ViewScope], state:
EditableTextState#d01df(tickers: tracking 1 ticker)),
  Text("Work", dependencies: [DefaultSelectionStyle, DefaultTextStyle, MediaQuery]),
]" (used in a call to "tap()") ambiguously found multiple matching widgets. The "tap()" method needs
a single target.

When the exception was thrown, this was the stack:
#0      WidgetController._getElementPoint (package:flutter_test/src/controller.dart:2018:7)
#1      WidgetController.getCenter (package:flutter_test/src/controller.dart:1865:12)
#2      WidgetController.tap (package:flutter_test/src/controller.dart:1045:7)
#3      main.<anonymous closure> (file:///C:/Users/User/FlutterProjects/taskly_bloc/test/presentation/features/journal/journal_entry_editor_route_page_widget_test.dart:446:18)
<asynchronous suspension>
<asynchronous suspension>
#5      testWidgetsSafe.<anonymous closure> (file:///C:/Users/User/FlutterProjects/taskly_bloc/test/helpers/test_helpers.dart:71:9)
<asynchronous suspension>
#6      testWidgets.<anonymous closure>.<anonymous closure> (package:flutter_test/src/widget_tester.dart:192:15)
<asynchronous suspension>
#7      TestWidgetsFlutterBinding._runTestBody (package:flutter_test/src/binding.dart:1059:5)
<asynchronous suspension>
<asynchronous suspension>
(elided 2 frames from dart:async and package:stack_trace)

The test description was:
  choice bottom sheet search selects option
════════════════════════════════════════════════════════════════════════════════════════════════════
01:01 +174 -13: C:/Users/User/FlutterProjects/taskly_bloc/test/presentation/features/journal/journal_entry_editor_route_page_widget_test.dart: choice bottom sheet search selects option [E]
  Test failed. See exception logs above.
  The test description was: choice bottom sheet search selects option
  
01:01 +174 -13: C:/Users/User/FlutterProjects/taskly_bloc/test/presentation/features/journal/journal_entry_editor_route_page_widget_test.dart: (tearDownAll)
01:01 +174 -13: loading C:/Users/User/FlutterProjects/taskly_bloc/test/presentation/features/journal/journal_history_page_widget_test.dart
01:02 +174 -13: C:/Users/User/FlutterProjects/taskly_bloc/test/presentation/features/journal/journal_history_page_widget_test.dart: (setUpAll)
01:02 +174 -13: C:/Users/User/FlutterProjects/taskly_bloc/test/presentation/features/journal/journal_history_page_widget_test.dart: shows loading state before streams emit
01:03 +175 -13: C:/Users/User/FlutterProjects/taskly_bloc/test/presentation/features/journal/journal_history_page_widget_test.dart: shows error state when streams fail
01:03 +176 -13: C:/Users/User/FlutterProjects/taskly_bloc/test/presentation/features/journal/journal_history_page_widget_test.dart: renders history content when loaded
01:03 +177 -13: C:/Users/User/FlutterProjects/taskly_bloc/test/presentation/features/journal/journal_history_page_widget_test.dart: updates list when entries change
01:03 +178 -13: C:/Users/User/FlutterProjects/taskly_bloc/test/presentation/features/journal/journal_history_page_widget_test.dart: (tearDownAll)
01:03 +178 -13: loading C:/Users/User/FlutterProjects/taskly_bloc/test/presentation/features/journal/journal_hub_page_widget_test.dart
01:04 +178 -13: C:/Users/User/FlutterProjects/taskly_bloc/test/presentation/features/journal/journal_hub_page_widget_test.dart: (setUpAll)
01:04 +178 -13: C:/Users/User/FlutterProjects/taskly_bloc/test/presentation/features/journal/journal_hub_page_widget_test.dart: shows loading state before streams emit
01:05 +179 -13: C:/Users/User/FlutterProjects/taskly_bloc/test/presentation/features/journal/journal_hub_page_widget_test.dart: renders content when loaded
01:05 +180 -13: C:/Users/User/FlutterProjects/taskly_bloc/test/presentation/features/journal/journal_hub_page_widget_test.dart: (tearDownAll)
01:05 +180 -13: loading C:/Users/User/FlutterProjects/taskly_bloc/test/presentation/features/journal/journal_today_page_widget_test.dart
01:05 +180 -13: C:/Users/User/FlutterProjects/taskly_bloc/test/presentation/features/journal/journal_today_page_widget_test.dart: (setUpAll)
01:06 +180 -13: C:/Users/User/FlutterProjects/taskly_bloc/test/presentation/features/journal/journal_today_page_widget_test.dart: shows loading state before streams emit
══╡ EXCEPTION CAUGHT BY WIDGETS LIBRARY ╞═══════════════════════════════════════════════════════════
The following StateError was thrown building InheritedProvider<JournalTodayBloc>:
Bad state: Tried to read a provider that threw during the creation of its value.
The exception occurred during the creation of type JournalTodayBloc.

══╡ EXCEPTION CAUGHT BY PROVIDER ╞═══════════════════════════════
The following ProviderNotFoundException was thrown:
Error: Could not find the correct
Provider<JournalRepositoryContract> above this
_InheritedProviderScope<JournalTodayBloc?> Widget

This happens because you used a `BuildContext` that does not
include the provider
of your choice. There are a few common scenarios:

- You added a new provider in your `main.dart` and performed a
hot-reload.
  To fix, perform a hot-restart.

- The provider you are trying to read is in a different route.

  Providers are "scoped". So if you insert of provider inside a
route, then
  other routes will not be able to access that provider.

- You used a `BuildContext` that is an ancestor of the provider
you are trying to read.

  Make sure that _InheritedProviderScope<JournalTodayBloc?> is
under your MultiProvider/Provider<JournalRepositoryContract>.
  This usually happens when you are creating a provider and
trying to read it immediately.

  For example, instead of:

  ```
  Widget build(BuildContext context) {
    return Provider<Example>(
      create: (_) => Example(),
      // Will throw a ProviderNotFoundError, because `context` is
associated
      // to the widget that is the parent of `Provider<Example>`
      child: Text(context.watch<Example>().toString()),
    );
  }
  ```

  consider using `builder` like so:

  ```
  Widget build(BuildContext context) {
    return Provider<Example>(
      create: (_) => Example(),
      // we use `builder` to obtain a new `BuildContext` that has
access to the provider
      builder: (context, child) {
        // No longer throws
        return Text(context.watch<Example>().toString());
      }
    );
  }
  ```

If none of these solutions work, consider asking for help on
StackOverflow:
https://stackoverflow.com/questions/tagged/flutter

When the exception was thrown, this was the stack:
#0      Provider._inheritedElementOf (package:provider/src/provider.dart:377:7)
#1      Provider.of (package:provider/src/provider.dart:327:30)
#2      ReadContext.read (package:provider/src/provider.dart:683:21)
#3      _JournalTodayPageState.build.<anonymous closure>
(package:taskly_bloc/presentation/features/journal/view/journal_today_page.dart:32:29)
#4      _CreateInheritedProviderState.value (package:provider/src/inherited_provider.dart:749:36)
#5      _InheritedProviderScopeElement.value (package:provider/src/inherited_provider.dart:603:33)
#6      Provider.of (package:provider/src/provider.dart:337:37)
#7      ReadContext.read (package:provider/src/provider.dart:683:21)
#8      _BlocBuilderBaseState.initState (package:flutter_bloc/src/bloc_builder.dart:152:36)
#9      StatefulElement._firstBuild (package:flutter/src/widgets/framework.dart:5953:55)
#10     ComponentElement.mount (package:flutter/src/widgets/framework.dart:5796:5)
...     Normal element mounting (7 frames)
#17     _InheritedProviderScopeElement.mount (package:provider/src/inherited_provider.dart:424:11)
...     Normal element mounting (7 frames)
#24     SingleChildWidgetElementMixin.mount (package:nested/nested.dart:222:11)
...     Normal element mounting (7 frames)
#31     SingleChildWidgetElementMixin.mount (package:nested/nested.dart:222:11)
...     Normal element mounting (15 frames)
#46     _InheritedProviderScopeElement.mount (package:provider/src/inherited_provider.dart:424:11)
...     Normal element mounting (7 frames)
#53     SingleChildWidgetElementMixin.mount (package:nested/nested.dart:222:11)
...     Normal element mounting (260 frames)
#313    Element.inflateWidget (package:flutter/src/widgets/framework.dart:4590:20)
#314    MultiChildRenderObjectElement.inflateWidget
(package:flutter/src/widgets/framework.dart:7269:36)
#315    MultiChildRenderObjectElement.mount (package:flutter/src/widgets/framework.dart:7285:32)
...     Normal element mounting (465 frames)
#780    Element.inflateWidget (package:flutter/src/widgets/framework.dart:4590:20)
#781    Element.updateChild (package:flutter/src/widgets/framework.dart:4053:20)
#782    ComponentElement.performRebuild (package:flutter/src/widgets/framework.dart:5844:16)
#783    Element.rebuild (package:flutter/src/widgets/framework.dart:5532:7)
#784    ProxyElement.update (package:flutter/src/widgets/framework.dart:6152:5)
#785    _InheritedNotifierElement.update
(package:flutter/src/widgets/inherited_notifier.dart:108:11)
#786    Element.updateChild (package:flutter/src/widgets/framework.dart:4037:15)
#787    ComponentElement.performRebuild (package:flutter/src/widgets/framework.dart:5844:16)
#788    StatefulElement.performRebuild (package:flutter/src/widgets/framework.dart:5985:11)
#789    Element.rebuild (package:flutter/src/widgets/framework.dart:5532:7)
#790    StatefulElement.update (package:flutter/src/widgets/framework.dart:6010:5)
#791    Element.updateChild (package:flutter/src/widgets/framework.dart:4037:15)
#792    ComponentElement.performRebuild (package:flutter/src/widgets/framework.dart:5844:16)
#793    Element.rebuild (package:flutter/src/widgets/framework.dart:5532:7)
#794    ProxyElement.update (package:flutter/src/widgets/framework.dart:6152:5)
#795    _InheritedNotifierElement.update
(package:flutter/src/widgets/inherited_notifier.dart:108:11)
#796    Element.updateChild (package:flutter/src/widgets/framework.dart:4037:15)
#797    ComponentElement.performRebuild (package:flutter/src/widgets/framework.dart:5844:16)
#798    StatefulElement.performRebuild (package:flutter/src/widgets/framework.dart:5985:11)
#799    Element.rebuild (package:flutter/src/widgets/framework.dart:5532:7)
#800    StatefulElement.update (package:flutter/src/widgets/framework.dart:6010:5)
#801    Element.updateChild (package:flutter/src/widgets/framework.dart:4037:15)
#802    ComponentElement.performRebuild (package:flutter/src/widgets/framework.dart:5844:16)
#803    StatefulElement.performRebuild (package:flutter/src/widgets/framework.dart:5985:11)
#804    Element.rebuild (package:flutter/src/widgets/framework.dart:5532:7)
#805    StatefulElement.update (package:flutter/src/widgets/framework.dart:6010:5)
#806    Element.updateChild (package:flutter/src/widgets/framework.dart:4037:15)
#807    ComponentElement.performRebuild (package:flutter/src/widgets/framework.dart:5844:16)
#808    Element.rebuild (package:flutter/src/widgets/framework.dart:5532:7)
#809    ProxyElement.update (package:flutter/src/widgets/framework.dart:6152:5)
#810    Element.updateChild (package:flutter/src/widgets/framework.dart:4037:15)
#811    ComponentElement.performRebuild (package:flutter/src/widgets/framework.dart:5844:16)
#812    StatefulElement.performRebuild (package:flutter/src/widgets/framework.dart:5985:11)
#813    Element.rebuild (package:flutter/src/widgets/framework.dart:5532:7)
#814    StatefulElement.update (package:flutter/src/widgets/framework.dart:6010:5)
#815    Element.updateChild (package:flutter/src/widgets/framework.dart:4037:15)
#816    ComponentElement.performRebuild (package:flutter/src/widgets/framework.dart:5844:16)
#817    Element.rebuild (package:flutter/src/widgets/framework.dart:5532:7)
#818    ProxyElement.update (package:flutter/src/widgets/framework.dart:6152:5)
#819    Element.updateChild (package:flutter/src/widgets/framework.dart:4037:15)
#820    ComponentElement.performRebuild (package:flutter/src/widgets/framework.dart:5844:16)
#821    Element.rebuild (package:flutter/src/widgets/framework.dart:5532:7)
#822    ProxyElement.update (package:flutter/src/widgets/framework.dart:6152:5)
#823    Element.updateChild (package:flutter/src/widgets/framework.dart:4037:15)
#824    _RawViewElement._updateChild (package:flutter/src/widgets/view.dart:481:16)
#825    _RawViewElement.update (package:flutter/src/widgets/view.dart:568:5)
#826    Element.updateChild (package:flutter/src/widgets/framework.dart:4037:15)
#827    ComponentElement.performRebuild (package:flutter/src/widgets/framework.dart:5844:16)
#828    Element.rebuild (package:flutter/src/widgets/framework.dart:5532:7)
#829    StatelessElement.update (package:flutter/src/widgets/framework.dart:5898:5)
#830    Element.updateChild (package:flutter/src/widgets/framework.dart:4037:15)
#831    ComponentElement.performRebuild (package:flutter/src/widgets/framework.dart:5844:16)
#832    StatefulElement.performRebuild (package:flutter/src/widgets/framework.dart:5985:11)
#833    Element.rebuild (package:flutter/src/widgets/framework.dart:5532:7)
#834    StatefulElement.update (package:flutter/src/widgets/framework.dart:6010:5)
#835    Element.updateChild (package:flutter/src/widgets/framework.dart:4037:15)
#836    RootElement._rebuild (package:flutter/src/widgets/binding.dart:1782:16)
#837    RootElement.update (package:flutter/src/widgets/binding.dart:1760:5)
#838    RootElement.performRebuild (package:flutter/src/widgets/binding.dart:1774:7)
#839    Element.rebuild (package:flutter/src/widgets/framework.dart:5532:7)
#840    BuildScope._tryRebuild (package:flutter/src/widgets/framework.dart:2750:15)
#841    BuildScope._flushDirtyElements (package:flutter/src/widgets/framework.dart:2807:11)
#842    BuildOwner.buildScope (package:flutter/src/widgets/framework.dart:3111:18)
#843    AutomatedTestWidgetsFlutterBinding.drawFrame (package:flutter_test/src/binding.dart:1506:19)
#844    RendererBinding._handlePersistentFrameCallback
(package:flutter/src/rendering/binding.dart:495:5)
#845    SchedulerBinding._invokeFrameCallback (package:flutter/src/scheduler/binding.dart:1434:15)
#846    SchedulerBinding.handleDrawFrame (package:flutter/src/scheduler/binding.dart:1347:9)
#847    AutomatedTestWidgetsFlutterBinding.pump.<anonymous closure>
(package:flutter_test/src/binding.dart:1335:9)
#850    TestAsyncUtils.guard (package:flutter_test/src/test_async_utils.dart:74:41)
#851    AutomatedTestWidgetsFlutterBinding.pump (package:flutter_test/src/binding.dart:1324:27)
#852    WidgetTester.pumpWidget.<anonymous closure>
(package:flutter_test/src/widget_tester.dart:598:22)
#855    TestAsyncUtils.guard (package:flutter_test/src/test_async_utils.dart:74:41)
#856    WidgetTester.pumpWidget (package:flutter_test/src/widget_tester.dart:595:27)
#857    pumpTasklyApp
(file:///C:/Users/User/FlutterProjects/taskly_bloc/test/helpers/pump_app.dart:43:16)
#858    WidgetPumpExtensions.pumpApp
(file:///C:/Users/User/FlutterProjects/taskly_bloc/test/helpers/widget_test_helpers.dart:70:11)
#859    main.pumpPage
(file:///C:/Users/User/FlutterProjects/taskly_bloc/test/presentation/features/journal/journal_today_page_widget_test.dart:74:18)
#860    main.<anonymous closure>
(file:///C:/Users/User/FlutterProjects/taskly_bloc/test/presentation/features/journal/journal_today_page_widget_test.dart:83:11)
#861    testWidgetsSafe.<anonymous closure>
(file:///C:/Users/User/FlutterProjects/taskly_bloc/test/helpers/test_helpers.dart:71:23)
#862    testWidgets.<anonymous closure>.<anonymous closure>
(package:flutter_test/src/widget_tester.dart:192:29)
<asynchronous suspension>
#863    TestWidgetsFlutterBinding._runTestBody (package:flutter_test/src/binding.dart:1059:5)
<asynchronous suspension>
<asynchronous suspension>
(elided 5 frames from dart:async and package:stack_trace)
═════════════════════════════════════════════════════════════════

When the exception was thrown, this was the stack:
#0      _CreateInheritedProviderState.value (package:provider/src/inherited_provider.dart:722:7)
#1      _CreateInheritedProviderState.debugFillProperties (package:provider/src/inherited_provider.dart:819:44)
#2      _InheritedProviderScopeElement.debugFillProperties (package:provider/src/inherited_provider.dart:644:20)
#3      DiagnosticableNode.builder.<anonymous closure> (package:flutter/src/foundation/diagnostics.dart:2924:17)
#4      DiagnosticableNode.builder (package:flutter/src/foundation/diagnostics.dart:2927:8)
#5      DiagnosticableNode.getProperties (package:flutter/src/foundation/diagnostics.dart:2945:68)
#6      TextTreeRenderer._debugRender (package:flutter/src/foundation/diagnostics.dart:1270:63)
#7      TextTreeRenderer.render (package:flutter/src/foundation/diagnostics.dart:1137:14)
#8      DiagnosticsNode.toStringDeep.<anonymous closure> (package:flutter/src/foundation/diagnostics.dart:1820:75)
#9      DiagnosticsNode.toStringDeep (package:flutter/src/foundation/diagnostics.dart:1827:6)
#10     DiagnosticsNode.toString.<anonymous closure> (package:flutter/src/foundation/diagnostics.dart:1747:18)
#11     DiagnosticsNode.toString (package:flutter/src/foundation/diagnostics.dart:1760:6)
#12     Diagnosticable.toString.<anonymous closure> (package:flutter/src/foundation/diagnostics.dart:3104:9)
#13     Diagnosticable.toString (package:flutter/src/foundation/diagnostics.dart:3106:6)
#14     _StringBase._interpolate (dart:core-patch/string_patch.dart:906:19)
#15     ComponentElement.performRebuild (package:flutter/src/widgets/framework.dart:5849:44)
#16     Element.rebuild (package:flutter/src/widgets/framework.dart:5532:7)
#17     ComponentElement._firstBuild (package:flutter/src/widgets/framework.dart:5802:5)
#18     ComponentElement.mount (package:flutter/src/widgets/framework.dart:5796:5)
#19     _InheritedProviderScopeElement.mount (package:provider/src/inherited_provider.dart:424:11)
...     Normal element mounting (7 frames)
#26     SingleChildWidgetElementMixin.mount (package:nested/nested.dart:222:11)
...     Normal element mounting (7 frames)
#33     SingleChildWidgetElementMixin.mount (package:nested/nested.dart:222:11)
...     Normal element mounting (15 frames)
#48     _InheritedProviderScopeElement.mount (package:provider/src/inherited_provider.dart:424:11)
...     Normal element mounting (7 frames)
#55     SingleChildWidgetElementMixin.mount (package:nested/nested.dart:222:11)
...     Normal element mounting (260 frames)
#315    Element.inflateWidget (package:flutter/src/widgets/framework.dart:4590:20)
#316    MultiChildRenderObjectElement.inflateWidget (package:flutter/src/widgets/framework.dart:7269:36)
#317    MultiChildRenderObjectElement.mount (package:flutter/src/widgets/framework.dart:7285:32)
...     Normal element mounting (465 frames)
#782    Element.inflateWidget (package:flutter/src/widgets/framework.dart:4590:20)
#783    Element.updateChild (package:flutter/src/widgets/framework.dart:4053:20)
#784    ComponentElement.performRebuild (package:flutter/src/widgets/framework.dart:5844:16)
#785    Element.rebuild (package:flutter/src/widgets/framework.dart:5532:7)
#786    ProxyElement.update (package:flutter/src/widgets/framework.dart:6152:5)
#787    _InheritedNotifierElement.update (package:flutter/src/widgets/inherited_notifier.dart:108:11)
#788    Element.updateChild (package:flutter/src/widgets/framework.dart:4037:15)
#789    ComponentElement.performRebuild (package:flutter/src/widgets/framework.dart:5844:16)
#790    StatefulElement.performRebuild (package:flutter/src/widgets/framework.dart:5985:11)
#791    Element.rebuild (package:flutter/src/widgets/framework.dart:5532:7)
#792    StatefulElement.update (package:flutter/src/widgets/framework.dart:6010:5)
#793    Element.updateChild (package:flutter/src/widgets/framework.dart:4037:15)
#794    ComponentElement.performRebuild (package:flutter/src/widgets/framework.dart:5844:16)
#795    Element.rebuild (package:flutter/src/widgets/framework.dart:5532:7)
#796    ProxyElement.update (package:flutter/src/widgets/framework.dart:6152:5)
#797    _InheritedNotifierElement.update (package:flutter/src/widgets/inherited_notifier.dart:108:11)
#798    Element.updateChild (package:flutter/src/widgets/framework.dart:4037:15)
#799    ComponentElement.performRebuild (package:flutter/src/widgets/framework.dart:5844:16)
#800    StatefulElement.performRebuild (package:flutter/src/widgets/framework.dart:5985:11)
#801    Element.rebuild (package:flutter/src/widgets/framework.dart:5532:7)
#802    StatefulElement.update (package:flutter/src/widgets/framework.dart:6010:5)
#803    Element.updateChild (package:flutter/src/widgets/framework.dart:4037:15)
#804    ComponentElement.performRebuild (package:flutter/src/widgets/framework.dart:5844:16)
#805    StatefulElement.performRebuild (package:flutter/src/widgets/framework.dart:5985:11)
#806    Element.rebuild (package:flutter/src/widgets/framework.dart:5532:7)
#807    StatefulElement.update (package:flutter/src/widgets/framework.dart:6010:5)
#808    Element.updateChild (package:flutter/src/widgets/framework.dart:4037:15)
#809    ComponentElement.performRebuild (package:flutter/src/widgets/framework.dart:5844:16)
#810    Element.rebuild (package:flutter/src/widgets/framework.dart:5532:7)
#811    ProxyElement.update (package:flutter/src/widgets/framework.dart:6152:5)
#812    Element.updateChild (package:flutter/src/widgets/framework.dart:4037:15)
#813    ComponentElement.performRebuild (package:flutter/src/widgets/framework.dart:5844:16)
#814    StatefulElement.performRebuild (package:flutter/src/widgets/framework.dart:5985:11)
#815    Element.rebuild (package:flutter/src/widgets/framework.dart:5532:7)
#816    StatefulElement.update (package:flutter/src/widgets/framework.dart:6010:5)
#817    Element.updateChild (package:flutter/src/widgets/framework.dart:4037:15)
#818    ComponentElement.performRebuild (package:flutter/src/widgets/framework.dart:5844:16)
#819    Element.rebuild (package:flutter/src/widgets/framework.dart:5532:7)
#820    ProxyElement.update (package:flutter/src/widgets/framework.dart:6152:5)
#821    Element.updateChild (package:flutter/src/widgets/framework.dart:4037:15)
#822    ComponentElement.performRebuild (package:flutter/src/widgets/framework.dart:5844:16)
#823    Element.rebuild (package:flutter/src/widgets/framework.dart:5532:7)
#824    ProxyElement.update (package:flutter/src/widgets/framework.dart:6152:5)
#825    Element.updateChild (package:flutter/src/widgets/framework.dart:4037:15)
#826    _RawViewElement._updateChild (package:flutter/src/widgets/view.dart:481:16)
#827    _RawViewElement.update (package:flutter/src/widgets/view.dart:568:5)
#828    Element.updateChild (package:flutter/src/widgets/framework.dart:4037:15)
#829    ComponentElement.performRebuild (package:flutter/src/widgets/framework.dart:5844:16)
#830    Element.rebuild (package:flutter/src/widgets/framework.dart:5532:7)
#831    StatelessElement.update (package:flutter/src/widgets/framework.dart:5898:5)
#832    Element.updateChild (package:flutter/src/widgets/framework.dart:4037:15)
#833    ComponentElement.performRebuild (package:flutter/src/widgets/framework.dart:5844:16)
#834    StatefulElement.performRebuild (package:flutter/src/widgets/framework.dart:5985:11)
#835    Element.rebuild (package:flutter/src/widgets/framework.dart:5532:7)
#836    StatefulElement.update (package:flutter/src/widgets/framework.dart:6010:5)
#837    Element.updateChild (package:flutter/src/widgets/framework.dart:4037:15)
#838    RootElement._rebuild (package:flutter/src/widgets/binding.dart:1782:16)
#839    RootElement.update (package:flutter/src/widgets/binding.dart:1760:5)
#840    RootElement.performRebuild (package:flutter/src/widgets/binding.dart:1774:7)
#841    Element.rebuild (package:flutter/src/widgets/framework.dart:5532:7)
#842    BuildScope._tryRebuild (package:flutter/src/widgets/framework.dart:2750:15)
#843    BuildScope._flushDirtyElements (package:flutter/src/widgets/framework.dart:2807:11)
#844    BuildOwner.buildScope (package:flutter/src/widgets/framework.dart:3111:18)
#845    AutomatedTestWidgetsFlutterBinding.drawFrame (package:flutter_test/src/binding.dart:1506:19)
#846    RendererBinding._handlePersistentFrameCallback (package:flutter/src/rendering/binding.dart:495:5)
#847    SchedulerBinding._invokeFrameCallback (package:flutter/src/scheduler/binding.dart:1434:15)
#848    SchedulerBinding.handleDrawFrame (package:flutter/src/scheduler/binding.dart:1347:9)
#849    AutomatedTestWidgetsFlutterBinding.pump.<anonymous closure> (package:flutter_test/src/binding.dart:1335:9)
#852    TestAsyncUtils.guard (package:flutter_test/src/test_async_utils.dart:74:41)
#853    AutomatedTestWidgetsFlutterBinding.pump (package:flutter_test/src/binding.dart:1324:27)
#854    WidgetTester.pumpWidget.<anonymous closure> (package:flutter_test/src/widget_tester.dart:598:22)
#857    TestAsyncUtils.guard (package:flutter_test/src/test_async_utils.dart:74:41)
#858    WidgetTester.pumpWidget (package:flutter_test/src/widget_tester.dart:595:27)
#859    pumpTasklyApp (file:///C:/Users/User/FlutterProjects/taskly_bloc/test/helpers/pump_app.dart:43:16)
#860    WidgetPumpExtensions.pumpApp (file:///C:/Users/User/FlutterProjects/taskly_bloc/test/helpers/widget_test_helpers.dart:70:11)
#861    main.pumpPage (file:///C:/Users/User/FlutterProjects/taskly_bloc/test/presentation/features/journal/journal_today_page_widget_test.dart:74:18)
#862    main.<anonymous closure> (file:///C:/Users/User/FlutterProjects/taskly_bloc/test/presentation/features/journal/journal_today_page_widget_test.dart:83:11)
#863    testWidgetsSafe.<anonymous closure> (file:///C:/Users/User/FlutterProjects/taskly_bloc/test/helpers/test_helpers.dart:71:23)
#864    testWidgets.<anonymous closure>.<anonymous closure> (package:flutter_test/src/widget_tester.dart:192:29)
<asynchronous suspension>
#865    TestWidgetsFlutterBinding._runTestBody (package:flutter_test/src/binding.dart:1059:5)
<asynchronous suspension>
<asynchronous suspension>
(elided 5 frames from dart:async and package:stack_trace)

════════════════════════════════════════════════════════════════════════════════════════════════════
══╡ EXCEPTION CAUGHT BY FLUTTER TEST FRAMEWORK ╞════════════════════════════════════════════════════
The following TestFailure was thrown running a test:
Expected: exactly one matching candidate
  Actual: _TypeWidgetFinder:<Found 0 widgets with type "CircularProgressIndicator": []>
   Which: means none were found but one was expected

When the exception was thrown, this was the stack:
#4      main.<anonymous closure> (file:///C:/Users/User/FlutterProjects/taskly_bloc/test/presentation/features/journal/journal_today_page_widget_test.dart:84:5)
<asynchronous suspension>
<asynchronous suspension>
#6      testWidgetsSafe.<anonymous closure> (file:///C:/Users/User/FlutterProjects/taskly_bloc/test/helpers/test_helpers.dart:71:9)
<asynchronous suspension>
#7      testWidgets.<anonymous closure>.<anonymous closure> (package:flutter_test/src/widget_tester.dart:192:15)
<asynchronous suspension>
#8      TestWidgetsFlutterBinding._runTestBody (package:flutter_test/src/binding.dart:1059:5)
<asynchronous suspension>
<asynchronous suspension>
(elided 2 frames from dart:async and package:stack_trace)

This was caught by the test expectation on the following line:
  file:///C:/Users/User/FlutterProjects/taskly_bloc/test/presentation/features/journal/journal_today_page_widget_test.dart line 84
The test description was:
  shows loading state before streams emit
════════════════════════════════════════════════════════════════════════════════════════════════════
══╡ EXCEPTION CAUGHT BY FLUTTER TEST FRAMEWORK ╞════════════════════════════════════════════════════
The following message was thrown:
Multiple exceptions (2) were detected during the running of the current test, and at least one was
unexpected.
════════════════════════════════════════════════════════════════════════════════════════════════════
01:06 +180 -14: C:/Users/User/FlutterProjects/taskly_bloc/test/presentation/features/journal/journal_today_page_widget_test.dart: shows loading state before streams emit [E]
  Test failed. See exception logs above.
  The test description was: shows loading state before streams emit
  
══╡ EXCEPTION CAUGHT BY WIDGET INSPECTOR ╞══════════════════════════════════════════════════════════
The following assertion was thrown:
Looking up a deactivated widget's ancestor is unsafe.
At this point the state of the widget's element tree is no longer stable.
To safely refer to a widget's ancestor in its dispose() method, save a reference to the ancestor by
calling dependOnInheritedWidgetOfExactType() in the widget's didChangeDependencies() method.

When the exception was thrown, this was the stack:
#0      Element._debugCheckStateIsActiveForAncestorLookup.<anonymous closure> (package:flutter/src/widgets/framework.dart:5052:9)
#1      Element._debugCheckStateIsActiveForAncestorLookup (package:flutter/src/widgets/framework.dart:5066:6)
#2      Element.visitAncestorElements (package:flutter/src/widgets/framework.dart:5177:12)
#3      _describeRelevantUserCode (package:flutter/src/widgets/widget_inspector.dart:4244:13)
#4      _parseDiagnosticsNode (package:flutter/src/widgets/widget_inspector.dart:4163:12)
#5      debugTransformDebugCreator (package:flutter/src/widgets/widget_inspector.dart:4142:21)
#6      _FlutterErrorDetailsNode.builder (package:flutter/src/foundation/assertions.dart:1310:31)
#7      DiagnosticableNode.emptyBodyDescription (package:flutter/src/foundation/diagnostics.dart:2941:45)
#8      TextTreeRenderer._debugRender (package:flutter/src/foundation/diagnostics.dart:1307:14)
#9      TextTreeRenderer.render (package:flutter/src/foundation/diagnostics.dart:1137:14)
#10     FlutterError.dumpErrorToConsole (package:flutter/src/foundation/assertions.dart:1040:13)
#11     TestWidgetsFlutterBinding._runTest.<anonymous closure> (package:flutter_test/src/binding.dart:886:24)
#12     FlutterError.reportError (package:flutter/src/foundation/assertions.dart:1203:14)
#13     TestWidgetsFlutterBinding._runTest.handleUncaughtError (package:flutter_test/src/binding.dart:985:20)
#14     TestWidgetsFlutterBinding._runTest.<anonymous closure> (package:flutter_test/src/binding.dart:1027:13)
<asynchronous suspension>
(elided 5 frames from dart:async)

This exception was caught while trying to describe the user-relevant code of another error.
════════════════════════════════════════════════════════════════════════════════════════════════════
01:06 +180 -14: C:/Users/User/FlutterProjects/taskly_bloc/test/presentation/features/journal/journal_today_page_widget_test.dart: shows error state when streams fail
══╡ EXCEPTION CAUGHT BY WIDGETS LIBRARY ╞═══════════════════════════════════════════════════════════
The following StateError was thrown building InheritedProvider<JournalTodayBloc>:
Bad state: Tried to read a provider that threw during the creation of its value.
The exception occurred during the creation of type JournalTodayBloc.

══╡ EXCEPTION CAUGHT BY PROVIDER ╞═══════════════════════════════
The following ProviderNotFoundException was thrown:
Error: Could not find the correct
Provider<JournalRepositoryContract> above this
_InheritedProviderScope<JournalTodayBloc?> Widget

This happens because you used a `BuildContext` that does not
include the provider
of your choice. There are a few common scenarios:

- You added a new provider in your `main.dart` and performed a
hot-reload.
  To fix, perform a hot-restart.

- The provider you are trying to read is in a different route.

  Providers are "scoped". So if you insert of provider inside a
route, then
  other routes will not be able to access that provider.

- You used a `BuildContext` that is an ancestor of the provider
you are trying to read.

  Make sure that _InheritedProviderScope<JournalTodayBloc?> is
under your MultiProvider/Provider<JournalRepositoryContract>.
  This usually happens when you are creating a provider and
trying to read it immediately.

  For example, instead of:

  ```
  Widget build(BuildContext context) {
    return Provider<Example>(
      create: (_) => Example(),
      // Will throw a ProviderNotFoundError, because `context` is
associated
      // to the widget that is the parent of `Provider<Example>`
      child: Text(context.watch<Example>().toString()),
    );
  }
  ```

  consider using `builder` like so:

  ```
  Widget build(BuildContext context) {
    return Provider<Example>(
      create: (_) => Example(),
      // we use `builder` to obtain a new `BuildContext` that has
access to the provider
      builder: (context, child) {
        // No longer throws
        return Text(context.watch<Example>().toString());
      }
    );
  }
  ```

If none of these solutions work, consider asking for help on
StackOverflow:
https://stackoverflow.com/questions/tagged/flutter

When the exception was thrown, this was the stack:
#0      Provider._inheritedElementOf (package:provider/src/provider.dart:377:7)
#1      Provider.of (package:provider/src/provider.dart:327:30)
#2      ReadContext.read (package:provider/src/provider.dart:683:21)
#3      _JournalTodayPageState.build.<anonymous closure>
(package:taskly_bloc/presentation/features/journal/view/journal_today_page.dart:32:29)
#4      _CreateInheritedProviderState.value (package:provider/src/inherited_provider.dart:749:36)
#5      _InheritedProviderScopeElement.value (package:provider/src/inherited_provider.dart:603:33)
#6      Provider.of (package:provider/src/provider.dart:337:37)
#7      ReadContext.read (package:provider/src/provider.dart:683:21)
#8      _BlocBuilderBaseState.initState (package:flutter_bloc/src/bloc_builder.dart:152:36)
#9      StatefulElement._firstBuild (package:flutter/src/widgets/framework.dart:5953:55)
#10     ComponentElement.mount (package:flutter/src/widgets/framework.dart:5796:5)
...     Normal element mounting (7 frames)
#17     _InheritedProviderScopeElement.mount (package:provider/src/inherited_provider.dart:424:11)
...     Normal element mounting (7 frames)
#24     SingleChildWidgetElementMixin.mount (package:nested/nested.dart:222:11)
...     Normal element mounting (7 frames)
#31     SingleChildWidgetElementMixin.mount (package:nested/nested.dart:222:11)
...     Normal element mounting (15 frames)
#46     _InheritedProviderScopeElement.mount (package:provider/src/inherited_provider.dart:424:11)
...     Normal element mounting (7 frames)
#53     SingleChildWidgetElementMixin.mount (package:nested/nested.dart:222:11)
...     Normal element mounting (260 frames)
#313    Element.inflateWidget (package:flutter/src/widgets/framework.dart:4590:20)
#314    MultiChildRenderObjectElement.inflateWidget
(package:flutter/src/widgets/framework.dart:7269:36)
#315    MultiChildRenderObjectElement.mount (package:flutter/src/widgets/framework.dart:7285:32)
...     Normal element mounting (465 frames)
#780    Element.inflateWidget (package:flutter/src/widgets/framework.dart:4590:20)
#781    Element.updateChild (package:flutter/src/widgets/framework.dart:4053:20)
#782    ComponentElement.performRebuild (package:flutter/src/widgets/framework.dart:5844:16)
#783    Element.rebuild (package:flutter/src/widgets/framework.dart:5532:7)
#784    ProxyElement.update (package:flutter/src/widgets/framework.dart:6152:5)
#785    _InheritedNotifierElement.update
(package:flutter/src/widgets/inherited_notifier.dart:108:11)
#786    Element.updateChild (package:flutter/src/widgets/framework.dart:4037:15)
#787    ComponentElement.performRebuild (package:flutter/src/widgets/framework.dart:5844:16)
#788    StatefulElement.performRebuild (package:flutter/src/widgets/framework.dart:5985:11)
#789    Element.rebuild (package:flutter/src/widgets/framework.dart:5532:7)
#790    StatefulElement.update (package:flutter/src/widgets/framework.dart:6010:5)
#791    Element.updateChild (package:flutter/src/widgets/framework.dart:4037:15)
#792    ComponentElement.performRebuild (package:flutter/src/widgets/framework.dart:5844:16)
#793    Element.rebuild (package:flutter/src/widgets/framework.dart:5532:7)
#794    ProxyElement.update (package:flutter/src/widgets/framework.dart:6152:5)
#795    _InheritedNotifierElement.update
(package:flutter/src/widgets/inherited_notifier.dart:108:11)
#796    Element.updateChild (package:flutter/src/widgets/framework.dart:4037:15)
#797    ComponentElement.performRebuild (package:flutter/src/widgets/framework.dart:5844:16)
#798    StatefulElement.performRebuild (package:flutter/src/widgets/framework.dart:5985:11)
#799    Element.rebuild (package:flutter/src/widgets/framework.dart:5532:7)
#800    StatefulElement.update (package:flutter/src/widgets/framework.dart:6010:5)
#801    Element.updateChild (package:flutter/src/widgets/framework.dart:4037:15)
#802    ComponentElement.performRebuild (package:flutter/src/widgets/framework.dart:5844:16)
#803    StatefulElement.performRebuild (package:flutter/src/widgets/framework.dart:5985:11)
#804    Element.rebuild (package:flutter/src/widgets/framework.dart:5532:7)
#805    StatefulElement.update (package:flutter/src/widgets/framework.dart:6010:5)
#806    Element.updateChild (package:flutter/src/widgets/framework.dart:4037:15)
#807    ComponentElement.performRebuild (package:flutter/src/widgets/framework.dart:5844:16)
#808    Element.rebuild (package:flutter/src/widgets/framework.dart:5532:7)
#809    ProxyElement.update (package:flutter/src/widgets/framework.dart:6152:5)
#810    Element.updateChild (package:flutter/src/widgets/framework.dart:4037:15)
#811    ComponentElement.performRebuild (package:flutter/src/widgets/framework.dart:5844:16)
#812    StatefulElement.performRebuild (package:flutter/src/widgets/framework.dart:5985:11)
#813    Element.rebuild (package:flutter/src/widgets/framework.dart:5532:7)
#814    StatefulElement.update (package:flutter/src/widgets/framework.dart:6010:5)
#815    Element.updateChild (package:flutter/src/widgets/framework.dart:4037:15)
#816    ComponentElement.performRebuild (package:flutter/src/widgets/framework.dart:5844:16)
#817    Element.rebuild (package:flutter/src/widgets/framework.dart:5532:7)
#818    ProxyElement.update (package:flutter/src/widgets/framework.dart:6152:5)
#819    Element.updateChild (package:flutter/src/widgets/framework.dart:4037:15)
#820    ComponentElement.performRebuild (package:flutter/src/widgets/framework.dart:5844:16)
#821    Element.rebuild (package:flutter/src/widgets/framework.dart:5532:7)
#822    ProxyElement.update (package:flutter/src/widgets/framework.dart:6152:5)
#823    Element.updateChild (package:flutter/src/widgets/framework.dart:4037:15)
#824    _RawViewElement._updateChild (package:flutter/src/widgets/view.dart:481:16)
#825    _RawViewElement.update (package:flutter/src/widgets/view.dart:568:5)
#826    Element.updateChild (package:flutter/src/widgets/framework.dart:4037:15)
#827    ComponentElement.performRebuild (package:flutter/src/widgets/framework.dart:5844:16)
#828    Element.rebuild (package:flutter/src/widgets/framework.dart:5532:7)
#829    StatelessElement.update (package:flutter/src/widgets/framework.dart:5898:5)
#830    Element.updateChild (package:flutter/src/widgets/framework.dart:4037:15)
#831    ComponentElement.performRebuild (package:flutter/src/widgets/framework.dart:5844:16)
#832    StatefulElement.performRebuild (package:flutter/src/widgets/framework.dart:5985:11)
#833    Element.rebuild (package:flutter/src/widgets/framework.dart:5532:7)
#834    StatefulElement.update (package:flutter/src/widgets/framework.dart:6010:5)
#835    Element.updateChild (package:flutter/src/widgets/framework.dart:4037:15)
#836    RootElement._rebuild (package:flutter/src/widgets/binding.dart:1782:16)
#837    RootElement.update (package:flutter/src/widgets/binding.dart:1760:5)
#838    RootElement.performRebuild (package:flutter/src/widgets/binding.dart:1774:7)
#839    Element.rebuild (package:flutter/src/widgets/framework.dart:5532:7)
#840    BuildScope._tryRebuild (package:flutter/src/widgets/framework.dart:2750:15)
#841    BuildScope._flushDirtyElements (package:flutter/src/widgets/framework.dart:2807:11)
#842    BuildOwner.buildScope (package:flutter/src/widgets/framework.dart:3111:18)
#843    AutomatedTestWidgetsFlutterBinding.drawFrame (package:flutter_test/src/binding.dart:1506:19)
#844    RendererBinding._handlePersistentFrameCallback
(package:flutter/src/rendering/binding.dart:495:5)
#845    SchedulerBinding._invokeFrameCallback (package:flutter/src/scheduler/binding.dart:1434:15)
#846    SchedulerBinding.handleDrawFrame (package:flutter/src/scheduler/binding.dart:1347:9)
#847    AutomatedTestWidgetsFlutterBinding.pump.<anonymous closure>
(package:flutter_test/src/binding.dart:1335:9)
#850    TestAsyncUtils.guard (package:flutter_test/src/test_async_utils.dart:74:41)
#851    AutomatedTestWidgetsFlutterBinding.pump (package:flutter_test/src/binding.dart:1324:27)
#852    WidgetTester.pumpWidget.<anonymous closure>
(package:flutter_test/src/widget_tester.dart:598:22)
#855    TestAsyncUtils.guard (package:flutter_test/src/test_async_utils.dart:74:41)
#856    WidgetTester.pumpWidget (package:flutter_test/src/widget_tester.dart:595:27)
#857    pumpTasklyApp
(file:///C:/Users/User/FlutterProjects/taskly_bloc/test/helpers/pump_app.dart:43:16)
#858    WidgetPumpExtensions.pumpApp
(file:///C:/Users/User/FlutterProjects/taskly_bloc/test/helpers/widget_test_helpers.dart:70:11)
#859    main.pumpPage
(file:///C:/Users/User/FlutterProjects/taskly_bloc/test/presentation/features/journal/journal_today_page_widget_test.dart:74:18)
#860    main.<anonymous closure>
(file:///C:/Users/User/FlutterProjects/taskly_bloc/test/presentation/features/journal/journal_today_page_widget_test.dart:92:11)
#861    testWidgetsSafe.<anonymous closure>
(file:///C:/Users/User/FlutterProjects/taskly_bloc/test/helpers/test_helpers.dart:71:23)
#862    testWidgets.<anonymous closure>.<anonymous closure>
(package:flutter_test/src/widget_tester.dart:192:29)
<asynchronous suspension>
#863    TestWidgetsFlutterBinding._runTestBody (package:flutter_test/src/binding.dart:1059:5)
<asynchronous suspension>
<asynchronous suspension>
(elided 5 frames from dart:async and package:stack_trace)
═════════════════════════════════════════════════════════════════

When the exception was thrown, this was the stack:
#0      _CreateInheritedProviderState.value (package:provider/src/inherited_provider.dart:722:7)
#1      _CreateInheritedProviderState.debugFillProperties (package:provider/src/inherited_provider.dart:819:44)
#2      _InheritedProviderScopeElement.debugFillProperties (package:provider/src/inherited_provider.dart:644:20)
#3      DiagnosticableNode.builder.<anonymous closure> (package:flutter/src/foundation/diagnostics.dart:2924:17)
#4      DiagnosticableNode.builder (package:flutter/src/foundation/diagnostics.dart:2927:8)
#5      DiagnosticableNode.getProperties (package:flutter/src/foundation/diagnostics.dart:2945:68)
#6      TextTreeRenderer._debugRender (package:flutter/src/foundation/diagnostics.dart:1270:63)
#7      TextTreeRenderer.render (package:flutter/src/foundation/diagnostics.dart:1137:14)
#8      DiagnosticsNode.toStringDeep.<anonymous closure> (package:flutter/src/foundation/diagnostics.dart:1820:75)
#9      DiagnosticsNode.toStringDeep (package:flutter/src/foundation/diagnostics.dart:1827:6)
#10     DiagnosticsNode.toString.<anonymous closure> (package:flutter/src/foundation/diagnostics.dart:1747:18)
#11     DiagnosticsNode.toString (package:flutter/src/foundation/diagnostics.dart:1760:6)
#12     Diagnosticable.toString.<anonymous closure> (package:flutter/src/foundation/diagnostics.dart:3104:9)
#13     Diagnosticable.toString (package:flutter/src/foundation/diagnostics.dart:3106:6)
#14     _StringBase._interpolate (dart:core-patch/string_patch.dart:906:19)
#15     ComponentElement.performRebuild (package:flutter/src/widgets/framework.dart:5849:44)
#16     Element.rebuild (package:flutter/src/widgets/framework.dart:5532:7)
#17     ComponentElement._firstBuild (package:flutter/src/widgets/framework.dart:5802:5)
#18     ComponentElement.mount (package:flutter/src/widgets/framework.dart:5796:5)
#19     _InheritedProviderScopeElement.mount (package:provider/src/inherited_provider.dart:424:11)
...     Normal element mounting (7 frames)
#26     SingleChildWidgetElementMixin.mount (package:nested/nested.dart:222:11)
...     Normal element mounting (7 frames)
#33     SingleChildWidgetElementMixin.mount (package:nested/nested.dart:222:11)
...     Normal element mounting (15 frames)
#48     _InheritedProviderScopeElement.mount (package:provider/src/inherited_provider.dart:424:11)
...     Normal element mounting (7 frames)
#55     SingleChildWidgetElementMixin.mount (package:nested/nested.dart:222:11)
...     Normal element mounting (260 frames)
#315    Element.inflateWidget (package:flutter/src/widgets/framework.dart:4590:20)
#316    MultiChildRenderObjectElement.inflateWidget (package:flutter/src/widgets/framework.dart:7269:36)
#317    MultiChildRenderObjectElement.mount (package:flutter/src/widgets/framework.dart:7285:32)
...     Normal element mounting (465 frames)
#782    Element.inflateWidget (package:flutter/src/widgets/framework.dart:4590:20)
#783    Element.updateChild (package:flutter/src/widgets/framework.dart:4053:20)
#784    ComponentElement.performRebuild (package:flutter/src/widgets/framework.dart:5844:16)
#785    Element.rebuild (package:flutter/src/widgets/framework.dart:5532:7)
#786    ProxyElement.update (package:flutter/src/widgets/framework.dart:6152:5)
#787    _InheritedNotifierElement.update (package:flutter/src/widgets/inherited_notifier.dart:108:11)
#788    Element.updateChild (package:flutter/src/widgets/framework.dart:4037:15)
#789    ComponentElement.performRebuild (package:flutter/src/widgets/framework.dart:5844:16)
#790    StatefulElement.performRebuild (package:flutter/src/widgets/framework.dart:5985:11)
#791    Element.rebuild (package:flutter/src/widgets/framework.dart:5532:7)
#792    StatefulElement.update (package:flutter/src/widgets/framework.dart:6010:5)
#793    Element.updateChild (package:flutter/src/widgets/framework.dart:4037:15)
#794    ComponentElement.performRebuild (package:flutter/src/widgets/framework.dart:5844:16)
#795    Element.rebuild (package:flutter/src/widgets/framework.dart:5532:7)
#796    ProxyElement.update (package:flutter/src/widgets/framework.dart:6152:5)
#797    _InheritedNotifierElement.update (package:flutter/src/widgets/inherited_notifier.dart:108:11)
#798    Element.updateChild (package:flutter/src/widgets/framework.dart:4037:15)
#799    ComponentElement.performRebuild (package:flutter/src/widgets/framework.dart:5844:16)
#800    StatefulElement.performRebuild (package:flutter/src/widgets/framework.dart:5985:11)
#801    Element.rebuild (package:flutter/src/widgets/framework.dart:5532:7)
#802    StatefulElement.update (package:flutter/src/widgets/framework.dart:6010:5)
#803    Element.updateChild (package:flutter/src/widgets/framework.dart:4037:15)
#804    ComponentElement.performRebuild (package:flutter/src/widgets/framework.dart:5844:16)
#805    StatefulElement.performRebuild (package:flutter/src/widgets/framework.dart:5985:11)
#806    Element.rebuild (package:flutter/src/widgets/framework.dart:5532:7)
#807    StatefulElement.update (package:flutter/src/widgets/framework.dart:6010:5)
#808    Element.updateChild (package:flutter/src/widgets/framework.dart:4037:15)
#809    ComponentElement.performRebuild (package:flutter/src/widgets/framework.dart:5844:16)
#810    Element.rebuild (package:flutter/src/widgets/framework.dart:5532:7)
#811    ProxyElement.update (package:flutter/src/widgets/framework.dart:6152:5)
#812    Element.updateChild (package:flutter/src/widgets/framework.dart:4037:15)
#813    ComponentElement.performRebuild (package:flutter/src/widgets/framework.dart:5844:16)
#814    StatefulElement.performRebuild (package:flutter/src/widgets/framework.dart:5985:11)
#815    Element.rebuild (package:flutter/src/widgets/framework.dart:5532:7)
#816    StatefulElement.update (package:flutter/src/widgets/framework.dart:6010:5)
#817    Element.updateChild (package:flutter/src/widgets/framework.dart:4037:15)
#818    ComponentElement.performRebuild (package:flutter/src/widgets/framework.dart:5844:16)
#819    Element.rebuild (package:flutter/src/widgets/framework.dart:5532:7)
#820    ProxyElement.update (package:flutter/src/widgets/framework.dart:6152:5)
#821    Element.updateChild (package:flutter/src/widgets/framework.dart:4037:15)
#822    ComponentElement.performRebuild (package:flutter/src/widgets/framework.dart:5844:16)
#823    Element.rebuild (package:flutter/src/widgets/framework.dart:5532:7)
#824    ProxyElement.update (package:flutter/src/widgets/framework.dart:6152:5)
#825    Element.updateChild (package:flutter/src/widgets/framework.dart:4037:15)
#826    _RawViewElement._updateChild (package:flutter/src/widgets/view.dart:481:16)
#827    _RawViewElement.update (package:flutter/src/widgets/view.dart:568:5)
#828    Element.updateChild (package:flutter/src/widgets/framework.dart:4037:15)
#829    ComponentElement.performRebuild (package:flutter/src/widgets/framework.dart:5844:16)
#830    Element.rebuild (package:flutter/src/widgets/framework.dart:5532:7)
#831    StatelessElement.update (package:flutter/src/widgets/framework.dart:5898:5)
#832    Element.updateChild (package:flutter/src/widgets/framework.dart:4037:15)
#833    ComponentElement.performRebuild (package:flutter/src/widgets/framework.dart:5844:16)
#834    StatefulElement.performRebuild (package:flutter/src/widgets/framework.dart:5985:11)
#835    Element.rebuild (package:flutter/src/widgets/framework.dart:5532:7)
#836    StatefulElement.update (package:flutter/src/widgets/framework.dart:6010:5)
#837    Element.updateChild (package:flutter/src/widgets/framework.dart:4037:15)
#838    RootElement._rebuild (package:flutter/src/widgets/binding.dart:1782:16)
#839    RootElement.update (package:flutter/src/widgets/binding.dart:1760:5)
#840    RootElement.performRebuild (package:flutter/src/widgets/binding.dart:1774:7)
#841    Element.rebuild (package:flutter/src/widgets/framework.dart:5532:7)
#842    BuildScope._tryRebuild (package:flutter/src/widgets/framework.dart:2750:15)
#843    BuildScope._flushDirtyElements (package:flutter/src/widgets/framework.dart:2807:11)
#844    BuildOwner.buildScope (package:flutter/src/widgets/framework.dart:3111:18)
#845    AutomatedTestWidgetsFlutterBinding.drawFrame (package:flutter_test/src/binding.dart:1506:19)
#846    RendererBinding._handlePersistentFrameCallback (package:flutter/src/rendering/binding.dart:495:5)
#847    SchedulerBinding._invokeFrameCallback (package:flutter/src/scheduler/binding.dart:1434:15)
#848    SchedulerBinding.handleDrawFrame (package:flutter/src/scheduler/binding.dart:1347:9)
#849    AutomatedTestWidgetsFlutterBinding.pump.<anonymous closure> (package:flutter_test/src/binding.dart:1335:9)
#852    TestAsyncUtils.guard (package:flutter_test/src/test_async_utils.dart:74:41)
#853    AutomatedTestWidgetsFlutterBinding.pump (package:flutter_test/src/binding.dart:1324:27)
#854    WidgetTester.pumpWidget.<anonymous closure> (package:flutter_test/src/widget_tester.dart:598:22)
#857    TestAsyncUtils.guard (package:flutter_test/src/test_async_utils.dart:74:41)
#858    WidgetTester.pumpWidget (package:flutter_test/src/widget_tester.dart:595:27)
#859    pumpTasklyApp (file:///C:/Users/User/FlutterProjects/taskly_bloc/test/helpers/pump_app.dart:43:16)
#860    WidgetPumpExtensions.pumpApp (file:///C:/Users/User/FlutterProjects/taskly_bloc/test/helpers/widget_test_helpers.dart:70:11)
#861    main.pumpPage (file:///C:/Users/User/FlutterProjects/taskly_bloc/test/presentation/features/journal/journal_today_page_widget_test.dart:74:18)
#862    main.<anonymous closure> (file:///C:/Users/User/FlutterProjects/taskly_bloc/test/presentation/features/journal/journal_today_page_widget_test.dart:92:11)
#863    testWidgetsSafe.<anonymous closure> (file:///C:/Users/User/FlutterProjects/taskly_bloc/test/helpers/test_helpers.dart:71:23)
#864    testWidgets.<anonymous closure>.<anonymous closure> (package:flutter_test/src/widget_tester.dart:192:29)
<asynchronous suspension>
#865    TestWidgetsFlutterBinding._runTestBody (package:flutter_test/src/binding.dart:1059:5)
<asynchronous suspension>
<asynchronous suspension>
(elided 5 frames from dart:async and package:stack_trace)

════════════════════════════════════════════════════════════════════════════════════════════════════
══╡ EXCEPTION CAUGHT BY FLUTTER TEST FRAMEWORK ╞════════════════════════════════════════════════════
The following TestFailure was thrown running a test:
Expected: exactly one matching candidate
  Actual: _TextContainingWidgetFinder:<Found 0 widgets with text containing Failed to load Journal
data: []>
   Which: means none were found but one was expected

When the exception was thrown, this was the stack:
#4      main.<anonymous closure> (file:///C:/Users/User/FlutterProjects/taskly_bloc/test/presentation/features/journal/journal_today_page_widget_test.dart:95:5)
<asynchronous suspension>
<asynchronous suspension>
#6      testWidgetsSafe.<anonymous closure> (file:///C:/Users/User/FlutterProjects/taskly_bloc/test/helpers/test_helpers.dart:71:9)
<asynchronous suspension>
#7      testWidgets.<anonymous closure>.<anonymous closure> (package:flutter_test/src/widget_tester.dart:192:15)
<asynchronous suspension>
#8      TestWidgetsFlutterBinding._runTestBody (package:flutter_test/src/binding.dart:1059:5)
<asynchronous suspension>
<asynchronous suspension>
(elided 2 frames from dart:async and package:stack_trace)

This was caught by the test expectation on the following line:
  file:///C:/Users/User/FlutterProjects/taskly_bloc/test/presentation/features/journal/journal_today_page_widget_test.dart line 95
The test description was:
  shows error state when streams fail
════════════════════════════════════════════════════════════════════════════════════════════════════
══╡ EXCEPTION CAUGHT BY FLUTTER TEST FRAMEWORK ╞════════════════════════════════════════════════════
The following message was thrown:
Multiple exceptions (2) were detected during the running of the current test, and at least one was
unexpected.
════════════════════════════════════════════════════════════════════════════════════════════════════
01:06 +180 -15: C:/Users/User/FlutterProjects/taskly_bloc/test/presentation/features/journal/journal_today_page_widget_test.dart: shows error state when streams fail [E]
  Test failed. See exception logs above.
  The test description was: shows error state when streams fail
  
══╡ EXCEPTION CAUGHT BY WIDGET INSPECTOR ╞══════════════════════════════════════════════════════════
The following assertion was thrown:
Looking up a deactivated widget's ancestor is unsafe.
At this point the state of the widget's element tree is no longer stable.
To safely refer to a widget's ancestor in its dispose() method, save a reference to the ancestor by
calling dependOnInheritedWidgetOfExactType() in the widget's didChangeDependencies() method.

When the exception was thrown, this was the stack:
#0      Element._debugCheckStateIsActiveForAncestorLookup.<anonymous closure> (package:flutter/src/widgets/framework.dart:5052:9)
#1      Element._debugCheckStateIsActiveForAncestorLookup (package:flutter/src/widgets/framework.dart:5066:6)
#2      Element.visitAncestorElements (package:flutter/src/widgets/framework.dart:5177:12)
#3      _describeRelevantUserCode (package:flutter/src/widgets/widget_inspector.dart:4244:13)
#4      _parseDiagnosticsNode (package:flutter/src/widgets/widget_inspector.dart:4163:12)
#5      debugTransformDebugCreator (package:flutter/src/widgets/widget_inspector.dart:4142:21)
#6      _FlutterErrorDetailsNode.builder (package:flutter/src/foundation/assertions.dart:1310:31)
#7      DiagnosticableNode.emptyBodyDescription (package:flutter/src/foundation/diagnostics.dart:2941:45)
#8      TextTreeRenderer._debugRender (package:flutter/src/foundation/diagnostics.dart:1307:14)
#9      TextTreeRenderer.render (package:flutter/src/foundation/diagnostics.dart:1137:14)
#10     FlutterError.dumpErrorToConsole (package:flutter/src/foundation/assertions.dart:1040:13)
#11     TestWidgetsFlutterBinding._runTest.<anonymous closure> (package:flutter_test/src/binding.dart:886:24)
#12     FlutterError.reportError (package:flutter/src/foundation/assertions.dart:1203:14)
#13     TestWidgetsFlutterBinding._runTest.handleUncaughtError (package:flutter_test/src/binding.dart:985:20)
#14     TestWidgetsFlutterBinding._runTest.<anonymous closure> (package:flutter_test/src/binding.dart:1027:13)
<asynchronous suspension>
(elided 5 frames from dart:async)

This exception was caught while trying to describe the user-relevant code of another error.
════════════════════════════════════════════════════════════════════════════════════════════════════
01:06 +180 -15: C:/Users/User/FlutterProjects/taskly_bloc/test/presentation/features/journal/journal_today_page_widget_test.dart: renders journal entries when loaded
══╡ EXCEPTION CAUGHT BY WIDGETS LIBRARY ╞═══════════════════════════════════════════════════════════
The following StateError was thrown building InheritedProvider<JournalTodayBloc>:
Bad state: Tried to read a provider that threw during the creation of its value.
The exception occurred during the creation of type JournalTodayBloc.

══╡ EXCEPTION CAUGHT BY PROVIDER ╞═══════════════════════════════
The following ProviderNotFoundException was thrown:
Error: Could not find the correct
Provider<JournalRepositoryContract> above this
_InheritedProviderScope<JournalTodayBloc?> Widget

This happens because you used a `BuildContext` that does not
include the provider
of your choice. There are a few common scenarios:

- You added a new provider in your `main.dart` and performed a
hot-reload.
  To fix, perform a hot-restart.

- The provider you are trying to read is in a different route.

  Providers are "scoped". So if you insert of provider inside a
route, then
  other routes will not be able to access that provider.

- You used a `BuildContext` that is an ancestor of the provider
you are trying to read.

  Make sure that _InheritedProviderScope<JournalTodayBloc?> is
under your MultiProvider/Provider<JournalRepositoryContract>.
  This usually happens when you are creating a provider and
trying to read it immediately.

  For example, instead of:

  ```
  Widget build(BuildContext context) {
    return Provider<Example>(
      create: (_) => Example(),
      // Will throw a ProviderNotFoundError, because `context` is
associated
      // to the widget that is the parent of `Provider<Example>`
      child: Text(context.watch<Example>().toString()),
    );
  }
  ```

  consider using `builder` like so:

  ```
  Widget build(BuildContext context) {
    return Provider<Example>(
      create: (_) => Example(),
      // we use `builder` to obtain a new `BuildContext` that has
access to the provider
      builder: (context, child) {
        // No longer throws
        return Text(context.watch<Example>().toString());
      }
    );
  }
  ```

If none of these solutions work, consider asking for help on
StackOverflow:
https://stackoverflow.com/questions/tagged/flutter

When the exception was thrown, this was the stack:
#0      Provider._inheritedElementOf (package:provider/src/provider.dart:377:7)
#1      Provider.of (package:provider/src/provider.dart:327:30)
#2      ReadContext.read (package:provider/src/provider.dart:683:21)
#3      _JournalTodayPageState.build.<anonymous closure>
(package:taskly_bloc/presentation/features/journal/view/journal_today_page.dart:32:29)
#4      _CreateInheritedProviderState.value (package:provider/src/inherited_provider.dart:749:36)
#5      _InheritedProviderScopeElement.value (package:provider/src/inherited_provider.dart:603:33)
#6      Provider.of (package:provider/src/provider.dart:337:37)
#7      ReadContext.read (package:provider/src/provider.dart:683:21)
#8      _BlocBuilderBaseState.initState (package:flutter_bloc/src/bloc_builder.dart:152:36)
#9      StatefulElement._firstBuild (package:flutter/src/widgets/framework.dart:5953:55)
#10     ComponentElement.mount (package:flutter/src/widgets/framework.dart:5796:5)
...     Normal element mounting (7 frames)
#17     _InheritedProviderScopeElement.mount (package:provider/src/inherited_provider.dart:424:11)
...     Normal element mounting (7 frames)
#24     SingleChildWidgetElementMixin.mount (package:nested/nested.dart:222:11)
...     Normal element mounting (7 frames)
#31     SingleChildWidgetElementMixin.mount (package:nested/nested.dart:222:11)
...     Normal element mounting (15 frames)
#46     _InheritedProviderScopeElement.mount (package:provider/src/inherited_provider.dart:424:11)
...     Normal element mounting (7 frames)
#53     SingleChildWidgetElementMixin.mount (package:nested/nested.dart:222:11)
...     Normal element mounting (260 frames)
#313    Element.inflateWidget (package:flutter/src/widgets/framework.dart:4590:20)
#314    MultiChildRenderObjectElement.inflateWidget
(package:flutter/src/widgets/framework.dart:7269:36)
#315    MultiChildRenderObjectElement.mount (package:flutter/src/widgets/framework.dart:7285:32)
...     Normal element mounting (465 frames)
#780    Element.inflateWidget (package:flutter/src/widgets/framework.dart:4590:20)
#781    Element.updateChild (package:flutter/src/widgets/framework.dart:4053:20)
#782    ComponentElement.performRebuild (package:flutter/src/widgets/framework.dart:5844:16)
#783    Element.rebuild (package:flutter/src/widgets/framework.dart:5532:7)
#784    ProxyElement.update (package:flutter/src/widgets/framework.dart:6152:5)
#785    _InheritedNotifierElement.update
(package:flutter/src/widgets/inherited_notifier.dart:108:11)
#786    Element.updateChild (package:flutter/src/widgets/framework.dart:4037:15)
#787    ComponentElement.performRebuild (package:flutter/src/widgets/framework.dart:5844:16)
#788    StatefulElement.performRebuild (package:flutter/src/widgets/framework.dart:5985:11)
#789    Element.rebuild (package:flutter/src/widgets/framework.dart:5532:7)
#790    StatefulElement.update (package:flutter/src/widgets/framework.dart:6010:5)
#791    Element.updateChild (package:flutter/src/widgets/framework.dart:4037:15)
#792    ComponentElement.performRebuild (package:flutter/src/widgets/framework.dart:5844:16)
#793    Element.rebuild (package:flutter/src/widgets/framework.dart:5532:7)
#794    ProxyElement.update (package:flutter/src/widgets/framework.dart:6152:5)
#795    _InheritedNotifierElement.update
(package:flutter/src/widgets/inherited_notifier.dart:108:11)
#796    Element.updateChild (package:flutter/src/widgets/framework.dart:4037:15)
#797    ComponentElement.performRebuild (package:flutter/src/widgets/framework.dart:5844:16)
#798    StatefulElement.performRebuild (package:flutter/src/widgets/framework.dart:5985:11)
#799    Element.rebuild (package:flutter/src/widgets/framework.dart:5532:7)
#800    StatefulElement.update (package:flutter/src/widgets/framework.dart:6010:5)
#801    Element.updateChild (package:flutter/src/widgets/framework.dart:4037:15)
#802    ComponentElement.performRebuild (package:flutter/src/widgets/framework.dart:5844:16)
#803    StatefulElement.performRebuild (package:flutter/src/widgets/framework.dart:5985:11)
#804    Element.rebuild (package:flutter/src/widgets/framework.dart:5532:7)
#805    StatefulElement.update (package:flutter/src/widgets/framework.dart:6010:5)
#806    Element.updateChild (package:flutter/src/widgets/framework.dart:4037:15)
#807    ComponentElement.performRebuild (package:flutter/src/widgets/framework.dart:5844:16)
#808    Element.rebuild (package:flutter/src/widgets/framework.dart:5532:7)
#809    ProxyElement.update (package:flutter/src/widgets/framework.dart:6152:5)
#810    Element.updateChild (package:flutter/src/widgets/framework.dart:4037:15)
#811    ComponentElement.performRebuild (package:flutter/src/widgets/framework.dart:5844:16)
#812    StatefulElement.performRebuild (package:flutter/src/widgets/framework.dart:5985:11)
#813    Element.rebuild (package:flutter/src/widgets/framework.dart:5532:7)
#814    StatefulElement.update (package:flutter/src/widgets/framework.dart:6010:5)
#815    Element.updateChild (package:flutter/src/widgets/framework.dart:4037:15)
#816    ComponentElement.performRebuild (package:flutter/src/widgets/framework.dart:5844:16)
#817    Element.rebuild (package:flutter/src/widgets/framework.dart:5532:7)
#818    ProxyElement.update (package:flutter/src/widgets/framework.dart:6152:5)
#819    Element.updateChild (package:flutter/src/widgets/framework.dart:4037:15)
#820    ComponentElement.performRebuild (package:flutter/src/widgets/framework.dart:5844:16)
#821    Element.rebuild (package:flutter/src/widgets/framework.dart:5532:7)
#822    ProxyElement.update (package:flutter/src/widgets/framework.dart:6152:5)
#823    Element.updateChild (package:flutter/src/widgets/framework.dart:4037:15)
#824    _RawViewElement._updateChild (package:flutter/src/widgets/view.dart:481:16)
#825    _RawViewElement.update (package:flutter/src/widgets/view.dart:568:5)
#826    Element.updateChild (package:flutter/src/widgets/framework.dart:4037:15)
#827    ComponentElement.performRebuild (package:flutter/src/widgets/framework.dart:5844:16)
#828    Element.rebuild (package:flutter/src/widgets/framework.dart:5532:7)
#829    StatelessElement.update (package:flutter/src/widgets/framework.dart:5898:5)
#830    Element.updateChild (package:flutter/src/widgets/framework.dart:4037:15)
#831    ComponentElement.performRebuild (package:flutter/src/widgets/framework.dart:5844:16)
#832    StatefulElement.performRebuild (package:flutter/src/widgets/framework.dart:5985:11)
#833    Element.rebuild (package:flutter/src/widgets/framework.dart:5532:7)
#834    StatefulElement.update (package:flutter/src/widgets/framework.dart:6010:5)
#835    Element.updateChild (package:flutter/src/widgets/framework.dart:4037:15)
#836    RootElement._rebuild (package:flutter/src/widgets/binding.dart:1782:16)
#837    RootElement.update (package:flutter/src/widgets/binding.dart:1760:5)
#838    RootElement.performRebuild (package:flutter/src/widgets/binding.dart:1774:7)
#839    Element.rebuild (package:flutter/src/widgets/framework.dart:5532:7)
#840    BuildScope._tryRebuild (package:flutter/src/widgets/framework.dart:2750:15)
#841    BuildScope._flushDirtyElements (package:flutter/src/widgets/framework.dart:2807:11)
#842    BuildOwner.buildScope (package:flutter/src/widgets/framework.dart:3111:18)
#843    AutomatedTestWidgetsFlutterBinding.drawFrame (package:flutter_test/src/binding.dart:1506:19)
#844    RendererBinding._handlePersistentFrameCallback
(package:flutter/src/rendering/binding.dart:495:5)
#845    SchedulerBinding._invokeFrameCallback (package:flutter/src/scheduler/binding.dart:1434:15)
#846    SchedulerBinding.handleDrawFrame (package:flutter/src/scheduler/binding.dart:1347:9)
#847    AutomatedTestWidgetsFlutterBinding.pump.<anonymous closure>
(package:flutter_test/src/binding.dart:1335:9)
#850    TestAsyncUtils.guard (package:flutter_test/src/test_async_utils.dart:74:41)
#851    AutomatedTestWidgetsFlutterBinding.pump (package:flutter_test/src/binding.dart:1324:27)
#852    WidgetTester.pumpWidget.<anonymous closure>
(package:flutter_test/src/widget_tester.dart:598:22)
#855    TestAsyncUtils.guard (package:flutter_test/src/test_async_utils.dart:74:41)
#856    WidgetTester.pumpWidget (package:flutter_test/src/widget_tester.dart:595:27)
#857    pumpTasklyApp
(file:///C:/Users/User/FlutterProjects/taskly_bloc/test/helpers/pump_app.dart:43:16)
#858    WidgetPumpExtensions.pumpApp
(file:///C:/Users/User/FlutterProjects/taskly_bloc/test/helpers/widget_test_helpers.dart:70:11)
#859    main.pumpPage
(file:///C:/Users/User/FlutterProjects/taskly_bloc/test/presentation/features/journal/journal_today_page_widget_test.dart:74:18)
#860    main.<anonymous closure>
(file:///C:/Users/User/FlutterProjects/taskly_bloc/test/presentation/features/journal/journal_today_page_widget_test.dart:111:11)
#861    testWidgetsSafe.<anonymous closure>
(file:///C:/Users/User/FlutterProjects/taskly_bloc/test/helpers/test_helpers.dart:71:23)
#862    testWidgets.<anonymous closure>.<anonymous closure>
(package:flutter_test/src/widget_tester.dart:192:29)
<asynchronous suspension>
#863    TestWidgetsFlutterBinding._runTestBody (package:flutter_test/src/binding.dart:1059:5)
<asynchronous suspension>
<asynchronous suspension>
(elided 5 frames from dart:async and package:stack_trace)
═════════════════════════════════════════════════════════════════

When the exception was thrown, this was the stack:
#0      _CreateInheritedProviderState.value (package:provider/src/inherited_provider.dart:722:7)
#1      _CreateInheritedProviderState.debugFillProperties (package:provider/src/inherited_provider.dart:819:44)
#2      _InheritedProviderScopeElement.debugFillProperties (package:provider/src/inherited_provider.dart:644:20)
#3      DiagnosticableNode.builder.<anonymous closure> (package:flutter/src/foundation/diagnostics.dart:2924:17)
#4      DiagnosticableNode.builder (package:flutter/src/foundation/diagnostics.dart:2927:8)
#5      DiagnosticableNode.getProperties (package:flutter/src/foundation/diagnostics.dart:2945:68)
#6      TextTreeRenderer._debugRender (package:flutter/src/foundation/diagnostics.dart:1270:63)
#7      TextTreeRenderer.render (package:flutter/src/foundation/diagnostics.dart:1137:14)
#8      DiagnosticsNode.toStringDeep.<anonymous closure> (package:flutter/src/foundation/diagnostics.dart:1820:75)
#9      DiagnosticsNode.toStringDeep (package:flutter/src/foundation/diagnostics.dart:1827:6)
#10     DiagnosticsNode.toString.<anonymous closure> (package:flutter/src/foundation/diagnostics.dart:1747:18)
#11     DiagnosticsNode.toString (package:flutter/src/foundation/diagnostics.dart:1760:6)
#12     Diagnosticable.toString.<anonymous closure> (package:flutter/src/foundation/diagnostics.dart:3104:9)
#13     Diagnosticable.toString (package:flutter/src/foundation/diagnostics.dart:3106:6)
#14     _StringBase._interpolate (dart:core-patch/string_patch.dart:906:19)
#15     ComponentElement.performRebuild (package:flutter/src/widgets/framework.dart:5849:44)
#16     Element.rebuild (package:flutter/src/widgets/framework.dart:5532:7)
#17     ComponentElement._firstBuild (package:flutter/src/widgets/framework.dart:5802:5)
#18     ComponentElement.mount (package:flutter/src/widgets/framework.dart:5796:5)
#19     _InheritedProviderScopeElement.mount (package:provider/src/inherited_provider.dart:424:11)
...     Normal element mounting (7 frames)
#26     SingleChildWidgetElementMixin.mount (package:nested/nested.dart:222:11)
...     Normal element mounting (7 frames)
#33     SingleChildWidgetElementMixin.mount (package:nested/nested.dart:222:11)
...     Normal element mounting (15 frames)
#48     _InheritedProviderScopeElement.mount (package:provider/src/inherited_provider.dart:424:11)
...     Normal element mounting (7 frames)
#55     SingleChildWidgetElementMixin.mount (package:nested/nested.dart:222:11)
...     Normal element mounting (260 frames)
#315    Element.inflateWidget (package:flutter/src/widgets/framework.dart:4590:20)
#316    MultiChildRenderObjectElement.inflateWidget (package:flutter/src/widgets/framework.dart:7269:36)
#317    MultiChildRenderObjectElement.mount (package:flutter/src/widgets/framework.dart:7285:32)
...     Normal element mounting (465 frames)
#782    Element.inflateWidget (package:flutter/src/widgets/framework.dart:4590:20)
#783    Element.updateChild (package:flutter/src/widgets/framework.dart:4053:20)
#784    ComponentElement.performRebuild (package:flutter/src/widgets/framework.dart:5844:16)
#785    Element.rebuild (package:flutter/src/widgets/framework.dart:5532:7)
#786    ProxyElement.update (package:flutter/src/widgets/framework.dart:6152:5)
#787    _InheritedNotifierElement.update (package:flutter/src/widgets/inherited_notifier.dart:108:11)
#788    Element.updateChild (package:flutter/src/widgets/framework.dart:4037:15)
#789    ComponentElement.performRebuild (package:flutter/src/widgets/framework.dart:5844:16)
#790    StatefulElement.performRebuild (package:flutter/src/widgets/framework.dart:5985:11)
#791    Element.rebuild (package:flutter/src/widgets/framework.dart:5532:7)
#792    StatefulElement.update (package:flutter/src/widgets/framework.dart:6010:5)
#793    Element.updateChild (package:flutter/src/widgets/framework.dart:4037:15)
#794    ComponentElement.performRebuild (package:flutter/src/widgets/framework.dart:5844:16)
#795    Element.rebuild (package:flutter/src/widgets/framework.dart:5532:7)
#796    ProxyElement.update (package:flutter/src/widgets/framework.dart:6152:5)
#797    _InheritedNotifierElement.update (package:flutter/src/widgets/inherited_notifier.dart:108:11)
#798    Element.updateChild (package:flutter/src/widgets/framework.dart:4037:15)
#799    ComponentElement.performRebuild (package:flutter/src/widgets/framework.dart:5844:16)
#800    StatefulElement.performRebuild (package:flutter/src/widgets/framework.dart:5985:11)
#801    Element.rebuild (package:flutter/src/widgets/framework.dart:5532:7)
#802    StatefulElement.update (package:flutter/src/widgets/framework.dart:6010:5)
#803    Element.updateChild (package:flutter/src/widgets/framework.dart:4037:15)
#804    ComponentElement.performRebuild (package:flutter/src/widgets/framework.dart:5844:16)
#805    StatefulElement.performRebuild (package:flutter/src/widgets/framework.dart:5985:11)
#806    Element.rebuild (package:flutter/src/widgets/framework.dart:5532:7)
#807    StatefulElement.update (package:flutter/src/widgets/framework.dart:6010:5)
#808    Element.updateChild (package:flutter/src/widgets/framework.dart:4037:15)
#809    ComponentElement.performRebuild (package:flutter/src/widgets/framework.dart:5844:16)
#810    Element.rebuild (package:flutter/src/widgets/framework.dart:5532:7)
#811    ProxyElement.update (package:flutter/src/widgets/framework.dart:6152:5)
#812    Element.updateChild (package:flutter/src/widgets/framework.dart:4037:15)
#813    ComponentElement.performRebuild (package:flutter/src/widgets/framework.dart:5844:16)
#814    StatefulElement.performRebuild (package:flutter/src/widgets/framework.dart:5985:11)
#815    Element.rebuild (package:flutter/src/widgets/framework.dart:5532:7)
#816    StatefulElement.update (package:flutter/src/widgets/framework.dart:6010:5)
#817    Element.updateChild (package:flutter/src/widgets/framework.dart:4037:15)
#818    ComponentElement.performRebuild (package:flutter/src/widgets/framework.dart:5844:16)
#819    Element.rebuild (package:flutter/src/widgets/framework.dart:5532:7)
#820    ProxyElement.update (package:flutter/src/widgets/framework.dart:6152:5)
#821    Element.updateChild (package:flutter/src/widgets/framework.dart:4037:15)
#822    ComponentElement.performRebuild (package:flutter/src/widgets/framework.dart:5844:16)
#823    Element.rebuild (package:flutter/src/widgets/framework.dart:5532:7)
#824    ProxyElement.update (package:flutter/src/widgets/framework.dart:6152:5)
#825    Element.updateChild (package:flutter/src/widgets/framework.dart:4037:15)
#826    _RawViewElement._updateChild (package:flutter/src/widgets/view.dart:481:16)
#827    _RawViewElement.update (package:flutter/src/widgets/view.dart:568:5)
#828    Element.updateChild (package:flutter/src/widgets/framework.dart:4037:15)
#829    ComponentElement.performRebuild (package:flutter/src/widgets/framework.dart:5844:16)
#830    Element.rebuild (package:flutter/src/widgets/framework.dart:5532:7)
#831    StatelessElement.update (package:flutter/src/widgets/framework.dart:5898:5)
#832    Element.updateChild (package:flutter/src/widgets/framework.dart:4037:15)
#833    ComponentElement.performRebuild (package:flutter/src/widgets/framework.dart:5844:16)
#834    StatefulElement.performRebuild (package:flutter/src/widgets/framework.dart:5985:11)
#835    Element.rebuild (package:flutter/src/widgets/framework.dart:5532:7)
#836    StatefulElement.update (package:flutter/src/widgets/framework.dart:6010:5)
#837    Element.updateChild (package:flutter/src/widgets/framework.dart:4037:15)
#838    RootElement._rebuild (package:flutter/src/widgets/binding.dart:1782:16)
#839    RootElement.update (package:flutter/src/widgets/binding.dart:1760:5)
#840    RootElement.performRebuild (package:flutter/src/widgets/binding.dart:1774:7)
#841    Element.rebuild (package:flutter/src/widgets/framework.dart:5532:7)
#842    BuildScope._tryRebuild (package:flutter/src/widgets/framework.dart:2750:15)
#843    BuildScope._flushDirtyElements (package:flutter/src/widgets/framework.dart:2807:11)
#844    BuildOwner.buildScope (package:flutter/src/widgets/framework.dart:3111:18)
#845    AutomatedTestWidgetsFlutterBinding.drawFrame (package:flutter_test/src/binding.dart:1506:19)
#846    RendererBinding._handlePersistentFrameCallback (package:flutter/src/rendering/binding.dart:495:5)
#847    SchedulerBinding._invokeFrameCallback (package:flutter/src/scheduler/binding.dart:1434:15)
#848    SchedulerBinding.handleDrawFrame (package:flutter/src/scheduler/binding.dart:1347:9)
#849    AutomatedTestWidgetsFlutterBinding.pump.<anonymous closure> (package:flutter_test/src/binding.dart:1335:9)
#852    TestAsyncUtils.guard (package:flutter_test/src/test_async_utils.dart:74:41)
#853    AutomatedTestWidgetsFlutterBinding.pump (package:flutter_test/src/binding.dart:1324:27)
#854    WidgetTester.pumpWidget.<anonymous closure> (package:flutter_test/src/widget_tester.dart:598:22)
#857    TestAsyncUtils.guard (package:flutter_test/src/test_async_utils.dart:74:41)
#858    WidgetTester.pumpWidget (package:flutter_test/src/widget_tester.dart:595:27)
#859    pumpTasklyApp (file:///C:/Users/User/FlutterProjects/taskly_bloc/test/helpers/pump_app.dart:43:16)
#860    WidgetPumpExtensions.pumpApp (file:///C:/Users/User/FlutterProjects/taskly_bloc/test/helpers/widget_test_helpers.dart:70:11)
#861    main.pumpPage (file:///C:/Users/User/FlutterProjects/taskly_bloc/test/presentation/features/journal/journal_today_page_widget_test.dart:74:18)
#862    main.<anonymous closure> (file:///C:/Users/User/FlutterProjects/taskly_bloc/test/presentation/features/journal/journal_today_page_widget_test.dart:111:11)
#863    testWidgetsSafe.<anonymous closure> (file:///C:/Users/User/FlutterProjects/taskly_bloc/test/helpers/test_helpers.dart:71:23)
#864    testWidgets.<anonymous closure>.<anonymous closure> (package:flutter_test/src/widget_tester.dart:192:29)
<asynchronous suspension>
#865    TestWidgetsFlutterBinding._runTestBody (package:flutter_test/src/binding.dart:1059:5)
<asynchronous suspension>
<asynchronous suspension>
(elided 5 frames from dart:async and package:stack_trace)

════════════════════════════════════════════════════════════════════════════════════════════════════
══╡ EXCEPTION CAUGHT BY FLUTTER TEST FRAMEWORK ╞════════════════════════════════════════════════════
The following TestFailure was thrown running a test:
Expected: exactly one matching candidate
  Actual: _TextWidgetFinder:<Found 0 widgets with text "Daily summary": []>
   Which: means none were found but one was expected

When the exception was thrown, this was the stack:
#4      main.<anonymous closure> (file:///C:/Users/User/FlutterProjects/taskly_bloc/test/presentation/features/journal/journal_today_page_widget_test.dart:114:5)
<asynchronous suspension>
<asynchronous suspension>
#6      testWidgetsSafe.<anonymous closure> (file:///C:/Users/User/FlutterProjects/taskly_bloc/test/helpers/test_helpers.dart:71:9)
<asynchronous suspension>
#7      testWidgets.<anonymous closure>.<anonymous closure> (package:flutter_test/src/widget_tester.dart:192:15)
<asynchronous suspension>
#8      TestWidgetsFlutterBinding._runTestBody (package:flutter_test/src/binding.dart:1059:5)
<asynchronous suspension>
<asynchronous suspension>
(elided 2 frames from dart:async and package:stack_trace)

This was caught by the test expectation on the following line:
  file:///C:/Users/User/FlutterProjects/taskly_bloc/test/presentation/features/journal/journal_today_page_widget_test.dart line 114
The test description was:
  renders journal entries when loaded
════════════════════════════════════════════════════════════════════════════════════════════════════
══╡ EXCEPTION CAUGHT BY FLUTTER TEST FRAMEWORK ╞════════════════════════════════════════════════════
The following message was thrown:
Multiple exceptions (2) were detected during the running of the current test, and at least one was
unexpected.
════════════════════════════════════════════════════════════════════════════════════════════════════
01:06 +180 -16: C:/Users/User/FlutterProjects/taskly_bloc/test/presentation/features/journal/journal_today_page_widget_test.dart: renders journal entries when loaded [E]
  Test failed. See exception logs above.
  The test description was: renders journal entries when loaded
  
══╡ EXCEPTION CAUGHT BY WIDGET INSPECTOR ╞══════════════════════════════════════════════════════════
The following assertion was thrown:
Looking up a deactivated widget's ancestor is unsafe.
At this point the state of the widget's element tree is no longer stable.
To safely refer to a widget's ancestor in its dispose() method, save a reference to the ancestor by
calling dependOnInheritedWidgetOfExactType() in the widget's didChangeDependencies() method.

When the exception was thrown, this was the stack:
#0      Element._debugCheckStateIsActiveForAncestorLookup.<anonymous closure> (package:flutter/src/widgets/framework.dart:5052:9)
#1      Element._debugCheckStateIsActiveForAncestorLookup (package:flutter/src/widgets/framework.dart:5066:6)
#2      Element.visitAncestorElements (package:flutter/src/widgets/framework.dart:5177:12)
#3      _describeRelevantUserCode (package:flutter/src/widgets/widget_inspector.dart:4244:13)
#4      _parseDiagnosticsNode (package:flutter/src/widgets/widget_inspector.dart:4163:12)
#5      debugTransformDebugCreator (package:flutter/src/widgets/widget_inspector.dart:4142:21)
#6      _FlutterErrorDetailsNode.builder (package:flutter/src/foundation/assertions.dart:1310:31)
#7      DiagnosticableNode.emptyBodyDescription (package:flutter/src/foundation/diagnostics.dart:2941:45)
#8      TextTreeRenderer._debugRender (package:flutter/src/foundation/diagnostics.dart:1307:14)
#9      TextTreeRenderer.render (package:flutter/src/foundation/diagnostics.dart:1137:14)
#10     FlutterError.dumpErrorToConsole (package:flutter/src/foundation/assertions.dart:1040:13)
#11     TestWidgetsFlutterBinding._runTest.<anonymous closure> (package:flutter_test/src/binding.dart:886:24)
#12     FlutterError.reportError (package:flutter/src/foundation/assertions.dart:1203:14)
#13     TestWidgetsFlutterBinding._runTest.handleUncaughtError (package:flutter_test/src/binding.dart:985:20)
#14     TestWidgetsFlutterBinding._runTest.<anonymous closure> (package:flutter_test/src/binding.dart:1027:13)
<asynchronous suspension>
(elided 5 frames from dart:async)

This exception was caught while trying to describe the user-relevant code of another error.
════════════════════════════════════════════════════════════════════════════════════════════════════
01:06 +180 -16: C:/Users/User/FlutterProjects/taskly_bloc/test/presentation/features/journal/journal_today_page_widget_test.dart: updates list when entries change
══╡ EXCEPTION CAUGHT BY WIDGETS LIBRARY ╞═══════════════════════════════════════════════════════════
The following StateError was thrown building InheritedProvider<JournalTodayBloc>:
Bad state: Tried to read a provider that threw during the creation of its value.
The exception occurred during the creation of type JournalTodayBloc.

══╡ EXCEPTION CAUGHT BY PROVIDER ╞═══════════════════════════════
The following ProviderNotFoundException was thrown:
Error: Could not find the correct
Provider<JournalRepositoryContract> above this
_InheritedProviderScope<JournalTodayBloc?> Widget

This happens because you used a `BuildContext` that does not
include the provider
of your choice. There are a few common scenarios:

- You added a new provider in your `main.dart` and performed a
hot-reload.
  To fix, perform a hot-restart.

- The provider you are trying to read is in a different route.

  Providers are "scoped". So if you insert of provider inside a
route, then
  other routes will not be able to access that provider.

- You used a `BuildContext` that is an ancestor of the provider
you are trying to read.

  Make sure that _InheritedProviderScope<JournalTodayBloc?> is
under your MultiProvider/Provider<JournalRepositoryContract>.
  This usually happens when you are creating a provider and
trying to read it immediately.

  For example, instead of:

  ```
  Widget build(BuildContext context) {
    return Provider<Example>(
      create: (_) => Example(),
      // Will throw a ProviderNotFoundError, because `context` is
associated
      // to the widget that is the parent of `Provider<Example>`
      child: Text(context.watch<Example>().toString()),
    );
  }
  ```

  consider using `builder` like so:

  ```
  Widget build(BuildContext context) {
    return Provider<Example>(
      create: (_) => Example(),
      // we use `builder` to obtain a new `BuildContext` that has
access to the provider
      builder: (context, child) {
        // No longer throws
        return Text(context.watch<Example>().toString());
      }
    );
  }
  ```

If none of these solutions work, consider asking for help on
StackOverflow:
https://stackoverflow.com/questions/tagged/flutter

When the exception was thrown, this was the stack:
#0      Provider._inheritedElementOf (package:provider/src/provider.dart:377:7)
#1      Provider.of (package:provider/src/provider.dart:327:30)
#2      ReadContext.read (package:provider/src/provider.dart:683:21)
#3      _JournalTodayPageState.build.<anonymous closure>
(package:taskly_bloc/presentation/features/journal/view/journal_today_page.dart:32:29)
#4      _CreateInheritedProviderState.value (package:provider/src/inherited_provider.dart:749:36)
#5      _InheritedProviderScopeElement.value (package:provider/src/inherited_provider.dart:603:33)
#6      Provider.of (package:provider/src/provider.dart:337:37)
#7      ReadContext.read (package:provider/src/provider.dart:683:21)
#8      _BlocBuilderBaseState.initState (package:flutter_bloc/src/bloc_builder.dart:152:36)
#9      StatefulElement._firstBuild (package:flutter/src/widgets/framework.dart:5953:55)
#10     ComponentElement.mount (package:flutter/src/widgets/framework.dart:5796:5)
...     Normal element mounting (7 frames)
#17     _InheritedProviderScopeElement.mount (package:provider/src/inherited_provider.dart:424:11)
...     Normal element mounting (7 frames)
#24     SingleChildWidgetElementMixin.mount (package:nested/nested.dart:222:11)
...     Normal element mounting (7 frames)
#31     SingleChildWidgetElementMixin.mount (package:nested/nested.dart:222:11)
...     Normal element mounting (15 frames)
#46     _InheritedProviderScopeElement.mount (package:provider/src/inherited_provider.dart:424:11)
...     Normal element mounting (7 frames)
#53     SingleChildWidgetElementMixin.mount (package:nested/nested.dart:222:11)
...     Normal element mounting (260 frames)
#313    Element.inflateWidget (package:flutter/src/widgets/framework.dart:4590:20)
#314    MultiChildRenderObjectElement.inflateWidget
(package:flutter/src/widgets/framework.dart:7269:36)
#315    MultiChildRenderObjectElement.mount (package:flutter/src/widgets/framework.dart:7285:32)
...     Normal element mounting (465 frames)
#780    Element.inflateWidget (package:flutter/src/widgets/framework.dart:4590:20)
#781    Element.updateChild (package:flutter/src/widgets/framework.dart:4053:20)
#782    ComponentElement.performRebuild (package:flutter/src/widgets/framework.dart:5844:16)
#783    Element.rebuild (package:flutter/src/widgets/framework.dart:5532:7)
#784    ProxyElement.update (package:flutter/src/widgets/framework.dart:6152:5)
#785    _InheritedNotifierElement.update
(package:flutter/src/widgets/inherited_notifier.dart:108:11)
#786    Element.updateChild (package:flutter/src/widgets/framework.dart:4037:15)
#787    ComponentElement.performRebuild (package:flutter/src/widgets/framework.dart:5844:16)
#788    StatefulElement.performRebuild (package:flutter/src/widgets/framework.dart:5985:11)
#789    Element.rebuild (package:flutter/src/widgets/framework.dart:5532:7)
#790    StatefulElement.update (package:flutter/src/widgets/framework.dart:6010:5)
#791    Element.updateChild (package:flutter/src/widgets/framework.dart:4037:15)
#792    ComponentElement.performRebuild (package:flutter/src/widgets/framework.dart:5844:16)
#793    Element.rebuild (package:flutter/src/widgets/framework.dart:5532:7)
#794    ProxyElement.update (package:flutter/src/widgets/framework.dart:6152:5)
#795    _InheritedNotifierElement.update
(package:flutter/src/widgets/inherited_notifier.dart:108:11)
#796    Element.updateChild (package:flutter/src/widgets/framework.dart:4037:15)
#797    ComponentElement.performRebuild (package:flutter/src/widgets/framework.dart:5844:16)
#798    StatefulElement.performRebuild (package:flutter/src/widgets/framework.dart:5985:11)
#799    Element.rebuild (package:flutter/src/widgets/framework.dart:5532:7)
#800    StatefulElement.update (package:flutter/src/widgets/framework.dart:6010:5)
#801    Element.updateChild (package:flutter/src/widgets/framework.dart:4037:15)
#802    ComponentElement.performRebuild (package:flutter/src/widgets/framework.dart:5844:16)
#803    StatefulElement.performRebuild (package:flutter/src/widgets/framework.dart:5985:11)
#804    Element.rebuild (package:flutter/src/widgets/framework.dart:5532:7)
#805    StatefulElement.update (package:flutter/src/widgets/framework.dart:6010:5)
#806    Element.updateChild (package:flutter/src/widgets/framework.dart:4037:15)
#807    ComponentElement.performRebuild (package:flutter/src/widgets/framework.dart:5844:16)
#808    Element.rebuild (package:flutter/src/widgets/framework.dart:5532:7)
#809    ProxyElement.update (package:flutter/src/widgets/framework.dart:6152:5)
#810    Element.updateChild (package:flutter/src/widgets/framework.dart:4037:15)
#811    ComponentElement.performRebuild (package:flutter/src/widgets/framework.dart:5844:16)
#812    StatefulElement.performRebuild (package:flutter/src/widgets/framework.dart:5985:11)
#813    Element.rebuild (package:flutter/src/widgets/framework.dart:5532:7)
#814    StatefulElement.update (package:flutter/src/widgets/framework.dart:6010:5)
#815    Element.updateChild (package:flutter/src/widgets/framework.dart:4037:15)
#816    ComponentElement.performRebuild (package:flutter/src/widgets/framework.dart:5844:16)
#817    Element.rebuild (package:flutter/src/widgets/framework.dart:5532:7)
#818    ProxyElement.update (package:flutter/src/widgets/framework.dart:6152:5)
#819    Element.updateChild (package:flutter/src/widgets/framework.dart:4037:15)
#820    ComponentElement.performRebuild (package:flutter/src/widgets/framework.dart:5844:16)
#821    Element.rebuild (package:flutter/src/widgets/framework.dart:5532:7)
#822    ProxyElement.update (package:flutter/src/widgets/framework.dart:6152:5)
#823    Element.updateChild (package:flutter/src/widgets/framework.dart:4037:15)
#824    _RawViewElement._updateChild (package:flutter/src/widgets/view.dart:481:16)
#825    _RawViewElement.update (package:flutter/src/widgets/view.dart:568:5)
#826    Element.updateChild (package:flutter/src/widgets/framework.dart:4037:15)
#827    ComponentElement.performRebuild (package:flutter/src/widgets/framework.dart:5844:16)
#828    Element.rebuild (package:flutter/src/widgets/framework.dart:5532:7)
#829    StatelessElement.update (package:flutter/src/widgets/framework.dart:5898:5)
#830    Element.updateChild (package:flutter/src/widgets/framework.dart:4037:15)
#831    ComponentElement.performRebuild (package:flutter/src/widgets/framework.dart:5844:16)
#832    StatefulElement.performRebuild (package:flutter/src/widgets/framework.dart:5985:11)
#833    Element.rebuild (package:flutter/src/widgets/framework.dart:5532:7)
#834    StatefulElement.update (package:flutter/src/widgets/framework.dart:6010:5)
#835    Element.updateChild (package:flutter/src/widgets/framework.dart:4037:15)
#836    RootElement._rebuild (package:flutter/src/widgets/binding.dart:1782:16)
#837    RootElement.update (package:flutter/src/widgets/binding.dart:1760:5)
#838    RootElement.performRebuild (package:flutter/src/widgets/binding.dart:1774:7)
#839    Element.rebuild (package:flutter/src/widgets/framework.dart:5532:7)
#840    BuildScope._tryRebuild (package:flutter/src/widgets/framework.dart:2750:15)
#841    BuildScope._flushDirtyElements (package:flutter/src/widgets/framework.dart:2807:11)
#842    BuildOwner.buildScope (package:flutter/src/widgets/framework.dart:3111:18)
#843    AutomatedTestWidgetsFlutterBinding.drawFrame (package:flutter_test/src/binding.dart:1506:19)
#844    RendererBinding._handlePersistentFrameCallback
(package:flutter/src/rendering/binding.dart:495:5)
#845    SchedulerBinding._invokeFrameCallback (package:flutter/src/scheduler/binding.dart:1434:15)
#846    SchedulerBinding.handleDrawFrame (package:flutter/src/scheduler/binding.dart:1347:9)
#847    AutomatedTestWidgetsFlutterBinding.pump.<anonymous closure>
(package:flutter_test/src/binding.dart:1335:9)
#850    TestAsyncUtils.guard (package:flutter_test/src/test_async_utils.dart:74:41)
#851    AutomatedTestWidgetsFlutterBinding.pump (package:flutter_test/src/binding.dart:1324:27)
#852    WidgetTester.pumpWidget.<anonymous closure>
(package:flutter_test/src/widget_tester.dart:598:22)
#855    TestAsyncUtils.guard (package:flutter_test/src/test_async_utils.dart:74:41)
#856    WidgetTester.pumpWidget (package:flutter_test/src/widget_tester.dart:595:27)
#857    pumpTasklyApp
(file:///C:/Users/User/FlutterProjects/taskly_bloc/test/helpers/pump_app.dart:43:16)
#858    WidgetPumpExtensions.pumpApp
(file:///C:/Users/User/FlutterProjects/taskly_bloc/test/helpers/widget_test_helpers.dart:70:11)
#859    main.pumpPage
(file:///C:/Users/User/FlutterProjects/taskly_bloc/test/presentation/features/journal/journal_today_page_widget_test.dart:74:18)
#860    main.<anonymous closure>
(file:///C:/Users/User/FlutterProjects/taskly_bloc/test/presentation/features/journal/journal_today_page_widget_test.dart:133:11)
#861    testWidgetsSafe.<anonymous closure>
(file:///C:/Users/User/FlutterProjects/taskly_bloc/test/helpers/test_helpers.dart:71:23)
#862    testWidgets.<anonymous closure>.<anonymous closure>
(package:flutter_test/src/widget_tester.dart:192:29)
<asynchronous suspension>
#863    TestWidgetsFlutterBinding._runTestBody (package:flutter_test/src/binding.dart:1059:5)
<asynchronous suspension>
<asynchronous suspension>
(elided 5 frames from dart:async and package:stack_trace)
═════════════════════════════════════════════════════════════════

When the exception was thrown, this was the stack:
#0      _CreateInheritedProviderState.value (package:provider/src/inherited_provider.dart:722:7)
#1      _CreateInheritedProviderState.debugFillProperties (package:provider/src/inherited_provider.dart:819:44)
#2      _InheritedProviderScopeElement.debugFillProperties (package:provider/src/inherited_provider.dart:644:20)
#3      DiagnosticableNode.builder.<anonymous closure> (package:flutter/src/foundation/diagnostics.dart:2924:17)
#4      DiagnosticableNode.builder (package:flutter/src/foundation/diagnostics.dart:2927:8)
#5      DiagnosticableNode.getProperties (package:flutter/src/foundation/diagnostics.dart:2945:68)
#6      TextTreeRenderer._debugRender (package:flutter/src/foundation/diagnostics.dart:1270:63)
#7      TextTreeRenderer.render (package:flutter/src/foundation/diagnostics.dart:1137:14)
#8      DiagnosticsNode.toStringDeep.<anonymous closure> (package:flutter/src/foundation/diagnostics.dart:1820:75)
#9      DiagnosticsNode.toStringDeep (package:flutter/src/foundation/diagnostics.dart:1827:6)
#10     DiagnosticsNode.toString.<anonymous closure> (package:flutter/src/foundation/diagnostics.dart:1747:18)
#11     DiagnosticsNode.toString (package:flutter/src/foundation/diagnostics.dart:1760:6)
#12     Diagnosticable.toString.<anonymous closure> (package:flutter/src/foundation/diagnostics.dart:3104:9)
#13     Diagnosticable.toString (package:flutter/src/foundation/diagnostics.dart:3106:6)
#14     _StringBase._interpolate (dart:core-patch/string_patch.dart:906:19)
#15     ComponentElement.performRebuild (package:flutter/src/widgets/framework.dart:5849:44)
#16     Element.rebuild (package:flutter/src/widgets/framework.dart:5532:7)
#17     ComponentElement._firstBuild (package:flutter/src/widgets/framework.dart:5802:5)
#18     ComponentElement.mount (package:flutter/src/widgets/framework.dart:5796:5)
#19     _InheritedProviderScopeElement.mount (package:provider/src/inherited_provider.dart:424:11)
...     Normal element mounting (7 frames)
#26     SingleChildWidgetElementMixin.mount (package:nested/nested.dart:222:11)
...     Normal element mounting (7 frames)
#33     SingleChildWidgetElementMixin.mount (package:nested/nested.dart:222:11)
...     Normal element mounting (15 frames)
#48     _InheritedProviderScopeElement.mount (package:provider/src/inherited_provider.dart:424:11)
...     Normal element mounting (7 frames)
#55     SingleChildWidgetElementMixin.mount (package:nested/nested.dart:222:11)
...     Normal element mounting (260 frames)
#315    Element.inflateWidget (package:flutter/src/widgets/framework.dart:4590:20)
#316    MultiChildRenderObjectElement.inflateWidget (package:flutter/src/widgets/framework.dart:7269:36)
#317    MultiChildRenderObjectElement.mount (package:flutter/src/widgets/framework.dart:7285:32)
...     Normal element mounting (465 frames)
#782    Element.inflateWidget (package:flutter/src/widgets/framework.dart:4590:20)
#783    Element.updateChild (package:flutter/src/widgets/framework.dart:4053:20)
#784    ComponentElement.performRebuild (package:flutter/src/widgets/framework.dart:5844:16)
#785    Element.rebuild (package:flutter/src/widgets/framework.dart:5532:7)
#786    ProxyElement.update (package:flutter/src/widgets/framework.dart:6152:5)
#787    _InheritedNotifierElement.update (package:flutter/src/widgets/inherited_notifier.dart:108:11)
#788    Element.updateChild (package:flutter/src/widgets/framework.dart:4037:15)
#789    ComponentElement.performRebuild (package:flutter/src/widgets/framework.dart:5844:16)
#790    StatefulElement.performRebuild (package:flutter/src/widgets/framework.dart:5985:11)
#791    Element.rebuild (package:flutter/src/widgets/framework.dart:5532:7)
#792    StatefulElement.update (package:flutter/src/widgets/framework.dart:6010:5)
#793    Element.updateChild (package:flutter/src/widgets/framework.dart:4037:15)
#794    ComponentElement.performRebuild (package:flutter/src/widgets/framework.dart:5844:16)
#795    Element.rebuild (package:flutter/src/widgets/framework.dart:5532:7)
#796    ProxyElement.update (package:flutter/src/widgets/framework.dart:6152:5)
#797    _InheritedNotifierElement.update (package:flutter/src/widgets/inherited_notifier.dart:108:11)
#798    Element.updateChild (package:flutter/src/widgets/framework.dart:4037:15)
#799    ComponentElement.performRebuild (package:flutter/src/widgets/framework.dart:5844:16)
#800    StatefulElement.performRebuild (package:flutter/src/widgets/framework.dart:5985:11)
#801    Element.rebuild (package:flutter/src/widgets/framework.dart:5532:7)
#802    StatefulElement.update (package:flutter/src/widgets/framework.dart:6010:5)
#803    Element.updateChild (package:flutter/src/widgets/framework.dart:4037:15)
#804    ComponentElement.performRebuild (package:flutter/src/widgets/framework.dart:5844:16)
#805    StatefulElement.performRebuild (package:flutter/src/widgets/framework.dart:5985:11)
#806    Element.rebuild (package:flutter/src/widgets/framework.dart:5532:7)
#807    StatefulElement.update (package:flutter/src/widgets/framework.dart:6010:5)
#808    Element.updateChild (package:flutter/src/widgets/framework.dart:4037:15)
#809    ComponentElement.performRebuild (package:flutter/src/widgets/framework.dart:5844:16)
#810    Element.rebuild (package:flutter/src/widgets/framework.dart:5532:7)
#811    ProxyElement.update (package:flutter/src/widgets/framework.dart:6152:5)
#812    Element.updateChild (package:flutter/src/widgets/framework.dart:4037:15)
#813    ComponentElement.performRebuild (package:flutter/src/widgets/framework.dart:5844:16)
#814    StatefulElement.performRebuild (package:flutter/src/widgets/framework.dart:5985:11)
#815    Element.rebuild (package:flutter/src/widgets/framework.dart:5532:7)
#816    StatefulElement.update (package:flutter/src/widgets/framework.dart:6010:5)
#817    Element.updateChild (package:flutter/src/widgets/framework.dart:4037:15)
#818    ComponentElement.performRebuild (package:flutter/src/widgets/framework.dart:5844:16)
#819    Element.rebuild (package:flutter/src/widgets/framework.dart:5532:7)
#820    ProxyElement.update (package:flutter/src/widgets/framework.dart:6152:5)
#821    Element.updateChild (package:flutter/src/widgets/framework.dart:4037:15)
#822    ComponentElement.performRebuild (package:flutter/src/widgets/framework.dart:5844:16)
#823    Element.rebuild (package:flutter/src/widgets/framework.dart:5532:7)
#824    ProxyElement.update (package:flutter/src/widgets/framework.dart:6152:5)
#825    Element.updateChild (package:flutter/src/widgets/framework.dart:4037:15)
#826    _RawViewElement._updateChild (package:flutter/src/widgets/view.dart:481:16)
#827    _RawViewElement.update (package:flutter/src/widgets/view.dart:568:5)
#828    Element.updateChild (package:flutter/src/widgets/framework.dart:4037:15)
#829    ComponentElement.performRebuild (package:flutter/src/widgets/framework.dart:5844:16)
#830    Element.rebuild (package:flutter/src/widgets/framework.dart:5532:7)
#831    StatelessElement.update (package:flutter/src/widgets/framework.dart:5898:5)
#832    Element.updateChild (package:flutter/src/widgets/framework.dart:4037:15)
#833    ComponentElement.performRebuild (package:flutter/src/widgets/framework.dart:5844:16)
#834    StatefulElement.performRebuild (package:flutter/src/widgets/framework.dart:5985:11)
#835    Element.rebuild (package:flutter/src/widgets/framework.dart:5532:7)
#836    StatefulElement.update (package:flutter/src/widgets/framework.dart:6010:5)
#837    Element.updateChild (package:flutter/src/widgets/framework.dart:4037:15)
#838    RootElement._rebuild (package:flutter/src/widgets/binding.dart:1782:16)
#839    RootElement.update (package:flutter/src/widgets/binding.dart:1760:5)
#840    RootElement.performRebuild (package:flutter/src/widgets/binding.dart:1774:7)
#841    Element.rebuild (package:flutter/src/widgets/framework.dart:5532:7)
#842    BuildScope._tryRebuild (package:flutter/src/widgets/framework.dart:2750:15)
#843    BuildScope._flushDirtyElements (package:flutter/src/widgets/framework.dart:2807:11)
#844    BuildOwner.buildScope (package:flutter/src/widgets/framework.dart:3111:18)
#845    AutomatedTestWidgetsFlutterBinding.drawFrame (package:flutter_test/src/binding.dart:1506:19)
#846    RendererBinding._handlePersistentFrameCallback (package:flutter/src/rendering/binding.dart:495:5)
#847    SchedulerBinding._invokeFrameCallback (package:flutter/src/scheduler/binding.dart:1434:15)
#848    SchedulerBinding.handleDrawFrame (package:flutter/src/scheduler/binding.dart:1347:9)
#849    AutomatedTestWidgetsFlutterBinding.pump.<anonymous closure> (package:flutter_test/src/binding.dart:1335:9)
#852    TestAsyncUtils.guard (package:flutter_test/src/test_async_utils.dart:74:41)
#853    AutomatedTestWidgetsFlutterBinding.pump (package:flutter_test/src/binding.dart:1324:27)
#854    WidgetTester.pumpWidget.<anonymous closure> (package:flutter_test/src/widget_tester.dart:598:22)
#857    TestAsyncUtils.guard (package:flutter_test/src/test_async_utils.dart:74:41)
#858    WidgetTester.pumpWidget (package:flutter_test/src/widget_tester.dart:595:27)
#859    pumpTasklyApp (file:///C:/Users/User/FlutterProjects/taskly_bloc/test/helpers/pump_app.dart:43:16)
#860    WidgetPumpExtensions.pumpApp (file:///C:/Users/User/FlutterProjects/taskly_bloc/test/helpers/widget_test_helpers.dart:70:11)
#861    main.pumpPage (file:///C:/Users/User/FlutterProjects/taskly_bloc/test/presentation/features/journal/journal_today_page_widget_test.dart:74:18)
#862    main.<anonymous closure> (file:///C:/Users/User/FlutterProjects/taskly_bloc/test/presentation/features/journal/journal_today_page_widget_test.dart:133:11)
#863    testWidgetsSafe.<anonymous closure> (file:///C:/Users/User/FlutterProjects/taskly_bloc/test/helpers/test_helpers.dart:71:23)
#864    testWidgets.<anonymous closure>.<anonymous closure> (package:flutter_test/src/widget_tester.dart:192:29)
<asynchronous suspension>
#865    TestWidgetsFlutterBinding._runTestBody (package:flutter_test/src/binding.dart:1059:5)
<asynchronous suspension>
<asynchronous suspension>
(elided 5 frames from dart:async and package:stack_trace)

════════════════════════════════════════════════════════════════════════════════════════════════════
══╡ EXCEPTION CAUGHT BY FLUTTER TEST FRAMEWORK ╞════════════════════════════════════════════════════
The following TestFailure was thrown running a test:
Expected: exactly one matching candidate
  Actual: _TextWidgetFinder:<Found 0 widgets with text "First": []>
   Which: means none were found but one was expected

When the exception was thrown, this was the stack:
#4      main.<anonymous closure> (file:///C:/Users/User/FlutterProjects/taskly_bloc/test/presentation/features/journal/journal_today_page_widget_test.dart:136:5)
<asynchronous suspension>
<asynchronous suspension>
#6      testWidgetsSafe.<anonymous closure> (file:///C:/Users/User/FlutterProjects/taskly_bloc/test/helpers/test_helpers.dart:71:9)
<asynchronous suspension>
#7      testWidgets.<anonymous closure>.<anonymous closure> (package:flutter_test/src/widget_tester.dart:192:15)
<asynchronous suspension>
#8      TestWidgetsFlutterBinding._runTestBody (package:flutter_test/src/binding.dart:1059:5)
<asynchronous suspension>
<asynchronous suspension>
(elided 2 frames from dart:async and package:stack_trace)

This was caught by the test expectation on the following line:
  file:///C:/Users/User/FlutterProjects/taskly_bloc/test/presentation/features/journal/journal_today_page_widget_test.dart line 136
The test description was:
  updates list when entries change
════════════════════════════════════════════════════════════════════════════════════════════════════
══╡ EXCEPTION CAUGHT BY FLUTTER TEST FRAMEWORK ╞════════════════════════════════════════════════════
The following message was thrown:
Multiple exceptions (2) were detected during the running of the current test, and at least one was
unexpected.
════════════════════════════════════════════════════════════════════════════════════════════════════
01:06 +180 -17: C:/Users/User/FlutterProjects/taskly_bloc/test/presentation/features/journal/journal_today_page_widget_test.dart: updates list when entries change [E]
  Test failed. See exception logs above.
  The test description was: updates list when entries change
  
══╡ EXCEPTION CAUGHT BY WIDGET INSPECTOR ╞══════════════════════════════════════════════════════════
The following assertion was thrown:
Looking up a deactivated widget's ancestor is unsafe.
At this point the state of the widget's element tree is no longer stable.
To safely refer to a widget's ancestor in its dispose() method, save a reference to the ancestor by
calling dependOnInheritedWidgetOfExactType() in the widget's didChangeDependencies() method.

When the exception was thrown, this was the stack:
#0      Element._debugCheckStateIsActiveForAncestorLookup.<anonymous closure> (package:flutter/src/widgets/framework.dart:5052:9)
#1      Element._debugCheckStateIsActiveForAncestorLookup (package:flutter/src/widgets/framework.dart:5066:6)
#2      Element.visitAncestorElements (package:flutter/src/widgets/framework.dart:5177:12)
#3      _describeRelevantUserCode (package:flutter/src/widgets/widget_inspector.dart:4244:13)
#4      _parseDiagnosticsNode (package:flutter/src/widgets/widget_inspector.dart:4163:12)
#5      debugTransformDebugCreator (package:flutter/src/widgets/widget_inspector.dart:4142:21)
#6      _FlutterErrorDetailsNode.builder (package:flutter/src/foundation/assertions.dart:1310:31)
#7      DiagnosticableNode.emptyBodyDescription (package:flutter/src/foundation/diagnostics.dart:2941:45)
#8      TextTreeRenderer._debugRender (package:flutter/src/foundation/diagnostics.dart:1307:14)
#9      TextTreeRenderer.render (package:flutter/src/foundation/diagnostics.dart:1137:14)
#10     FlutterError.dumpErrorToConsole (package:flutter/src/foundation/assertions.dart:1040:13)
#11     TestWidgetsFlutterBinding._runTest.<anonymous closure> (package:flutter_test/src/binding.dart:886:24)
#12     FlutterError.reportError (package:flutter/src/foundation/assertions.dart:1203:14)
#13     TestWidgetsFlutterBinding._runTest.handleUncaughtError (package:flutter_test/src/binding.dart:985:20)
#14     TestWidgetsFlutterBinding._runTest.<anonymous closure> (package:flutter_test/src/binding.dart:1027:13)
<asynchronous suspension>
(elided 5 frames from dart:async)

This exception was caught while trying to describe the user-relevant code of another error.
════════════════════════════════════════════════════════════════════════════════════════════════════
01:06 +180 -17: C:/Users/User/FlutterProjects/taskly_bloc/test/presentation/features/journal/journal_today_page_widget_test.dart: (tearDownAll)
01:06 +180 -17: loading C:/Users/User/FlutterProjects/taskly_bloc/test/presentation/features/journal/journal_trackers_page_widget_test.dart
01:07 +180 -17: C:/Users/User/FlutterProjects/taskly_bloc/test/presentation/features/journal/journal_trackers_page_widget_test.dart: (setUpAll)
01:07 +180 -17: C:/Users/User/FlutterProjects/taskly_bloc/test/presentation/features/journal/journal_trackers_page_widget_test.dart: shows error state when streams fail
[38;5;1m┌──────────────────────────────────────────────────────────────────────────────────────────────────────────────[0m
[38;5;1m│ [error] | 6:38:16 83ms | boom[0m
[38;5;1m│ StackTrace: dart:async/future_impl.dart 21:26                                                               _interceptError[0m
[38;5;1m│ dart:async/future_impl.dart 52:23                                                               _interceptUserError[0m
[38;5;1m│ dart:async/stream.dart 213:39                                                                   new Stream.error[0m
[38;5;1m│ test\presentation\features\journal\journal_trackers_page_widget_test.dart 85:25                 main.<fn>.<fn>[0m
[38;5;1m│ package:mocktail/src/mocktail.dart 131:37                                                       Mock.noSuchMethod[0m
[38;5;1m│ test\mocks\feature_mocks.dart 26:7                                                              MockJournalRepositoryContract.watchTrackerGroups[0m
[38;5;1m│ package:taskly_bloc/presentation/features/journal/bloc/journal_manage_library_bloc.dart 295:33  JournalManageLibraryBloc._onStarted[0m
[38;5;1m│ package:bloc/src/bloc.dart 226:26                                                               Bloc.on.<fn>.handleEvent[0m
[38;5;1m│ package:bloc/src/bloc.dart 237:9                                                                Bloc.on.<fn>[0m
[38;5;1m│ dart:async/stream_pipe.dart 247:31                                                              _MapStream._handleData[0m
[38;5;1m│ dart:async/stream_pipe.dart 184:13                                                              _ForwardingStreamSubscription._handleData[0m
[38;5;1m│ package:stack_trace/src/stack_zone_specification.dart 127:36                                    StackZoneSpecification._registerUnaryCallback.<fn>.<fn>[0m
[38;5;1m│ package:stack_trace/src/stack_zone_specification.dart 207:15                                    StackZoneSpecification._run[0m
[38;5;1m│ package:stack_trace/src/stack_zone_specification.dart 127:24                                    StackZoneSpecification._registerUnaryCallback.<fn>[0m
[38;5;1m│ dart:async/zone.dart 1538:47                                                                    _rootRunUnary[0m
[38;5;1m│ dart:async/zone.dart 1429:19                                                                    _CustomZone.runUnary[0m
[38;5;1m│ dart:async/zone.dart 1329:7                                                                     _CustomZone.runUnaryGuarded[0m
[38;5;1m│ dart:_internal/async_cast.dart 95:11                                                            CastStreamSubscription._onData[0m
[38;5;1m│ package:stack_trace/src/stack_zone_specification.dart 127:36                                    StackZoneSpecification._registerUnaryCallback.<fn>.<fn>[0m
[38;5;1m│ package:stack_trace/src/stack_zone_specification.dart 207:15                                    StackZoneSpecification._run[0m
[38;5;1m│ package:stack_trace/src/stack_zone_specification.dart 127:24                                    StackZoneSpecification._registerUnaryCallback.<fn>[0m
[38;5;1m│ dart:async/zone.dart 1538:47                                                                    _rootRunUnary[0m
[38;5;1m│ dart:async/zone.dart 1429:19                                                                    _CustomZone.runUnary[0m
[38;5;1m│ dart:async/zone.dart 1329:7                                                                     _CustomZone.runUnaryGuarded[0m
[38;5;1m│ dart:async/stream_impl.dart 381:11                                                              _BufferingStreamSubscription._sendData[0m
[38;5;1m│ dart:async/stream_impl.dart 312:7                                                               _BufferingStreamSubscription._add[0m
[38;5;1m│ dart:async/stream_pipe.dart 154:11                                                              _ForwardingStreamSubscription._add[0m
[38;5;1m│ dart:async/stream_pipe.dart 229:12                                                              _WhereStream._handleData[0m
[38;5;1m│ dart:async/stream_pipe.dart 184:13                                                              _ForwardingStreamSubscription._handleData[0m
[38;5;1m│ package:stack_trace/src/stack_zone_specification.dart 127:36                                    StackZoneSpecification._registerUnaryCallback.<fn>.<fn>[0m
[38;5;1m│ package:stack_trace/src/stack_zone_specification.dart 207:15                                    StackZoneSpecification._run[0m
[38;5;1m│ package:stack_trace/src/stack_zone_specification.dart 127:24                                    StackZoneSpecification._registerUnaryCallback.<fn>[0m
[38;5;1m│ dart:async/zone.dart 1538:47                                                                    _rootRunUnary[0m
[38;5;1m│ dart:async/zone.dart 1429:19                                                                    _CustomZone.runUnary[0m
[38;5;1m│ dart:async/zone.dart 1329:7                                                                     _CustomZone.runUnaryGuarded[0m
[38;5;1m│ dart:async/stream_impl.dart 381:11                                                              _BufferingStreamSubscription._sendData[0m
[38;5;1m│ dart:async/stream_impl.dart 573:14                                                              _DelayedData.perform[0m
[38;5;1m│ dart:async/stream_impl.dart 678:11                                                              _PendingEvents.handleNext[0m
[38;5;1m│ dart:async/stream_impl.dart 649:7                                                               _PendingEvents.schedule.<fn>[0m
[38;5;1m│ package:stack_trace/src/stack_zone_specification.dart 207:15                                    StackZoneSpecification._run[0m
[38;5;1m│ package:stack_trace/src/stack_zone_specification.dart 114:48                                    StackZoneSpecification._registerCallback.<fn>[0m
[38;5;1m│ dart:async/zone.dart 1517:47                                                                    _rootRun[0m
[38;5;1m│ dart:async/zone.dart 1422:19                                                                    _CustomZone.run[0m
[38;5;1m│ dart:async/zone.dart 1321:7                                                                     _CustomZone.runGuarded[0m
[38;5;1m│ dart:async/zone.dart 1362:23                                                                    _CustomZone.bindCallbackGuarded.<fn>[0m
[38;5;1m│ dart:async/zone.dart 1517:47                                                                    _rootRun[0m
[38;5;1m│ dart:async/zone.dart 1422:19                                                                    _CustomZone.run[0m
[38;5;1m│ dart:async/zone.dart 1321:7                                                                     _CustomZone.runGuarded[0m
[38;5;1m│ package:fake_async/fake_async.dart 189:18                                                       FakeAsync.run.<fn>.<fn>[0m
[38;5;1m│ package:fake_async/fake_async.dart 200:32                                                       FakeAsync.flushMicrotasks[0m
[38;5;1m│ package:flutter_test/src/binding.dart 1337:26                                                   AutomatedTestWidgetsFlutterBinding.pump.<fn>[0m
[38;5;1m│ dart:async/zone.dart 1525:13                                                                    _rootRun[0m
[38;5;1m│ dart:async/zone.dart 1422:19                                                                    _CustomZone.run[0m
[38;5;1m│ package:flutter_test/src/test_async_utils.dart 74:41                                            TestAsyncUtils.guard[0m
[38;5;1m│ package:flutter_test/src/binding.dart 1324:27                                                   AutomatedTestWidgetsFlutterBinding.pump[0m
[38;5;1m│ package:flutter_test/src/widget_tester.dart 598:22                                              WidgetTester.pumpWidget.<fn>[0m
[38;5;1m│ dart:async/zone.dart 1525:13                                                                    _rootRun[0m
[38;5;1m│ dart:async/zone.dart 1422:19                                                                    _CustomZone.run[0m
[38;5;1m│ package:flutter_test/src/test_async_utils.dart 74:41                                            TestAsyncUtils.guard[0m
[38;5;1m│ package:flutter_test/src/widget_tester.dart 595:27                                              WidgetTester.pumpWidget[0m
[38;5;1m│ test\helpers\pump_app.dart 43:16                                                                pumpTasklyApp[0m
[38;5;1m│ test\helpers\widget_test_helpers.dart 70:11                                                     WidgetPumpExtensions.pumpApp[0m
[38;5;1m│ test\presentation\features\journal\journal_trackers_page_widget_test.dart 66:18                 main.pumpPage[0m
[38;5;1m│ test\presentation\features\journal\journal_trackers_page_widget_test.dart 87:11                 main.<fn>[0m
[38;5;1m│ test\helpers\test_helpers.dart 71:23                                                            testWidgetsSafe.<fn>[0m
[38;5;1m│ package:flutter_test/src/widget_tester.dart 192:29                                              testWidgets.<fn>.<fn>[0m
[38;5;1m│ ===== asynchronous gap ===========================[0m
[38;5;1m│ dart:async/zone.dart 1450:19                                                                    _CustomZone.registerUnaryCallback[0m
[38;5;1m│ dart:_internal/async_cast.dart 51:17                                                            CastStreamSubscription.onData[0m
[38;5;1m│ dart:_internal/async_cast.dart 23:9                                                             CastStream.listen[0m
[38;5;1m│ dart:async/stream_pipe.dart 141:37                                                              new _ForwardingStreamSubscription[0m
[38;5;1m│ dart:async/stream_pipe.dart 105:16                                                              _ForwardingStream._createSubscription[0m
[38;5;1m│ dart:async/stream_pipe.dart 96:12                                                               _ForwardingStream.listen[0m
[38;5;1m│ package:bloc/src/bloc.dart 341:40                                                               _FlatMapStreamTransformer.bind.<fn>[0m
[38;5;1m│ dart:async/stream_controller.dart 838:24                                                        _runGuarded[0m
[38;5;1m│ dart:async/broadcast_stream_controller.dart 220:7                                               _BroadcastStreamController._subscribe[0m
[38;5;1m│ dart:async/stream_controller.dart 854:20                                                        _ControllerStream._createSubscription[0m
[38;5;1m│ dart:async/stream_impl.dart 516:42                                                              _StreamImpl.listen[0m
[38;5;1m│ package:bloc/src/bloc.dart 240:7                                                                Bloc.on[0m
[38;5;1m│ package:taskly_bloc/presentation/features/journal/bloc/journal_manage_library_bloc.dart 180:5   new JournalManageLibraryBloc[0m
[38;5;1m│ package:taskly_bloc/presentation/features/journal/view/journal_trackers_page.dart 17:28         JournalTrackersPage.build.<fn>[0m
[38;5;1m│ package:provider/src/inherited_provider.dart 749:36                                             _CreateInheritedProviderState.value[0m
[38;5;1m│ package:provider/src/inherited_provider.dart 603:33                                             _InheritedProviderScopeElement.value[0m
[38;5;1m│ package:provider/src/provider.dart 337:37                                                       Provider.of[0m
[38;5;1m│ package:provider/src/provider.dart 683:21                                                       ReadContext.read[0m
[38;5;1m│ package:flutter_bloc/src/bloc_consumer.dart 130:36                                              _BlocConsumerState.initState[0m
[38;5;1m│ package:flutter/src/widgets/framework.dart 5953:55                                              StatefulElement._firstBuild[0m
[38;5;1m│ package:flutter/src/widgets/framework.dart 5796:5                                               ComponentElement.mount[0m
[38;5;1m│ package:flutter/src/widgets/framework.dart 4590:20                                              Element.inflateWidget[0m
[38;5;1m│ package:flutter/src/widgets/framework.dart 4059:18                                              Element.updateChild[0m
[38;5;1m│ package:flutter/src/widgets/framework.dart 5844:16                                              ComponentElement.performRebuild[0m
[38;5;1m│ package:flutter/src/widgets/framework.dart 5532:7                                               Element.rebuild[0m
[38;5;1m│ package:flutter/src/widgets/framework.dart 5802:5                                               ComponentElement._firstBuild[0m
[38;5;1m│ package:flutter/src/widgets/framework.dart 5796:5                                               ComponentElement.mount[0m
[38;5;1m│ package:provider/src/inherited_provider.dart 424:11                                             _InheritedProviderScopeElement.mount[0m
[38;5;1m│ package:flutter/src/widgets/framework.dart 4590:20                                              Element.inflateWidget[0m
[38;5;1m│ package:flutter/src/widgets/framework.dart 4059:18                                              Element.updateChild[0m
[38;5;1m│ package:flutter/src/widgets/framework.dart 5844:16                                              ComponentElement.performRebuild[0m
[38;5;1m│ package:flutter/src/widgets/framework.dart 5532:7                                               Element.rebuild[0m
[38;5;1m│ package:flutter/src/widgets/framework.dart 5802:5                                               ComponentElement._firstBuild[0m
[38;5;1m│ package:flutter/src/widgets/framework.dart 5796:5                                               ComponentElement.mount[0m
[38;5;1m│ package:nested/nested.dart 222:11                                                               SingleChildWidgetElementMixin.mount[0m
[38;5;1m│ package:flutter/src/widgets/framework.dart 4590:20                                              Element.inflateWidget[0m
[38;5;1m│ package:flutter/src/widgets/framework.dart 4059:18                                              Element.updateChild[0m
[38;5;1m│ package:flutter/src/widgets/framework.dart 5844:16                                              ComponentElement.performRebuild[0m
[38;5;1m│ package:flutter/src/widgets/framework.dart 5532:7                                               Element.rebuild[0m
[38;5;1m│ package:flutter/src/widgets/framework.dart 5802:5                                               ComponentElement._firstBuild[0m
[38;5;1m│ package:flutter/src/widgets/framework.dart 5796:5                                               ComponentElement.mount[0m
[38;5;1m│ package:nested/nested.dart 222:11                                                               SingleChildWidgetElementMixin.mount[0m
[38;5;1m│ package:flutter/src/widgets/framework.dart 4590:20                                              Element.inflateWidget[0m
[38;5;1m│ package:flutter/src/widgets/framework.dart 4059:18                                              Element.updateChild[0m
[38;5;1m│ package:flutter/src/widgets/framework.dart 5844:16                                              ComponentElement.performRebuild[0m
[38;5;1m│ package:flutter/src/widgets/framework.dart 5532:7                                               Element.rebuild[0m
[38;5;1m│ package:flutter/src/widgets/framework.dart 5802:5                                               ComponentElement._firstBuild[0m
[38;5;1m│ package:flutter/src/widgets/framework.dart 5796:5                                               ComponentElement.mount[0m
[38;5;1m│ package:flutter/src/widgets/framework.dart 4590:20                                              Element.inflateWidget[0m
[38;5;1m│ package:flutter/src/widgets/framework.dart 4059:18                                              Element.updateChild[0m
[38;5;1m│ package:flutter/src/widgets/framework.dart 5844:16                                              ComponentElement.performRebuild[0m
[38;5;1m│ package:flutter/src/widgets/framework.dart 5532:7                                               Element.rebuild[0m
[38;5;1m│ package:flutter/src/widgets/framework.dart 5802:5                                               ComponentElement._firstBuild[0m
[38;5;1m│ package:flutter/src/widgets/framework.dart 5796:5                                               ComponentElement.mount[0m
[38;5;1m│ package:provider/src/inherited_provider.dart 424:11                                             _InheritedProviderScopeElement.mount[0m
[38;5;1m│ package:flutter/src/widgets/framework.dart 4590:20                                              Element.inflateWidget[0m
[38;5;1m│ package:flutter/src/widgets/framework.dart 4059:18                                              Element.updateChild[0m
[38;5;1m│ package:flutter/src/widgets/framework.dart 5844:16                                              ComponentElement.performRebuild[0m
[38;5;1m│ package:flutter/src/widgets/framework.dart 5532:7                                               Element.rebuild[0m
[38;5;1m│ package:flutter/src/widgets/framework.dart 5802:5                                               ComponentElement._firstBuild[0m
[38;5;1m│ package:flutter/src/widgets/framework.dart 5796:5                                               ComponentElement.mount[0m
[38;5;1m│ package:provider/src/inherited_provider.dart 424:11                                             _InheritedProviderScopeElement.mount[0m
[38;5;1m│ package:flutter/src/widgets/framework.dart 4590:20                                              Element.inflateWidget[0m
[38;5;1m│ package:flutter/src/widgets/framework.dart 4059:18                                              Element.updateChild[0m
[38;5;1m│ package:flutter/src/widgets/framework.dart 5844:16                                              ComponentElement.performRebuild[0m
[38;5;1m│ package:flutter/src/widgets/framework.dart 5532:7                                               Element.rebuild[0m
[38;5;1m│ package:flutter/src/widgets/framework.dart 5802:5                                               ComponentElement._firstBuild[0m
[38;5;1m│ package:flutter/src/widgets/framework.dart 5796:5                                               ComponentElement.mount[0m
[38;5;1m│ package:provider/src/inherited_provider.dart 424:11                                             _InheritedProviderScopeElement.mount[0m
[38;5;1m│ package:flutter/src/widgets/framework.dart 4590:20                                              Element.inflateWidget[0m
[38;5;1m│ package:flutter/src/widgets/framework.dart 4059:18                                              Element.updateChild[0m
[38;5;1m│ package:flutter/src/widgets/framework.dart 5844:16                                              ComponentElement.performRebuild[0m
[38;5;1m│ package:flutter/src/widgets/framework.dart 5532:7                                               Element.rebuild[0m
[38;5;1m│ package:flutter/src/widgets/framework.dart 5802:5                                               ComponentElement._firstBuild[0m
[38;5;1m│ package:flutter/src/widgets/framework.dart 5796:5                                               ComponentElement.mount[0m
[38;5;1m│ package:nested/nested.dart 222:11                                                               SingleChildWidgetElementMixin.mount[0m
[38;5;1m│ package:flutter/src/widgets/framework.dart 4590:20                                              Element.inflateWidget[0m
[38;5;1m│ package:flutter/src/widgets/framework.dart 4059:18                                              Element.updateChild[0m
[38;5;1m│ package:flutter/src/widgets/framework.dart 5844:16                                              ComponentElement.performRebuild[0m
[38;5;1m│ package:flutter/src/widgets/framework.dart 5532:7                                               Element.rebuild[0m
[38;5;1m│ package:flutter/src/widgets/framework.dart 5802:5                                               ComponentElement._firstBuild[0m
[38;5;1m│ package:flutter/src/widgets/framework.dart 5796:5                                               ComponentElement.mount[0m
[38;5;1m│ package:nested/nested.dart 187:11                                                               _NestedHookElement.mount[0m
[38;5;1m│ package:flutter/src/widgets/framework.dart 4590:20                                              Element.inflateWidget[0m
[38;5;1m│ package:flutter/src/widgets/framework.dart 4059:18                                              Element.updateChild[0m
[38;5;1m│ package:flutter/src/widgets/framework.dart 5844:16                                              ComponentElement.performRebuild[0m
[38;5;1m│ package:flutter/src/widgets/framework.dart 5532:7                                               Element.rebuild[0m
[38;5;1m│ package:flutter/src/widgets/framework.dart 5802:5                                               ComponentElement._firstBuild[0m
[38;5;1m│ package:flutter/src/widgets/framework.dart 5796:5                                               ComponentElement.mount[0m
[38;5;1m│ package:nested/nested.dart 222:11                                                               SingleChildWidgetElementMixin.mount[0m
[38;5;1m│ package:flutter/src/widgets/framework.dart 4590:20                                              Element.inflateWidget[0m
[38;5;1m│ package:flutter/src/widgets/framework.dart 4059:18                                              Element.updateChild[0m
[38;5;1m│ package:flutter/src/widgets/framework.dart 7118:14                                              SingleChildRenderObjectElement.mount[0m
[38;5;1m│ package:flutter/src/widgets/framework.dart 4590:20                                              Element.inflateWidget[0m
[38;5;1m│ package:flutter/src/widgets/framework.dart 4059:18                                              Element.updateChild[0m
[38;5;1m│ package:flutter/src/widgets/framework.dart 5844:16                                              ComponentElement.performRebuild[0m
[38;5;1m│ package:flutter/src/widgets/framework.dart 5532:7                                               Element.rebuild[0m
[38;5;1m│ package:flutter/src/widgets/framework.dart 5802:5                                               ComponentElement._firstBuild[0m
[38;5;1m│ package:flutter/src/widgets/framework.dart 5796:5                                               ComponentElement.mount[0m
[38;5;1m│ package:flutter/src/widgets/framework.dart 4590:20                                              Element.inflateWidget[0m
[38;5;1m│ package:flutter/src/widgets/framework.dart 4059:18                                              Element.updateChild[0m
[38;5;1m│ package:flutter/src/widgets/framework.dart 7118:14                                              SingleChildRenderObjectElement.mount[0m
[38;5;1m│ package:flutter/src/widgets/framework.dart 4590:20                                              Element.inflateWidget[0m
[38;5;1m│ package:flutter/src/widgets/framework.dart 4059:18                                              Element.updateChild[0m
[38;5;1m│ package:flutter/src/widgets/framework.dart 7118:14                                              SingleChildRenderObjectElement.mount[0m
[38;5;1m│ package:flutter/src/widgets/framework.dart 4590:20                                              Element.inflateWidget[0m
[38;5;1m│ package:flutter/src/widgets/framework.dart 4059:18                                              Element.updateChild[0m
[38;5;1m│ package:flutter/src/widgets/framework.dart 5844:16                                              ComponentElement.performRebuild[0m
[38;5;1m│ package:flutter/src/widgets/framework.dart 5985:11                                              StatefulElement.performRebuild[0m
[38;5;1m│ package:flutter/src/widgets/framework.dart 5532:7                                               Element.rebuild[0m
[38;5;1m│ package:flutter/src/widgets/framework.dart 5802:5                                               ComponentElement._firstBuild[0m
[38;5;1m│ package:flutter/src/widgets/framework.dart 5976:11                                              StatefulElement._firstBuild[0m
[38;5;1m│ package:flutter/src/widgets/framework.dart 5796:5                                               ComponentElement.mount[0m
[38;5;1m│ package:flutter/src/widgets/framework.dart 4590:20                                              Element.inflateWidget[0m
[38;5;1m│ package:flutter/src/widgets/framework.dart 4059:18                                              Element.updateChild[0m
[38;5;1m│ package:flutter/src/widgets/framework.dart 7118:14                                              SingleChildRenderObjectElement.mount[0m
[38;5;1m│ package:flutter/src/widgets/framework.dart 4590:20                                              Element.inflateWidget[0m
[38;5;1m│ package:flutter/src/widgets/framework.dart 4059:18                                              Element.updateChild[0m
[38;5;1m│ package:flutter/src/widgets/framework.dart 5844:16                                              ComponentElement.performRebuild[0m
[38;5;1m│ package:flutter/src/widgets/framework.dart 5985:11                                              StatefulElement.performRebuild[0m
[38;5;1m│ package:flutter/src/widgets/framework.dart 5532:7                                               Element.rebuild[0m
[38;5;1m│ package:flutter/src/widgets/framework.dart 5802:5                                               ComponentElement._firstBuild[0m
[38;5;1m│ package:flutter/src/widgets/framework.dart 5976:11                                              StatefulElement._firstBuild[0m
[38;5;1m│ package:flutter/src/widgets/framework.dart 5796:5                                               ComponentElement.mount[0m
[38;5;1m│ package:flutter/src/widgets/framework.dart 4590:20                                              Element.inflateWidget[0m
[38;5;1m│ package:flutter/src/widgets/framework.dart 4059:18                                              Element.updateChild[0m
[38;5;1m│ package:flutter/src/widgets/framework.dart 7118:14                                              SingleChildRenderObjectElement.mount[0m
[38;5;1m│ package:flutter/src/widgets/framework.dart 4590:20                                              Element.inflateWidget[0m
[38;5;1m│ package:flutter/src/widgets/framework.dart 4059:18                                              Element.updateChild[0m
[38;5;1m│ package:flutter/src/widgets/framework.dart 7118:14                                              SingleChildRenderObjectElement.mount[0m
[38;5;1m│ package:flutter/src/widgets/framework.dart 4590:20                                              Element.inflateWidget[0m
[38;5;1m│ package:flutter/src/widgets/framework.dart 4059:18                                              Element.updateChild[0m
[38;5;1m│ package:flutter/src/widgets/framework.dart 5844:16                                              ComponentElement.performRebuild[0m
[38;5;1m│ package:flutter/src/widgets/framework.dart 5985:11                                              StatefulElement.performRebuild[0m
[38;5;1m│ package:flutter/src/widgets/framework.dart 5532:7                                               Element.rebuild[0m
[38;5;1m│ package:flutter/src/widgets/framework.dart 5802:5                                               ComponentElement._firstBuild[0m
[38;5;1m│ package:flutter/src/widgets/framework.dart 5976:11                                              StatefulElement._firstBuild[0m
[38;5;1m│ package:flutter/src/widgets/framework.dart 5796:5                                               ComponentElement.mount[0m
[38;5;1m│ package:flutter/src/widgets/framework.dart 4590:20                                              Element.inflateWidget[0m
[38;5;1m│ package:flutter/src/widgets/framework.dart 4059:18                                              Element.updateChild[0m
[38;5;1m│ package:flutter/src/widgets/framework.dart 7118:14                                              SingleChildRenderObjectElement.mount[0m
[38;5;1m│ package:flutter/src/widgets/framework.dart 4590:20                                              Element.inflateWidget[0m
[38;5;1m│ package:flutter/src/widgets/framework.dart 4059:18                                              Element.updateChild[0m
[38;5;1m│ package:flutter/src/widgets/framework.dart 5844:16                                              ComponentElement.performRebuild[0m
[38;5;1m│ package:flutter/src/widgets/framework.dart 5985:11                                              StatefulElement.performRebuild[0m
[38;5;1m│ package:flutter/src/widgets/framework.dart 5532:7                                               Element.rebuild[0m
[38;5;1m│ package:flutter/src/widgets/framework.dart 5802:5                                               ComponentElement._firstBuild[0m
[38;5;1m│ package:flutter/src/widgets/framework.dart 5976:11                                              StatefulElement._firstBuild[0m
[38;5;1m│ package:flutter/src/widgets/framework.dart 5796:5                                               ComponentElement.mount[0m
[38;5;1m│ package:flutter/src/widgets/framework.dart 4590:20                                              Element.inflateWidget[0m
[38;5;1m│ package:flutter/src/widgets/framework.dart 4059:18                                              Element.updateChild[0m
[38;5;1m│ package:flutter/src/widgets/framework.dart 7118:14                                              SingleChildRenderObjectElement.mount[0m
[38;5;1m│ package:flutter/src/widgets/framework.dart 4590:20                                              Element.inflateWidget[0m
[38;5;1m│ package:flutter/src/widgets/framework.dart 4059:18                                              Element.updateChild[0m
[38;5;1m│ package:flutter/src/widgets/framework.dart 7118:14                                              SingleChildRenderObjectElement.mount[0m
[38;5;1m│ package:flutter/src/widgets/framework.dart 4590:20                                              Element.inflateWidget[0m
[38;5;1m│ package:flutter/src/widgets/framework.dart 4059:18                                              Element.updateChild[0m
[38;5;1m│ package:flutter/src/widgets/framework.dart 5844:16                                              ComponentElement.performRebuild[0m
[38;5;1m│ package:flutter/src/widgets/framework.dart 5985:11                                              StatefulElement.performRebuild[0m
[38;5;1m│ package:flutter/src/widgets/framework.dart 5532:7                                               Element.rebuild[0m
[38;5;1m│ package:flutter/src/widgets/framework.dart 5802:5                                               ComponentElement._firstBuild[0m
[38;5;1m│ package:flutter/src/widgets/framework.dart 5976:11                                              StatefulElement._firstBuild[0m
[38;5;1m│ package:flutter/src/widgets/framework.dart 5796:5                                               ComponentElement.mount[0m
[38;5;1m│ package:flutter/src/widgets/framework.dart 4590:20                                              Element.inflateWidget[0m
[38;5;1m│ package:flutter/src/widgets/framework.dart 4059:18                                              Element.updateChild[0m
[38;5;1m│ package:flutter/src/widgets/framework.dart 7118:14                                              SingleChildRenderObjectElement.mount[0m
[38;5;1m│ package:flutter/src/widgets/framework.dart 4590:20                                              Element.inflateWidget[0m
[38;5;1m│ package:flutter/src/widgets/framework.dart 4059:18                                              Element.updateChild[0m
[38;5;1m│ package:flutter/src/widgets/framework.dart 7118:14                                              SingleChildRenderObjectElement.mount[0m
[38;5;1m│ package:flutter/src/widgets/framework.dart 4590:20                                              Element.inflateWidget[0m
[38;5;1m│ package:flutter/src/widgets/framework.dart 4059:18                                              Element.updateChild[0m
[38;5;1m│ package:flutter/src/widgets/framework.dart 7118:14                                              SingleChildRenderObjectElement.mount[0m
[38;5;1m│ package:flutter/src/widgets/framework.dart 4590:20                                              Element.inflateWidget[0m
[38;5;1m│ package:flutter/src/widgets/framework.dart 4059:18                                              Element.updateChild[0m
[38;5;1m│ package:flutter/src/widgets/framework.dart 5844:16                                              ComponentElement.performRebuild[0m
[38;5;1m│ package:flutter/src/widgets/framework.dart 5985:11                                              StatefulElement.performRebuild[0m
[38;5;1m│ package:flutter/src/widgets/framework.dart 5532:7                                               Element.rebuild[0m
[38;5;1m│ package:flutter/src/widgets/framework.dart 5802:5                                               ComponentElement._firstBuild[0m
[38;5;1m│ package:flutter/src/widgets/framework.dart 5976:11                                              StatefulElement._firstBuild[0m
[38;5;1m│ package:flutter/src/widgets/framework.dart 5796:5                                               ComponentElement.mount[0m
[38;5;1m│ package:flutter/src/widgets/framework.dart 4590:20                                              Element.inflateWidget[0m
[38;5;1m│ package:flutter/src/widgets/framework.dart 4059:18                                              Element.updateChild[0m
[38;5;1m│ package:flutter/src/widgets/framework.dart 7118:14                                              SingleChildRenderObjectElement.mount[0m
[38;5;1m│ package:flutter/src/widgets/framework.dart 4590:20                                              Element.inflateWidget[0m
[38;5;1m│ package:flutter/src/widgets/framework.dart 4059:18                                              Element.updateChild[0m
[38;5;1m│ package:flutter/src/widgets/framework.dart 5844:16                                              ComponentElement.performRebuild[0m
[38;5;1m│ package:flutter/src/widgets/framework.dart 5985:11                                              StatefulElement.performRebuild[0m
[38;5;1m│ package:flutter/src/widgets/framework.dart 5532:7                                               Element.rebuild[0m
[38;5;1m│ package:flutter/src/widgets/framework.dart 5802:5                                               ComponentElement._firstBuild[0m
[38;5;1m│ package:flutter/src/widgets/framework.dart 5976:11                                              StatefulElement._firstBuild[0m
[38;5;1m│ package:flutter/src/widgets/framework.dart 5796:5                                               ComponentElement.mount[0m
[38;5;1m│ package:flutter/src/widgets/framework.dart 4590:20                                              Element.inflateWidget[0m
[38;5;1m│ package:flutter/src/widgets/framework.dart 4059:18                                              Element.updateChild[0m
[38;5;1m│ package:flutter/src/widgets/framework.dart 5844:16                                              ComponentElement.performRebuild[0m
[38;5;1m│ package:flutter/src/widgets/framework.dart 5532:7                                               Element.rebuild[0m
[38;5;1m│ package:flutter/src/widgets/framework.dart 5802:5                                               ComponentElement._firstBuild[0m
[38;5;1m│ package:flutter/src/widgets/framework.dart 5796:5                                               ComponentElement.mount[0m
[38;5;1m│ package:flutter/src/widgets/framework.dart 4590:20                                              Element.inflateWidget[0m
[38;5;1m│ package:flutter/src/widgets/framework.dart 4059:18                                              Element.updateChild[0m
[38;5;1m│ package:flutter/src/widgets/framework.dart 5844:16                                              ComponentElement.performRebuild[0m
[38;5;1m│ package:flutter/src/widgets/framework.dart 5985:11                                              StatefulElement.performRebuild[0m
[38;5;1m│ package:flutter/src/widgets/framework.dart 5532:7                                               Element.rebuild[0m
[38;5;1m│ package:flutter/src/widgets/framework.dart 5802:5                                               ComponentElement._firstBuild[0m
[38;5;1m│ package:flutter/src/widgets/framework.dart 5976:11                                              StatefulElement._firstBuild[0m
[38;5;1m│ package:flutter/src/widgets/framework.dart 5796:5                                               ComponentElement.mount[0m
[38;5;1m│ package:flutter/src/widgets/framework.dart 4590:20                                              Element.inflateWidget[0m
[38;5;1m│ package:flutter/src/widgets/framework.dart 4059:18                                              Element.updateChild[0m
[38;5;1m│ package:flutter/src/widgets/framework.dart 5844:16                                              ComponentElement.performRebuild[0m
[38;5;1m│ package:flutter/src/widgets/framework.dart 5985:11                                              StatefulElement.performRebuild[0m
[38;5;1m│ package:flutter/src/widgets/framework.dart 5532:7                                               Element.rebuild[0m
[38;5;1m│ package:flutter/src/widgets/framework.dart 5802:5                                               ComponentElement._firstBuild[0m
[38;5;1m│ package:flutter/src/widgets/framework.dart 5976:11                                              StatefulElement._firstBuild[0m
[38;5;1m│ package:flutter/src/widgets/framework.dart 5796:5                                               ComponentElement.mount[0m
[38;5;1m│ package:flutter/src/widgets/framework.dart 4590:20                                              Element.inflateWidget[0m
[38;5;1m│ package:flutter/src/widgets/framework.dart 4059:18                                              Element.updateChild[0m
[38;5;1m│ package:flutter/src/widgets/framework.dart 5844:16                                              ComponentElement.performRebuild[0m
[38;5;1m│ package:flutter/src/widgets/framework.dart 5985:11                                              StatefulElement.performRebuild[0m
[38;5;1m│ package:flutter/src/widgets/framework.dart 5532:7                                               Element.rebuild[0m
[38;5;1m│ package:flutter/src/widgets/framework.dart 5802:5                                               ComponentElement._firstBuild[0m
[38;5;1m│ package:flutter/src/widgets/framework.dart 5976:11                                              StatefulElement._firstBuild[0m
[38;5;1m│ package:flutter/src/widgets/framework.dart 5796:5                                               ComponentElement.mount[0m
[38;5;1m│ package:flutter/src/widgets/framework.dart 4590:20                                              Element.inflateWidget[0m
[38;5;1m│ package:flutter/src/widgets/framework.dart 4059:18                                              Element.updateChild[0m
[38;5;1m│ package:flutter/src/widgets/framework.dart 7118:14                                              SingleChildRenderObjectElement.mount[0m
[38;5;1m│ package:flutter/src/widgets/framework.dart 4590:20                                              Element.inflateWidget[0m
[38;5;1m│ package:flutter/src/widgets/framework.dart 4059:18                                              Element.updateChild[0m
[38;5;1m│ package:flutter/src/widgets/framework.dart 5844:16                                              ComponentElement.performRebuild[0m
[38;5;1m│ package:flutter/src/widgets/framework.dart 5532:7                                               Element.rebuild[0m
[38;5;1m│ package:flutter/src/widgets/framework.dart 5802:5                                               ComponentElement._firstBuild[0m
[38;5;1m│ package:flutter/src/widgets/framework.dart 5796:5                                               ComponentElement.mount[0m
[38;5;1m│ package:flutter/src/widgets/framework.dart 4590:20                                              Element.inflateWidget[0m
[38;5;1m│ package:flutter/src/widgets/framework.dart 4059:18                                              Element.updateChild[0m
[38;5;1m│ package:flutter/src/widgets/framework.dart 7118:14                                              SingleChildRenderObjectElement.mount[0m
[38;5;1m│ package:flutter/src/widgets/framework.dart 4590:20                                              Element.inflateWidget[0m
[38;5;1m│ package:flutter/src/widgets/framework.dart 4059:18                                              Element.updateChild[0m
[38;5;1m│ package:flutter/src/widgets/framework.dart 5844:16                                              ComponentElement.performRebuild[0m
[38;5;1m│ package:flutter/src/widgets/framework.dart 5985:11                                              StatefulElement.performRebuild[0m
[38;5;1m│ package:flutter/src/widgets/framework.dart 5532:7                                               Element.rebuild[0m
[38;5;1m│ package:flutter/src/widgets/framework.dart 5802:5                                               ComponentElement._firstBuild[0m
[38;5;1m│ package:flutter/src/widgets/framework.dart 5976:11                                              StatefulElement._firstBuild[0m
[38;5;1m│ package:flutter/src/widgets/framework.dart 5796:5                                               ComponentElement.mount[0m
[38;5;1m│ package:flutter/src/widgets/framework.dart 4590:20                                              Element.inflateWidget[0m
[38;5;1m│ package:flutter/src/widgets/framework.dart 4059:18                                              Element.updateChild[0m
[38;5;1m│ package:flutter/src/widgets/framework.dart 5844:16                                              ComponentElement.performRebuild[0m
[38;5;1m│ package:flutter/src/widgets/framework.dart 5532:7                                               Element.rebuild[0m
[38;5;1m│ package:flutter/src/widgets/framework.dart 5802:5                                               ComponentElement._firstBuild[0m
[38;5;1m│ package:flutter/src/widgets/framework.dart 5796:5                                               ComponentElement.mount[0m
[38;5;1m│ package:flutter/src/widgets/framework.dart 4590:20                                              Element.inflateWidget[0m
[38;5;1m│ package:flutter/src/widgets/framework.dart 4059:18                                              Element.updateChild[0m
[38;5;1m│ package:flutter/src/widgets/framework.dart 5844:16                                              ComponentElement.performRebuild[0m
[38;5;1m│ package:flutter/src/widgets/framework.dart 5532:7                                               Element.rebuild[0m
[38;5;1m│ package:flutter/src/widgets/framework.dart 5802:5                                               ComponentElement._firstBuild[0m
[38;5;1m│ package:flutter/src/widgets/framework.dart 5796:5                                               ComponentElement.mount[0m
[38;5;1m│ package:flutter/src/widgets/framework.dart 4590:20                                              Element.inflateWidget[0m
[38;5;1m│ package:flutter/src/widgets/framework.dart 4059:18                                              Element.updateChild[0m
[38;5;1m│ package:flutter/src/widgets/framework.dart 5844:16                                              ComponentElement.performRebuild[0m
[38;5;1m│ package:flutter/src/widgets/framework.dart 5985:11                                              StatefulElement.performRebuild[0m
[38;5;1m│ package:flutter/src/widgets/framework.dart 5532:7                                               Element.rebuild[0m
[38;5;1m│ package:flutter/src/widgets/framework.dart 5802:5                                               ComponentElement._firstBuild[0m
[38;5;1m│ package:flutter/src/widgets/framework.dart 5976:11                                              StatefulElement._firstBuild[0m
[38;5;1m│ package:flutter/src/widgets/framework.dart 5796:5                                               ComponentElement.mount[0m
[38;5;1m│ package:flutter/src/widgets/framework.dart 4590:20                                              Element.inflateWidget[0m
[38;5;1m│ package:flutter/src/widgets/framework.dart 4059:18                                              Element.updateChild[0m
[38;5;1m│ package:flutter/src/widgets/framework.dart 5844:16                                              ComponentElement.performRebuild[0m
[38;5;1m│ package:flutter/src/widgets/framework.dart 5532:7                                               Element.rebuild[0m
[38;5;1m│ package:flutter/src/widgets/framework.dart 5802:5                                               ComponentElement._firstBuild[0m
[38;5;1m│ package:flutter/src/widgets/framework.dart 5796:5                                               ComponentElement.mount[0m
[38;5;1m│ package:flutter/src/widgets/framework.dart 4590:20                                              Element.inflateWidget[0m
[38;5;1m│ package:flutter/src/widgets/framework.dart 4059:18                                              Element.updateChild[0m
[38;5;1m│ package:flutter/src/widgets/framework.dart 5844:16                                              ComponentElement.performRebuild[0m
[38;5;1m│ package:flutter/src/widgets/framework.dart 5532:7                                               Element.rebuild[0m
[38;5;1m│ package:flutter/src/widgets/framework.dart 5802:5                                               ComponentElement._firstBuild[0m
[38;5;1m│ package:flutter/src/widgets/framework.dart 5796:5                                               ComponentElement.mount[0m
[38;5;1m│ package:flutter/src/widgets/framework.dart 4590:20                                              Element.inflateWidget[0m
[38;5;1m│ package:flutter/src/widgets/framework.dart 4059:18                                              Element.updateChild[0m
[38;5;1m│ package:flutter/src/widgets/framework.dart 7118:14                                              SingleChildRenderObjectElement.mount[0m
[38;5;1m│ package:flutter/src/widgets/framework.dart 4590:20                                              Element.inflateWidget[0m
[38;5;1m│ package:flutter/src/widgets/framework.dart 4059:18                                              Element.updateChild[0m
[38;5;1m│ package:flutter/src/widgets/framework.dart 5844:16                                              ComponentElement.performRebuild[0m
[38;5;1m│ package:flutter/src/widgets/framework.dart 5532:7                                               Element.rebuild[0m
[38;5;1m│ package:flutter/src/widgets/framework.dart 5802:5                                               ComponentElement._firstBuild[0m
[38;5;1m│ package:flutter/src/widgets/framework.dart 5796:5                                               ComponentElement.mount[0m
[38;5;1m│ package:flutter/src/widgets/framework.dart 4590:20                                              Element.inflateWidget[0m
[38;5;1m│ package:flutter/src/widgets/framework.dart 4059:18                                              Element.updateChild[0m
[38;5;1m│ package:flutter/src/widgets/framework.dart 5844:16                                              ComponentElement.performRebuild[0m
[38;5;1m│ package:flutter/src/widgets/framework.dart 5532:7                                               Element.rebuild[0m
[38;5;1m│ package:flutter/src/widgets/framework.dart 5802:5                                               ComponentElement._firstBuild[0m
[38;5;1m│ package:flutter/src/widgets/framework.dart 5796:5                                               ComponentElement.mount[0m
[38;5;1m│ package:flutter/src/widgets/framework.dart 4590:20                                              Element.inflateWidget[0m
[38;5;1m│ package:flutter/src/widgets/framework.dart 4059:18                                              Element.updateChild[0m
[38;5;1m│ package:flutter/src/widgets/framework.dart 5844:16                                              ComponentElement.performRebuild[0m
[38;5;1m│ package:flutter/src/widgets/framework.dart 5985:11                                              StatefulElement.performRebuild[0m
[38;5;1m│ package:flutter/src/widgets/framework.dart 5532:7                                               Element.rebuild[0m
[38;5;1m│ package:flutter/src/widgets/framework.dart 5802:5                                               ComponentElement._firstBuild[0m
[38;5;1m│ package:flutter/src/widgets/framework.dart 5976:11                                              StatefulElement._firstBuild[0m
[38;5;1m│ package:flutter/src/widgets/framework.dart 5796:5                                               ComponentElement.mount[0m
[38;5;1m│ package:flutter/src/widgets/framework.dart 4590:20                                              Element.inflateWidget[0m
[38;5;1m│ package:flutter/src/widgets/framework.dart 4059:18                                              Element.updateChild[0m
[38;5;1m│ package:flutter/src/widgets/framework.dart 5844:16                                              ComponentElement.performRebuild[0m
[38;5;1m│ package:flutter/src/widgets/framework.dart 5985:11                                              StatefulElement.performRebuild[0m
[38;5;1m│ package:flutter/src/widgets/framework.dart 5532:7                                               Element.rebuild[0m
[38;5;1m│ package:flutter/src/widgets/framework.dart 5802:5                                               ComponentElement._firstBuild[0m
[38;5;1m│ package:flutter/src/widgets/framework.dart 5976:11                                              StatefulElement._firstBuild[0m
[38;5;1m│ package:flutter/src/widgets/framework.dart 5796:5                                               ComponentElement.mount[0m
[38;5;1m│ package:flutter/src/widgets/framework.dart 4590:20                                              Element.inflateWidget[0m
[38;5;1m│ package:flutter/src/widgets/framework.dart 4059:18                                              Element.updateChild[0m
[38;5;1m│ package:flutter/src/widgets/framework.dart 5844:16                                              ComponentElement.performRebuild[0m
[38;5;1m│ package:flutter/src/widgets/framework.dart 5985:11                                              StatefulElement.performRebuild[0m
[38;5;1m│ package:flutter/src/widgets/framework.dart 5532:7                                               Element.rebuild[0m
[38;5;1m│ package:flutter/src/widgets/framework.dart 5802:5                                               ComponentElement._firstBuild[0m
[38;5;1m│ package:flutter/src/widgets/framework.dart 5976:11                                              StatefulElement._firstBuild[0m
[38;5;1m│ package:flutter/src/widgets/framework.dart 5796:5                                               ComponentElement.mount[0m
[38;5;1m│ package:flutter/src/widgets/framework.dart 4590:20                                              Element.inflateWidget[0m
[38;5;1m│ package:flutter/src/widgets/framework.dart 4059:18                                              Element.updateChild[0m
[38;5;1m│ package:flutter/src/widgets/framework.dart 7118:14                                              SingleChildRenderObjectElement.mount[0m
[38;5;1m│ package:flutter/src/widgets/framework.dart 4590:20                                              Element.inflateWidget[0m
[38;5;1m│ package:flutter/src/widgets/framework.dart 4059:18                                              Element.updateChild[0m
[38;5;1m│ package:flutter/src/widgets/framework.dart 5844:16                                              ComponentElement.performRebuild[0m
[38;5;1m│ package:flutter/src/widgets/framework.dart 5532:7                                               Element.rebuild[0m
[38;5;1m│ package:flutter/src/widgets/framework.dart 5802:5                                               ComponentElement._firstBuild[0m
[38;5;1m│ package:flutter/src/widgets/framework.dart 5796:5                                               ComponentElement.mount[0m
[38;5;1m│ package:flutter/src/widgets/framework.dart 4590:20                                              Element.inflateWidget[0m
[38;5;1m│ package:flutter/src/widgets/framework.dart 4059:18                                              Element.updateChild[0m
[38;5;1m│ package:flutter/src/widgets/framework.dart 5844:16                                              ComponentElement.performRebuild[0m
[38;5;1m│ package:flutter/src/widgets/framework.dart 5532:7                                               Element.rebuild[0m
[38;5;1m│ package:flutter/src/widgets/framework.dart 5802:5                                               ComponentElement._firstBuild[0m
[38;5;1m│ package:flutter/src/widgets/framework.dart 5796:5                                               ComponentElement.mount[0m
[38;5;1m│ package:flutter/src/widgets/framework.dart 4590:20                                              Element.inflateWidget[0m
[38;5;1m│ package:flutter/src/widgets/framework.dart 4059:18                                              Element.updateChild[0m
[38;5;1m│ package:flutter/src/widgets/framework.dart 5844:16                                              ComponentElement.performRebuild[0m
[38;5;1m│ package:flutter/src/widgets/framework.dart 5532:7                                               Element.rebuild[0m
[38;5;1m│ package:flutter/src/widgets/framework.dart 5802:5                                               ComponentElement._firstBuild[0m
[38;5;1m│ package:flutter/src/widgets/framework.dart 5796:5                                               ComponentElement.mount[0m
[38;5;1m│ package:flutter/src/widgets/framework.dart 4590:20                                              Element.inflateWidget[0m
[38;5;1m│ package:flutter/src/widgets/framework.dart 4059:18                                              Element.updateChild[0m
[38;5;1m│ package:flutter/src/widgets/framework.dart 5844:16                                              ComponentElement.performRebuild[0m
[38;5;1m│ package:flutter/src/widgets/framework.dart 5985:11                                              StatefulElement.performRebuild[0m
[38;5;1m│ package:flutter/src/widgets/framework.dart 5532:7                                               Element.rebuild[0m
[38;5;1m│ package:flutter/src/widgets/framework.dart 5802:5                                               ComponentElement._firstBuild[0m
[38;5;1m│ package:flutter/src/widgets/framework.dart 5976:11                                              StatefulElement._firstBuild[0m
[38;5;1m│ package:flutter/src/widgets/framework.dart 5796:5                                               ComponentElement.mount[0m
[38;5;1m│ package:flutter/src/widgets/framework.dart 4590:20                                              Element.inflateWidget[0m
[38;5;1m│ package:flutter/src/widgets/framework.dart 4059:18                                              Element.updateChild[0m
[38;5;1m│ package:flutter/src/widgets/framework.dart 5844:16                                              ComponentElement.performRebuild[0m
[38;5;1m│ package:flutter/src/widgets/framework.dart 5985:11                                              StatefulElement.performRebuild[0m
[38;5;1m│ package:flutter/src/widgets/framework.dart 5532:7                                               Element.rebuild[0m
[38;5;1m│ package:flutter/src/widgets/framework.dart 5802:5                                               ComponentElement._firstBuild[0m
[38;5;1m│ package:flutter/src/widgets/framework.dart 5976:11                                              StatefulElement._firstBuild[0m
[38;5;1m│ package:flutter/src/widgets/framework.dart 5796:5                                               ComponentElement.mount[0m
[38;5;1m│ package:flutter/src/widgets/framework.dart 4590:20                                              Element.inflateWidget[0m
[38;5;1m│ package:flutter/src/widgets/framework.dart 7269:36                                              MultiChildRenderObjectElement.inflateWidget[0m
[38;5;1m│ package:flutter/src/widgets/framework.dart 7285:32                                              MultiChildRenderObjectElement.mount[0m
[38;5;1m│ package:flutter/src/widgets/framework.dart 4590:20                                              Element.inflateWidget[0m
[38;5;1m│ package:flutter/src/widgets/framework.dart 4059:18                                              Element.updateChild[0m
[38;5;1m│ package:flutter/src/widgets/framework.dart 5844:16                                              ComponentElement.performRebuild[0m
[38;5;1m│ package:flutter/src/widgets/framework.dart 5985:11                                              StatefulElement.performRebuild[0m
[38;5;1m│ package:flutter/src/widgets/framework.dart 5532:7                                               Element.rebuild[0m
[38;5;1m│ package:flutter/src/widgets/framework.dart 5802:5                                               ComponentElement._firstBuild[0m
[38;5;1m│ package:flutter/src/widgets/framework.dart 5976:11                                              StatefulElement._firstBuild[0m
[38;5;1m│ package:flutter/src/widgets/framework.dart 5796:5                                               ComponentElement.mount[0m
[38;5;1m│ package:flutter/src/widgets/framework.dart 4590:20                                              Element.inflateWidget[0m
[38;5;1m│ package:flutter/src/widgets/framework.dart 4059:18                                              Element.updateChild[0m
[38;5;1m│ package:flutter/src/widgets/framework.dart 5844:16                                              ComponentElement.performRebuild[0m
[38;5;1m│ package:flutter/src/widgets/framework.dart 5532:7                                               Element.rebuild[0m
[38;5;1m│ package:flutter/src/widgets/framework.dart 5802:5                                               ComponentElement._firstBuild[0m
[38;5;1m│ package:flutter/src/widgets/framework.dart 5796:5                                               ComponentElement.mount[0m
[38;5;1m│ package:flutter/src/widgets/framework.dart 4590:20                                              Element.inflateWidget[0m
[38;5;1m│ package:flutter/src/widgets/framework.dart 4059:18                                              Element.updateChild[0m
[38;5;1m│ package:flutter/src/widgets/framework.dart 5844:16                                              ComponentElement.performRebuild[0m
[38;5;1m│ package:flutter/src/widgets/framework.dart 5532:7                                               Element.rebuild[0m
[38;5;1m│ package:flutter/src/widgets/framework.dart 5802:5                                               ComponentElement._firstBuild[0m
[38;5;1m│ package:flutter/src/widgets/framework.dart 5796:5                                               ComponentElement.mount[0m
[38;5;1m│ package:flutter/src/widgets/framework.dart 4590:20                                              Element.inflateWidget[0m
[38;5;1m│ package:flutter/src/widgets/framework.dart 4059:18                                              Element.updateChild[0m
[38;5;1m│ package:flutter/src/widgets/framework.dart 5844:16                                              ComponentElement.performRebuild[0m
[38;5;1m│ package:flutter/src/widgets/framework.dart 5985:11                                              StatefulElement.performRebuild[0m
[38;5;1m│ package:flutter/src/widgets/framework.dart 5532:7                                               Element.rebuild[0m
[38;5;1m│ package:flutter/src/widgets/framework.dart 5802:5                                               ComponentElement._firstBuild[0m
[38;5;1m│ package:flutter/src/widgets/framework.dart 5976:11                                              StatefulElement._firstBuild[0m
[38;5;1m│ package:flutter/src/widgets/framework.dart 5796:5                                               ComponentElement.mount[0m
[38;5;1m│ package:flutter/src/widgets/framework.dart 4590:20                                              Element.inflateWidget[0m
[38;5;1m│ package:flutter/src/widgets/framework.dart 4059:18                                              Element.updateChild[0m
[38;5;1m│ package:flutter/src/widgets/framework.dart 5844:16                                              ComponentElement.performRebuild[0m
[38;5;1m│ package:flutter/src/widgets/framework.dart 5532:7                                               Element.rebuild[0m
[38;5;1m│ package:flutter/src/widgets/framework.dart 5802:5                                               ComponentElement._firstBuild[0m
[38;5;1m│ package:flutter/src/widgets/framework.dart 5796:5                                               ComponentElement.mount[0m
[38;5;1m│ package:flutter/src/widgets/framework.dart 4590:20                                              Element.inflateWidget[0m
[38;5;1m│ package:flutter/src/widgets/framework.dart 4059:18                                              Element.updateChild[0m
[38;5;1m│ package:flutter/src/widgets/framework.dart 5844:16                                              ComponentElement.performRebuild[0m
[38;5;1m│ package:flutter/src/widgets/framework.dart 5985:11                                              StatefulElement.performRebuild[0m
[38;5;1m│ package:flutter/src/widgets/framework.dart 5532:7                                               Element.rebuild[0m
[38;5;1m│ package:flutter/src/widgets/framework.dart 5802:5                                               ComponentElement._firstBuild[0m
[38;5;1m│ package:flutter/src/widgets/framework.dart 5976:11                                              StatefulElement._firstBuild[0m
[38;5;1m│ package:flutter/src/widgets/framework.dart 5796:5                                               ComponentElement.mount[0m
[38;5;1m│ package:flutter/src/widgets/framework.dart 4590:20                                              Element.inflateWidget[0m
[38;5;1m│ package:flutter/src/widgets/framework.dart 4059:18                                              Element.updateChild[0m
[38;5;1m│ package:flutter/src/widgets/framework.dart 5844:16                                              ComponentElement.performRebuild[0m
[38;5;1m│ package:flutter/src/widgets/framework.dart 5985:11                                              StatefulElement.performRebuild[0m
[38;5;1m│ package:flutter/src/widgets/framework.dart 5532:7                                               Element.rebuild[0m
[38;5;1m│ package:flutter/src/widgets/framework.dart 5802:5                                               ComponentElement._firstBuild[0m
[38;5;1m│ package:flutter/src/widgets/framework.dart 5976:11                                              StatefulElement._firstBuild[0m
[38;5;1m│ package:flutter/src/widgets/framework.dart 5796:5                                               ComponentElement.mount[0m
[38;5;1m│ package:flutter/src/widgets/framework.dart 4590:20                                              Element.inflateWidget[0m
[38;5;1m│ package:flutter/src/widgets/framework.dart 4059:18                                              Element.updateChild[0m
[38;5;1m│ package:flutter/src/widgets/framework.dart 7118:14                                              SingleChildRenderObjectElement.mount[0m
[38;5;1m│ package:flutter/src/widgets/framework.dart 4590:20                                              Element.inflateWidget[0m
[38;5;1m│ package:flutter/src/widgets/framework.dart 4059:18                                              Element.updateChild[0m
[38;5;1m│ package:flutter/src/widgets/framework.dart 7118:14                                              SingleChildRenderObjectElement.mount[0m
[38;5;1m│ package:flutter/src/widgets/framework.dart 4590:20                                              Element.inflateWidget[0m
[38;5;1m│ package:flutter/src/widgets/framework.dart 4059:18                                              Element.updateChild[0m
[38;5;1m│ package:flutter/src/widgets/framework.dart 5844:16                                              ComponentElement.performRebuild[0m
[38;5;1m│ package:flutter/src/widgets/framework.dart 5532:7                                               Element.rebuild[0m
[38;5;1m│ package:flutter/src/widgets/framework.dart 5802:5                                               ComponentElement._firstBuild[0m
[38;5;1m│ package:flutter/src/widgets/framework.dart 5796:5                                               ComponentElement.mount[0m
[38;5;1m│ package:flutter/src/widgets/framework.dart 4590:20                                              Element.inflateWidget[0m
[38;5;1m│ package:flutter/src/widgets/framework.dart 4059:18                                              Element.updateChild[0m
[38;5;1m│ package:flutter/src/widgets/framework.dart 5844:16                                              ComponentElement.performRebuild[0m
[38;5;1m│ package:flutter/src/widgets/framework.dart 5532:7                                               Element.rebuild[0m
[38;5;1m│ package:flutter/src/widgets/framework.dart 5802:5                                               ComponentElement._firstBuild[0m
[38;5;1m│ package:flutter/src/widgets/framework.dart 5796:5                                               ComponentElement.mount[0m
[38;5;1m│ package:flutter/src/widgets/framework.dart 4590:20                                              Element.inflateWidget[0m
[38;5;1m│ package:flutter/src/widgets/framework.dart 4059:18                                              Element.updateChild[0m
[38;5;1m│ package:flutter/src/widgets/framework.dart 5844:16                                              ComponentElement.performRebuild[0m
[38;5;1m│ package:flutter/src/widgets/framework.dart 5985:11                                              StatefulElement.performRebuild[0m
[38;5;1m│ package:flutter/src/widgets/framework.dart 5532:7                                               Element.rebuild[0m
[38;5;1m│ package:flutter/src/widgets/framework.dart 5802:5                                               ComponentElement._firstBuild[0m
[38;5;1m│ package:flutter/src/widgets/framework.dart 5976:11                                              StatefulElement._firstBuild[0m
[38;5;1m│ package:flutter/src/widgets/framework.dart 5796:5                                               ComponentElement.mount[0m
[38;5;1m│ package:flutter/src/widgets/framework.dart 4590:20                                              Element.inflateWidget[0m
[38;5;1m│ package:flutter/src/widgets/framework.dart 4059:18                                              Element.updateChild[0m
[38;5;1m│ package:flutter/src/widgets/framework.dart 5844:16                                              ComponentElement.performRebuild[0m
[38;5;1m│ package:flutter/src/widgets/framework.dart 5532:7                                               Element.rebuild[0m
[38;5;1m│ package:flutter/src/widgets/framework.dart 5802:5                                               ComponentElement._firstBuild[0m
[38;5;1m│ package:flutter/src/widgets/framework.dart 5796:5                                               ComponentElement.mount[0m
[38;5;1m│ package:flutter/src/widgets/framework.dart 4590:20                                              Element.inflateWidget[0m
[38;5;1m│ package:flutter/src/widgets/framework.dart 4059:18                                              Element.updateChild[0m
[38;5;1m│ package:flutter/src/widgets/framework.dart 7118:14                                              SingleChildRenderObjectElement.mount[0m
[38;5;1m│ package:flutter/src/widgets/framework.dart 4590:20                                              Element.inflateWidget[0m
[38;5;1m│ package:flutter/src/widgets/framework.dart 4059:18                                              Element.updateChild[0m
[38;5;1m│ package:flutter/src/widgets/framework.dart 5844:16                                              ComponentElement.performRebuild[0m
[38;5;1m│ package:flutter/src/widgets/framework.dart 5985:11                                              StatefulElement.performRebuild[0m
[38;5;1m│ package:flutter/src/widgets/framework.dart 5532:7                                               Element.rebuild[0m
[38;5;1m│ package:flutter/src/widgets/framework.dart 5802:5                                               ComponentElement._firstBuild[0m
[38;5;1m│ package:flutter/src/widgets/framework.dart 5976:11                                              StatefulElement._firstBuild[0m
[38;5;1m│ package:flutter/src/widgets/framework.dart 5796:5                                               ComponentElement.mount[0m
[38;5;1m│ package:flutter/src/widgets/framework.dart 4590:20                                              Element.inflateWidget[0m
[38;5;1m│ package:flutter/src/widgets/framework.dart 4059:18                                              Element.updateChild[0m
[38;5;1m│ package:flutter/src/widgets/framework.dart 5844:16                                              ComponentElement.performRebuild[0m
[38;5;1m│ package:flutter/src/widgets/framework.dart 5532:7                                               Element.rebuild[0m
[38;5;1m│ package:flutter/src/widgets/framework.dart 5802:5                                               ComponentElement._firstBuild[0m
[38;5;1m│ package:flutter/src/widgets/framework.dart 5796:5                                               ComponentElement.mount[0m
[38;5;1m│ package:flutter/src/widgets/framework.dart 4590:20                                              Element.inflateWidget[0m
[38;5;1m│ package:flutter/src/widgets/framework.dart 4059:18                                              Element.updateChild[0m
[38;5;1m│ package:flutter/src/widgets/framework.dart 5844:16                                              ComponentElement.performRebuild[0m
[38;5;1m│ package:flutter/src/widgets/framework.dart 5532:7                                               Element.rebuild[0m
[38;5;1m│ package:flutter/src/widgets/framework.dart 5802:5                                               ComponentElement._firstBuild[0m
[38;5;1m│ package:flutter/src/widgets/framework.dart 5796:5                                               ComponentElement.mount[0m
[38;5;1m│ package:flutter/src/widgets/framework.dart 4590:20                                              Element.inflateWidget[0m
[38;5;1m│ package:flutter/src/widgets/framework.dart 4059:18                                              Element.updateChild[0m
[38;5;1m│ package:flutter/src/widgets/framework.dart 5844:16                                              ComponentElement.performRebuild[0m
[38;5;1m│ package:flutter/src/widgets/framework.dart 5985:11                                              StatefulElement.performRebuild[0m
[38;5;1m│ package:flutter/src/widgets/framework.dart 5532:7                                               Element.rebuild[0m
[38;5;1m│ package:flutter/src/widgets/framework.dart 5802:5                                               ComponentElement._firstBuild[0m
[38;5;1m│ package:flutter/src/widgets/framework.dart 5976:11                                              StatefulElement._firstBuild[0m
[38;5;1m│ package:flutter/src/widgets/framework.dart 5796:5                                               ComponentElement.mount[0m
[38;5;1m│ package:flutter/src/widgets/framework.dart 4590:20                                              Element.inflateWidget[0m
[38;5;1m│ package:flutter/src/widgets/framework.dart 4059:18                                              Element.updateChild[0m
[38;5;1m│ package:flutter/src/widgets/framework.dart 5844:16                                              ComponentElement.performRebuild[0m
[38;5;1m│ package:flutter/src/widgets/framework.dart 5532:7                                               Element.rebuild[0m
[38;5;1m│ package:flutter/src/widgets/framework.dart 5802:5                                               ComponentElement._firstBuild[0m
[38;5;1m│ package:flutter/src/widgets/framework.dart 5796:5                                               ComponentElement.mount[0m
[38;5;1m│ package:flutter/src/widgets/framework.dart 4590:20                                              Element.inflateWidget[0m
[38;5;1m│ package:flutter/src/widgets/framework.dart 4059:18                                              Element.updateChild[0m
[38;5;1m│ package:flutter/src/widgets/framework.dart 5844:16                                              ComponentElement.performRebuild[0m
[38;5;1m│ package:flutter/src/widgets/framework.dart 5532:7                                               Element.rebuild[0m
[38;5;1m│ package:flutter/src/widgets/framework.dart 5802:5                                               ComponentElement._firstBuild[0m
[38;5;1m│ package:flutter/src/widgets/framework.dart 5796:5                                               ComponentElement.mount[0m
[38;5;1m│ package:flutter/src/widgets/framework.dart 4590:20                                              Element.inflateWidget[0m
[38;5;1m│ package:flutter/src/widgets/framework.dart 4059:18                                              Element.updateChild[0m
[38;5;1m│ package:flutter/src/widgets/framework.dart 5844:16                                              ComponentElement.performRebuild[0m
[38;5;1m│ package:flutter/src/widgets/framework.dart 5532:7                                               Element.rebuild[0m
[38;5;1m│ package:flutter/src/widgets/framework.dart 5802:5                                               ComponentElement._firstBuild[0m
[38;5;1m│ package:flutter/src/widgets/framework.dart 5796:5                                               ComponentElement.mount[0m
[38;5;1m│ package:flutter/src/widgets/framework.dart 4590:20                                              Element.inflateWidget[0m
[38;5;1m│ package:flutter/src/widgets/framework.dart 4059:18                                              Element.updateChild[0m
[38;5;1m│ package:flutter/src/widgets/framework.dart 5844:16                                              ComponentElement.performRebuild[0m
[38;5;1m│ package:flutter/src/widgets/framework.dart 5532:7                                               Element.rebuild[0m
[38;5;1m│ package:flutter/src/widgets/framework.dart 5802:5                                               ComponentElement._firstBuild[0m
[38;5;1m│ package:flutter/src/widgets/framework.dart 5796:5                                               ComponentElement.mount[0m
[38;5;1m│ package:flutter/src/widgets/framework.dart 4590:20                                              Element.inflateWidget[0m
[38;5;1m│ package:flutter/src/widgets/framework.dart 4059:18                                              Element.updateChild[0m
[38;5;1m│ package:flutter/src/widgets/framework.dart 5844:16                                              ComponentElement.performRebuild[0m
[38;5;1m│ package:flutter/src/widgets/framework.dart 5532:7                                               Element.rebuild[0m
[38;5;1m│ package:flutter/src/widgets/framework.dart 5802:5                                               ComponentElement._firstBuild[0m
[38;5;1m│ package:flutter/src/widgets/framework.dart 5796:5                                               ComponentElement.mount[0m
[38;5;1m│ package:flutter/src/widgets/framework.dart 4590:20                                              Element.inflateWidget[0m
[38;5;1m│ package:flutter/src/widgets/framework.dart 4059:18                                              Element.updateChild[0m
[38;5;1m│ package:flutter/src/widgets/framework.dart 5844:16                                              ComponentElement.performRebuild[0m
[38;5;1m│ package:flutter/src/widgets/framework.dart 5532:7                                               Element.rebuild[0m
[38;5;1m│ package:flutter/src/widgets/framework.dart 5802:5                                               ComponentElement._firstBuild[0m
[38;5;1m│ package:flutter/src/widgets/framework.dart 5796:5                                               ComponentElement.mount[0m
[38;5;1m│ package:flutter/src/widgets/framework.dart 4590:20                                              Element.inflateWidget[0m
[38;5;1m│ package:flutter/src/widgets/framework.dart 4059:18                                              Element.updateChild[0m
[38;5;1m│ package:flutter/src/widgets/framework.dart 5844:16                                              ComponentElement.performRebuild[0m
[38;5;1m│ package:flutter/src/widgets/framework.dart 5532:7                                               Element.rebuild[0m
[38;5;1m│ package:flutter/src/widgets/framework.dart 5802:5                                               ComponentElement._firstBuild[0m
[38;5;1m│ package:flutter/src/widgets/framework.dart 5796:5                                               ComponentElement.mount[0m
[38;5;1m│ package:flutter/src/widgets/framework.dart 4590:20                                              Element.inflateWidget[0m
[38;5;1m│ package:flutter/src/widgets/framework.dart 4059:18                                              Element.updateChild[0m
[38;5;1m│ package:flutter/src/widgets/framework.dart 5844:16                                              ComponentElement.performRebuild[0m
[38;5;1m│ package:flutter/src/widgets/framework.dart 5985:11                                              StatefulElement.performRebuild[0m
[38;5;1m│ package:flutter/src/widgets/framework.dart 5532:7                                               Element.rebuild[0m
[38;5;1m│ package:flutter/src/widgets/framework.dart 5802:5                                               ComponentElement._firstBuild[0m
[38;5;1m│ package:flutter/src/widgets/framework.dart 5976:11                                              StatefulElement._firstBuild[0m
[38;5;1m│ package:flutter/src/widgets/framework.dart 5796:5                                               ComponentElement.mount[0m
[38;5;1m│ package:flutter/src/widgets/framework.dart 4590:20                                              Element.inflateWidget[0m
[38;5;1m│ package:flutter/src/widgets/framework.dart 4059:18                                              Element.updateChild[0m
[38;5;1m│ package:flutter/src/widgets/framework.dart 5844:16                                              ComponentElement.performRebuild[0m
[38;5;1m│ package:flutter/src/widgets/framework.dart 5532:7                                               Element.rebuild[0m
[38;5;1m│ package:flutter/src/widgets/framework.dart 5802:5                                               ComponentElement._firstBuild[0m
[38;5;1m│ package:flutter/src/widgets/framework.dart 5796:5                                               ComponentElement.mount[0m
[38;5;1m│ package:flutter/src/widgets/framework.dart 4590:20                                              Element.inflateWidget[0m
[38;5;1m│ package:flutter/src/widgets/framework.dart 4059:18                                              Element.updateChild[0m
[38;5;1m│ package:flutter/src/widgets/framework.dart 5844:16                                              ComponentElement.performRebuild[0m
[38;5;1m│ package:flutter/src/widgets/framework.dart 5532:7                                               Element.rebuild[0m
[38;5;1m│ package:flutter/src/widgets/framework.dart 5802:5                                               ComponentElement._firstBuild[0m
[38;5;1m│ package:flutter/src/widgets/framework.dart 5796:5                                               ComponentElement.mount[0m
[38;5;1m│ package:flutter/src/widgets/framework.dart 4590:20                                              Element.inflateWidget[0m
[38;5;1m│ package:flutter/src/widgets/framework.dart 4059:18                                              Element.updateChild[0m
[38;5;1m│ package:flutter/src/widgets/framework.dart 5844:16                                              ComponentElement.performRebuild[0m
[38;5;1m│ package:flutter/src/widgets/framework.dart 5985:11                                              StatefulElement.performRebuild[0m
[38;5;1m│ package:flutter/src/widgets/framework.dart 5532:7                                               Element.rebuild[0m
[38;5;1m│ package:flutter/src/widgets/framework.dart 5802:5                                               ComponentElement._firstBuild[0m
[38;5;1m│ package:flutter/src/widgets/framework.dart 5976:11                                              StatefulElement._firstBuild[0m
[38;5;1m│ package:flutter/src/widgets/framework.dart 5796:5                                               ComponentElement.mount[0m
[38;5;1m│ package:flutter/src/widgets/framework.dart 4590:20                                              Element.inflateWidget[0m
[38;5;1m│ package:flutter/src/widgets/framework.dart 4059:18                                              Element.updateChild[0m
[38;5;1m│ package:flutter/src/widgets/framework.dart 7118:14                                              SingleChildRenderObjectElement.mount[0m
[38;5;1m│ package:flutter/src/widgets/framework.dart 4590:20                                              Element.inflateWidget[0m
[38;5;1m│ package:flutter/src/widgets/framework.dart 4059:18                                              Element.updateChild[0m
[38;5;1m│ package:flutter/src/widgets/framework.dart 5844:16                                              ComponentElement.performRebuild[0m
[38;5;1m│ package:flutter/src/widgets/framework.dart 5985:11                                              StatefulElement.performRebuild[0m
[38;5;1m│ package:flutter/src/widgets/framework.dart 5532:7                                               Element.rebuild[0m
[38;5;1m│ package:flutter/src/widgets/framework.dart 5802:5                                               ComponentElement._firstBuild[0m
[38;5;1m│ package:flutter/src/widgets/framework.dart 5976:11                                              StatefulElement._firstBuild[0m
[38;5;1m│ package:flutter/src/widgets/framework.dart 5796:5                                               ComponentElement.mount[0m
[38;5;1m│ package:flutter/src/widgets/framework.dart 4590:20                                              Element.inflateWidget[0m
[38;5;1m│ package:flutter/src/widgets/framework.dart 4059:18                                              Element.updateChild[0m
[38;5;1m│ package:flutter/src/widgets/framework.dart 5844:16                                              ComponentElement.performRebuild[0m
[38;5;1m│ package:flutter/src/widgets/framework.dart 5532:7                                               Element.rebuild[0m
[38;5;1m│ package:flutter/src/widgets/framework.dart 5802:5                                               ComponentElement._firstBuild[0m
[38;5;1m│ package:flutter/src/widgets/framework.dart 5796:5                                               ComponentElement.mount[0m
[38;5;1m│ package:flutter/src/widgets/framework.dart 4590:20                                              Element.inflateWidget[0m
[38;5;1m│ package:flutter/src/widgets/framework.dart 4059:18                                              Element.updateChild[0m
[38;5;1m│ package:flutter/src/widgets/framework.dart 5844:16                                              ComponentElement.performRebuild[0m
[38;5;1m│ package:flutter/src/widgets/framework.dart 5532:7                                               Element.rebuild[0m
[38;5;1m│ package:flutter/src/widgets/framework.dart 5802:5                                               ComponentElement._firstBuild[0m
[38;5;1m│ package:flutter/src/widgets/framework.dart 5796:5                                               ComponentElement.mount[0m
[38;5;1m│ package:flutter/src/widgets/framework.dart 4590:20                                              Element.inflateWidget[0m
[38;5;1m│ package:flutter/src/widgets/framework.dart 4059:18                                              Element.updateChild[0m
[38;5;1m│ package:flutter/src/widgets/framework.dart 5844:16                                              ComponentElement.performRebuild[0m
[38;5;1m│ package:flutter/src/widgets/framework.dart 5532:7                                               Element.rebuild[0m
[38;5;1m│ package:flutter/src/widgets/framework.dart 5802:5                                               ComponentElement._firstBuild[0m
[38;5;1m│ package:flutter/src/widgets/framework.dart 5796:5                                               ComponentElement.mount[0m
[38;5;1m│ package:flutter/src/widgets/framework.dart 4590:20                                              Element.inflateWidget[0m
[38;5;1m│ package:flutter/src/widgets/framework.dart 4059:18                                              Element.updateChild[0m
[38;5;1m│ package:flutter/src/widgets/framework.dart 5844:16                                              ComponentElement.performRebuild[0m
[38;5;1m│ package:flutter/src/widgets/framework.dart 5532:7                                               Element.rebuild[0m
[38;5;1m│ package:flutter/src/widgets/framework.dart 5802:5                                               ComponentElement._firstBuild[0m
[38;5;1m│ package:flutter/src/widgets/framework.dart 5796:5                                               ComponentElement.mount[0m
[38;5;1m│ package:flutter/src/widgets/framework.dart 4590:20                                              Element.inflateWidget[0m
[38;5;1m│ package:flutter/src/widgets/framework.dart 4059:18                                              Element.updateChild[0m
[38;5;1m│ package:flutter/src/widgets/framework.dart 7118:14                                              SingleChildRenderObjectElement.mount[0m
[38;5;1m│ package:flutter/src/widgets/framework.dart 4590:20                                              Element.inflateWidget[0m
[38;5;1m│ package:flutter/src/widgets/framework.dart 4059:18                                              Element.updateChild[0m
[38;5;1m│ package:flutter/src/widgets/framework.dart 5844:16                                              ComponentElement.performRebuild[0m
[38;5;1m│ package:flutter/src/widgets/framework.dart 5985:11                                              StatefulElement.performRebuild[0m
[38;5;1m│ package:flutter/src/widgets/framework.dart 5532:7                                               Element.rebuild[0m
[38;5;1m│ package:flutter/src/widgets/framework.dart 5802:5                                               ComponentElement._firstBuild[0m
[38;5;1m│ package:flutter/src/widgets/framework.dart 5976:11                                              StatefulElement._firstBuild[0m
[38;5;1m│ package:flutter/src/widgets/framework.dart 5796:5                                               ComponentElement.mount[0m
[38;5;1m│ package:flutter/src/widgets/framework.dart 4590:20                                              Element.inflateWidget[0m
[38;5;1m│ package:flutter/src/widgets/framework.dart 4059:18                                              Element.updateChild[0m
[38;5;1m│ package:flutter/src/widgets/framework.dart 5844:16                                              ComponentElement.performRebuild[0m
[38;5;1m│ package:flutter/src/widgets/framework.dart 5985:11                                              StatefulElement.performRebuild[0m
[38;5;1m│ package:flutter/src/widgets/framework.dart 5532:7                                               Element.rebuild[0m
[38;5;1m│ package:flutter/src/widgets/framework.dart 5802:5                                               ComponentElement._firstBuild[0m
[38;5;1m│ package:flutter/src/widgets/framework.dart 5976:11                                              StatefulElement._firstBuild[0m
[38;5;1m│ package:flutter/src/widgets/framework.dart 5796:5                                               ComponentElement.mount[0m
[38;5;1m│ package:flutter/src/widgets/framework.dart 4590:20                                              Element.inflateWidget[0m
[38;5;1m│ package:flutter/src/widgets/framework.dart 4059:18                                              Element.updateChild[0m
[38;5;1m│ package:flutter/src/widgets/framework.dart 7118:14                                              SingleChildRenderObjectElement.mount[0m
[38;5;1m│ package:flutter/src/widgets/framework.dart 4590:20                                              Element.inflateWidget[0m
[38;5;1m│ package:flutter/src/widgets/framework.dart 4059:18                                              Element.updateChild[0m
[38;5;1m│ package:flutter/src/widgets/framework.dart 5844:16                                              ComponentElement.performRebuild[0m
[38;5;1m│ package:flutter/src/widgets/framework.dart 5532:7                                               Element.rebuild[0m
[38;5;1m│ package:flutter/src/widgets/framework.dart 5802:5                                               ComponentElement._firstBuild[0m
[38;5;1m│ package:flutter/src/widgets/framework.dart 5796:5                                               ComponentElement.mount[0m
[38;5;1m│ package:flutter/src/widgets/framework.dart 4590:20                                              Element.inflateWidget[0m
[38;5;1m│ package:flutter/src/widgets/framework.dart 4059:18                                              Element.updateChild[0m
[38;5;1m│ package:flutter/src/widgets/framework.dart 5844:16                                              ComponentElement.performRebuild[0m
[38;5;1m│ package:flutter/src/widgets/framework.dart 5985:11                                              StatefulElement.performRebuild[0m
[38;5;1m│ package:flutter/src/widgets/framework.dart 5532:7                                               Element.rebuild[0m
[38;5;1m│ package:flutter/src/widgets/framework.dart 5802:5                                               ComponentElement._firstBuild[0m
[38;5;1m│ package:flutter/src/widgets/framework.dart 5976:11                                              StatefulElement._firstBuild[0m
[38;5;1m│ package:flutter/src/widgets/framework.dart 5796:5                                               ComponentElement.mount[0m
[38;5;1m│ package:flutter/src/widgets/framework.dart 4590:20                                              Element.inflateWidget[0m
[38;5;1m│ package:flutter/src/widgets/framework.dart 4059:18                                              Element.updateChild[0m
[38;5;1m│ package:flutter/src/widgets/framework.dart 5844:16                                              ComponentElement.performRebuild[0m
[38;5;1m│ package:flutter/src/widgets/framework.dart 5985:11                                              StatefulElement.performRebuild[0m
[38;5;1m│ package:flutter/src/widgets/framework.dart 5532:7                                               Element.rebuild[0m
[38;5;1m│ package:flutter/src/widgets/framework.dart 5802:5                                               ComponentElement._firstBuild[0m
[38;5;1m│ package:flutter/src/widgets/framework.dart 5976:11                                              StatefulElement._firstBuild[0m
[38;5;1m│ package:flutter/src/widgets/framework.dart 5796:5                                               ComponentElement.mount[0m
[38;5;1m│ package:flutter/src/widgets/framework.dart 4590:20                                              Element.inflateWidget[0m
[38;5;1m│ package:flutter/src/widgets/framework.dart 4059:18                                              Element.updateChild[0m
[38;5;1m│ package:flutter/src/widgets/framework.dart 5844:16                                              ComponentElement.performRebuild[0m
[38;5;1m│ package:flutter/src/widgets/framework.dart 5532:7                                               Element.rebuild[0m
[38;5;1m│ package:flutter/src/widgets/framework.dart 5802:5                                               ComponentElement._firstBuild[0m
[38;5;1m│ package:flutter/src/widgets/framework.dart 5796:5                                               ComponentElement.mount[0m
[38;5;1m│ package:flutter/src/widgets/framework.dart 4590:20                                              Element.inflateWidget[0m
[38;5;1m│ package:flutter/src/widgets/framework.dart 4059:18                                              Element.updateChild[0m
[38;5;1m│ package:flutter/src/widgets/framework.dart 5844:16                                              ComponentElement.performRebuild[0m
[38;5;1m│ package:flutter/src/widgets/framework.dart 5985:11                                              StatefulElement.performRebuild[0m
[38;5;1m│ package:flutter/src/widgets/framework.dart 5532:7                                               Element.rebuild[0m
[38;5;1m│ package:flutter/src/widgets/framework.dart 5802:5                                               ComponentElement._firstBuild[0m
[38;5;1m│ package:flutter/src/widgets/framework.dart 5976:11                                              StatefulElement._firstBuild[0m
[38;5;1m│ package:flutter/src/widgets/framework.dart 5796:5                                               ComponentElement.mount[0m
[38;5;1m│ package:flutter/src/widgets/framework.dart 4590:20                                              Element.inflateWidget[0m
[38;5;1m│ package:flutter/src/widgets/framework.dart 4059:18                                              Element.updateChild[0m
[38;5;1m│ package:flutter/src/widgets/framework.dart 7118:14                                              SingleChildRenderObjectElement.mount[0m
[38;5;1m│ package:flutter/src/widgets/framework.dart 4590:20                                              Element.inflateWidget[0m
[38;5;1m│ package:flutter/src/widgets/framework.dart 4059:18                                              Element.updateChild[0m
[38;5;1m│ package:flutter/src/widgets/framework.dart 5844:16                                              ComponentElement.performRebuild[0m
[38;5;1m│ package:flutter/src/widgets/framework.dart 5532:7                                               Element.rebuild[0m
[38;5;1m│ package:flutter/src/widgets/framework.dart 5802:5                                               ComponentElement._firstBuild[0m
[38;5;1m│ package:flutter/src/widgets/framework.dart 5796:5                                               ComponentElement.mount[0m
[38;5;1m│ package:flutter/src/widgets/framework.dart 4590:20                                              Element.inflateWidget[0m
[38;5;1m│ package:flutter/src/widgets/framework.dart 4059:18                                              Element.updateChild[0m
[38;5;1m│ package:flutter/src/widgets/framework.dart 5844:16                                              ComponentElement.performRebuild[0m
[38;5;1m│ package:flutter/src/widgets/framework.dart 5985:11                                              StatefulElement.performRebuild[0m
[38;5;1m│ package:flutter/src/widgets/framework.dart 5532:7                                               Element.rebuild[0m
[38;5;1m│ package:flutter/src/widgets/framework.dart 5802:5                                               ComponentElement._firstBuild[0m
[38;5;1m│ package:flutter/src/widgets/framework.dart 5976:11                                              StatefulElement._firstBuild[0m
[38;5;1m│ package:flutter/src/widgets/framework.dart 5796:5                                               ComponentElement.mount[0m
[38;5;1m│ package:flutter/src/widgets/framework.dart 4590:20                                              Element.inflateWidget[0m
[38;5;1m│ package:flutter/src/widgets/framework.dart 4059:18                                              Element.updateChild[0m
[38;5;1m│ package:flutter/src/widgets/framework.dart 5844:16                                              ComponentElement.performRebuild[0m
[38;5;1m│ package:flutter/src/widgets/framework.dart 5985:11                                              StatefulElement.performRebuild[0m
[38;5;1m│ package:flutter/src/widgets/framework.dart 5532:7                                               Element.rebuild[0m
[38;5;1m│ package:flutter/src/widgets/framework.dart 5802:5                                               ComponentElement._firstBuild[0m
[38;5;1m│ package:flutter/src/widgets/framework.dart 5976:11                                              StatefulElement._firstBuild[0m
[38;5;1m│ package:flutter/src/widgets/framework.dart 5796:5                                               ComponentElement.mount[0m
[38;5;1m│ package:flutter/src/widgets/framework.dart 4590:20                                              Element.inflateWidget[0m
[38;5;1m│ package:flutter/src/widgets/framework.dart 4059:18                                              Element.updateChild[0m
[38;5;1m│ package:flutter/src/widgets/framework.dart 5844:16                                              ComponentElement.performRebuild[0m
[38;5;1m│ package:flutter/src/widgets/framework.dart 5532:7                                               Element.rebuild[0m
[38;5;1m│ package:flutter/src/widgets/framework.dart 5802:5                                               ComponentElement._firstBuild[0m
[38;5;1m│ package:flutter/src/widgets/framework.dart 5796:5                                               ComponentElement.mount[0m
[38;5;1m│ package:flutter/src/widgets/framework.dart 4590:20                                              Element.inflateWidget[0m
[38;5;1m│ package:flutter/src/widgets/framework.dart 4059:18                                              Element.updateChild[0m
[38;5;1m│ package:flutter/src/widgets/framework.dart 5844:16                                              ComponentElement.performRebuild[0m
[38;5;1m│ package:flutter/src/widgets/framework.dart 5985:11                                              StatefulElement.performRebuild[0m
[38;5;1m│ package:flutter/src/widgets/framework.dart 5532:7                                               Element.rebuild[0m
[38;5;1m│ package:flutter/src/widgets/framework.dart 5802:5                                               ComponentElement._firstBuild[0m
[38;5;1m│ package:flutter/src/widgets/framework.dart 5976:11                                              StatefulElement._firstBuild[0m
[38;5;1m│ package:flutter/src/widgets/framework.dart 5796:5                                               ComponentElement.mount[0m
[38;5;1m│ package:flutter/src/widgets/framework.dart 4590:20                                              Element.inflateWidget[0m
[38;5;1m│ package:flutter/src/widgets/framework.dart 4059:18                                              Element.updateChild[0m
[38;5;1m│ package:flutter/src/widgets/framework.dart 7118:14                                              SingleChildRenderObjectElement.mount[0m
[38;5;1m│ package:flutter/src/widgets/framework.dart 4590:20                                              Element.inflateWidget[0m
[38;5;1m│ package:flutter/src/widgets/framework.dart 4059:18                                              Element.updateChild[0m
[38;5;1m│ package:flutter/src/widgets/framework.dart 5844:16                                              ComponentElement.performRebuild[0m
[38;5;1m│ package:flutter/src/widgets/framework.dart 5532:7                                               Element.rebuild[0m
[38;5;1m│ package:flutter/src/widgets/framework.dart 5802:5                                               ComponentElement._firstBuild[0m
[38;5;1m│ package:flutter/src/widgets/framework.dart 5796:5                                               ComponentElement.mount[0m
[38;5;1m│ package:flutter/src/widgets/framework.dart 4590:20                                              Element.inflateWidget[0m
[38;5;1m│ package:flutter/src/widgets/framework.dart 4059:18                                              Element.updateChild[0m
[38;5;1m│ package:flutter/src/widgets/framework.dart 5844:16                                              ComponentElement.performRebuild[0m
[38;5;1m│ package:flutter/src/widgets/framework.dart 5985:11                                              StatefulElement.performRebuild[0m
[38;5;1m│ package:flutter/src/widgets/framework.dart 5532:7                                               Element.rebuild[0m
[38;5;1m│ package:flutter/src/widgets/framework.dart 5802:5                                               ComponentElement._firstBuild[0m
[38;5;1m│ package:flutter/src/widgets/framework.dart 5976:11                                              StatefulElement._firstBuild[0m
[38;5;1m│ package:flutter/src/widgets/framework.dart 5796:5                                               ComponentElement.mount[0m
[38;5;1m│ package:flutter/src/widgets/framework.dart 4590:20                                              Element.inflateWidget[0m
[38;5;1m│ package:flutter/src/widgets/framework.dart 4059:18                                              Element.updateChild[0m
[38;5;1m│ package:flutter/src/widgets/framework.dart 5844:16                                              ComponentElement.performRebuild[0m
[38;5;1m│ package:flutter/src/widgets/framework.dart 5985:11                                              StatefulElement.performRebuild[0m
[38;5;1m│ package:flutter/src/widgets/framework.dart 5532:7                                               Element.rebuild[0m
[38;5;1m│ package:flutter/src/widgets/framework.dart 5802:5                                               ComponentElement._firstBuild[0m
[38;5;1m│ package:flutter/src/widgets/framework.dart 5976:11                                              StatefulElement._firstBuild[0m
[38;5;1m│ package:flutter/src/widgets/framework.dart 5796:5                                               ComponentElement.mount[0m
[38;5;1m│ package:flutter/src/widgets/framework.dart 4590:20                                              Element.inflateWidget[0m
[38;5;1m│ package:flutter/src/widgets/framework.dart 4059:18                                              Element.updateChild[0m
[38;5;1m│ package:flutter/src/widgets/framework.dart 5844:16                                              ComponentElement.performRebuild[0m
[38;5;1m│ package:flutter/src/widgets/framework.dart 5532:7                                               Element.rebuild[0m
[38;5;1m│ package:flutter/src/widgets/framework.dart 5802:5                                               ComponentElement._firstBuild[0m
[38;5;1m│ package:flutter/src/widgets/framework.dart 5796:5                                               ComponentElement.mount[0m
[38;5;1m│ package:flutter/src/widgets/framework.dart 4590:20                                              Element.inflateWidget[0m
[38;5;1m│ package:flutter/src/widgets/framework.dart 4059:18                                              Element.updateChild[0m
[38;5;1m│ package:flutter/src/widgets/framework.dart 7118:14                                              SingleChildRenderObjectElement.mount[0m
[38;5;1m│ package:flutter/src/widgets/framework.dart 4590:20                                              Element.inflateWidget[0m
[38;5;1m│ package:flutter/src/widgets/framework.dart 4059:18                                              Element.updateChild[0m
[38;5;1m│ package:flutter/src/widgets/framework.dart 5844:16                                              ComponentElement.performRebuild[0m
[38;5;1m│ package:flutter/src/widgets/framework.dart 5532:7                                               Element.rebuild[0m
[38;5;1m│ package:flutter/src/widgets/framework.dart 5802:5                                               ComponentElement._firstBuild[0m
[38;5;1m│ package:flutter/src/widgets/framework.dart 5796:5                                               ComponentElement.mount[0m
[38;5;1m│ package:flutter/src/widgets/framework.dart 4590:20                                              Element.inflateWidget[0m
[38;5;1m│ package:flutter/src/widgets/framework.dart 4059:18                                              Element.updateChild[0m
[38;5;1m│ package:flutter/src/widgets/framework.dart 5844:16                                              ComponentElement.performRebuild[0m
[38;5;1m│ package:flutter/src/widgets/framework.dart 5985:11                                              StatefulElement.performRebuild[0m
[38;5;1m│ package:flutter/src/widgets/framework.dart 5532:7                                               Element.rebuild[0m
[38;5;1m│ package:flutter/src/widgets/framework.dart 5802:5                                               ComponentElement._firstBuild[0m
[38;5;1m│ package:flutter/src/widgets/framework.dart 5976:11                                              StatefulElement._firstBuild[0m
[38;5;1m│ package:flutter/src/widgets/framework.dart 5796:5                                               ComponentElement.mount[0m
[38;5;1m│ package:flutter/src/widgets/framework.dart 4590:20                                              Element.inflateWidget[0m
[38;5;1m│ package:flutter/src/widgets/framework.dart 4059:18                                              Element.updateChild[0m
[38;5;1m│ package:flutter/src/widgets/framework.dart 5844:16                                              ComponentElement.performRebuild[0m
[38;5;1m│ package:flutter/src/widgets/framework.dart 5985:11                                              StatefulElement.performRebuild[0m
[38;5;1m│ package:flutter/src/widgets/framework.dart 5532:7                                               Element.rebuild[0m
[38;5;1m│ package:flutter/src/widgets/framework.dart 5802:5                                               ComponentElement._firstBuild[0m
[38;5;1m│ package:flutter/src/widgets/framework.dart 5976:11                                              StatefulElement._firstBuild[0m
[38;5;1m│ package:flutter/src/widgets/framework.dart 5796:5                                               ComponentElement.mount[0m
[38;5;1m│ package:flutter/src/widgets/framework.dart 4590:20                                              Element.inflateWidget[0m
[38;5;1m│ package:flutter/src/widgets/framework.dart 4059:18                                              Element.updateChild[0m
[38;5;1m│ package:flutter/src/widgets/framework.dart 5844:16                                              ComponentElement.performRebuild[0m
[38;5;1m│ package:flutter/src/widgets/framework.dart 5532:7                                               Element.rebuild[0m
[38;5;1m│ package:flutter/src/widgets/framework.dart 5802:5                                               ComponentElement._firstBuild[0m
[38;5;1m│ package:flutter/src/widgets/framework.dart 5796:5                                               ComponentElement.mount[0m
[38;5;1m│ package:flutter/src/widgets/framework.dart 4590:20                                              Element.inflateWidget[0m
[38;5;1m│ package:flutter/src/widgets/framework.dart 4059:18                                              Element.updateChild[0m
[38;5;1m│ package:flutter/src/widgets/framework.dart 5844:16                                              ComponentElement.performRebuild[0m
[38;5;1m│ package:flutter/src/widgets/framework.dart 5532:7                                               Element.rebuild[0m
[38;5;1m│ package:flutter/src/widgets/framework.dart 5802:5                                               ComponentElement._firstBuild[0m
[38;5;1m│ package:flutter/src/widgets/framework.dart 5796:5                                               ComponentElement.mount[0m
[38;5;1m│ package:flutter/src/widgets/framework.dart 4590:20                                              Element.inflateWidget[0m
[38;5;1m│ package:flutter/src/widgets/framework.dart 4059:18                                              Element.updateChild[0m
[38;5;1m│ package:flutter/src/widgets/framework.dart 5844:16                                              ComponentElement.performRebuild[0m
[38;5;1m│ package:flutter/src/widgets/framework.dart 5985:11                                              StatefulElement.performRebuild[0m
[38;5;1m│ package:flutter/src/widgets/framework.dart 5532:7                                               Element.rebuild[0m
[38;5;1m│ package:flutter/src/widgets/framework.dart 5802:5                                               ComponentElement._firstBuild[0m
[38;5;1m│ package:flutter/src/widgets/framework.dart 5976:11                                              StatefulElement._firstBuild[0m
[38;5;1m│ package:flutter/src/widgets/framework.dart 5796:5                                               ComponentElement.mount[0m
[38;5;1m│ package:flutter/src/widgets/framework.dart 4590:20                                              Element.inflateWidget[0m
[38;5;1m│ package:flutter/src/widgets/framework.dart 4059:18                                              Element.updateChild[0m
[38;5;1m│ package:flutter/src/widgets/framework.dart 5844:16                                              ComponentElement.performRebuild[0m
[38;5;1m│ package:flutter/src/widgets/framework.dart 5532:7                                               Element.rebuild[0m
[38;5;1m│ package:flutter/src/widgets/framework.dart 5802:5                                               ComponentElement._firstBuild[0m
[38;5;1m│ package:flutter/src/widgets/framework.dart 5796:5                                               ComponentElement.mount[0m
[38;5;1m│ package:flutter/src/widgets/framework.dart 4590:20                                              Element.inflateWidget[0m
[38;5;1m│ package:flutter/src/widgets/framework.dart 4059:18                                              Element.updateChild[0m
[38;5;1m│ package:flutter/src/widgets/framework.dart 5844:16                                              ComponentElement.performRebuild[0m
[38;5;1m│ package:flutter/src/widgets/framework.dart 5985:11                                              StatefulElement.performRebuild[0m
[38;5;1m│ package:flutter/src/widgets/framework.dart 5532:7                                               Element.rebuild[0m
[38;5;1m│ package:flutter/src/widgets/framework.dart 5802:5                                               ComponentElement._firstBuild[0m
[38;5;1m│ package:flutter/src/widgets/framework.dart 5976:11                                              StatefulElement._firstBuild[0m
[38;5;1m│ package:flutter/src/widgets/framework.dart 5796:5                                               ComponentElement.mount[0m
[38;5;1m│ package:flutter/src/widgets/framework.dart 4590:20                                              Element.inflateWidget[0m
[38;5;1m│ package:flutter/src/widgets/framework.dart 4059:18                                              Element.updateChild[0m
[38;5;1m│ package:flutter/src/widgets/framework.dart 5844:16                                              ComponentElement.performRebuild[0m
[38;5;1m│ package:flutter/src/widgets/framework.dart 5532:7                                               Element.rebuild[0m
[38;5;1m│ package:flutter/src/widgets/framework.dart 5802:5                                               ComponentElement._firstBuild[0m
[38;5;1m│ package:flutter/src/widgets/framework.dart 5796:5                                               ComponentElement.mount[0m
[38;5;1m│ package:flutter/src/widgets/framework.dart 4590:20                                              Element.inflateWidget[0m
[38;5;1m│ package:flutter/src/widgets/framework.dart 4059:18                                              Element.updateChild[0m
[38;5;1m│ package:flutter/src/widgets/framework.dart 5844:16                                              ComponentElement.performRebuild[0m
[38;5;1m│ package:flutter/src/widgets/framework.dart 5985:11                                              StatefulElement.performRebuild[0m
[38;5;1m│ package:flutter/src/widgets/framework.dart 5532:7                                               Element.rebuild[0m
[38;5;1m│ package:flutter/src/widgets/framework.dart 5802:5                                               ComponentElement._firstBuild[0m
[38;5;1m│ package:flutter/src/widgets/framework.dart 5976:11                                              StatefulElement._firstBuild[0m
[38;5;1m│ package:flutter/src/widgets/framework.dart 5796:5                                               ComponentElement.mount[0m
[38;5;1m│ package:flutter/src/widgets/framework.dart 4590:20                                              Element.inflateWidget[0m
[38;5;1m│ package:flutter/src/widgets/framework.dart 4059:18                                              Element.updateChild[0m
[38;5;1m│ package:flutter/src/widgets/framework.dart 5844:16                                              ComponentElement.performRebuild[0m
[38;5;1m│ package:flutter/src/widgets/framework.dart 5985:11                                              StatefulElement.performRebuild[0m
[38;5;1m│ package:flutter/src/widgets/framework.dart 5532:7                                               Element.rebuild[0m
[38;5;1m│ package:flutter/src/widgets/framework.dart 5802:5                                               ComponentElement._firstBuild[0m
[38;5;1m│ package:flutter/src/widgets/framework.dart 5976:11                                              StatefulElement._firstBuild[0m
[38;5;1m│ package:flutter/src/widgets/framework.dart 5796:5                                               ComponentElement.mount[0m
[38;5;1m│ package:flutter/src/widgets/framework.dart 4590:20                                              Element.inflateWidget[0m
[38;5;1m│ package:flutter/src/widgets/framework.dart 4059:18                                              Element.updateChild[0m
[38;5;1m│ package:flutter/src/widgets/framework.dart 7118:14                                              SingleChildRenderObjectElement.mount[0m
[38;5;1m│ package:flutter/src/widgets/framework.dart 4590:20                                              Element.inflateWidget[0m
[38;5;1m│ package:flutter/src/widgets/framework.dart 4059:18                                              Element.updateChild[0m
[38;5;1m│ package:flutter/src/widgets/framework.dart 5844:16                                              ComponentElement.performRebuild[0m
[38;5;1m│ package:flutter/src/widgets/framework.dart 5532:7                                               Element.rebuild[0m
[38;5;1m│ package:flutter/src/widgets/framework.dart 5802:5                                               ComponentElement._firstBuild[0m
[38;5;1m│ package:flutter/src/widgets/framework.dart 5796:5                                               ComponentElement.mount[0m
[38;5;1m│ package:flutter/src/widgets/framework.dart 4590:20                                              Element.inflateWidget[0m
[38;5;1m│ package:flutter/src/widgets/framework.dart 4059:18                                              Element.updateChild[0m
[38;5;1m│ package:flutter/src/widgets/framework.dart 5844:16                                              ComponentElement.performRebuild[0m
[38;5;1m│ package:flutter/src/widgets/framework.dart 5985:11                                              StatefulElement.performRebuild[0m
[38;5;1m│ package:flutter/src/widgets/framework.dart 5532:7                                               Element.rebuild[0m
[38;5;1m│ package:flutter/src/widgets/framework.dart 5802:5                                               ComponentElement._firstBuild[0m
[38;5;1m│ package:flutter/src/widgets/framework.dart 5976:11                                              StatefulElement._firstBuild[0m
[38;5;1m│ package:flutter/src/widgets/framework.dart 5796:5                                               ComponentElement.mount[0m
[38;5;1m│ package:flutter/src/widgets/framework.dart 4590:20                                              Element.inflateWidget[0m
[38;5;1m│ package:flutter/src/widgets/framework.dart 4059:18                                              Element.updateChild[0m
[38;5;1m│ package:flutter/src/widgets/framework.dart 5844:16                                              ComponentElement.performRebuild[0m
[38;5;1m│ package:flutter/src/widgets/framework.dart 5532:7                                               Element.rebuild[0m
[38;5;1m│ package:flutter/src/widgets/framework.dart 5802:5                                               ComponentElement._firstBuild[0m
[38;5;1m│ package:flutter/src/widgets/framework.dart 5796:5                                               ComponentElement.mount[0m
[38;5;1m│ package:flutter/src/widgets/framework.dart 4590:20                                              Element.inflateWidget[0m
[38;5;1m│ package:flutter/src/widgets/framework.dart 4059:18                                              Element.updateChild[0m
[38;5;1m│ package:flutter/src/widgets/framework.dart 5844:16                                              ComponentElement.performRebuild[0m
[38;5;1m│ package:flutter/src/widgets/framework.dart 5532:7                                               Element.rebuild[0m
[38;5;1m│ package:flutter/src/widgets/framework.dart 5802:5                                               ComponentElement._firstBuild[0m
[38;5;1m│ package:flutter/src/widgets/framework.dart 5796:5                                               ComponentElement.mount[0m
[38;5;1m│ package:flutter/src/widgets/framework.dart 4590:20                                              Element.inflateWidget[0m
[38;5;1m│ package:flutter/src/widgets/framework.dart 4059:18                                              Element.updateChild[0m
[38;5;1m│ package:flutter/src/widgets/framework.dart 5844:16                                              ComponentElement.performRebuild[0m
[38;5;1m│ package:flutter/src/widgets/framework.dart 5985:11                                              StatefulElement.performRebuild[0m
[38;5;1m│ package:flutter/src/widgets/framework.dart 5532:7                                               Element.rebuild[0m
[38;5;1m│ package:flutter/src/widgets/framework.dart 5802:5                                               ComponentElement._firstBuild[0m
[38;5;1m│ package:flutter/src/widgets/framework.dart 5976:11                                              StatefulElement._firstBuild[0m
[38;5;1m│ package:flutter/src/widgets/framework.dart 5796:5                                               ComponentElement.mount[0m
[38;5;1m│ package:flutter/src/widgets/framework.dart 4590:20                                              Element.inflateWidget[0m
[38;5;1m│ package:flutter/src/widgets/framework.dart 4053:20                                              Element.updateChild[0m
[38;5;1m│ package:flutter/src/widgets/framework.dart 5844:16                                              ComponentElement.performRebuild[0m
[38;5;1m│ package:flutter/src/widgets/framework.dart 5532:7                                               Element.rebuild[0m
[38;5;1m│ package:flutter/src/widgets/framework.dart 6152:5                                               ProxyElement.update[0m
[38;5;1m│ package:flutter/src/widgets/inherited_notifier.dart 108:11                                      _InheritedNotifierElement.update[0m
[38;5;1m│ package:flutter/src/widgets/framework.dart 4037:15                                              Element.updateChild[0m
[38;5;1m│ package:flutter/src/widgets/framework.dart 5844:16                                              ComponentElement.performRebuild[0m
[38;5;1m│ package:flutter/src/widgets/framework.dart 5985:11                                              StatefulElement.performRebuild[0m
[38;5;1m│ package:flutter/src/widgets/framework.dart 5532:7                                               Element.rebuild[0m
[38;5;1m│ package:flutter/src/widgets/framework.dart 6010:5                                               StatefulElement.update[0m
[38;5;1m│ package:flutter/src/widgets/framework.dart 4037:15                                              Element.updateChild[0m
[38;5;1m│ package:flutter/src/widgets/framework.dart 5844:16                                              ComponentElement.performRebuild[0m
[38;5;1m│ package:flutter/src/widgets/framework.dart 5532:7                                               Element.rebuild[0m
[38;5;1m│ package:flutter/src/widgets/framework.dart 6152:5                                               ProxyElement.update[0m
[38;5;1m│ package:flutter/src/widgets/inherited_notifier.dart 108:11                                      _InheritedNotifierElement.update[0m
[38;5;1m│ package:flutter/src/widgets/framework.dart 4037:15                                              Element.updateChild[0m
[38;5;1m│ package:flutter/src/widgets/framework.dart 5844:16                                              ComponentElement.performRebuild[0m
[38;5;1m│ package:flutter/src/widgets/framework.dart 5985:11                                              StatefulElement.performRebuild[0m
[38;5;1m│ package:flutter/src/widgets/framework.dart 5532:7                                               Element.rebuild[0m
[38;5;1m│ package:flutter/src/widgets/framework.dart 6010:5                                               StatefulElement.update[0m
[38;5;1m│ package:flutter/src/widgets/framework.dart 4037:15                                              Element.updateChild[0m
[38;5;1m│ package:flutter/src/widgets/framework.dart 5844:16                                              ComponentElement.performRebuild[0m
[38;5;1m│ package:flutter/src/widgets/framework.dart 5985:11                                              StatefulElement.performRebuild[0m
[38;5;1m│ package:flutter/src/widgets/framework.dart 5532:7                                               Element.rebuild[0m
[38;5;1m│ package:flutter/src/widgets/framework.dart 6010:5                                               StatefulElement.update[0m
[38;5;1m│ package:flutter/src/widgets/framework.dart 4037:15                                              Element.updateChild[0m
[38;5;1m│ package:flutter/src/widgets/framework.dart 5844:16                                              ComponentElement.performRebuild[0m
[38;5;1m│ package:flutter/src/widgets/framework.dart 5532:7                                               Element.rebuild[0m
[38;5;1m│ package:flutter/src/widgets/framework.dart 6152:5                                               ProxyElement.update[0m
[38;5;1m│ package:flutter/src/widgets/framework.dart 4037:15                                              Element.updateChild[0m
[38;5;1m│ package:flutter/src/widgets/framework.dart 5844:16                                              ComponentElement.performRebuild[0m
[38;5;1m│ package:flutter/src/widgets/framework.dart 5985:11                                              StatefulElement.performRebuild[0m
[38;5;1m│ package:flutter/src/widgets/framework.dart 5532:7                                               Element.rebuild[0m
[38;5;1m│ package:flutter/src/widgets/framework.dart 6010:5                                               StatefulElement.update[0m
[38;5;1m│ package:flutter/src/widgets/framework.dart 4037:15                                              Element.updateChild[0m
[38;5;1m│ package:flutter/src/widgets/framework.dart 5844:16                                              ComponentElement.performRebuild[0m
[38;5;1m│ package:flutter/src/widgets/framework.dart 5532:7                                               Element.rebuild[0m
[38;5;1m│ package:flutter/src/widgets/framework.dart 6152:5                                               ProxyElement.update[0m
[38;5;1m│ package:flutter/src/widgets/framework.dart 4037:15                                              Element.updateChild[0m
[38;5;1m│ package:flutter/src/widgets/framework.dart 5844:16                                              ComponentElement.performRebuild[0m
[38;5;1m│ package:flutter/src/widgets/framework.dart 5532:7                                               Element.rebuild[0m
[38;5;1m│ package:flutter/src/widgets/framework.dart 6152:5                                               ProxyElement.update[0m
[38;5;1m│ package:flutter/src/widgets/framework.dart 4037:15                                              Element.updateChild[0m
[38;5;1m│ package:flutter/src/widgets/view.dart 481:16                                                    _RawViewElement._updateChild[0m
[38;5;1m│ package:flutter/src/widgets/view.dart 568:5                                                     _RawViewElement.update[0m
[38;5;1m│ package:flutter/src/widgets/framework.dart 4037:15                                              Element.updateChild[0m
[38;5;1m│ package:flutter/src/widgets/framework.dart 5844:16                                              ComponentElement.performRebuild[0m
[38;5;1m│ package:flutter/src/widgets/framework.dart 5532:7                                               Element.rebuild[0m
[38;5;1m│ package:flutter/src/widgets/framework.dart 5898:5                                               StatelessElement.update[0m
[38;5;1m│ package:flutter/src/widgets/framework.dart 4037:15                                              Element.updateChild[0m
[38;5;1m│ package:flutter/src/widgets/framework.dart 5844:16                                              ComponentElement.performRebuild[0m
[38;5;1m│ package:flutter/src/widgets/framework.dart 5985:11                                              StatefulElement.performRebuild[0m
[38;5;1m│ package:flutter/src/widgets/framework.dart 5532:7                                               Element.rebuild[0m
[38;5;1m│ package:flutter/src/widgets/framework.dart 6010:5                                               StatefulElement.update[0m
[38;5;1m│ package:flutter/src/widgets/framework.dart 4037:15                                              Element.updateChild[0m
[38;5;1m│ package:flutter/src/widgets/binding.dart 1782:16                                                RootElement._rebuild[0m
[38;5;1m│ package:flutter/src/widgets/binding.dart 1760:5                                                 RootElement.update[0m
[38;5;1m│ package:flutter/src/widgets/binding.dart 1774:7                                                 RootElement.performRebuild[0m
[38;5;1m│ package:flutter/src/widgets/framework.dart 5532:7                                               Element.rebuild[0m
[38;5;1m│ package:flutter/src/widgets/framework.dart 2750:15                                              BuildScope._tryRebuild[0m
[38;5;1m│ package:flutter/src/widgets/framework.dart 2807:11                                              BuildScope._flushDirtyElements[0m
[38;5;1m│ package:flutter/src/widgets/framework.dart 3111:18                                              BuildOwner.buildScope[0m
[38;5;1m│ package:flutter_test/src/binding.dart 1506:19                                                   AutomatedTestWidgetsFlutterBinding.drawFrame[0m
[38;5;1m│ package:flutter/src/rendering/binding.dart 495:5                                                RendererBinding._handlePersistentFrameCallback[0m
[38;5;1m│ package:flutter/src/scheduler/binding.dart 1434:15                                              SchedulerBinding._invokeFrameCallback[0m
[38;5;1m│ package:flutter/src/scheduler/binding.dart 1347:9                                               SchedulerBinding.handleDrawFrame[0m
[38;5;1m│ package:flutter_test/src/binding.dart 1335:9                                                    AutomatedTestWidgetsFlutterBinding.pump.<fn>[0m
[38;5;1m│ dart:async/zone.dart 1525:13                                                                    _rootRun[0m
[38;5;1m│ dart:async/zone.dart 1422:19                                                                    _CustomZone.run[0m
[38;5;1m│ package:flutter_test/src/test_async_utils.dart 74:41                                            TestAsyncUtils.guard[0m
[38;5;1m│ package:flutter_test/src/binding.dart 1324:27                                                   AutomatedTestWidgetsFlutterBinding.pump[0m
[38;5;1m│ package:flutter_test/src/widget_tester.dart 598:22                                              WidgetTester.pumpWidget.<fn>[0m
[38;5;1m│ dart:async/zone.dart 1525:13                                                                    _rootRun[0m
[38;5;1m│ dart:async/zone.dart 1422:19                                                                    _CustomZone.run[0m
[38;5;1m│ package:flutter_test/src/test_async_utils.dart 74:41                                            TestAsyncUtils.guard[0m
[38;5;1m│ package:flutter_test/src/widget_tester.dart 595:27                                              WidgetTester.pumpWidget[0m
[38;5;1m│ test\helpers\pump_app.dart 43:16                                                                pumpTasklyApp[0m
[38;5;1m│ test\helpers\widget_test_helpers.dart 70:11                                                     WidgetPumpExtensions.pumpApp[0m
[38;5;1m│ test\presentation\features\journal\journal_trackers_page_widget_test.dart 66:18                 main.pumpPage[0m
[38;5;1m│ test\presentation\features\journal\journal_trackers_page_widget_test.dart 87:11                 main.<fn>[0m
[38;5;1m│ test\helpers\test_helpers.dart 71:23                                                            testWidgetsSafe.<fn>[0m
[38;5;1m│ package:flutter_test/src/widget_tester.dart 192:29                                              testWidgets.<fn>.<fn>[0m
[38;5;1m│ ===== asynchronous gap ===========================[0m
[38;5;1m│ dart:async/zone.dart 1450:19                                                                    _CustomZone.registerUnaryCallback[0m
[38;5;1m│ package:flutter_test/src/widget_tester.dart 189:25                                              testWidgets.<fn>.<fn>[0m
[38;5;1m│ package:flutter_test/src/binding.dart 1059:19                                                   TestWidgetsFlutterBinding._runTestBody[0m
[38;5;1m│ ===== asynchronous gap ===========================[0m
[38;5;1m│ dart:async/zone.dart 1450:19                                                                    _CustomZone.registerUnaryCallback[0m
[38;5;1m│ package:flutter_test/src/binding.dart 1048:5                                                    TestWidgetsFlutterBinding._runTestBody[0m
[38;5;1m│ dart:async/zone.dart 1568:13                                                                    _rootRunBinary[0m
[38;5;1m│ dart:async/zone.dart 1436:19                                                                    _CustomZone.runBinary[0m
[38;5;1m│ package:flutter_test/src/binding.dart 1033:10                                                   TestWidgetsFlutterBinding._runTest[0m
[38;5;1m│ package:flutter_test/src/binding.dart 1564:24                                                   AutomatedTestWidgetsFlutterBinding.runTest.<fn>[0m
[38;5;1m│ package:fake_async/fake_async.dart 182:47                                                       FakeAsync.run.<fn>.<fn>[0m
[38;5;1m│ dart:async/zone.dart 1525:13                                                                    _rootRun[0m
[38;5;1m│ dart:async/zone.dart 1422:19                                                                    _CustomZone.run[0m
[38;5;1m│ dart:async/zone.dart 2034:6                                                                     _runZoned[0m
[38;5;1m│ dart:async/zone.dart 1960:10                                                                    runZoned[0m
[38;5;1m│ package:clock/src/default.dart 52:10                                                            withClock[0m
[38;5;1m│ package:fake_async/fake_async.dart 182:15                                                       FakeAsync.run.<fn>[0m
[38;5;1m│ dart:async/zone.dart 1525:13                                                                    _rootRun[0m
[38;5;1m│ dart:async/zone.dart 1422:19                                                                    _CustomZone.run[0m
[38;5;1m│ dart:async/zone.dart 2034:6                                                                     _runZoned[0m
[38;5;1m│ dart:async/zone.dart 1960:10                                                                    runZoned[0m
[38;5;1m│ package:fake_async/fake_async.dart 181:52                                                       FakeAsync.run[0m
[38;5;1m│ package:flutter_test/src/binding.dart 1561:15                                                   AutomatedTestWidgetsFlutterBinding.runTest[0m
[38;5;1m│ package:flutter_test/src/widget_tester.dart 184:24                                              testWidgets.<fn>[0m
[38;5;1m│ package:test_api/src/backend/declarer.dart 242:19                                               Declarer.test.<fn>.<fn>[0m
[38;5;1m│ ===== asynchronous gap ===========================[0m
[38;5;1m│ dart:async/zone.dart 1450:19                                                                    _CustomZone.registerUnaryCallback[0m
[38;5;1m│ package:test_api/src/backend/declarer.dart 241:9                                                Declarer.test.<fn>.<fn>[0m
[38;5;1m│ dart:async/zone.dart 1525:13                                                                    _rootRun[0m
[38;5;1m│ dart:async/zone.dart 1422:19                                                                    _CustomZone.run[0m
[38;5;1m│ dart:async/zone.dart 2034:6                                                                     _runZoned[0m
[38;5;1m│ dart:async/zone.dart 1960:10                                                                    runZoned[0m
[38;5;1m│ package:test_api/src/backend/declarer.dart 240:13                                               Declarer.test.<fn>[0m
[38;5;1m│ package:test_api/src/backend/invoker.dart 282:17                                                Invoker._waitForOutstandingCallbacks.<fn>[0m
[38;5;1m│ dart:async/zone.dart 1525:13                                                                    _rootRun[0m
[38;5;1m│ dart:async/zone.dart 1422:19                                                                    _CustomZone.run[0m
[38;5;1m│ dart:async/zone.dart 2034:6                                                                     _runZoned[0m
[38;5;1m│ dart:async/zone.dart 1960:10                                                                    runZoned[0m
[38;5;1m│ package:test_api/src/backend/invoker.dart 278:5                                                 Invoker._waitForOutstandingCallbacks[0m
[38;5;1m│ package:test_api/src/backend/invoker.dart 418:17                                                Invoker._onRun.<fn>.<fn>.<fn>[0m
[38;5;1m│ ===== asynchronous gap ===========================[0m
[38;5;1m│ dart:async/zone.dart 1450:19                                                                    _CustomZone.registerUnaryCallback[0m
[38;5;1m│ package:test_api/src/backend/invoker.dart 416:11                                                Invoker._onRun.<fn>.<fn>.<fn>[0m
[38;5;1m│ dart:async/zone.dart 1525:13                                                                    _rootRun[0m
[38;5;1m│ dart:async/zone.dart 1422:19                                                                    _CustomZone.run[0m
[38;5;1m│ dart:async/zone.dart 2034:6                                                                     _runZoned[0m
[38;5;1m│ dart:async/zone.dart 1960:10                                                                    runZoned[0m
[38;5;1m│ package:test_api/src/backend/invoker.dart 407:9                                                 Invoker._onRun.<fn>.<fn>[0m
[38;5;1m│ package:test_api/src/backend/invoker.dart 450:15                                                Invoker._guardIfGuarded[0m
[38;5;1m│ package:test_api/src/backend/invoker.dart 406:7                                                 Invoker._onRun.<fn>[0m
[38;5;1m│ package:stack_trace/src/chain.dart 97:24                                                        Chain.capture.<fn>[0m
[38;5;1m│ dart:async/zone.dart 1525:13                                                                    _rootRun[0m
[38;5;1m│ dart:async/zone.dart 1422:19                                                                    _CustomZone.run[0m
[38;5;1m│ dart:async/zone.dart 2034:6                                                                     _runZoned[0m
[38;5;1m│ dart:async/zone.dart 1960:10                                                                    runZoned[0m
[38;5;1m│ package:stack_trace/src/chain.dart 95:12                                                        Chain.capture[0m
[38;5;1m│ package:test_api/src/backend/invoker.dart 405:11                                                Invoker._onRun[0m
[38;5;1m│ package:test_api/src/backend/live_test_controller.dart 153:11                                   LiveTestController.run[0m
[38;5;1m│ package:test_api/src/backend/remote_listener.dart 275:16                                        RemoteListener._runLiveTest.<fn>[0m
[38;5;1m│ dart:async/zone.dart 1525:13                                                                    _rootRun[0m
[38;5;1m│ dart:async/zone.dart 1422:19                                                                    _CustomZone.run[0m
[38;5;1m│ dart:async/zone.dart 2034:6                                                                     _runZoned[0m
[38;5;1m│ dart:async/zone.dart 1960:10                                                                    runZoned[0m
[38;5;1m│ package:test_api/src/backend/remote_listener.dart 274:5                                         RemoteListener._runLiveTest[0m
[38;5;1m│ package:test_api/src/backend/remote_listener.dart 221:7                                         RemoteListener._serializeTest.<fn>[0m
[38;5;1m│ dart:async/zone.dart 1538:47                                                                    _rootRunUnary[0m
[38;5;1m│ dart:async/zone.dart 1429:19                                                                    _CustomZone.runUnary[0m
[38;5;1m│ dart:async/zone.dart 1329:7                                                                     _CustomZone.runUnaryGuarded[0m
[38;5;1m│ dart:async/stream_impl.dart 381:11                                                              _BufferingStreamSubscription._sendData[0m
[38;5;1m│ dart:async/stream_impl.dart 312:7                                                               _BufferingStreamSubscription._add[0m
[38;5;1m│ dart:async/stream_controller.dart 798:19                                                        _SyncStreamControllerDispatch._sendData[0m
[38;5;1m│ dart:async/stream_controller.dart 663:7                                                         _StreamController._add[0m
[38;5;1m│ dart:async/stream_controller.dart 618:5                                                         _StreamController.add[0m
[38;5;1m│ dart:async/zone.dart 1546:13                                                                    _rootRunUnary[0m
[38;5;1m│ dart:async/zone.dart 1429:19                                                                    _CustomZone.runUnary[0m
[38;5;1m│ dart:async/zone.dart 1329:7                                                                     _CustomZone.runUnaryGuarded[0m
[38;5;1m│ dart:async/stream_impl.dart 381:11                                                              _BufferingStreamSubscription._sendData[0m
[38;5;1m│ dart:async/stream_impl.dart 312:7                                                               _BufferingStreamSubscription._add[0m
[38;5;1m│ dart:async/stream_controller.dart 798:19                                                        _SyncStreamControllerDispatch._sendData[0m
[38;5;1m│ dart:async/stream_controller.dart 663:7                                                         _StreamController._add[0m
[38;5;1m│ dart:async/stream_controller.dart 618:5                                                         _StreamController.add[0m
[38;5;1m│ dart:async/stream_controller.dart 898:13                                                        _StreamSinkWrapper.add[0m
[38;5;1m│ package:stream_channel/src/guarantee_channel.dart 125:12                                        _GuaranteeSink.add[0m
[38;5;1m│ package:stream_channel/src/multi_channel.dart 159:31                                            new _MultiChannel.<fn>[0m
[38;5;1m│ dart:async/zone.dart 1778:10                                                                    _RootZone.runUnaryGuarded[0m
[38;5;1m│ dart:_internal/async_cast.dart 95:11                                                            CastStreamSubscription._onData[0m
[38;5;1m│ dart:async/zone.dart 1778:10                                                                    _RootZone.runUnaryGuarded[0m
[38;5;1m│ dart:async/stream_impl.dart 381:11                                                              _BufferingStreamSubscription._sendData[0m
[38;5;1m│ dart:async/stream_impl.dart 312:7                                                               _BufferingStreamSubscription._add[0m
[38;5;1m│ dart:async/stream_controller.dart 798:19                                                        _SyncStreamControllerDispatch._sendData[0m
[38;5;1m│ dart:async/stream_controller.dart 663:7                                                         _StreamController._add[0m
[38;5;1m│ dart:async/stream_controller.dart 618:5                                                         _StreamController.add[0m
[38;5;1m│ dart:async/zone.dart 1778:10                                                                    _RootZone.runUnaryGuarded[0m
[38;5;1m│ dart:async/stream_impl.dart 381:11                                                              _BufferingStreamSubscription._sendData[0m
[38;5;1m│ dart:async/stream_impl.dart 312:7                                                               _BufferingStreamSubscription._add[0m
[38;5;1m│ dart:async/stream_controller.dart 798:19                                                        _SyncStreamControllerDispatch._sendData[0m
[38;5;1m│ dart:async/stream_controller.dart 663:7                                                         _StreamController._add[0m
[38;5;1m│ dart:async/stream_controller.dart 618:5                                                         _StreamController.add[0m
[38;5;1m│ dart:async/stream_controller.dart 898:13                                                        _StreamSinkWrapper.add[0m
[38;5;1m│ dart:async/zone.dart 1778:10                                                                    _RootZone.runUnaryGuarded[0m
[38;5;1m│ dart:async/stream_impl.dart 381:11                                                              _BufferingStreamSubscription._sendData[0m
[38;5;1m│ dart:async/stream_impl.dart 312:7                                                               _BufferingStreamSubscription._add[0m
[38;5;1m│ dart:async/stream_pipe.dart 154:11                                                              _ForwardingStreamSubscription._add[0m
[38;5;1m│ dart:async/stream_pipe.dart 252:10                                                              _MapStream._handleData[0m
[38;5;1m│ dart:async/stream_pipe.dart 184:13                                                              _ForwardingStreamSubscription._handleData[0m
[38;5;1m│ dart:async/zone.dart 1778:10                                                                    _RootZone.runUnaryGuarded[0m
[38;5;1m│ dart:async/stream_impl.dart 381:11                                                              _BufferingStreamSubscription._sendData[0m
[38;5;1m│ dart:async/stream_impl.dart 312:7                                                               _BufferingStreamSubscription._add[0m
[38;5;1m│ dart:async/stream_controller.dart 798:19                                                        _SyncStreamControllerDispatch._sendData[0m
[38;5;1m│ dart:async/stream_controller.dart 663:7                                                         _StreamController._add[0m
[38;5;1m│ dart:async/stream_controller.dart 618:5                                                         _StreamController.add[0m
[38;5;1m│ dart:_http/websocket_impl.dart 1252:27                                                          new _WebSocketImpl._fromSocket.<fn>[0m
[38;5;1m│ dart:async/zone.dart 1778:10                                                                    _RootZone.runUnaryGuarded[0m
[38;5;1m│ dart:async/stream_impl.dart 381:11                                                              _BufferingStreamSubscription._sendData[0m
[38;5;1m│ dart:async/stream_impl.dart 312:7                                                               _BufferingStreamSubscription._add[0m
[38;5;1m│ dart:async/stream_transformers.dart 67:11                                                       _SinkTransformerStreamSubscription._add[0m
[38;5;1m│ dart:async/stream_transformers.dart 13:11                                                       _EventSinkWrapper.add[0m
[38;5;1m│ dart:_http/websocket_impl.dart 348:23                                                           _WebSocketProtocolTransformer._messageFrameEnd[0m
[38;5;1m│ dart:_http/websocket_impl.dart 238:46                                                           _WebSocketProtocolTransformer.add[0m
[38;5;1m│ dart:async/stream_transformers.dart 115:24                                                      _SinkTransformerStreamSubscription._handleData[0m
[38;5;1m│ dart:async/zone.dart 1778:10                                                                    _RootZone.runUnaryGuarded[0m
[38;5;1m│ dart:async/stream_impl.dart 381:11                                                              _BufferingStreamSubscription._sendData[0m
[38;5;1m│ dart:async/stream_impl.dart 312:7                                                               _BufferingStreamSubscription._add[0m
[38;5;1m│ dart:async/stream_controller.dart 798:19                                                        _SyncStreamControllerDispatch._sendData[0m
[38;5;1m│ dart:async/stream_controller.dart 663:7                                                         _StreamController._add[0m
[38;5;1m│ dart:async/stream_controller.dart 618:5                                                         _StreamController.add[0m
[38;5;1m│ dart:io-patch/socket_patch.dart 2880:41                                                         _Socket._onData[0m
[38;5;1m│ dart:async/zone.dart 1778:10                                                                    _RootZone.runUnaryGuarded[0m
[38;5;1m│ dart:async/stream_impl.dart 381:11                                                              _BufferingStreamSubscription._sendData[0m
[38;5;1m│ dart:async/stream_impl.dart 312:7                                                               _BufferingStreamSubscription._add[0m
[38;5;1m│ dart:async/stream_controller.dart 798:19                                                        _SyncStreamControllerDispatch._sendData[0m
[38;5;1m│ dart:async/stream_controller.dart 663:7                                                         _StreamController._add[0m
[38;5;1m│ dart:async/stream_controller.dart 618:5                                                         _StreamController.add[0m
[38;5;1m│ dart:io-patch/socket_patch.dart 2315:31                                                         new _RawSocket.<fn>[0m
[38;5;1m│ dart:io-patch/socket_patch.dart 1655:14                                                         _NativeSocket.issueReadEvent.issue[0m
[38;5;1m│ dart:async/schedule_microtask.dart 40:35                                                        _microtaskLoop[0m
[38;5;1m│ dart:async/schedule_microtask.dart 49:5                                                         _startMicrotaskLoop[0m
[38;5;1m│ }[0m
[38;5;1m└──────────────────────────────────────────────────────────────────────────────────────────────────────────────[0m
══╡ EXCEPTION CAUGHT BY FLUTTER TEST FRAMEWORK ╞════════════════════════════════════════════════════
The following assertion was thrown running a test:
Guarded function conflict.
You must use "await" with all Future-returning test APIs.
The guarded method "pump" from class WidgetTester was called from
file:///C:/Users/User/FlutterProjects/taskly_bloc/test/helpers/test_helpers.dart on line 190.
Then, it was called from
file:///C:/Users/User/FlutterProjects/taskly_bloc/test/helpers/test_helpers.dart on line 84.
The first method had not yet finished executing at the time that the second method was called. Since
both are guarded, and the second was not a nested call inside the first, the first must complete its
execution before the second can be called. Typically, this is achieved by putting an "await"
statement in front of the call to the first.

When the first method was called, this was the stack:
#0      TestAsyncUtils.guard (package:flutter_test/src/test_async_utils.dart:72:54)
#1      WidgetTester.pump (package:flutter_test/src/widget_tester.dart:652:27)
#2      PumpHelpers.pumpUntilFound (file:///C:/Users/User/FlutterProjects/taskly_bloc/test/helpers/test_helpers.dart:190:13)
<asynchronous suspension>
#3      main.<anonymous closure> (file:///C:/Users/User/FlutterProjects/taskly_bloc/test/presentation/features/journal/journal_trackers_page_widget_test.dart:89:19)
<asynchronous suspension>
<asynchronous suspension>
#5      testWidgetsSafe.<anonymous closure> (file:///C:/Users/User/FlutterProjects/taskly_bloc/test/helpers/test_helpers.dart:71:9)
<asynchronous suspension>
#6      testWidgets.<anonymous closure>.<anonymous closure> (package:flutter_test/src/widget_tester.dart:192:15)
<asynchronous suspension>
#7      TestWidgetsFlutterBinding._runTestBody (package:flutter_test/src/binding.dart:1059:5)
<asynchronous suspension>
<asynchronous suspension>
(elided 2 frames from dart:async and package:stack_trace)

When the exception was thrown, this was the stack:
#0      TestAsyncUtils.guardSync (package:flutter_test/src/test_async_utils.dart:312:5)
#1      TestAsyncUtils.guard (package:flutter_test/src/test_async_utils.dart:66:5)
#2      WidgetTester.pump (package:flutter_test/src/widget_tester.dart:652:27)
#3      testWidgetsSafe.<anonymous closure> (file:///C:/Users/User/FlutterProjects/taskly_bloc/test/helpers/test_helpers.dart:84:22)
<asynchronous suspension>
#4      testWidgets.<anonymous closure>.<anonymous closure> (package:flutter_test/src/widget_tester.dart:192:15)
<asynchronous suspension>
#5      TestWidgetsFlutterBinding._runTestBody (package:flutter_test/src/binding.dart:1059:5)
<asynchronous suspension>
<asynchronous suspension>
(elided one frame from package:stack_trace)

The test description was:
  shows error state when streams fail
════════════════════════════════════════════════════════════════════════════════════════════════════
01:10 +180 -18: C:/Users/User/FlutterProjects/taskly_bloc/test/presentation/features/journal/journal_trackers_page_widget_test.dart: shows error state when streams fail [E]
  Test failed. See exception logs above.
  The test description was: shows error state when streams fail
  
01:10 +180 -18: C:/Users/User/FlutterProjects/taskly_bloc/test/presentation/features/journal/journal_trackers_page_widget_test.dart: renders groups and trackers when loaded
01:10 +181 -18: C:/Users/User/FlutterProjects/taskly_bloc/test/presentation/features/journal/journal_trackers_page_widget_test.dart: updates list when trackers change
01:10 +182 -18: C:/Users/User/FlutterProjects/taskly_bloc/test/presentation/features/journal/journal_trackers_page_widget_test.dart: (tearDownAll)
01:11 +182 -18: loading C:/Users/User/FlutterProjects/taskly_bloc/test/presentation/features/journal/journal_tracker_wizard_page_widget_test.dart
01:11 +182 -18: C:/Users/User/FlutterProjects/taskly_bloc/test/presentation/features/journal/journal_tracker_wizard_page_widget_test.dart: (setUpAll)
01:11 +182 -18: C:/Users/User/FlutterProjects/taskly_bloc/test/presentation/features/journal/journal_tracker_wizard_page_widget_test.dart: shows error snack bar when groups stream fails
[38;5;1m┌──────────────────────────────────────────────────────────────────────────────────────────────────────────────[0m
[38;5;1m│ [error] | 6:38:20 435ms | boom[0m
[38;5;1m│ StackTrace: dart:async/future_impl.dart 21:26                                                               _interceptError[0m
[38;5;1m│ dart:async/future_impl.dart 52:23                                                               _interceptUserError[0m
[38;5;1m│ dart:async/stream.dart 213:39                                                                   new Stream.error[0m
[38;5;1m│ test\presentation\features\journal\journal_tracker_wizard_page_widget_test.dart 102:25          main.<fn>.<fn>[0m
[38;5;1m│ package:mocktail/src/mocktail.dart 131:37                                                       Mock.noSuchMethod[0m
[38;5;1m│ test\mocks\feature_mocks.dart 26:7                                                              MockJournalRepositoryContract.watchTrackerGroups[0m
[38;5;1m│ package:taskly_bloc/presentation/features/journal/bloc/journal_tracker_wizard_bloc.dart 316:33  JournalTrackerWizardBloc._onStarted[0m
[38;5;1m│ package:bloc/src/bloc.dart 226:26                                                               Bloc.on.<fn>.handleEvent[0m
[38;5;1m│ package:bloc/src/bloc.dart 237:9                                                                Bloc.on.<fn>[0m
[38;5;1m│ dart:async/stream_pipe.dart 247:31                                                              _MapStream._handleData[0m
[38;5;1m│ dart:async/stream_pipe.dart 184:13                                                              _ForwardingStreamSubscription._handleData[0m
[38;5;1m│ package:stack_trace/src/stack_zone_specification.dart 127:36                                    StackZoneSpecification._registerUnaryCallback.<fn>.<fn>[0m
[38;5;1m│ package:stack_trace/src/stack_zone_specification.dart 207:15                                    StackZoneSpecification._run[0m
[38;5;1m│ package:stack_trace/src/stack_zone_specification.dart 127:24                                    StackZoneSpecification._registerUnaryCallback.<fn>[0m
[38;5;1m│ dart:async/zone.dart 1538:47                                                                    _rootRunUnary[0m
[38;5;1m│ dart:async/zone.dart 1429:19                                                                    _CustomZone.runUnary[0m
[38;5;1m│ dart:async/zone.dart 1329:7                                                                     _CustomZone.runUnaryGuarded[0m
[38;5;1m│ dart:_internal/async_cast.dart 95:11                                                            CastStreamSubscription._onData[0m
[38;5;1m│ package:stack_trace/src/stack_zone_specification.dart 127:36                                    StackZoneSpecification._registerUnaryCallback.<fn>.<fn>[0m
[38;5;1m│ package:stack_trace/src/stack_zone_specification.dart 207:15                                    StackZoneSpecification._run[0m
[38;5;1m│ package:stack_trace/src/stack_zone_specification.dart 127:24                                    StackZoneSpecification._registerUnaryCallback.<fn>[0m
[38;5;1m│ dart:async/zone.dart 1538:47                                                                    _rootRunUnary[0m
[38;5;1m│ dart:async/zone.dart 1429:19                                                                    _CustomZone.runUnary[0m
[38;5;1m│ dart:async/zone.dart 1329:7                                                                     _CustomZone.runUnaryGuarded[0m
[38;5;1m│ dart:async/stream_impl.dart 381:11                                                              _BufferingStreamSubscription._sendData[0m
[38;5;1m│ dart:async/stream_impl.dart 312:7                                                               _BufferingStreamSubscription._add[0m
[38;5;1m│ dart:async/stream_pipe.dart 154:11                                                              _ForwardingStreamSubscription._add[0m
[38;5;1m│ dart:async/stream_pipe.dart 229:12                                                              _WhereStream._handleData[0m
[38;5;1m│ dart:async/stream_pipe.dart 184:13                                                              _ForwardingStreamSubscription._handleData[0m
[38;5;1m│ package:stack_trace/src/stack_zone_specification.dart 127:36                                    StackZoneSpecification._registerUnaryCallback.<fn>.<fn>[0m
[38;5;1m│ package:stack_trace/src/stack_zone_specification.dart 207:15                                    StackZoneSpecification._run[0m
[38;5;1m│ package:stack_trace/src/stack_zone_specification.dart 127:24                                    StackZoneSpecification._registerUnaryCallback.<fn>[0m
[38;5;1m│ dart:async/zone.dart 1538:47                                                                    _rootRunUnary[0m
[38;5;1m│ dart:async/zone.dart 1429:19                                                                    _CustomZone.runUnary[0m
[38;5;1m│ dart:async/zone.dart 1329:7                                                                     _CustomZone.runUnaryGuarded[0m
[38;5;1m│ dart:async/stream_impl.dart 381:11                                                              _BufferingStreamSubscription._sendData[0m
[38;5;1m│ dart:async/stream_impl.dart 573:14                                                              _DelayedData.perform[0m
[38;5;1m│ dart:async/stream_impl.dart 678:11                                                              _PendingEvents.handleNext[0m
[38;5;1m│ dart:async/stream_impl.dart 649:7                                                               _PendingEvents.schedule.<fn>[0m
[38;5;1m│ package:stack_trace/src/stack_zone_specification.dart 207:15                                    StackZoneSpecification._run[0m
[38;5;1m│ package:stack_trace/src/stack_zone_specification.dart 114:48                                    StackZoneSpecification._registerCallback.<fn>[0m
[38;5;1m│ dart:async/zone.dart 1517:47                                                                    _rootRun[0m
[38;5;1m│ dart:async/zone.dart 1422:19                                                                    _CustomZone.run[0m
[38;5;1m│ dart:async/zone.dart 1321:7                                                                     _CustomZone.runGuarded[0m
[38;5;1m│ dart:async/zone.dart 1362:23                                                                    _CustomZone.bindCallbackGuarded.<fn>[0m
[38;5;1m│ dart:async/zone.dart 1517:47                                                                    _rootRun[0m
[38;5;1m│ dart:async/zone.dart 1422:19                                                                    _CustomZone.run[0m
[38;5;1m│ dart:async/zone.dart 1321:7                                                                     _CustomZone.runGuarded[0m
[38;5;1m│ package:fake_async/fake_async.dart 189:18                                                       FakeAsync.run.<fn>.<fn>[0m
[38;5;1m│ package:fake_async/fake_async.dart 200:32                                                       FakeAsync.flushMicrotasks[0m
[38;5;1m│ package:flutter_test/src/binding.dart 1337:26                                                   AutomatedTestWidgetsFlutterBinding.pump.<fn>[0m
[38;5;1m│ dart:async/zone.dart 1525:13                                                                    _rootRun[0m
[38;5;1m│ dart:async/zone.dart 1422:19                                                                    _CustomZone.run[0m
[38;5;1m│ package:flutter_test/src/test_async_utils.dart 74:41                                            TestAsyncUtils.guard[0m
[38;5;1m│ package:flutter_test/src/binding.dart 1324:27                                                   AutomatedTestWidgetsFlutterBinding.pump[0m
[38;5;1m│ package:flutter_test/src/widget_tester.dart 598:22                                              WidgetTester.pumpWidget.<fn>[0m
[38;5;1m│ dart:async/zone.dart 1525:13                                                                    _rootRun[0m
[38;5;1m│ dart:async/zone.dart 1422:19                                                                    _CustomZone.run[0m
[38;5;1m│ package:flutter_test/src/test_async_utils.dart 74:41                                            TestAsyncUtils.guard[0m
[38;5;1m│ package:flutter_test/src/widget_tester.dart 595:27                                              WidgetTester.pumpWidget[0m
[38;5;1m│ test\helpers\pump_app.dart 43:16                                                                pumpTasklyApp[0m
[38;5;1m│ test\helpers\widget_test_helpers.dart 70:11                                                     WidgetPumpExtensions.pumpApp[0m
[38;5;1m│ test\presentation\features\journal\journal_tracker_wizard_page_widget_test.dart 81:18           main.pumpPage[0m
[38;5;1m│ test\presentation\features\journal\journal_tracker_wizard_page_widget_test.dart 104:11          main.<fn>[0m
[38;5;1m│ test\helpers\test_helpers.dart 71:23                                                            testWidgetsSafe.<fn>[0m
[38;5;1m│ package:flutter_test/src/widget_tester.dart 192:29                                              testWidgets.<fn>.<fn>[0m
[38;5;1m│ ===== asynchronous gap ===========================[0m
[38;5;1m│ dart:async/zone.dart 1450:19                                                                    _CustomZone.registerUnaryCallback[0m
[38;5;1m│ dart:_internal/async_cast.dart 51:17                                                            CastStreamSubscription.onData[0m
[38;5;1m│ dart:_internal/async_cast.dart 23:9                                                             CastStream.listen[0m
[38;5;1m│ dart:async/stream_pipe.dart 141:37                                                              new _ForwardingStreamSubscription[0m
[38;5;1m│ dart:async/stream_pipe.dart 105:16                                                              _ForwardingStream._createSubscription[0m
[38;5;1m│ dart:async/stream_pipe.dart 96:12                                                               _ForwardingStream.listen[0m
[38;5;1m│ package:stream_transform/src/switch.dart 82:33                                                  SwitchLatest.switchLatest.<fn>[0m
[38;5;1m│ dart:async/stream_controller.dart 838:24                                                        _runGuarded[0m
[38;5;1m│ dart:async/broadcast_stream_controller.dart 220:7                                               _BroadcastStreamController._subscribe[0m
[38;5;1m│ dart:async/stream_controller.dart 854:20                                                        _ControllerStream._createSubscription[0m
[38;5;1m│ dart:async/stream_impl.dart 516:42                                                              _StreamImpl.listen[0m
[38;5;1m│ package:bloc/src/bloc.dart 240:7                                                                Bloc.on[0m
[38;5;1m│ package:taskly_bloc/presentation/features/journal/bloc/journal_tracker_wizard_bloc.dart 243:5   new JournalTrackerWizardBloc[0m
[38;5;1m│ package:taskly_bloc/presentation/features/journal/view/journal_tracker_wizard_page.dart 15:28   JournalTrackerWizardPage.build.<fn>[0m
[38;5;1m│ package:provider/src/inherited_provider.dart 749:36                                             _CreateInheritedProviderState.value[0m
[38;5;1m│ package:provider/src/inherited_provider.dart 603:33                                             _InheritedProviderScopeElement.value[0m
[38;5;1m│ package:provider/src/provider.dart 337:37                                                       Provider.of[0m
[38;5;1m│ package:provider/src/provider.dart 683:21                                                       ReadContext.read[0m
[38;5;1m│ package:flutter_bloc/src/bloc_consumer.dart 130:36                                              _BlocConsumerState.initState[0m
[38;5;1m│ package:flutter/src/widgets/framework.dart 5953:55                                              StatefulElement._firstBuild[0m
[38;5;1m│ package:flutter/src/widgets/framework.dart 5796:5                                               ComponentElement.mount[0m
[38;5;1m│ package:flutter/src/widgets/framework.dart 4590:20                                              Element.inflateWidget[0m
[38;5;1m│ package:flutter/src/widgets/framework.dart 4059:18                                              Element.updateChild[0m
[38;5;1m│ package:flutter/src/widgets/framework.dart 5844:16                                              ComponentElement.performRebuild[0m
[38;5;1m│ package:flutter/src/widgets/framework.dart 5985:11                                              StatefulElement.performRebuild[0m
[38;5;1m│ package:flutter/src/widgets/framework.dart 5532:7                                               Element.rebuild[0m
[38;5;1m│ package:flutter/src/widgets/framework.dart 5802:5                                               ComponentElement._firstBuild[0m
[38;5;1m│ package:flutter/src/widgets/framework.dart 5976:11                                              StatefulElement._firstBuild[0m
[38;5;1m│ package:flutter/src/widgets/framework.dart 5796:5                                               ComponentElement.mount[0m
[38;5;1m│ package:flutter/src/widgets/framework.dart 4590:20                                              Element.inflateWidget[0m
[38;5;1m│ package:flutter/src/widgets/framework.dart 4059:18                                              Element.updateChild[0m
[38;5;1m│ package:flutter/src/widgets/framework.dart 5844:16                                              ComponentElement.performRebuild[0m
[38;5;1m│ package:flutter/src/widgets/framework.dart 5532:7                                               Element.rebuild[0m
[38;5;1m│ package:flutter/src/widgets/framework.dart 5802:5                                               ComponentElement._firstBuild[0m
[38;5;1m│ package:flutter/src/widgets/framework.dart 5796:5                                               ComponentElement.mount[0m
[38;5;1m│ package:provider/src/inherited_provider.dart 424:11                                             _InheritedProviderScopeElement.mount[0m
[38;5;1m│ package:flutter/src/widgets/framework.dart 4590:20                                              Element.inflateWidget[0m
[38;5;1m│ package:flutter/src/widgets/framework.dart 4059:18                                              Element.updateChild[0m
[38;5;1m│ package:flutter/src/widgets/framework.dart 5844:16                                              ComponentElement.performRebuild[0m
[38;5;1m│ package:flutter/src/widgets/framework.dart 5532:7                                               Element.rebuild[0m
[38;5;1m│ package:flutter/src/widgets/framework.dart 5802:5                                               ComponentElement._firstBuild[0m
[38;5;1m│ package:flutter/src/widgets/framework.dart 5796:5                                               ComponentElement.mount[0m
[38;5;1m│ package:nested/nested.dart 222:11                                                               SingleChildWidgetElementMixin.mount[0m
[38;5;1m│ package:flutter/src/widgets/framework.dart 4590:20                                              Element.inflateWidget[0m
[38;5;1m│ package:flutter/src/widgets/framework.dart 4059:18                                              Element.updateChild[0m
[38;5;1m│ package:flutter/src/widgets/framework.dart 5844:16                                              ComponentElement.performRebuild[0m
[38;5;1m│ package:flutter/src/widgets/framework.dart 5532:7                                               Element.rebuild[0m
[38;5;1m│ package:flutter/src/widgets/framework.dart 5802:5                                               ComponentElement._firstBuild[0m
[38;5;1m│ package:flutter/src/widgets/framework.dart 5796:5                                               ComponentElement.mount[0m
[38;5;1m│ package:nested/nested.dart 222:11                                                               SingleChildWidgetElementMixin.mount[0m
[38;5;1m│ package:flutter/src/widgets/framework.dart 4590:20                                              Element.inflateWidget[0m
[38;5;1m│ package:flutter/src/widgets/framework.dart 4059:18                                              Element.updateChild[0m
[38;5;1m│ package:flutter/src/widgets/framework.dart 5844:16                                              ComponentElement.performRebuild[0m
[38;5;1m│ package:flutter/src/widgets/framework.dart 5532:7                                               Element.rebuild[0m
[38;5;1m│ package:flutter/src/widgets/framework.dart 5802:5                                               ComponentElement._firstBuild[0m
[38;5;1m│ package:flutter/src/widgets/framework.dart 5796:5                                               ComponentElement.mount[0m
[38;5;1m│ package:flutter/src/widgets/framework.dart 4590:20                                              Element.inflateWidget[0m
[38;5;1m│ package:flutter/src/widgets/framework.dart 4059:18                                              Element.updateChild[0m
[38;5;1m│ package:flutter/src/widgets/framework.dart 5844:16                                              ComponentElement.performRebuild[0m
[38;5;1m│ package:flutter/src/widgets/framework.dart 5532:7                                               Element.rebuild[0m
[38;5;1m│ package:flutter/src/widgets/framework.dart 5802:5                                               ComponentElement._firstBuild[0m
[38;5;1m│ package:flutter/src/widgets/framework.dart 5796:5                                               ComponentElement.mount[0m
[38;5;1m│ package:provider/src/inherited_provider.dart 424:11                                             _InheritedProviderScopeElement.mount[0m
[38;5;1m│ package:flutter/src/widgets/framework.dart 4590:20                                              Element.inflateWidget[0m
[38;5;1m│ package:flutter/src/widgets/framework.dart 4059:18                                              Element.updateChild[0m
[38;5;1m│ package:flutter/src/widgets/framework.dart 5844:16                                              ComponentElement.performRebuild[0m
[38;5;1m│ package:flutter/src/widgets/framework.dart 5532:7                                               Element.rebuild[0m
[38;5;1m│ package:flutter/src/widgets/framework.dart 5802:5                                               ComponentElement._firstBuild[0m
[38;5;1m│ package:flutter/src/widgets/framework.dart 5796:5                                               ComponentElement.mount[0m
[38;5;1m│ package:provider/src/inherited_provider.dart 424:11                                             _InheritedProviderScopeElement.mount[0m
[38;5;1m│ package:flutter/src/widgets/framework.dart 4590:20                                              Element.inflateWidget[0m
[38;5;1m│ package:flutter/src/widgets/framework.dart 4059:18                                              Element.updateChild[0m
[38;5;1m│ package:flutter/src/widgets/framework.dart 5844:16                                              ComponentElement.performRebuild[0m
[38;5;1m│ package:flutter/src/widgets/framework.dart 5532:7                                               Element.rebuild[0m
[38;5;1m│ package:flutter/src/widgets/framework.dart 5802:5                                               ComponentElement._firstBuild[0m
[38;5;1m│ package:flutter/src/widgets/framework.dart 5796:5                                               ComponentElement.mount[0m
[38;5;1m│ package:provider/src/inherited_provider.dart 424:11                                             _InheritedProviderScopeElement.mount[0m
[38;5;1m│ package:flutter/src/widgets/framework.dart 4590:20                                              Element.inflateWidget[0m
[38;5;1m│ package:flutter/src/widgets/framework.dart 4059:18                                              Element.updateChild[0m
[38;5;1m│ package:flutter/src/widgets/framework.dart 5844:16                                              ComponentElement.performRebuild[0m
[38;5;1m│ package:flutter/src/widgets/framework.dart 5532:7                                               Element.rebuild[0m
[38;5;1m│ package:flutter/src/widgets/framework.dart 5802:5                                               ComponentElement._firstBuild[0m
[38;5;1m│ package:flutter/src/widgets/framework.dart 5796:5                                               ComponentElement.mount[0m
[38;5;1m│ package:nested/nested.dart 222:11                                                               SingleChildWidgetElementMixin.mount[0m
[38;5;1m│ package:flutter/src/widgets/framework.dart 4590:20                                              Element.inflateWidget[0m
[38;5;1m│ package:flutter/src/widgets/framework.dart 4059:18                                              Element.updateChild[0m
[38;5;1m│ package:flutter/src/widgets/framework.dart 5844:16                                              ComponentElement.performRebuild[0m
[38;5;1m│ package:flutter/src/widgets/framework.dart 5532:7                                               Element.rebuild[0m
[38;5;1m│ package:flutter/src/widgets/framework.dart 5802:5                                               ComponentElement._firstBuild[0m
[38;5;1m│ package:flutter/src/widgets/framework.dart 5796:5                                               ComponentElement.mount[0m
[38;5;1m│ package:nested/nested.dart 187:11                                                               _NestedHookElement.mount[0m
[38;5;1m│ package:flutter/src/widgets/framework.dart 4590:20                                              Element.inflateWidget[0m
[38;5;1m│ package:flutter/src/widgets/framework.dart 4059:18                                              Element.updateChild[0m
[38;5;1m│ package:flutter/src/widgets/framework.dart 5844:16                                              ComponentElement.performRebuild[0m
[38;5;1m│ package:flutter/src/widgets/framework.dart 5532:7                                               Element.rebuild[0m
[38;5;1m│ package:flutter/src/widgets/framework.dart 5802:5                                               ComponentElement._firstBuild[0m
[38;5;1m│ package:flutter/src/widgets/framework.dart 5796:5                                               ComponentElement.mount[0m
[38;5;1m│ package:nested/nested.dart 222:11                                                               SingleChildWidgetElementMixin.mount[0m
[38;5;1m│ package:flutter/src/widgets/framework.dart 4590:20                                              Element.inflateWidget[0m
[38;5;1m│ package:flutter/src/widgets/framework.dart 4059:18                                              Element.updateChild[0m
[38;5;1m│ package:flutter/src/widgets/framework.dart 7118:14                                              SingleChildRenderObjectElement.mount[0m
[38;5;1m│ package:flutter/src/widgets/framework.dart 4590:20                                              Element.inflateWidget[0m
[38;5;1m│ package:flutter/src/widgets/framework.dart 4059:18                                              Element.updateChild[0m
[38;5;1m│ package:flutter/src/widgets/framework.dart 5844:16                                              ComponentElement.performRebuild[0m
[38;5;1m│ package:flutter/src/widgets/framework.dart 5532:7                                               Element.rebuild[0m
[38;5;1m│ package:flutter/src/widgets/framework.dart 5802:5                                               ComponentElement._firstBuild[0m
[38;5;1m│ package:flutter/src/widgets/framework.dart 5796:5                                               ComponentElement.mount[0m
[38;5;1m│ package:flutter/src/widgets/framework.dart 4590:20                                              Element.inflateWidget[0m
[38;5;1m│ package:flutter/src/widgets/framework.dart 4059:18                                              Element.updateChild[0m
[38;5;1m│ package:flutter/src/widgets/framework.dart 7118:14                                              SingleChildRenderObjectElement.mount[0m
[38;5;1m│ package:flutter/src/widgets/framework.dart 4590:20                                              Element.inflateWidget[0m
[38;5;1m│ package:flutter/src/widgets/framework.dart 4059:18                                              Element.updateChild[0m
[38;5;1m│ package:flutter/src/widgets/framework.dart 7118:14                                              SingleChildRenderObjectElement.mount[0m
[38;5;1m│ package:flutter/src/widgets/framework.dart 4590:20                                              Element.inflateWidget[0m
[38;5;1m│ package:flutter/src/widgets/framework.dart 4059:18                                              Element.updateChild[0m
[38;5;1m│ package:flutter/src/widgets/framework.dart 5844:16                                              ComponentElement.performRebuild[0m
[38;5;1m│ package:flutter/src/widgets/framework.dart 5985:11                                              StatefulElement.performRebuild[0m
[38;5;1m│ package:flutter/src/widgets/framework.dart 5532:7                                               Element.rebuild[0m
[38;5;1m│ package:flutter/src/widgets/framework.dart 5802:5                                               ComponentElement._firstBuild[0m
[38;5;1m│ package:flutter/src/widgets/framework.dart 5976:11                                              StatefulElement._firstBuild[0m
[38;5;1m│ package:flutter/src/widgets/framework.dart 5796:5                                               ComponentElement.mount[0m
[38;5;1m│ package:flutter/src/widgets/framework.dart 4590:20                                              Element.inflateWidget[0m
[38;5;1m│ package:flutter/src/widgets/framework.dart 4059:18                                              Element.updateChild[0m
[38;5;1m│ package:flutter/src/widgets/framework.dart 7118:14                                              SingleChildRenderObjectElement.mount[0m
[38;5;1m│ package:flutter/src/widgets/framework.dart 4590:20                                              Element.inflateWidget[0m
[38;5;1m│ package:flutter/src/widgets/framework.dart 4059:18                                              Element.updateChild[0m
[38;5;1m│ package:flutter/src/widgets/framework.dart 5844:16                                              ComponentElement.performRebuild[0m
[38;5;1m│ package:flutter/src/widgets/framework.dart 5985:11                                              StatefulElement.performRebuild[0m
[38;5;1m│ package:flutter/src/widgets/framework.dart 5532:7                                               Element.rebuild[0m
[38;5;1m│ package:flutter/src/widgets/framework.dart 5802:5                                               ComponentElement._firstBuild[0m
[38;5;1m│ package:flutter/src/widgets/framework.dart 5976:11                                              StatefulElement._firstBuild[0m
[38;5;1m│ package:flutter/src/widgets/framework.dart 5796:5                                               ComponentElement.mount[0m
[38;5;1m│ package:flutter/src/widgets/framework.dart 4590:20                                              Element.inflateWidget[0m
[38;5;1m│ package:flutter/src/widgets/framework.dart 4059:18                                              Element.updateChild[0m
[38;5;1m│ package:flutter/src/widgets/framework.dart 7118:14                                              SingleChildRenderObjectElement.mount[0m
[38;5;1m│ package:flutter/src/widgets/framework.dart 4590:20                                              Element.inflateWidget[0m
[38;5;1m│ package:flutter/src/widgets/framework.dart 4059:18                                              Element.updateChild[0m
[38;5;1m│ package:flutter/src/widgets/framework.dart 7118:14                                              SingleChildRenderObjectElement.mount[0m
[38;5;1m│ package:flutter/src/widgets/framework.dart 4590:20                                              Element.inflateWidget[0m
[38;5;1m│ package:flutter/src/widgets/framework.dart 4059:18                                              Element.updateChild[0m
[38;5;1m│ package:flutter/src/widgets/framework.dart 5844:16                                              ComponentElement.performRebuild[0m
[38;5;1m│ package:flutter/src/widgets/framework.dart 5985:11                                              StatefulElement.performRebuild[0m
[38;5;1m│ package:flutter/src/widgets/framework.dart 5532:7                                               Element.rebuild[0m
[38;5;1m│ package:flutter/src/widgets/framework.dart 5802:5                                               ComponentElement._firstBuild[0m
[38;5;1m│ package:flutter/src/widgets/framework.dart 5976:11                                              StatefulElement._firstBuild[0m
[38;5;1m│ package:flutter/src/widgets/framework.dart 5796:5                                               ComponentElement.mount[0m
[38;5;1m│ package:flutter/src/widgets/framework.dart 4590:20                                              Element.inflateWidget[0m
[38;5;1m│ package:flutter/src/widgets/framework.dart 4059:18                                              Element.updateChild[0m
[38;5;1m│ package:flutter/src/widgets/framework.dart 7118:14                                              SingleChildRenderObjectElement.mount[0m
[38;5;1m│ package:flutter/src/widgets/framework.dart 4590:20                                              Element.inflateWidget[0m
[38;5;1m│ package:flutter/src/widgets/framework.dart 4059:18                                              Element.updateChild[0m
[38;5;1m│ package:flutter/src/widgets/framework.dart 5844:16                                              ComponentElement.performRebuild[0m
[38;5;1m│ package:flutter/src/widgets/framework.dart 5985:11                                              StatefulElement.performRebuild[0m
[38;5;1m│ package:flutter/src/widgets/framework.dart 5532:7                                               Element.rebuild[0m
[38;5;1m│ package:flutter/src/widgets/framework.dart 5802:5                                               ComponentElement._firstBuild[0m
[38;5;1m│ package:flutter/src/widgets/framework.dart 5976:11                                              StatefulElement._firstBuild[0m
[38;5;1m│ package:flutter/src/widgets/framework.dart 5796:5                                               ComponentElement.mount[0m
[38;5;1m│ package:flutter/src/widgets/framework.dart 4590:20                                              Element.inflateWidget[0m
[38;5;1m│ package:flutter/src/widgets/framework.dart 4059:18                                              Element.updateChild[0m
[38;5;1m│ package:flutter/src/widgets/framework.dart 7118:14                                              SingleChildRenderObjectElement.mount[0m
[38;5;1m│ package:flutter/src/widgets/framework.dart 4590:20                                              Element.inflateWidget[0m
[38;5;1m│ package:flutter/src/widgets/framework.dart 4059:18                                              Element.updateChild[0m
[38;5;1m│ package:flutter/src/widgets/framework.dart 7118:14                                              SingleChildRenderObjectElement.mount[0m
[38;5;1m│ package:flutter/src/widgets/framework.dart 4590:20                                              Element.inflateWidget[0m
[38;5;1m│ package:flutter/src/widgets/framework.dart 4059:18                                              Element.updateChild[0m
[38;5;1m│ package:flutter/src/widgets/framework.dart 5844:16                                              ComponentElement.performRebuild[0m
[38;5;1m│ package:flutter/src/widgets/framework.dart 5985:11                                              StatefulElement.performRebuild[0m
[38;5;1m│ package:flutter/src/widgets/framework.dart 5532:7                                               Element.rebuild[0m
[38;5;1m│ package:flutter/src/widgets/framework.dart 5802:5                                               ComponentElement._firstBuild[0m
[38;5;1m│ package:flutter/src/widgets/framework.dart 5976:11                                              StatefulElement._firstBuild[0m
[38;5;1m│ package:flutter/src/widgets/framework.dart 5796:5                                               ComponentElement.mount[0m
[38;5;1m│ package:flutter/src/widgets/framework.dart 4590:20                                              Element.inflateWidget[0m
[38;5;1m│ package:flutter/src/widgets/framework.dart 4059:18                                              Element.updateChild[0m
[38;5;1m│ package:flutter/src/widgets/framework.dart 7118:14                                              SingleChildRenderObjectElement.mount[0m
[38;5;1m│ package:flutter/src/widgets/framework.dart 4590:20                                              Element.inflateWidget[0m
[38;5;1m│ package:flutter/src/widgets/framework.dart 4059:18                                              Element.updateChild[0m
[38;5;1m│ package:flutter/src/widgets/framework.dart 7118:14                                              SingleChildRenderObjectElement.mount[0m
[38;5;1m│ package:flutter/src/widgets/framework.dart 4590:20                                              Element.inflateWidget[0m
[38;5;1m│ package:flutter/src/widgets/framework.dart 4059:18                                              Element.updateChild[0m
[38;5;1m│ package:flutter/src/widgets/framework.dart 7118:14                                              SingleChildRenderObjectElement.mount[0m
[38;5;1m│ package:flutter/src/widgets/framework.dart 4590:20                                              Element.inflateWidget[0m
[38;5;1m│ package:flutter/src/widgets/framework.dart 4059:18                                              Element.updateChild[0m
[38;5;1m│ package:flutter/src/widgets/framework.dart 5844:16                                              ComponentElement.performRebuild[0m
[38;5;1m│ package:flutter/src/widgets/framework.dart 5985:11                                              StatefulElement.performRebuild[0m
[38;5;1m│ package:flutter/src/widgets/framework.dart 5532:7                                               Element.rebuild[0m
[38;5;1m│ package:flutter/src/widgets/framework.dart 5802:5                                               ComponentElement._firstBuild[0m
[38;5;1m│ package:flutter/src/widgets/framework.dart 5976:11                                              StatefulElement._firstBuild[0m
[38;5;1m│ package:flutter/src/widgets/framework.dart 5796:5                                               ComponentElement.mount[0m
[38;5;1m│ package:flutter/src/widgets/framework.dart 4590:20                                              Element.inflateWidget[0m
[38;5;1m│ package:flutter/src/widgets/framework.dart 4059:18                                              Element.updateChild[0m
[38;5;1m│ package:flutter/src/widgets/framework.dart 7118:14                                              SingleChildRenderObjectElement.mount[0m
[38;5;1m│ package:flutter/src/widgets/framework.dart 4590:20                                              Element.inflateWidget[0m
[38;5;1m│ package:flutter/src/widgets/framework.dart 4059:18                                              Element.updateChild[0m
[38;5;1m│ package:flutter/src/widgets/framework.dart 5844:16                                              ComponentElement.performRebuild[0m
[38;5;1m│ package:flutter/src/widgets/framework.dart 5985:11                                              StatefulElement.performRebuild[0m
[38;5;1m│ package:flutter/src/widgets/framework.dart 5532:7                                               Element.rebuild[0m
[38;5;1m│ package:flutter/src/widgets/framework.dart 5802:5                                               ComponentElement._firstBuild[0m
[38;5;1m│ package:flutter/src/widgets/framework.dart 5976:11                                              StatefulElement._firstBuild[0m
[38;5;1m│ package:flutter/src/widgets/framework.dart 5796:5                                               ComponentElement.mount[0m
[38;5;1m│ package:flutter/src/widgets/framework.dart 4590:20                                              Element.inflateWidget[0m
[38;5;1m│ package:flutter/src/widgets/framework.dart 4059:18                                              Element.updateChild[0m
[38;5;1m│ package:flutter/src/widgets/framework.dart 5844:16                                              ComponentElement.performRebuild[0m
[38;5;1m│ package:flutter/src/widgets/framework.dart 5532:7                                               Element.rebuild[0m
[38;5;1m│ package:flutter/src/widgets/framework.dart 5802:5                                               ComponentElement._firstBuild[0m
[38;5;1m│ package:flutter/src/widgets/framework.dart 5796:5                                               ComponentElement.mount[0m
[38;5;1m│ package:flutter/src/widgets/framework.dart 4590:20                                              Element.inflateWidget[0m
[38;5;1m│ package:flutter/src/widgets/framework.dart 4059:18                                              Element.updateChild[0m
[38;5;1m│ package:flutter/src/widgets/framework.dart 5844:16                                              ComponentElement.performRebuild[0m
[38;5;1m│ package:flutter/src/widgets/framework.dart 5985:11                                              StatefulElement.performRebuild[0m
[38;5;1m│ package:flutter/src/widgets/framework.dart 5532:7                                               Element.rebuild[0m
[38;5;1m│ package:flutter/src/widgets/framework.dart 5802:5                                               ComponentElement._firstBuild[0m
[38;5;1m│ package:flutter/src/widgets/framework.dart 5976:11                                              StatefulElement._firstBuild[0m
[38;5;1m│ package:flutter/src/widgets/framework.dart 5796:5                                               ComponentElement.mount[0m
[38;5;1m│ package:flutter/src/widgets/framework.dart 4590:20                                              Element.inflateWidget[0m
[38;5;1m│ package:flutter/src/widgets/framework.dart 4059:18                                              Element.updateChild[0m
[38;5;1m│ package:flutter/src/widgets/framework.dart 5844:16                                              ComponentElement.performRebuild[0m
[38;5;1m│ package:flutter/src/widgets/framework.dart 5985:11                                              StatefulElement.performRebuild[0m
[38;5;1m│ package:flutter/src/widgets/framework.dart 5532:7                                               Element.rebuild[0m
[38;5;1m│ package:flutter/src/widgets/framework.dart 5802:5                                               ComponentElement._firstBuild[0m
[38;5;1m│ package:flutter/src/widgets/framework.dart 5976:11                                              StatefulElement._firstBuild[0m
[38;5;1m│ package:flutter/src/widgets/framework.dart 5796:5                                               ComponentElement.mount[0m
[38;5;1m│ package:flutter/src/widgets/framework.dart 4590:20                                              Element.inflateWidget[0m
[38;5;1m│ package:flutter/src/widgets/framework.dart 4059:18                                              Element.updateChild[0m
[38;5;1m│ package:flutter/src/widgets/framework.dart 5844:16                                              ComponentElement.performRebuild[0m
[38;5;1m│ package:flutter/src/widgets/framework.dart 5985:11                                              StatefulElement.performRebuild[0m
[38;5;1m│ package:flutter/src/widgets/framework.dart 5532:7                                               Element.rebuild[0m
[38;5;1m│ package:flutter/src/widgets/framework.dart 5802:5                                               ComponentElement._firstBuild[0m
[38;5;1m│ package:flutter/src/widgets/framework.dart 5976:11                                              StatefulElement._firstBuild[0m
[38;5;1m│ package:flutter/src/widgets/framework.dart 5796:5                                               ComponentElement.mount[0m
[38;5;1m│ package:flutter/src/widgets/framework.dart 4590:20                                              Element.inflateWidget[0m
[38;5;1m│ package:flutter/src/widgets/framework.dart 4059:18                                              Element.updateChild[0m
[38;5;1m│ package:flutter/src/widgets/framework.dart 7118:14                                              SingleChildRenderObjectElement.mount[0m
[38;5;1m│ package:flutter/src/widgets/framework.dart 4590:20                                              Element.inflateWidget[0m
[38;5;1m│ package:flutter/src/widgets/framework.dart 4059:18                                              Element.updateChild[0m
[38;5;1m│ package:flutter/src/widgets/framework.dart 5844:16                                              ComponentElement.performRebuild[0m
[38;5;1m│ package:flutter/src/widgets/framework.dart 5532:7                                               Element.rebuild[0m
[38;5;1m│ package:flutter/src/widgets/framework.dart 5802:5                                               ComponentElement._firstBuild[0m
[38;5;1m│ package:flutter/src/widgets/framework.dart 5796:5                                               ComponentElement.mount[0m
[38;5;1m│ package:flutter/src/widgets/framework.dart 4590:20                                              Element.inflateWidget[0m
[38;5;1m│ package:flutter/src/widgets/framework.dart 4059:18                                              Element.updateChild[0m
[38;5;1m│ package:flutter/src/widgets/framework.dart 7118:14                                              SingleChildRenderObjectElement.mount[0m
[38;5;1m│ package:flutter/src/widgets/framework.dart 4590:20                                              Element.inflateWidget[0m
[38;5;1m│ package:flutter/src/widgets/framework.dart 4059:18                                              Element.updateChild[0m
[38;5;1m│ package:flutter/src/widgets/framework.dart 5844:16                                              ComponentElement.performRebuild[0m
[38;5;1m│ package:flutter/src/widgets/framework.dart 5985:11                                              StatefulElement.performRebuild[0m
[38;5;1m│ package:flutter/src/widgets/framework.dart 5532:7                                               Element.rebuild[0m
[38;5;1m│ package:flutter/src/widgets/framework.dart 5802:5                                               ComponentElement._firstBuild[0m
[38;5;1m│ package:flutter/src/widgets/framework.dart 5976:11                                              StatefulElement._firstBuild[0m
[38;5;1m│ package:flutter/src/widgets/framework.dart 5796:5                                               ComponentElement.mount[0m
[38;5;1m│ package:flutter/src/widgets/framework.dart 4590:20                                              Element.inflateWidget[0m
[38;5;1m│ package:flutter/src/widgets/framework.dart 4059:18                                              Element.updateChild[0m
[38;5;1m│ package:flutter/src/widgets/framework.dart 5844:16                                              ComponentElement.performRebuild[0m
[38;5;1m│ package:flutter/src/widgets/framework.dart 5532:7                                               Element.rebuild[0m
[38;5;1m│ package:flutter/src/widgets/framework.dart 5802:5                                               ComponentElement._firstBuild[0m
[38;5;1m│ package:flutter/src/widgets/framework.dart 5796:5                                               ComponentElement.mount[0m
[38;5;1m│ package:flutter/src/widgets/framework.dart 4590:20                                              Element.inflateWidget[0m
[38;5;1m│ package:flutter/src/widgets/framework.dart 4059:18                                              Element.updateChild[0m
[38;5;1m│ package:flutter/src/widgets/framework.dart 5844:16                                              ComponentElement.performRebuild[0m
[38;5;1m│ package:flutter/src/widgets/framework.dart 5532:7                                               Element.rebuild[0m
[38;5;1m│ package:flutter/src/widgets/framework.dart 5802:5                                               ComponentElement._firstBuild[0m
[38;5;1m│ package:flutter/src/widgets/framework.dart 5796:5                                               ComponentElement.mount[0m
[38;5;1m│ package:flutter/src/widgets/framework.dart 4590:20                                              Element.inflateWidget[0m
[38;5;1m│ package:flutter/src/widgets/framework.dart 4059:18                                              Element.updateChild[0m
[38;5;1m│ package:flutter/src/widgets/framework.dart 5844:16                                              ComponentElement.performRebuild[0m
[38;5;1m│ package:flutter/src/widgets/framework.dart 5985:11                                              StatefulElement.performRebuild[0m
[38;5;1m│ package:flutter/src/widgets/framework.dart 5532:7                                               Element.rebuild[0m
[38;5;1m│ package:flutter/src/widgets/framework.dart 5802:5                                               ComponentElement._firstBuild[0m
[38;5;1m│ package:flutter/src/widgets/framework.dart 5976:11                                              StatefulElement._firstBuild[0m
[38;5;1m│ package:flutter/src/widgets/framework.dart 5796:5                                               ComponentElement.mount[0m
[38;5;1m│ package:flutter/src/widgets/framework.dart 4590:20                                              Element.inflateWidget[0m
[38;5;1m│ package:flutter/src/widgets/framework.dart 4059:18                                              Element.updateChild[0m
[38;5;1m│ package:flutter/src/widgets/framework.dart 5844:16                                              ComponentElement.performRebuild[0m
[38;5;1m│ package:flutter/src/widgets/framework.dart 5532:7                                               Element.rebuild[0m
[38;5;1m│ package:flutter/src/widgets/framework.dart 5802:5                                               ComponentElement._firstBuild[0m
[38;5;1m│ package:flutter/src/widgets/framework.dart 5796:5                                               ComponentElement.mount[0m
[38;5;1m│ package:flutter/src/widgets/framework.dart 4590:20                                              Element.inflateWidget[0m
[38;5;1m│ package:flutter/src/widgets/framework.dart 4059:18                                              Element.updateChild[0m
[38;5;1m│ package:flutter/src/widgets/framework.dart 5844:16                                              ComponentElement.performRebuild[0m
[38;5;1m│ package:flutter/src/widgets/framework.dart 5532:7                                               Element.rebuild[0m
[38;5;1m│ package:flutter/src/widgets/framework.dart 5802:5                                               ComponentElement._firstBuild[0m
[38;5;1m│ package:flutter/src/widgets/framework.dart 5796:5                                               ComponentElement.mount[0m
[38;5;1m│ package:flutter/src/widgets/framework.dart 4590:20                                              Element.inflateWidget[0m
[38;5;1m│ package:flutter/src/widgets/framework.dart 4059:18                                              Element.updateChild[0m
[38;5;1m│ package:flutter/src/widgets/framework.dart 7118:14                                              SingleChildRenderObjectElement.mount[0m
[38;5;1m│ package:flutter/src/widgets/framework.dart 4590:20                                              Element.inflateWidget[0m
[38;5;1m│ package:flutter/src/widgets/framework.dart 4059:18                                              Element.updateChild[0m
[38;5;1m│ package:flutter/src/widgets/framework.dart 5844:16                                              ComponentElement.performRebuild[0m
[38;5;1m│ package:flutter/src/widgets/framework.dart 5532:7                                               Element.rebuild[0m
[38;5;1m│ package:flutter/src/widgets/framework.dart 5802:5                                               ComponentElement._firstBuild[0m
[38;5;1m│ package:flutter/src/widgets/framework.dart 5796:5                                               ComponentElement.mount[0m
[38;5;1m│ package:flutter/src/widgets/framework.dart 4590:20                                              Element.inflateWidget[0m
[38;5;1m│ package:flutter/src/widgets/framework.dart 4059:18                                              Element.updateChild[0m
[38;5;1m│ package:flutter/src/widgets/framework.dart 5844:16                                              ComponentElement.performRebuild[0m
[38;5;1m│ package:flutter/src/widgets/framework.dart 5532:7                                               Element.rebuild[0m
[38;5;1m│ package:flutter/src/widgets/framework.dart 5802:5                                               ComponentElement._firstBuild[0m
[38;5;1m│ package:flutter/src/widgets/framework.dart 5796:5                                               ComponentElement.mount[0m
[38;5;1m│ package:flutter/src/widgets/framework.dart 4590:20                                              Element.inflateWidget[0m
[38;5;1m│ package:flutter/src/widgets/framework.dart 4059:18                                              Element.updateChild[0m
[38;5;1m│ package:flutter/src/widgets/framework.dart 5844:16                                              ComponentElement.performRebuild[0m
[38;5;1m│ package:flutter/src/widgets/framework.dart 5985:11                                              StatefulElement.performRebuild[0m
[38;5;1m│ package:flutter/src/widgets/framework.dart 5532:7                                               Element.rebuild[0m
[38;5;1m│ package:flutter/src/widgets/framework.dart 5802:5                                               ComponentElement._firstBuild[0m
[38;5;1m│ package:flutter/src/widgets/framework.dart 5976:11                                              StatefulElement._firstBuild[0m
[38;5;1m│ package:flutter/src/widgets/framework.dart 5796:5                                               ComponentElement.mount[0m
[38;5;1m│ package:flutter/src/widgets/framework.dart 4590:20                                              Element.inflateWidget[0m
[38;5;1m│ package:flutter/src/widgets/framework.dart 4059:18                                              Element.updateChild[0m
[38;5;1m│ package:flutter/src/widgets/framework.dart 5844:16                                              ComponentElement.performRebuild[0m
[38;5;1m│ package:flutter/src/widgets/framework.dart 5985:11                                              StatefulElement.performRebuild[0m
[38;5;1m│ package:flutter/src/widgets/framework.dart 5532:7                                               Element.rebuild[0m
[38;5;1m│ package:flutter/src/widgets/framework.dart 5802:5                                               ComponentElement._firstBuild[0m
[38;5;1m│ package:flutter/src/widgets/framework.dart 5976:11                                              StatefulElement._firstBuild[0m
[38;5;1m│ package:flutter/src/widgets/framework.dart 5796:5                                               ComponentElement.mount[0m
[38;5;1m│ package:flutter/src/widgets/framework.dart 4590:20                                              Element.inflateWidget[0m
[38;5;1m│ package:flutter/src/widgets/framework.dart 4059:18                                              Element.updateChild[0m
[38;5;1m│ package:flutter/src/widgets/framework.dart 5844:16                                              ComponentElement.performRebuild[0m
[38;5;1m│ package:flutter/src/widgets/framework.dart 5985:11                                              StatefulElement.performRebuild[0m
[38;5;1m│ package:flutter/src/widgets/framework.dart 5532:7                                               Element.rebuild[0m
[38;5;1m│ package:flutter/src/widgets/framework.dart 5802:5                                               ComponentElement._firstBuild[0m
[38;5;1m│ package:flutter/src/widgets/framework.dart 5976:11                                              StatefulElement._firstBuild[0m
[38;5;1m│ package:flutter/src/widgets/framework.dart 5796:5                                               ComponentElement.mount[0m
[38;5;1m│ package:flutter/src/widgets/framework.dart 4590:20                                              Element.inflateWidget[0m
[38;5;1m│ package:flutter/src/widgets/framework.dart 4059:18                                              Element.updateChild[0m
[38;5;1m│ package:flutter/src/widgets/framework.dart 7118:14                                              SingleChildRenderObjectElement.mount[0m
[38;5;1m│ package:flutter/src/widgets/framework.dart 4590:20                                              Element.inflateWidget[0m
[38;5;1m│ package:flutter/src/widgets/framework.dart 4059:18                                              Element.updateChild[0m
[38;5;1m│ package:flutter/src/widgets/framework.dart 5844:16                                              ComponentElement.performRebuild[0m
[38;5;1m│ package:flutter/src/widgets/framework.dart 5532:7                                               Element.rebuild[0m
[38;5;1m│ package:flutter/src/widgets/framework.dart 5802:5                                               ComponentElement._firstBuild[0m
[38;5;1m│ package:flutter/src/widgets/framework.dart 5796:5                                               ComponentElement.mount[0m
[38;5;1m│ package:flutter/src/widgets/framework.dart 4590:20                                              Element.inflateWidget[0m
[38;5;1m│ package:flutter/src/widgets/framework.dart 4059:18                                              Element.updateChild[0m
[38;5;1m│ package:flutter/src/widgets/framework.dart 5844:16                                              ComponentElement.performRebuild[0m
[38;5;1m│ package:flutter/src/widgets/framework.dart 5532:7                                               Element.rebuild[0m
[38;5;1m│ package:flutter/src/widgets/framework.dart 5802:5                                               ComponentElement._firstBuild[0m
[38;5;1m│ package:flutter/src/widgets/framework.dart 5796:5                                               ComponentElement.mount[0m
[38;5;1m│ package:flutter/src/widgets/framework.dart 4590:20                                              Element.inflateWidget[0m
[38;5;1m│ package:flutter/src/widgets/framework.dart 4059:18                                              Element.updateChild[0m
[38;5;1m│ package:flutter/src/widgets/framework.dart 5844:16                                              ComponentElement.performRebuild[0m
[38;5;1m│ package:flutter/src/widgets/framework.dart 5532:7                                               Element.rebuild[0m
[38;5;1m│ package:flutter/src/widgets/framework.dart 5802:5                                               ComponentElement._firstBuild[0m
[38;5;1m│ package:flutter/src/widgets/framework.dart 5796:5                                               ComponentElement.mount[0m
[38;5;1m│ package:flutter/src/widgets/framework.dart 4590:20                                              Element.inflateWidget[0m
[38;5;1m│ package:flutter/src/widgets/framework.dart 4059:18                                              Element.updateChild[0m
[38;5;1m│ package:flutter/src/widgets/framework.dart 5844:16                                              ComponentElement.performRebuild[0m
[38;5;1m│ package:flutter/src/widgets/framework.dart 5985:11                                              StatefulElement.performRebuild[0m
[38;5;1m│ package:flutter/src/widgets/framework.dart 5532:7                                               Element.rebuild[0m
[38;5;1m│ package:flutter/src/widgets/framework.dart 5802:5                                               ComponentElement._firstBuild[0m
[38;5;1m│ package:flutter/src/widgets/framework.dart 5976:11                                              StatefulElement._firstBuild[0m
[38;5;1m│ package:flutter/src/widgets/framework.dart 5796:5                                               ComponentElement.mount[0m
[38;5;1m│ package:flutter/src/widgets/framework.dart 4590:20                                              Element.inflateWidget[0m
[38;5;1m│ package:flutter/src/widgets/framework.dart 4059:18                                              Element.updateChild[0m
[38;5;1m│ package:flutter/src/widgets/framework.dart 5844:16                                              ComponentElement.performRebuild[0m
[38;5;1m│ package:flutter/src/widgets/framework.dart 5985:11                                              StatefulElement.performRebuild[0m
[38;5;1m│ package:flutter/src/widgets/framework.dart 5532:7                                               Element.rebuild[0m
[38;5;1m│ package:flutter/src/widgets/framework.dart 5802:5                                               ComponentElement._firstBuild[0m
[38;5;1m│ package:flutter/src/widgets/framework.dart 5976:11                                              StatefulElement._firstBuild[0m
[38;5;1m│ package:flutter/src/widgets/framework.dart 5796:5                                               ComponentElement.mount[0m
[38;5;1m│ package:flutter/src/widgets/framework.dart 4590:20                                              Element.inflateWidget[0m
[38;5;1m│ package:flutter/src/widgets/framework.dart 7269:36                                              MultiChildRenderObjectElement.inflateWidget[0m
[38;5;1m│ package:flutter/src/widgets/framework.dart 7285:32                                              MultiChildRenderObjectElement.mount[0m
[38;5;1m│ package:flutter/src/widgets/framework.dart 4590:20                                              Element.inflateWidget[0m
[38;5;1m│ package:flutter/src/widgets/framework.dart 4059:18                                              Element.updateChild[0m
[38;5;1m│ package:flutter/src/widgets/framework.dart 5844:16                                              ComponentElement.performRebuild[0m
[38;5;1m│ package:flutter/src/widgets/framework.dart 5985:11                                              StatefulElement.performRebuild[0m
[38;5;1m│ package:flutter/src/widgets/framework.dart 5532:7                                               Element.rebuild[0m
[38;5;1m│ package:flutter/src/widgets/framework.dart 5802:5                                               ComponentElement._firstBuild[0m
[38;5;1m│ package:flutter/src/widgets/framework.dart 5976:11                                              StatefulElement._firstBuild[0m
[38;5;1m│ package:flutter/src/widgets/framework.dart 5796:5                                               ComponentElement.mount[0m
[38;5;1m│ package:flutter/src/widgets/framework.dart 4590:20                                              Element.inflateWidget[0m
[38;5;1m│ package:flutter/src/widgets/framework.dart 4059:18                                              Element.updateChild[0m
[38;5;1m│ package:flutter/src/widgets/framework.dart 5844:16                                              ComponentElement.performRebuild[0m
[38;5;1m│ package:flutter/src/widgets/framework.dart 5532:7                                               Element.rebuild[0m
[38;5;1m│ package:flutter/src/widgets/framework.dart 5802:5                                               ComponentElement._firstBuild[0m
[38;5;1m│ package:flutter/src/widgets/framework.dart 5796:5                                               ComponentElement.mount[0m
[38;5;1m│ package:flutter/src/widgets/framework.dart 4590:20                                              Element.inflateWidget[0m
[38;5;1m│ package:flutter/src/widgets/framework.dart 4059:18                                              Element.updateChild[0m
[38;5;1m│ package:flutter/src/widgets/framework.dart 5844:16                                              ComponentElement.performRebuild[0m
[38;5;1m│ package:flutter/src/widgets/framework.dart 5532:7                                               Element.rebuild[0m
[38;5;1m│ package:flutter/src/widgets/framework.dart 5802:5                                               ComponentElement._firstBuild[0m
[38;5;1m│ package:flutter/src/widgets/framework.dart 5796:5                                               ComponentElement.mount[0m
[38;5;1m│ package:flutter/src/widgets/framework.dart 4590:20                                              Element.inflateWidget[0m
[38;5;1m│ package:flutter/src/widgets/framework.dart 4059:18                                              Element.updateChild[0m
[38;5;1m│ package:flutter/src/widgets/framework.dart 5844:16                                              ComponentElement.performRebuild[0m
[38;5;1m│ package:flutter/src/widgets/framework.dart 5985:11                                              StatefulElement.performRebuild[0m
[38;5;1m│ package:flutter/src/widgets/framework.dart 5532:7                                               Element.rebuild[0m
[38;5;1m│ package:flutter/src/widgets/framework.dart 5802:5                                               ComponentElement._firstBuild[0m
[38;5;1m│ package:flutter/src/widgets/framework.dart 5976:11                                              StatefulElement._firstBuild[0m
[38;5;1m│ package:flutter/src/widgets/framework.dart 5796:5                                               ComponentElement.mount[0m
[38;5;1m│ package:flutter/src/widgets/framework.dart 4590:20                                              Element.inflateWidget[0m
[38;5;1m│ package:flutter/src/widgets/framework.dart 4059:18                                              Element.updateChild[0m
[38;5;1m│ package:flutter/src/widgets/framework.dart 5844:16                                              ComponentElement.performRebuild[0m
[38;5;1m│ package:flutter/src/widgets/framework.dart 5532:7                                               Element.rebuild[0m
[38;5;1m│ package:flutter/src/widgets/framework.dart 5802:5                                               ComponentElement._firstBuild[0m
[38;5;1m│ package:flutter/src/widgets/framework.dart 5796:5                                               ComponentElement.mount[0m
[38;5;1m│ package:flutter/src/widgets/framework.dart 4590:20                                              Element.inflateWidget[0m
[38;5;1m│ package:flutter/src/widgets/framework.dart 4059:18                                              Element.updateChild[0m
[38;5;1m│ package:flutter/src/widgets/framework.dart 5844:16                                              ComponentElement.performRebuild[0m
[38;5;1m│ package:flutter/src/widgets/framework.dart 5985:11                                              StatefulElement.performRebuild[0m
[38;5;1m│ package:flutter/src/widgets/framework.dart 5532:7                                               Element.rebuild[0m
[38;5;1m│ package:flutter/src/widgets/framework.dart 5802:5                                               ComponentElement._firstBuild[0m
[38;5;1m│ package:flutter/src/widgets/framework.dart 5976:11                                              StatefulElement._firstBuild[0m
[38;5;1m│ package:flutter/src/widgets/framework.dart 5796:5                                               ComponentElement.mount[0m
[38;5;1m│ package:flutter/src/widgets/framework.dart 4590:20                                              Element.inflateWidget[0m
[38;5;1m│ package:flutter/src/widgets/framework.dart 4059:18                                              Element.updateChild[0m
[38;5;1m│ package:flutter/src/widgets/framework.dart 5844:16                                              ComponentElement.performRebuild[0m
[38;5;1m│ package:flutter/src/widgets/framework.dart 5985:11                                              StatefulElement.performRebuild[0m
[38;5;1m│ package:flutter/src/widgets/framework.dart 5532:7                                               Element.rebuild[0m
[38;5;1m│ package:flutter/src/widgets/framework.dart 5802:5                                               ComponentElement._firstBuild[0m
[38;5;1m│ package:flutter/src/widgets/framework.dart 5976:11                                              StatefulElement._firstBuild[0m
[38;5;1m│ package:flutter/src/widgets/framework.dart 5796:5                                               ComponentElement.mount[0m
[38;5;1m│ package:flutter/src/widgets/framework.dart 4590:20                                              Element.inflateWidget[0m
[38;5;1m│ package:flutter/src/widgets/framework.dart 4059:18                                              Element.updateChild[0m
[38;5;1m│ package:flutter/src/widgets/framework.dart 7118:14                                              SingleChildRenderObjectElement.mount[0m
[38;5;1m│ package:flutter/src/widgets/framework.dart 4590:20                                              Element.inflateWidget[0m
[38;5;1m│ package:flutter/src/widgets/framework.dart 4059:18                                              Element.updateChild[0m
[38;5;1m│ package:flutter/src/widgets/framework.dart 7118:14                                              SingleChildRenderObjectElement.mount[0m
[38;5;1m│ package:flutter/src/widgets/framework.dart 4590:20                                              Element.inflateWidget[0m
[38;5;1m│ package:flutter/src/widgets/framework.dart 4059:18                                              Element.updateChild[0m
[38;5;1m│ package:flutter/src/widgets/framework.dart 5844:16                                              ComponentElement.performRebuild[0m
[38;5;1m│ package:flutter/src/widgets/framework.dart 5532:7                                               Element.rebuild[0m
[38;5;1m│ package:flutter/src/widgets/framework.dart 5802:5                                               ComponentElement._firstBuild[0m
[38;5;1m│ package:flutter/src/widgets/framework.dart 5796:5                                               ComponentElement.mount[0m
[38;5;1m│ package:flutter/src/widgets/framework.dart 4590:20                                              Element.inflateWidget[0m
[38;5;1m│ package:flutter/src/widgets/framework.dart 4059:18                                              Element.updateChild[0m
[38;5;1m│ package:flutter/src/widgets/framework.dart 5844:16                                              ComponentElement.performRebuild[0m
[38;5;1m│ package:flutter/src/widgets/framework.dart 5532:7                                               Element.rebuild[0m
[38;5;1m│ package:flutter/src/widgets/framework.dart 5802:5                                               ComponentElement._firstBuild[0m
[38;5;1m│ package:flutter/src/widgets/framework.dart 5796:5                                               ComponentElement.mount[0m
[38;5;1m│ package:flutter/src/widgets/framework.dart 4590:20                                              Element.inflateWidget[0m
[38;5;1m│ package:flutter/src/widgets/framework.dart 4059:18                                              Element.updateChild[0m
[38;5;1m│ package:flutter/src/widgets/framework.dart 5844:16                                              ComponentElement.performRebuild[0m
[38;5;1m│ package:flutter/src/widgets/framework.dart 5985:11                                              StatefulElement.performRebuild[0m
[38;5;1m│ package:flutter/src/widgets/framework.dart 5532:7                                               Element.rebuild[0m
[38;5;1m│ package:flutter/src/widgets/framework.dart 5802:5                                               ComponentElement._firstBuild[0m
[38;5;1m│ package:flutter/src/widgets/framework.dart 5976:11                                              StatefulElement._firstBuild[0m
[38;5;1m│ package:flutter/src/widgets/framework.dart 5796:5                                               ComponentElement.mount[0m
[38;5;1m│ package:flutter/src/widgets/framework.dart 4590:20                                              Element.inflateWidget[0m
[38;5;1m│ package:flutter/src/widgets/framework.dart 4059:18                                              Element.updateChild[0m
[38;5;1m│ package:flutter/src/widgets/framework.dart 5844:16                                              ComponentElement.performRebuild[0m
[38;5;1m│ package:flutter/src/widgets/framework.dart 5532:7                                               Element.rebuild[0m
[38;5;1m│ package:flutter/src/widgets/framework.dart 5802:5                                               ComponentElement._firstBuild[0m
[38;5;1m│ package:flutter/src/widgets/framework.dart 5796:5                                               ComponentElement.mount[0m
[38;5;1m│ package:flutter/src/widgets/framework.dart 4590:20                                              Element.inflateWidget[0m
[38;5;1m│ package:flutter/src/widgets/framework.dart 4059:18                                              Element.updateChild[0m
[38;5;1m│ package:flutter/src/widgets/framework.dart 7118:14                                              SingleChildRenderObjectElement.mount[0m
[38;5;1m│ package:flutter/src/widgets/framework.dart 4590:20                                              Element.inflateWidget[0m
[38;5;1m│ package:flutter/src/widgets/framework.dart 4059:18                                              Element.updateChild[0m
[38;5;1m│ package:flutter/src/widgets/framework.dart 5844:16                                              ComponentElement.performRebuild[0m
[38;5;1m│ package:flutter/src/widgets/framework.dart 5985:11                                              StatefulElement.performRebuild[0m
[38;5;1m│ package:flutter/src/widgets/framework.dart 5532:7                                               Element.rebuild[0m
[38;5;1m│ package:flutter/src/widgets/framework.dart 5802:5                                               ComponentElement._firstBuild[0m
[38;5;1m│ package:flutter/src/widgets/framework.dart 5976:11                                              StatefulElement._firstBuild[0m
[38;5;1m│ package:flutter/src/widgets/framework.dart 5796:5                                               ComponentElement.mount[0m
[38;5;1m│ package:flutter/src/widgets/framework.dart 4590:20                                              Element.inflateWidget[0m
[38;5;1m│ package:flutter/src/widgets/framework.dart 4059:18                                              Element.updateChild[0m
[38;5;1m│ package:flutter/src/widgets/framework.dart 5844:16                                              ComponentElement.performRebuild[0m
[38;5;1m│ package:flutter/src/widgets/framework.dart 5532:7                                               Element.rebuild[0m
[38;5;1m│ package:flutter/src/widgets/framework.dart 5802:5                                               ComponentElement._firstBuild[0m
[38;5;1m│ package:flutter/src/widgets/framework.dart 5796:5                                               ComponentElement.mount[0m
[38;5;1m│ package:flutter/src/widgets/framework.dart 4590:20                                              Element.inflateWidget[0m
[38;5;1m│ package:flutter/src/widgets/framework.dart 4059:18                                              Element.updateChild[0m
[38;5;1m│ package:flutter/src/widgets/framework.dart 5844:16                                              ComponentElement.performRebuild[0m
[38;5;1m│ package:flutter/src/widgets/framework.dart 5532:7                                               Element.rebuild[0m
[38;5;1m│ package:flutter/src/widgets/framework.dart 5802:5                                               ComponentElement._firstBuild[0m
[38;5;1m│ package:flutter/src/widgets/framework.dart 5796:5                                               ComponentElement.mount[0m
[38;5;1m│ package:flutter/src/widgets/framework.dart 4590:20                                              Element.inflateWidget[0m
[38;5;1m│ package:flutter/src/widgets/framework.dart 4059:18                                              Element.updateChild[0m
[38;5;1m│ package:flutter/src/widgets/framework.dart 5844:16                                              ComponentElement.performRebuild[0m
[38;5;1m│ package:flutter/src/widgets/framework.dart 5985:11                                              StatefulElement.performRebuild[0m
[38;5;1m│ package:flutter/src/widgets/framework.dart 5532:7                                               Element.rebuild[0m
[38;5;1m│ package:flutter/src/widgets/framework.dart 5802:5                                               ComponentElement._firstBuild[0m
[38;5;1m│ package:flutter/src/widgets/framework.dart 5976:11                                              StatefulElement._firstBuild[0m
[38;5;1m│ package:flutter/src/widgets/framework.dart 5796:5                                               ComponentElement.mount[0m
[38;5;1m│ package:flutter/src/widgets/framework.dart 4590:20                                              Element.inflateWidget[0m
[38;5;1m│ package:flutter/src/widgets/framework.dart 4059:18                                              Element.updateChild[0m
[38;5;1m│ package:flutter/src/widgets/framework.dart 5844:16                                              ComponentElement.performRebuild[0m
[38;5;1m│ package:flutter/src/widgets/framework.dart 5532:7                                               Element.rebuild[0m
[38;5;1m│ package:flutter/src/widgets/framework.dart 5802:5                                               ComponentElement._firstBuild[0m
[38;5;1m│ package:flutter/src/widgets/framework.dart 5796:5                                               ComponentElement.mount[0m
[38;5;1m│ package:flutter/src/widgets/framework.dart 4590:20                                              Element.inflateWidget[0m
[38;5;1m│ package:flutter/src/widgets/framework.dart 4059:18                                              Element.updateChild[0m
[38;5;1m│ package:flutter/src/widgets/framework.dart 5844:16                                              ComponentElement.performRebuild[0m
[38;5;1m│ package:flutter/src/widgets/framework.dart 5532:7                                               Element.rebuild[0m
[38;5;1m│ package:flutter/src/widgets/framework.dart 5802:5                                               ComponentElement._firstBuild[0m
[38;5;1m│ package:flutter/src/widgets/framework.dart 5796:5                                               ComponentElement.mount[0m
[38;5;1m│ package:flutter/src/widgets/framework.dart 4590:20                                              Element.inflateWidget[0m
[38;5;1m│ package:flutter/src/widgets/framework.dart 4059:18                                              Element.updateChild[0m
[38;5;1m│ package:flutter/src/widgets/framework.dart 5844:16                                              ComponentElement.performRebuild[0m
[38;5;1m│ package:flutter/src/widgets/framework.dart 5532:7                                               Element.rebuild[0m
[38;5;1m│ package:flutter/src/widgets/framework.dart 5802:5                                               ComponentElement._firstBuild[0m
[38;5;1m│ package:flutter/src/widgets/framework.dart 5796:5                                               ComponentElement.mount[0m
[38;5;1m│ package:flutter/src/widgets/framework.dart 4590:20                                              Element.inflateWidget[0m
[38;5;1m│ package:flutter/src/widgets/framework.dart 4059:18                                              Element.updateChild[0m
[38;5;1m│ package:flutter/src/widgets/framework.dart 5844:16                                              ComponentElement.performRebuild[0m
[38;5;1m│ package:flutter/src/widgets/framework.dart 5532:7                                               Element.rebuild[0m
[38;5;1m│ package:flutter/src/widgets/framework.dart 5802:5                                               ComponentElement._firstBuild[0m
[38;5;1m│ package:flutter/src/widgets/framework.dart 5796:5                                               ComponentElement.mount[0m
[38;5;1m│ package:flutter/src/widgets/framework.dart 4590:20                                              Element.inflateWidget[0m
[38;5;1m│ package:flutter/src/widgets/framework.dart 4059:18                                              Element.updateChild[0m
[38;5;1m│ package:flutter/src/widgets/framework.dart 5844:16                                              ComponentElement.performRebuild[0m
[38;5;1m│ package:flutter/src/widgets/framework.dart 5532:7                                               Element.rebuild[0m
[38;5;1m│ package:flutter/src/widgets/framework.dart 5802:5                                               ComponentElement._firstBuild[0m
[38;5;1m│ package:flutter/src/widgets/framework.dart 5796:5                                               ComponentElement.mount[0m
[38;5;1m│ package:flutter/src/widgets/framework.dart 4590:20                                              Element.inflateWidget[0m
[38;5;1m│ package:flutter/src/widgets/framework.dart 4059:18                                              Element.updateChild[0m
[38;5;1m│ package:flutter/src/widgets/framework.dart 5844:16                                              ComponentElement.performRebuild[0m
[38;5;1m│ package:flutter/src/widgets/framework.dart 5532:7                                               Element.rebuild[0m
[38;5;1m│ package:flutter/src/widgets/framework.dart 5802:5                                               ComponentElement._firstBuild[0m
[38;5;1m│ package:flutter/src/widgets/framework.dart 5796:5                                               ComponentElement.mount[0m
[38;5;1m│ package:flutter/src/widgets/framework.dart 4590:20                                              Element.inflateWidget[0m
[38;5;1m│ package:flutter/src/widgets/framework.dart 4059:18                                              Element.updateChild[0m
[38;5;1m│ package:flutter/src/widgets/framework.dart 5844:16                                              ComponentElement.performRebuild[0m
[38;5;1m│ package:flutter/src/widgets/framework.dart 5532:7                                               Element.rebuild[0m
[38;5;1m│ package:flutter/src/widgets/framework.dart 5802:5                                               ComponentElement._firstBuild[0m
[38;5;1m│ package:flutter/src/widgets/framework.dart 5796:5                                               ComponentElement.mount[0m
[38;5;1m│ package:flutter/src/widgets/framework.dart 4590:20                                              Element.inflateWidget[0m
[38;5;1m│ package:flutter/src/widgets/framework.dart 4059:18                                              Element.updateChild[0m
[38;5;1m│ package:flutter/src/widgets/framework.dart 5844:16                                              ComponentElement.performRebuild[0m
[38;5;1m│ package:flutter/src/widgets/framework.dart 5985:11                                              StatefulElement.performRebuild[0m
[38;5;1m│ package:flutter/src/widgets/framework.dart 5532:7                                               Element.rebuild[0m
[38;5;1m│ package:flutter/src/widgets/framework.dart 5802:5                                               ComponentElement._firstBuild[0m
[38;5;1m│ package:flutter/src/widgets/framework.dart 5976:11                                              StatefulElement._firstBuild[0m
[38;5;1m│ package:flutter/src/widgets/framework.dart 5796:5                                               ComponentElement.mount[0m
[38;5;1m│ package:flutter/src/widgets/framework.dart 4590:20                                              Element.inflateWidget[0m
[38;5;1m│ package:flutter/src/widgets/framework.dart 4059:18                                              Element.updateChild[0m
[38;5;1m│ package:flutter/src/widgets/framework.dart 5844:16                                              ComponentElement.performRebuild[0m
[38;5;1m│ package:flutter/src/widgets/framework.dart 5532:7                                               Element.rebuild[0m
[38;5;1m│ package:flutter/src/widgets/framework.dart 5802:5                                               ComponentElement._firstBuild[0m
[38;5;1m│ package:flutter/src/widgets/framework.dart 5796:5                                               ComponentElement.mount[0m
[38;5;1m│ package:flutter/src/widgets/framework.dart 4590:20                                              Element.inflateWidget[0m
[38;5;1m│ package:flutter/src/widgets/framework.dart 4059:18                                              Element.updateChild[0m
[38;5;1m│ package:flutter/src/widgets/framework.dart 5844:16                                              ComponentElement.performRebuild[0m
[38;5;1m│ package:flutter/src/widgets/framework.dart 5532:7                                               Element.rebuild[0m
[38;5;1m│ package:flutter/src/widgets/framework.dart 5802:5                                               ComponentElement._firstBuild[0m
[38;5;1m│ package:flutter/src/widgets/framework.dart 5796:5                                               ComponentElement.mount[0m
[38;5;1m│ package:flutter/src/widgets/framework.dart 4590:20                                              Element.inflateWidget[0m
[38;5;1m│ package:flutter/src/widgets/framework.dart 4059:18                                              Element.updateChild[0m
[38;5;1m│ package:flutter/src/widgets/framework.dart 5844:16                                              ComponentElement.performRebuild[0m
[38;5;1m│ package:flutter/src/widgets/framework.dart 5985:11                                              StatefulElement.performRebuild[0m
[38;5;1m│ package:flutter/src/widgets/framework.dart 5532:7                                               Element.rebuild[0m
[38;5;1m│ package:flutter/src/widgets/framework.dart 5802:5                                               ComponentElement._firstBuild[0m
[38;5;1m│ package:flutter/src/widgets/framework.dart 5976:11                                              StatefulElement._firstBuild[0m
[38;5;1m│ package:flutter/src/widgets/framework.dart 5796:5                                               ComponentElement.mount[0m
[38;5;1m│ package:flutter/src/widgets/framework.dart 4590:20                                              Element.inflateWidget[0m
[38;5;1m│ package:flutter/src/widgets/framework.dart 4059:18                                              Element.updateChild[0m
[38;5;1m│ package:flutter/src/widgets/framework.dart 7118:14                                              SingleChildRenderObjectElement.mount[0m
[38;5;1m│ package:flutter/src/widgets/framework.dart 4590:20                                              Element.inflateWidget[0m
[38;5;1m│ package:flutter/src/widgets/framework.dart 4059:18                                              Element.updateChild[0m
[38;5;1m│ package:flutter/src/widgets/framework.dart 5844:16                                              ComponentElement.performRebuild[0m
[38;5;1m│ package:flutter/src/widgets/framework.dart 5985:11                                              StatefulElement.performRebuild[0m
[38;5;1m│ package:flutter/src/widgets/framework.dart 5532:7                                               Element.rebuild[0m
[38;5;1m│ package:flutter/src/widgets/framework.dart 5802:5                                               ComponentElement._firstBuild[0m
[38;5;1m│ package:flutter/src/widgets/framework.dart 5976:11                                              StatefulElement._firstBuild[0m
[38;5;1m│ package:flutter/src/widgets/framework.dart 5796:5                                               ComponentElement.mount[0m
[38;5;1m│ package:flutter/src/widgets/framework.dart 4590:20                                              Element.inflateWidget[0m
[38;5;1m│ package:flutter/src/widgets/framework.dart 4059:18                                              Element.updateChild[0m
[38;5;1m│ package:flutter/src/widgets/framework.dart 5844:16                                              ComponentElement.performRebuild[0m
[38;5;1m│ package:flutter/src/widgets/framework.dart 5532:7                                               Element.rebuild[0m
[38;5;1m│ package:flutter/src/widgets/framework.dart 5802:5                                               ComponentElement._firstBuild[0m
[38;5;1m│ package:flutter/src/widgets/framework.dart 5796:5                                               ComponentElement.mount[0m
[38;5;1m│ package:flutter/src/widgets/framework.dart 4590:20                                              Element.inflateWidget[0m
[38;5;1m│ package:flutter/src/widgets/framework.dart 4059:18                                              Element.updateChild[0m
[38;5;1m│ package:flutter/src/widgets/framework.dart 5844:16                                              ComponentElement.performRebuild[0m
[38;5;1m│ package:flutter/src/widgets/framework.dart 5532:7                                               Element.rebuild[0m
[38;5;1m│ package:flutter/src/widgets/framework.dart 5802:5                                               ComponentElement._firstBuild[0m
[38;5;1m│ package:flutter/src/widgets/framework.dart 5796:5                                               ComponentElement.mount[0m
[38;5;1m│ package:flutter/src/widgets/framework.dart 4590:20                                              Element.inflateWidget[0m
[38;5;1m│ package:flutter/src/widgets/framework.dart 4059:18                                              Element.updateChild[0m
[38;5;1m│ package:flutter/src/widgets/framework.dart 5844:16                                              ComponentElement.performRebuild[0m
[38;5;1m│ package:flutter/src/widgets/framework.dart 5532:7                                               Element.rebuild[0m
[38;5;1m│ package:flutter/src/widgets/framework.dart 5802:5                                               ComponentElement._firstBuild[0m
[38;5;1m│ package:flutter/src/widgets/framework.dart 5796:5                                               ComponentElement.mount[0m
[38;5;1m│ package:flutter/src/widgets/framework.dart 4590:20                                              Element.inflateWidget[0m
[38;5;1m│ package:flutter/src/widgets/framework.dart 4059:18                                              Element.updateChild[0m
[38;5;1m│ package:flutter/src/widgets/framework.dart 5844:16                                              ComponentElement.performRebuild[0m
[38;5;1m│ package:flutter/src/widgets/framework.dart 5532:7                                               Element.rebuild[0m
[38;5;1m│ package:flutter/src/widgets/framework.dart 5802:5                                               ComponentElement._firstBuild[0m
[38;5;1m│ package:flutter/src/widgets/framework.dart 5796:5                                               ComponentElement.mount[0m
[38;5;1m│ package:flutter/src/widgets/framework.dart 4590:20                                              Element.inflateWidget[0m
[38;5;1m│ package:flutter/src/widgets/framework.dart 4059:18                                              Element.updateChild[0m
[38;5;1m│ package:flutter/src/widgets/framework.dart 7118:14                                              SingleChildRenderObjectElement.mount[0m
[38;5;1m│ package:flutter/src/widgets/framework.dart 4590:20                                              Element.inflateWidget[0m
[38;5;1m│ package:flutter/src/widgets/framework.dart 4059:18                                              Element.updateChild[0m
[38;5;1m│ package:flutter/src/widgets/framework.dart 5844:16                                              ComponentElement.performRebuild[0m
[38;5;1m│ package:flutter/src/widgets/framework.dart 5985:11                                              StatefulElement.performRebuild[0m
[38;5;1m│ package:flutter/src/widgets/framework.dart 5532:7                                               Element.rebuild[0m
[38;5;1m│ package:flutter/src/widgets/framework.dart 5802:5                                               ComponentElement._firstBuild[0m
[38;5;1m│ package:flutter/src/widgets/framework.dart 5976:11                                              StatefulElement._firstBuild[0m
[38;5;1m│ package:flutter/src/widgets/framework.dart 5796:5                                               ComponentElement.mount[0m
[38;5;1m│ package:flutter/src/widgets/framework.dart 4590:20                                              Element.inflateWidget[0m
[38;5;1m│ package:flutter/src/widgets/framework.dart 4059:18                                              Element.updateChild[0m
[38;5;1m│ package:flutter/src/widgets/framework.dart 5844:16                                              ComponentElement.performRebuild[0m
[38;5;1m│ package:flutter/src/widgets/framework.dart 5985:11                                              StatefulElement.performRebuild[0m
[38;5;1m│ package:flutter/src/widgets/framework.dart 5532:7                                               Element.rebuild[0m
[38;5;1m│ package:flutter/src/widgets/framework.dart 5802:5                                               ComponentElement._firstBuild[0m
[38;5;1m│ package:flutter/src/widgets/framework.dart 5976:11                                              StatefulElement._firstBuild[0m
[38;5;1m│ package:flutter/src/widgets/framework.dart 5796:5                                               ComponentElement.mount[0m
[38;5;1m│ package:flutter/src/widgets/framework.dart 4590:20                                              Element.inflateWidget[0m
[38;5;1m│ package:flutter/src/widgets/framework.dart 4059:18                                              Element.updateChild[0m
[38;5;1m│ package:flutter/src/widgets/framework.dart 7118:14                                              SingleChildRenderObjectElement.mount[0m
[38;5;1m│ package:flutter/src/widgets/framework.dart 4590:20                                              Element.inflateWidget[0m
[38;5;1m│ package:flutter/src/widgets/framework.dart 4059:18                                              Element.updateChild[0m
[38;5;1m│ package:flutter/src/widgets/framework.dart 5844:16                                              ComponentElement.performRebuild[0m
[38;5;1m│ package:flutter/src/widgets/framework.dart 5532:7                                               Element.rebuild[0m
[38;5;1m│ package:flutter/src/widgets/framework.dart 5802:5                                               ComponentElement._firstBuild[0m
[38;5;1m│ package:flutter/src/widgets/framework.dart 5796:5                                               ComponentElement.mount[0m
[38;5;1m│ package:flutter/src/widgets/framework.dart 4590:20                                              Element.inflateWidget[0m
[38;5;1m│ package:flutter/src/widgets/framework.dart 4059:18                                              Element.updateChild[0m
[38;5;1m│ package:flutter/src/widgets/framework.dart 5844:16                                              ComponentElement.performRebuild[0m
[38;5;1m│ package:flutter/src/widgets/framework.dart 5985:11                                              StatefulElement.performRebuild[0m
[38;5;1m│ package:flutter/src/widgets/framework.dart 5532:7                                               Element.rebuild[0m
[38;5;1m│ package:flutter/src/widgets/framework.dart 5802:5                                               ComponentElement._firstBuild[0m
[38;5;1m│ package:flutter/src/widgets/framework.dart 5976:11                                              StatefulElement._firstBuild[0m
[38;5;1m│ package:flutter/src/widgets/framework.dart 5796:5                                               ComponentElement.mount[0m
[38;5;1m│ package:flutter/src/widgets/framework.dart 4590:20                                              Element.inflateWidget[0m
[38;5;1m│ package:flutter/src/widgets/framework.dart 4059:18                                              Element.updateChild[0m
[38;5;1m│ package:flutter/src/widgets/framework.dart 5844:16                                              ComponentElement.performRebuild[0m
[38;5;1m│ package:flutter/src/widgets/framework.dart 5985:11                                              StatefulElement.performRebuild[0m
[38;5;1m│ package:flutter/src/widgets/framework.dart 5532:7                                               Element.rebuild[0m
[38;5;1m│ package:flutter/src/widgets/framework.dart 5802:5                                               ComponentElement._firstBuild[0m
[38;5;1m│ package:flutter/src/widgets/framework.dart 5976:11                                              StatefulElement._firstBuild[0m
[38;5;1m│ package:flutter/src/widgets/framework.dart 5796:5                                               ComponentElement.mount[0m
[38;5;1m│ package:flutter/src/widgets/framework.dart 4590:20                                              Element.inflateWidget[0m
[38;5;1m│ package:flutter/src/widgets/framework.dart 4059:18                                              Element.updateChild[0m
[38;5;1m│ package:flutter/src/widgets/framework.dart 5844:16                                              ComponentElement.performRebuild[0m
[38;5;1m│ package:flutter/src/widgets/framework.dart 5532:7                                               Element.rebuild[0m
[38;5;1m│ package:flutter/src/widgets/framework.dart 5802:5                                               ComponentElement._firstBuild[0m
[38;5;1m│ package:flutter/src/widgets/framework.dart 5796:5                                               ComponentElement.mount[0m
[38;5;1m│ package:flutter/src/widgets/framework.dart 4590:20                                              Element.inflateWidget[0m
[38;5;1m│ package:flutter/src/widgets/framework.dart 4059:18                                              Element.updateChild[0m
[38;5;1m│ package:flutter/src/widgets/framework.dart 5844:16                                              ComponentElement.performRebuild[0m
[38;5;1m│ package:flutter/src/widgets/framework.dart 5985:11                                              StatefulElement.performRebuild[0m
[38;5;1m│ package:flutter/src/widgets/framework.dart 5532:7                                               Element.rebuild[0m
[38;5;1m│ package:flutter/src/widgets/framework.dart 5802:5                                               ComponentElement._firstBuild[0m
[38;5;1m│ package:flutter/src/widgets/framework.dart 5976:11                                              StatefulElement._firstBuild[0m
[38;5;1m│ package:flutter/src/widgets/framework.dart 5796:5                                               ComponentElement.mount[0m
[38;5;1m│ package:flutter/src/widgets/framework.dart 4590:20                                              Element.inflateWidget[0m
[38;5;1m│ package:flutter/src/widgets/framework.dart 4059:18                                              Element.updateChild[0m
[38;5;1m│ package:flutter/src/widgets/framework.dart 7118:14                                              SingleChildRenderObjectElement.mount[0m
[38;5;1m│ package:flutter/src/widgets/framework.dart 4590:20                                              Element.inflateWidget[0m
[38;5;1m│ package:flutter/src/widgets/framework.dart 4059:18                                              Element.updateChild[0m
[38;5;1m│ package:flutter/src/widgets/framework.dart 5844:16                                              ComponentElement.performRebuild[0m
[38;5;1m│ package:flutter/src/widgets/framework.dart 5532:7                                               Element.rebuild[0m
[38;5;1m│ package:flutter/src/widgets/framework.dart 5802:5                                               ComponentElement._firstBuild[0m
[38;5;1m│ package:flutter/src/widgets/framework.dart 5796:5                                               ComponentElement.mount[0m
[38;5;1m│ package:flutter/src/widgets/framework.dart 4590:20                                              Element.inflateWidget[0m
[38;5;1m│ package:flutter/src/widgets/framework.dart 4059:18                                              Element.updateChild[0m
[38;5;1m│ package:flutter/src/widgets/framework.dart 5844:16                                              ComponentElement.performRebuild[0m
[38;5;1m│ package:flutter/src/widgets/framework.dart 5985:11                                              StatefulElement.performRebuild[0m
[38;5;1m│ package:flutter/src/widgets/framework.dart 5532:7                                               Element.rebuild[0m
[38;5;1m│ package:flutter/src/widgets/framework.dart 5802:5                                               ComponentElement._firstBuild[0m
[38;5;1m│ package:flutter/src/widgets/framework.dart 5976:11                                              StatefulElement._firstBuild[0m
[38;5;1m│ package:flutter/src/widgets/framework.dart 5796:5                                               ComponentElement.mount[0m
[38;5;1m│ package:flutter/src/widgets/framework.dart 4590:20                                              Element.inflateWidget[0m
[38;5;1m│ package:flutter/src/widgets/framework.dart 4059:18                                              Element.updateChild[0m
[38;5;1m│ package:flutter/src/widgets/framework.dart 5844:16                                              ComponentElement.performRebuild[0m
[38;5;1m│ package:flutter/src/widgets/framework.dart 5985:11                                              StatefulElement.performRebuild[0m
[38;5;1m│ package:flutter/src/widgets/framework.dart 5532:7                                               Element.rebuild[0m
[38;5;1m│ package:flutter/src/widgets/framework.dart 5802:5                                               ComponentElement._firstBuild[0m
[38;5;1m│ package:flutter/src/widgets/framework.dart 5976:11                                              StatefulElement._firstBuild[0m
[38;5;1m│ package:flutter/src/widgets/framework.dart 5796:5                                               ComponentElement.mount[0m
[38;5;1m│ package:flutter/src/widgets/framework.dart 4590:20                                              Element.inflateWidget[0m
[38;5;1m│ package:flutter/src/widgets/framework.dart 4059:18                                              Element.updateChild[0m
[38;5;1m│ package:flutter/src/widgets/framework.dart 5844:16                                              ComponentElement.performRebuild[0m
[38;5;1m│ package:flutter/src/widgets/framework.dart 5532:7                                               Element.rebuild[0m
[38;5;1m│ package:flutter/src/widgets/framework.dart 5802:5                                               ComponentElement._firstBuild[0m
[38;5;1m│ package:flutter/src/widgets/framework.dart 5796:5                                               ComponentElement.mount[0m
[38;5;1m│ package:flutter/src/widgets/framework.dart 4590:20                                              Element.inflateWidget[0m
[38;5;1m│ package:flutter/src/widgets/framework.dart 4059:18                                              Element.updateChild[0m
[38;5;1m│ package:flutter/src/widgets/framework.dart 5844:16                                              ComponentElement.performRebuild[0m
[38;5;1m│ package:flutter/src/widgets/framework.dart 5985:11                                              StatefulElement.performRebuild[0m
[38;5;1m│ package:flutter/src/widgets/framework.dart 5532:7                                               Element.rebuild[0m
[38;5;1m│ package:flutter/src/widgets/framework.dart 5802:5                                               ComponentElement._firstBuild[0m
[38;5;1m│ package:flutter/src/widgets/framework.dart 5976:11                                              StatefulElement._firstBuild[0m
[38;5;1m│ package:flutter/src/widgets/framework.dart 5796:5                                               ComponentElement.mount[0m
[38;5;1m│ package:flutter/src/widgets/framework.dart 4590:20                                              Element.inflateWidget[0m
[38;5;1m│ package:flutter/src/widgets/framework.dart 4059:18                                              Element.updateChild[0m
[38;5;1m│ package:flutter/src/widgets/framework.dart 7118:14                                              SingleChildRenderObjectElement.mount[0m
[38;5;1m│ package:flutter/src/widgets/framework.dart 4590:20                                              Element.inflateWidget[0m
[38;5;1m│ package:flutter/src/widgets/framework.dart 4059:18                                              Element.updateChild[0m
[38;5;1m│ package:flutter/src/widgets/framework.dart 5844:16                                              ComponentElement.performRebuild[0m
[38;5;1m│ package:flutter/src/widgets/framework.dart 5532:7                                               Element.rebuild[0m
[38;5;1m│ package:flutter/src/widgets/framework.dart 5802:5                                               ComponentElement._firstBuild[0m
[38;5;1m│ package:flutter/src/widgets/framework.dart 5796:5                                               ComponentElement.mount[0m
[38;5;1m│ package:flutter/src/widgets/framework.dart 4590:20                                              Element.inflateWidget[0m
[38;5;1m│ package:flutter/src/widgets/framework.dart 4059:18                                              Element.updateChild[0m
[38;5;1m│ package:flutter/src/widgets/framework.dart 5844:16                                              ComponentElement.performRebuild[0m
[38;5;1m│ package:flutter/src/widgets/framework.dart 5985:11                                              StatefulElement.performRebuild[0m
[38;5;1m│ package:flutter/src/widgets/framework.dart 5532:7                                               Element.rebuild[0m
[38;5;1m│ package:flutter/src/widgets/framework.dart 5802:5                                               ComponentElement._firstBuild[0m
[38;5;1m│ package:flutter/src/widgets/framework.dart 5976:11                                              StatefulElement._firstBuild[0m
[38;5;1m│ package:flutter/src/widgets/framework.dart 5796:5                                               ComponentElement.mount[0m
[38;5;1m│ package:flutter/src/widgets/framework.dart 4590:20                                              Element.inflateWidget[0m
[38;5;1m│ package:flutter/src/widgets/framework.dart 4059:18                                              Element.updateChild[0m
[38;5;1m│ package:flutter/src/widgets/framework.dart 5844:16                                              ComponentElement.performRebuild[0m
[38;5;1m│ package:flutter/src/widgets/framework.dart 5985:11                                              StatefulElement.performRebuild[0m
[38;5;1m│ package:flutter/src/widgets/framework.dart 5532:7                                               Element.rebuild[0m
[38;5;1m│ package:flutter/src/widgets/framework.dart 5802:5                                               ComponentElement._firstBuild[0m
[38;5;1m│ package:flutter/src/widgets/framework.dart 5976:11                                              StatefulElement._firstBuild[0m
[38;5;1m│ package:flutter/src/widgets/framework.dart 5796:5                                               ComponentElement.mount[0m
[38;5;1m│ package:flutter/src/widgets/framework.dart 4590:20                                              Element.inflateWidget[0m
[38;5;1m│ package:flutter/src/widgets/framework.dart 4059:18                                              Element.updateChild[0m
[38;5;1m│ package:flutter/src/widgets/framework.dart 5844:16                                              ComponentElement.performRebuild[0m
[38;5;1m│ package:flutter/src/widgets/framework.dart 5532:7                                               Element.rebuild[0m
[38;5;1m│ package:flutter/src/widgets/framework.dart 5802:5                                               ComponentElement._firstBuild[0m
[38;5;1m│ package:flutter/src/widgets/framework.dart 5796:5                                               ComponentElement.mount[0m
[38;5;1m│ package:flutter/src/widgets/framework.dart 4590:20                                              Element.inflateWidget[0m
[38;5;1m│ package:flutter/src/widgets/framework.dart 4059:18                                              Element.updateChild[0m
[38;5;1m│ package:flutter/src/widgets/framework.dart 7118:14                                              SingleChildRenderObjectElement.mount[0m
[38;5;1m│ package:flutter/src/widgets/framework.dart 4590:20                                              Element.inflateWidget[0m
[38;5;1m│ package:flutter/src/widgets/framework.dart 4059:18                                              Element.updateChild[0m
[38;5;1m│ package:flutter/src/widgets/framework.dart 5844:16                                              ComponentElement.performRebuild[0m
[38;5;1m│ package:flutter/src/widgets/framework.dart 5532:7                                               Element.rebuild[0m
[38;5;1m│ package:flutter/src/widgets/framework.dart 5802:5                                               ComponentElement._firstBuild[0m
[38;5;1m│ package:flutter/src/widgets/framework.dart 5796:5                                               ComponentElement.mount[0m
[38;5;1m│ package:flutter/src/widgets/framework.dart 4590:20                                              Element.inflateWidget[0m
[38;5;1m│ package:flutter/src/widgets/framework.dart 4059:18                                              Element.updateChild[0m
[38;5;1m│ package:flutter/src/widgets/framework.dart 5844:16                                              ComponentElement.performRebuild[0m
[38;5;1m│ package:flutter/src/widgets/framework.dart 5985:11                                              StatefulElement.performRebuild[0m
[38;5;1m│ package:flutter/src/widgets/framework.dart 5532:7                                               Element.rebuild[0m
[38;5;1m│ package:flutter/src/widgets/framework.dart 5802:5                                               ComponentElement._firstBuild[0m
[38;5;1m│ package:flutter/src/widgets/framework.dart 5976:11                                              StatefulElement._firstBuild[0m
[38;5;1m│ package:flutter/src/widgets/framework.dart 5796:5                                               ComponentElement.mount[0m
[38;5;1m│ package:flutter/src/widgets/framework.dart 4590:20                                              Element.inflateWidget[0m
[38;5;1m│ package:flutter/src/widgets/framework.dart 4059:18                                              Element.updateChild[0m
[38;5;1m│ package:flutter/src/widgets/framework.dart 5844:16                                              ComponentElement.performRebuild[0m
[38;5;1m│ package:flutter/src/widgets/framework.dart 5985:11                                              StatefulElement.performRebuild[0m
[38;5;1m│ package:flutter/src/widgets/framework.dart 5532:7                                               Element.rebuild[0m
[38;5;1m│ package:flutter/src/widgets/framework.dart 5802:5                                               ComponentElement._firstBuild[0m
[38;5;1m│ package:flutter/src/widgets/framework.dart 5976:11                                              StatefulElement._firstBuild[0m
[38;5;1m│ package:flutter/src/widgets/framework.dart 5796:5                                               ComponentElement.mount[0m
[38;5;1m│ package:flutter/src/widgets/framework.dart 4590:20                                              Element.inflateWidget[0m
[38;5;1m│ package:flutter/src/widgets/framework.dart 4059:18                                              Element.updateChild[0m
[38;5;1m│ package:flutter/src/widgets/framework.dart 5844:16                                              ComponentElement.performRebuild[0m
[38;5;1m│ package:flutter/src/widgets/framework.dart 5532:7                                               Element.rebuild[0m
[38;5;1m│ package:flutter/src/widgets/framework.dart 5802:5                                               ComponentElement._firstBuild[0m
[38;5;1m│ package:flutter/src/widgets/framework.dart 5796:5                                               ComponentElement.mount[0m
[38;5;1m│ package:flutter/src/widgets/framework.dart 4590:20                                              Element.inflateWidget[0m
[38;5;1m│ package:flutter/src/widgets/framework.dart 4059:18                                              Element.updateChild[0m
[38;5;1m│ package:flutter/src/widgets/framework.dart 5844:16                                              ComponentElement.performRebuild[0m
[38;5;1m│ package:flutter/src/widgets/framework.dart 5532:7                                               Element.rebuild[0m
[38;5;1m│ package:flutter/src/widgets/framework.dart 5802:5                                               ComponentElement._firstBuild[0m
[38;5;1m│ package:flutter/src/widgets/framework.dart 5796:5                                               ComponentElement.mount[0m
[38;5;1m│ package:flutter/src/widgets/framework.dart 4590:20                                              Element.inflateWidget[0m
[38;5;1m│ package:flutter/src/widgets/framework.dart 4059:18                                              Element.updateChild[0m
[38;5;1m│ package:flutter/src/widgets/framework.dart 5844:16                                              ComponentElement.performRebuild[0m
[38;5;1m│ package:flutter/src/widgets/framework.dart 5985:11                                              StatefulElement.performRebuild[0m
[38;5;1m│ package:flutter/src/widgets/framework.dart 5532:7                                               Element.rebuild[0m
[38;5;1m│ package:flutter/src/widgets/framework.dart 5802:5                                               ComponentElement._firstBuild[0m
[38;5;1m│ package:flutter/src/widgets/framework.dart 5976:11                                              StatefulElement._firstBuild[0m
[38;5;1m│ package:flutter/src/widgets/framework.dart 5796:5                                               ComponentElement.mount[0m
[38;5;1m│ package:flutter/src/widgets/framework.dart 4590:20                                              Element.inflateWidget[0m
[38;5;1m│ package:flutter/src/widgets/framework.dart 4059:18                                              Element.updateChild[0m
[38;5;1m│ package:flutter/src/widgets/framework.dart 5844:16                                              ComponentElement.performRebuild[0m
[38;5;1m│ package:flutter/src/widgets/framework.dart 5532:7                                               Element.rebuild[0m
[38;5;1m│ package:flutter/src/widgets/framework.dart 5802:5                                               ComponentElement._firstBuild[0m
[38;5;1m│ package:flutter/src/widgets/framework.dart 5796:5                                               ComponentElement.mount[0m
[38;5;1m│ package:flutter/src/widgets/framework.dart 4590:20                                              Element.inflateWidget[0m
[38;5;1m│ package:flutter/src/widgets/framework.dart 4059:18                                              Element.updateChild[0m
[38;5;1m│ package:flutter/src/widgets/framework.dart 5844:16                                              ComponentElement.performRebuild[0m
[38;5;1m│ package:flutter/src/widgets/framework.dart 5985:11                                              StatefulElement.performRebuild[0m
[38;5;1m│ package:flutter/src/widgets/framework.dart 5532:7                                               Element.rebuild[0m
[38;5;1m│ package:flutter/src/widgets/framework.dart 5802:5                                               ComponentElement._firstBuild[0m
[38;5;1m│ package:flutter/src/widgets/framework.dart 5976:11                                              StatefulElement._firstBuild[0m
[38;5;1m│ package:flutter/src/widgets/framework.dart 5796:5                                               ComponentElement.mount[0m
[38;5;1m│ package:flutter/src/widgets/framework.dart 4590:20                                              Element.inflateWidget[0m
[38;5;1m│ package:flutter/src/widgets/framework.dart 4059:18                                              Element.updateChild[0m
[38;5;1m│ package:flutter/src/widgets/framework.dart 5844:16                                              ComponentElement.performRebuild[0m
[38;5;1m│ package:flutter/src/widgets/framework.dart 5532:7                                               Element.rebuild[0m
[38;5;1m│ package:flutter/src/widgets/framework.dart 5802:5                                               ComponentElement._firstBuild[0m
[38;5;1m│ package:flutter/src/widgets/framework.dart 5796:5                                               ComponentElement.mount[0m
[38;5;1m│ package:flutter/src/widgets/framework.dart 4590:20                                              Element.inflateWidget[0m
[38;5;1m│ package:flutter/src/widgets/framework.dart 4059:18                                              Element.updateChild[0m
[38;5;1m│ package:flutter/src/widgets/framework.dart 5844:16                                              ComponentElement.performRebuild[0m
[38;5;1m│ package:flutter/src/widgets/framework.dart 5985:11                                              StatefulElement.performRebuild[0m
[38;5;1m│ package:flutter/src/widgets/framework.dart 5532:7                                               Element.rebuild[0m
[38;5;1m│ package:flutter/src/widgets/framework.dart 5802:5                                               ComponentElement._firstBuild[0m
[38;5;1m│ package:flutter/src/widgets/framework.dart 5976:11                                              StatefulElement._firstBuild[0m
[38;5;1m│ package:flutter/src/widgets/framework.dart 5796:5                                               ComponentElement.mount[0m
[38;5;1m│ package:flutter/src/widgets/framework.dart 4590:20                                              Element.inflateWidget[0m
[38;5;1m│ package:flutter/src/widgets/framework.dart 4059:18                                              Element.updateChild[0m
[38;5;1m│ package:flutter/src/widgets/framework.dart 5844:16                                              ComponentElement.performRebuild[0m
[38;5;1m│ package:flutter/src/widgets/framework.dart 5985:11                                              StatefulElement.performRebuild[0m
[38;5;1m│ package:flutter/src/widgets/framework.dart 5532:7                                               Element.rebuild[0m
[38;5;1m│ package:flutter/src/widgets/framework.dart 5802:5                                               ComponentElement._firstBuild[0m
[38;5;1m│ package:flutter/src/widgets/framework.dart 5976:11                                              StatefulElement._firstBuild[0m
[38;5;1m│ package:flutter/src/widgets/framework.dart 5796:5                                               ComponentElement.mount[0m
[38;5;1m│ package:flutter/src/widgets/framework.dart 4590:20                                              Element.inflateWidget[0m
[38;5;1m│ package:flutter/src/widgets/framework.dart 4059:18                                              Element.updateChild[0m
[38;5;1m│ package:flutter/src/widgets/framework.dart 7118:14                                              SingleChildRenderObjectElement.mount[0m
[38;5;1m│ package:flutter/src/widgets/framework.dart 4590:20                                              Element.inflateWidget[0m
[38;5;1m│ package:flutter/src/widgets/framework.dart 4059:18                                              Element.updateChild[0m
[38;5;1m│ package:flutter/src/widgets/framework.dart 5844:16                                              ComponentElement.performRebuild[0m
[38;5;1m│ package:flutter/src/widgets/framework.dart 5532:7                                               Element.rebuild[0m
[38;5;1m│ package:flutter/src/widgets/framework.dart 5802:5                                               ComponentElement._firstBuild[0m
[38;5;1m│ package:flutter/src/widgets/framework.dart 5796:5                                               ComponentElement.mount[0m
[38;5;1m│ package:flutter/src/widgets/framework.dart 4590:20                                              Element.inflateWidget[0m
[38;5;1m│ package:flutter/src/widgets/framework.dart 4059:18                                              Element.updateChild[0m
[38;5;1m│ package:flutter/src/widgets/framework.dart 5844:16                                              ComponentElement.performRebuild[0m
[38;5;1m│ package:flutter/src/widgets/framework.dart 5985:11                                              StatefulElement.performRebuild[0m
[38;5;1m│ package:flutter/src/widgets/framework.dart 5532:7                                               Element.rebuild[0m
[38;5;1m│ package:flutter/src/widgets/framework.dart 5802:5                                               ComponentElement._firstBuild[0m
[38;5;1m│ package:flutter/src/widgets/framework.dart 5976:11                                              StatefulElement._firstBuild[0m
[38;5;1m│ package:flutter/src/widgets/framework.dart 5796:5                                               ComponentElement.mount[0m
[38;5;1m│ package:flutter/src/widgets/framework.dart 4590:20                                              Element.inflateWidget[0m
[38;5;1m│ package:flutter/src/widgets/framework.dart 4059:18                                              Element.updateChild[0m
[38;5;1m│ package:flutter/src/widgets/framework.dart 5844:16                                              ComponentElement.performRebuild[0m
[38;5;1m│ package:flutter/src/widgets/framework.dart 5532:7                                               Element.rebuild[0m
[38;5;1m│ package:flutter/src/widgets/framework.dart 5802:5                                               ComponentElement._firstBuild[0m
[38;5;1m│ package:flutter/src/widgets/framework.dart 5796:5                                               ComponentElement.mount[0m
[38;5;1m│ package:flutter/src/widgets/framework.dart 4590:20                                              Element.inflateWidget[0m
[38;5;1m│ package:flutter/src/widgets/framework.dart 4059:18                                              Element.updateChild[0m
[38;5;1m│ package:flutter/src/widgets/framework.dart 5844:16                                              ComponentElement.performRebuild[0m
[38;5;1m│ package:flutter/src/widgets/framework.dart 5532:7                                               Element.rebuild[0m
[38;5;1m│ package:flutter/src/widgets/framework.dart 5802:5                                               ComponentElement._firstBuild[0m
[38;5;1m│ package:flutter/src/widgets/framework.dart 5796:5                                               ComponentElement.mount[0m
[38;5;1m│ package:flutter/src/widgets/framework.dart 4590:20                                              Element.inflateWidget[0m
[38;5;1m│ package:flutter/src/widgets/framework.dart 4059:18                                              Element.updateChild[0m
[38;5;1m│ package:flutter/src/widgets/framework.dart 5844:16                                              ComponentElement.performRebuild[0m
[38;5;1m│ package:flutter/src/widgets/framework.dart 5985:11                                              StatefulElement.performRebuild[0m
[38;5;1m│ package:flutter/src/widgets/framework.dart 5532:7                                               Element.rebuild[0m
[38;5;1m│ package:flutter/src/widgets/framework.dart 5802:5                                               ComponentElement._firstBuild[0m
[38;5;1m│ package:flutter/src/widgets/framework.dart 5976:11                                              StatefulElement._firstBuild[0m
[38;5;1m│ package:flutter/src/widgets/framework.dart 5796:5                                               ComponentElement.mount[0m
[38;5;1m│ package:flutter/src/widgets/framework.dart 4590:20                                              Element.inflateWidget[0m
[38;5;1m│ package:flutter/src/widgets/framework.dart 4053:20                                              Element.updateChild[0m
[38;5;1m│ package:flutter/src/widgets/framework.dart 5844:16                                              ComponentElement.performRebuild[0m
[38;5;1m│ package:flutter/src/widgets/framework.dart 5532:7                                               Element.rebuild[0m
[38;5;1m│ package:flutter/src/widgets/framework.dart 6152:5                                               ProxyElement.update[0m
[38;5;1m│ package:flutter/src/widgets/inherited_notifier.dart 108:11                                      _InheritedNotifierElement.update[0m
[38;5;1m│ package:flutter/src/widgets/framework.dart 4037:15                                              Element.updateChild[0m
[38;5;1m│ package:flutter/src/widgets/framework.dart 5844:16                                              ComponentElement.performRebuild[0m
[38;5;1m│ package:flutter/src/widgets/framework.dart 5985:11                                              StatefulElement.performRebuild[0m
[38;5;1m│ package:flutter/src/widgets/framework.dart 5532:7                                               Element.rebuild[0m
[38;5;1m│ package:flutter/src/widgets/framework.dart 6010:5                                               StatefulElement.update[0m
[38;5;1m│ package:flutter/src/widgets/framework.dart 4037:15                                              Element.updateChild[0m
[38;5;1m│ package:flutter/src/widgets/framework.dart 5844:16                                              ComponentElement.performRebuild[0m
[38;5;1m│ package:flutter/src/widgets/framework.dart 5532:7                                               Element.rebuild[0m
[38;5;1m│ package:flutter/src/widgets/framework.dart 6152:5                                               ProxyElement.update[0m
[38;5;1m│ package:flutter/src/widgets/inherited_notifier.dart 108:11                                      _InheritedNotifierElement.update[0m
[38;5;1m│ package:flutter/src/widgets/framework.dart 4037:15                                              Element.updateChild[0m
[38;5;1m│ package:flutter/src/widgets/framework.dart 5844:16                                              ComponentElement.performRebuild[0m
[38;5;1m│ package:flutter/src/widgets/framework.dart 5985:11                                              StatefulElement.performRebuild[0m
[38;5;1m│ package:flutter/src/widgets/framework.dart 5532:7                                               Element.rebuild[0m
[38;5;1m│ package:flutter/src/widgets/framework.dart 6010:5                                               StatefulElement.update[0m
[38;5;1m│ package:flutter/src/widgets/framework.dart 4037:15                                              Element.updateChild[0m
[38;5;1m│ package:flutter/src/widgets/framework.dart 5844:16                                              ComponentElement.performRebuild[0m
[38;5;1m│ package:flutter/src/widgets/framework.dart 5985:11                                              StatefulElement.performRebuild[0m
[38;5;1m│ package:flutter/src/widgets/framework.dart 5532:7                                               Element.rebuild[0m
[38;5;1m│ package:flutter/src/widgets/framework.dart 6010:5                                               StatefulElement.update[0m
[38;5;1m│ package:flutter/src/widgets/framework.dart 4037:15                                              Element.updateChild[0m
[38;5;1m│ package:flutter/src/widgets/framework.dart 5844:16                                              ComponentElement.performRebuild[0m
[38;5;1m│ package:flutter/src/widgets/framework.dart 5532:7                                               Element.rebuild[0m
[38;5;1m│ package:flutter/src/widgets/framework.dart 6152:5                                               ProxyElement.update[0m
[38;5;1m│ package:flutter/src/widgets/framework.dart 4037:15                                              Element.updateChild[0m
[38;5;1m│ package:flutter/src/widgets/framework.dart 5844:16                                              ComponentElement.performRebuild[0m
[38;5;1m│ package:flutter/src/widgets/framework.dart 5985:11                                              StatefulElement.performRebuild[0m
[38;5;1m│ package:flutter/src/widgets/framework.dart 5532:7                                               Element.rebuild[0m
[38;5;1m│ package:flutter/src/widgets/framework.dart 6010:5                                               StatefulElement.update[0m
[38;5;1m│ package:flutter/src/widgets/framework.dart 4037:15                                              Element.updateChild[0m
[38;5;1m│ package:flutter/src/widgets/framework.dart 5844:16                                              ComponentElement.performRebuild[0m
[38;5;1m│ package:flutter/src/widgets/framework.dart 5532:7                                               Element.rebuild[0m
[38;5;1m│ package:flutter/src/widgets/framework.dart 6152:5                                               ProxyElement.update[0m
[38;5;1m│ package:flutter/src/widgets/framework.dart 4037:15                                              Element.updateChild[0m
[38;5;1m│ package:flutter/src/widgets/framework.dart 5844:16                                              ComponentElement.performRebuild[0m
[38;5;1m│ package:flutter/src/widgets/framework.dart 5532:7                                               Element.rebuild[0m
[38;5;1m│ package:flutter/src/widgets/framework.dart 6152:5                                               ProxyElement.update[0m
[38;5;1m│ package:flutter/src/widgets/framework.dart 4037:15                                              Element.updateChild[0m
[38;5;1m│ package:flutter/src/widgets/view.dart 481:16                                                    _RawViewElement._updateChild[0m
[38;5;1m│ package:flutter/src/widgets/view.dart 568:5                                                     _RawViewElement.update[0m
[38;5;1m│ package:flutter/src/widgets/framework.dart 4037:15                                              Element.updateChild[0m
[38;5;1m│ package:flutter/src/widgets/framework.dart 5844:16                                              ComponentElement.performRebuild[0m
[38;5;1m│ package:flutter/src/widgets/framework.dart 5532:7                                               Element.rebuild[0m
[38;5;1m│ package:flutter/src/widgets/framework.dart 5898:5                                               StatelessElement.update[0m
[38;5;1m│ package:flutter/src/widgets/framework.dart 4037:15                                              Element.updateChild[0m
[38;5;1m│ package:flutter/src/widgets/framework.dart 5844:16                                              ComponentElement.performRebuild[0m
[38;5;1m│ package:flutter/src/widgets/framework.dart 5985:11                                              StatefulElement.performRebuild[0m
[38;5;1m│ package:flutter/src/widgets/framework.dart 5532:7                                               Element.rebuild[0m
[38;5;1m│ package:flutter/src/widgets/framework.dart 6010:5                                               StatefulElement.update[0m
[38;5;1m│ package:flutter/src/widgets/framework.dart 4037:15                                              Element.updateChild[0m
[38;5;1m│ package:flutter/src/widgets/binding.dart 1782:16                                                RootElement._rebuild[0m
[38;5;1m│ package:flutter/src/widgets/binding.dart 1760:5                                                 RootElement.update[0m
[38;5;1m│ package:flutter/src/widgets/binding.dart 1774:7                                                 RootElement.performRebuild[0m
[38;5;1m│ package:flutter/src/widgets/framework.dart 5532:7                                               Element.rebuild[0m
[38;5;1m│ package:flutter/src/widgets/framework.dart 2750:15                                              BuildScope._tryRebuild[0m
[38;5;1m│ package:flutter/src/widgets/framework.dart 2807:11                                              BuildScope._flushDirtyElements[0m
[38;5;1m│ package:flutter/src/widgets/framework.dart 3111:18                                              BuildOwner.buildScope[0m
[38;5;1m│ package:flutter_test/src/binding.dart 1506:19                                                   AutomatedTestWidgetsFlutterBinding.drawFrame[0m
[38;5;1m│ package:flutter/src/rendering/binding.dart 495:5                                                RendererBinding._handlePersistentFrameCallback[0m
[38;5;1m│ package:flutter/src/scheduler/binding.dart 1434:15                                              SchedulerBinding._invokeFrameCallback[0m
[38;5;1m│ package:flutter/src/scheduler/binding.dart 1347:9                                               SchedulerBinding.handleDrawFrame[0m
[38;5;1m│ package:flutter_test/src/binding.dart 1335:9                                                    AutomatedTestWidgetsFlutterBinding.pump.<fn>[0m
[38;5;1m│ dart:async/zone.dart 1525:13                                                                    _rootRun[0m
[38;5;1m│ dart:async/zone.dart 1422:19                                                                    _CustomZone.run[0m
[38;5;1m│ package:flutter_test/src/test_async_utils.dart 74:41                                            TestAsyncUtils.guard[0m
[38;5;1m│ package:flutter_test/src/binding.dart 1324:27                                                   AutomatedTestWidgetsFlutterBinding.pump[0m
[38;5;1m│ package:flutter_test/src/widget_tester.dart 598:22                                              WidgetTester.pumpWidget.<fn>[0m
[38;5;1m│ dart:async/zone.dart 1525:13                                                                    _rootRun[0m
[38;5;1m│ dart:async/zone.dart 1422:19                                                                    _CustomZone.run[0m
[38;5;1m│ package:flutter_test/src/test_async_utils.dart 74:41                                            TestAsyncUtils.guard[0m
[38;5;1m│ package:flutter_test/src/widget_tester.dart 595:27                                              WidgetTester.pumpWidget[0m
[38;5;1m│ test\helpers\pump_app.dart 43:16                                                                pumpTasklyApp[0m
[38;5;1m│ test\helpers\widget_test_helpers.dart 70:11                                                     WidgetPumpExtensions.pumpApp[0m
[38;5;1m│ test\presentation\features\journal\journal_tracker_wizard_page_widget_test.dart 81:18           main.pumpPage[0m
[38;5;1m│ test\presentation\features\journal\journal_tracker_wizard_page_widget_test.dart 104:11          main.<fn>[0m
[38;5;1m│ test\helpers\test_helpers.dart 71:23                                                            testWidgetsSafe.<fn>[0m
[38;5;1m│ package:flutter_test/src/widget_tester.dart 192:29                                              testWidgets.<fn>.<fn>[0m
[38;5;1m│ ===== asynchronous gap ===========================[0m
[38;5;1m│ dart:async/zone.dart 1450:19                                                                    _CustomZone.registerUnaryCallback[0m
[38;5;1m│ package:flutter_test/src/widget_tester.dart 189:25                                              testWidgets.<fn>.<fn>[0m
[38;5;1m│ package:flutter_test/src/binding.dart 1059:19                                                   TestWidgetsFlutterBinding._runTestBody[0m
[38;5;1m│ ===== asynchronous gap ===========================[0m
[38;5;1m│ dart:async/zone.dart 1450:19                                                                    _CustomZone.registerUnaryCallback[0m
[38;5;1m│ package:flutter_test/src/binding.dart 1048:5                                                    TestWidgetsFlutterBinding._runTestBody[0m
[38;5;1m│ dart:async/zone.dart 1568:13                                                                    _rootRunBinary[0m
[38;5;1m│ dart:async/zone.dart 1436:19                                                                    _CustomZone.runBinary[0m
[38;5;1m│ package:flutter_test/src/binding.dart 1033:10                                                   TestWidgetsFlutterBinding._runTest[0m
[38;5;1m│ package:flutter_test/src/binding.dart 1564:24                                                   AutomatedTestWidgetsFlutterBinding.runTest.<fn>[0m
[38;5;1m│ package:fake_async/fake_async.dart 182:47                                                       FakeAsync.run.<fn>.<fn>[0m
[38;5;1m│ dart:async/zone.dart 1525:13                                                                    _rootRun[0m
[38;5;1m│ dart:async/zone.dart 1422:19                                                                    _CustomZone.run[0m
[38;5;1m│ dart:async/zone.dart 2034:6                                                                     _runZoned[0m
[38;5;1m│ dart:async/zone.dart 1960:10                                                                    runZoned[0m
[38;5;1m│ package:clock/src/default.dart 52:10                                                            withClock[0m
[38;5;1m│ package:fake_async/fake_async.dart 182:15                                                       FakeAsync.run.<fn>[0m
[38;5;1m│ dart:async/zone.dart 1525:13                                                                    _rootRun[0m
[38;5;1m│ dart:async/zone.dart 1422:19                                                                    _CustomZone.run[0m
[38;5;1m│ dart:async/zone.dart 2034:6                                                                     _runZoned[0m
[38;5;1m│ dart:async/zone.dart 1960:10                                                                    runZoned[0m
[38;5;1m│ package:fake_async/fake_async.dart 181:52                                                       FakeAsync.run[0m
[38;5;1m│ package:flutter_test/src/binding.dart 1561:15                                                   AutomatedTestWidgetsFlutterBinding.runTest[0m
[38;5;1m│ package:flutter_test/src/widget_tester.dart 184:24                                              testWidgets.<fn>[0m
[38;5;1m│ package:test_api/src/backend/declarer.dart 242:19                                               Declarer.test.<fn>.<fn>[0m
[38;5;1m│ ===== asynchronous gap ===========================[0m
[38;5;1m│ dart:async/zone.dart 1450:19                                                                    _CustomZone.registerUnaryCallback[0m
[38;5;1m│ package:test_api/src/backend/declarer.dart 241:9                                                Declarer.test.<fn>.<fn>[0m
[38;5;1m│ dart:async/zone.dart 1525:13                                                                    _rootRun[0m
[38;5;1m│ dart:async/zone.dart 1422:19                                                                    _CustomZone.run[0m
[38;5;1m│ dart:async/zone.dart 2034:6                                                                     _runZoned[0m
[38;5;1m│ dart:async/zone.dart 1960:10                                                                    runZoned[0m
[38;5;1m│ package:test_api/src/backend/declarer.dart 240:13                                               Declarer.test.<fn>[0m
[38;5;1m│ package:test_api/src/backend/invoker.dart 282:17                                                Invoker._waitForOutstandingCallbacks.<fn>[0m
[38;5;1m│ dart:async/zone.dart 1525:13                                                                    _rootRun[0m
[38;5;1m│ dart:async/zone.dart 1422:19                                                                    _CustomZone.run[0m
[38;5;1m│ dart:async/zone.dart 2034:6                                                                     _runZoned[0m
[38;5;1m│ dart:async/zone.dart 1960:10                                                                    runZoned[0m
[38;5;1m│ package:test_api/src/backend/invoker.dart 278:5                                                 Invoker._waitForOutstandingCallbacks[0m
[38;5;1m│ package:test_api/src/backend/invoker.dart 418:17                                                Invoker._onRun.<fn>.<fn>.<fn>[0m
[38;5;1m│ ===== asynchronous gap ===========================[0m
[38;5;1m│ dart:async/zone.dart 1450:19                                                                    _CustomZone.registerUnaryCallback[0m
[38;5;1m│ package:test_api/src/backend/invoker.dart 416:11                                                Invoker._onRun.<fn>.<fn>.<fn>[0m
[38;5;1m│ dart:async/zone.dart 1525:13                                                                    _rootRun[0m
[38;5;1m│ dart:async/zone.dart 1422:19                                                                    _CustomZone.run[0m
[38;5;1m│ dart:async/zone.dart 2034:6                                                                     _runZoned[0m
[38;5;1m│ dart:async/zone.dart 1960:10                                                                    runZoned[0m
[38;5;1m│ package:test_api/src/backend/invoker.dart 407:9                                                 Invoker._onRun.<fn>.<fn>[0m
[38;5;1m│ package:test_api/src/backend/invoker.dart 450:15                                                Invoker._guardIfGuarded[0m
[38;5;1m│ package:test_api/src/backend/invoker.dart 406:7                                                 Invoker._onRun.<fn>[0m
[38;5;1m│ package:stack_trace/src/chain.dart 97:24                                                        Chain.capture.<fn>[0m
[38;5;1m│ dart:async/zone.dart 1525:13                                                                    _rootRun[0m
[38;5;1m│ dart:async/zone.dart 1422:19                                                                    _CustomZone.run[0m
[38;5;1m│ dart:async/zone.dart 2034:6                                                                     _runZoned[0m
[38;5;1m│ dart:async/zone.dart 1960:10                                                                    runZoned[0m
[38;5;1m│ package:stack_trace/src/chain.dart 95:12                                                        Chain.capture[0m
[38;5;1m│ package:test_api/src/backend/invoker.dart 405:11                                                Invoker._onRun[0m
[38;5;1m│ package:test_api/src/backend/live_test_controller.dart 153:11                                   LiveTestController.run[0m
[38;5;1m│ package:test_api/src/backend/remote_listener.dart 275:16                                        RemoteListener._runLiveTest.<fn>[0m
[38;5;1m│ dart:async/zone.dart 1525:13                                                                    _rootRun[0m
[38;5;1m│ dart:async/zone.dart 1422:19                                                                    _CustomZone.run[0m
[38;5;1m│ dart:async/zone.dart 2034:6                                                                     _runZoned[0m
[38;5;1m│ dart:async/zone.dart 1960:10                                                                    runZoned[0m
[38;5;1m│ package:test_api/src/backend/remote_listener.dart 274:5                                         RemoteListener._runLiveTest[0m
[38;5;1m│ package:test_api/src/backend/remote_listener.dart 221:7                                         RemoteListener._serializeTest.<fn>[0m
[38;5;1m│ dart:async/zone.dart 1538:47                                                                    _rootRunUnary[0m
[38;5;1m│ dart:async/zone.dart 1429:19                                                                    _CustomZone.runUnary[0m
[38;5;1m│ dart:async/zone.dart 1329:7                                                                     _CustomZone.runUnaryGuarded[0m
[38;5;1m│ dart:async/stream_impl.dart 381:11                                                              _BufferingStreamSubscription._sendData[0m
[38;5;1m│ dart:async/stream_impl.dart 312:7                                                               _BufferingStreamSubscription._add[0m
[38;5;1m│ dart:async/stream_controller.dart 798:19                                                        _SyncStreamControllerDispatch._sendData[0m
[38;5;1m│ dart:async/stream_controller.dart 663:7                                                         _StreamController._add[0m
[38;5;1m│ dart:async/stream_controller.dart 618:5                                                         _StreamController.add[0m
[38;5;1m│ dart:async/zone.dart 1546:13                                                                    _rootRunUnary[0m
[38;5;1m│ dart:async/zone.dart 1429:19                                                                    _CustomZone.runUnary[0m
[38;5;1m│ dart:async/zone.dart 1329:7                                                                     _CustomZone.runUnaryGuarded[0m
[38;5;1m│ dart:async/stream_impl.dart 381:11                                                              _BufferingStreamSubscription._sendData[0m
[38;5;1m│ dart:async/stream_impl.dart 312:7                                                               _BufferingStreamSubscription._add[0m
[38;5;1m│ dart:async/stream_controller.dart 798:19                                                        _SyncStreamControllerDispatch._sendData[0m
[38;5;1m│ dart:async/stream_controller.dart 663:7                                                         _StreamController._add[0m
[38;5;1m│ dart:async/stream_controller.dart 618:5                                                         _StreamController.add[0m
[38;5;1m│ dart:async/stream_controller.dart 898:13                                                        _StreamSinkWrapper.add[0m
[38;5;1m│ package:stream_channel/src/guarantee_channel.dart 125:12                                        _GuaranteeSink.add[0m
[38;5;1m│ package:stream_channel/src/multi_channel.dart 159:31                                            new _MultiChannel.<fn>[0m
[38;5;1m│ dart:async/zone.dart 1778:10                                                                    _RootZone.runUnaryGuarded[0m
[38;5;1m│ dart:_internal/async_cast.dart 95:11                                                            CastStreamSubscription._onData[0m
[38;5;1m│ dart:async/zone.dart 1778:10                                                                    _RootZone.runUnaryGuarded[0m
[38;5;1m│ dart:async/stream_impl.dart 381:11                                                              _BufferingStreamSubscription._sendData[0m
[38;5;1m│ dart:async/stream_impl.dart 312:7                                                               _BufferingStreamSubscription._add[0m
[38;5;1m│ dart:async/stream_controller.dart 798:19                                                        _SyncStreamControllerDispatch._sendData[0m
[38;5;1m│ dart:async/stream_controller.dart 663:7                                                         _StreamController._add[0m
[38;5;1m│ dart:async/stream_controller.dart 618:5                                                         _StreamController.add[0m
[38;5;1m│ dart:async/zone.dart 1778:10                                                                    _RootZone.runUnaryGuarded[0m
[38;5;1m│ dart:async/stream_impl.dart 381:11                                                              _BufferingStreamSubscription._sendData[0m
[38;5;1m│ dart:async/stream_impl.dart 312:7                                                               _BufferingStreamSubscription._add[0m
[38;5;1m│ dart:async/stream_controller.dart 798:19                                                        _SyncStreamControllerDispatch._sendData[0m
[38;5;1m│ dart:async/stream_controller.dart 663:7                                                         _StreamController._add[0m
[38;5;1m│ dart:async/stream_controller.dart 618:5                                                         _StreamController.add[0m
[38;5;1m│ dart:async/stream_controller.dart 898:13                                                        _StreamSinkWrapper.add[0m
[38;5;1m│ dart:async/zone.dart 1778:10                                                                    _RootZone.runUnaryGuarded[0m
[38;5;1m│ dart:async/stream_impl.dart 381:11                                                              _BufferingStreamSubscription._sendData[0m
[38;5;1m│ dart:async/stream_impl.dart 312:7                                                               _BufferingStreamSubscription._add[0m
[38;5;1m│ dart:async/stream_pipe.dart 154:11                                                              _ForwardingStreamSubscription._add[0m
[38;5;1m│ dart:async/stream_pipe.dart 252:10                                                              _MapStream._handleData[0m
[38;5;1m│ dart:async/stream_pipe.dart 184:13                                                              _ForwardingStreamSubscription._handleData[0m
[38;5;1m│ dart:async/zone.dart 1778:10                                                                    _RootZone.runUnaryGuarded[0m
[38;5;1m│ dart:async/stream_impl.dart 381:11                                                              _BufferingStreamSubscription._sendData[0m
[38;5;1m│ dart:async/stream_impl.dart 312:7                                                               _BufferingStreamSubscription._add[0m
[38;5;1m│ dart:async/stream_controller.dart 798:19                                                        _SyncStreamControllerDispatch._sendData[0m
[38;5;1m│ dart:async/stream_controller.dart 663:7                                                         _StreamController._add[0m
[38;5;1m│ dart:async/stream_controller.dart 618:5                                                         _StreamController.add[0m
[38;5;1m│ dart:_http/websocket_impl.dart 1252:27                                                          new _WebSocketImpl._fromSocket.<fn>[0m
[38;5;1m│ dart:async/zone.dart 1778:10                                                                    _RootZone.runUnaryGuarded[0m
[38;5;1m│ dart:async/stream_impl.dart 381:11                                                              _BufferingStreamSubscription._sendData[0m
[38;5;1m│ dart:async/stream_impl.dart 312:7                                                               _BufferingStreamSubscription._add[0m
[38;5;1m│ dart:async/stream_transformers.dart 67:11                                                       _SinkTransformerStreamSubscription._add[0m
[38;5;1m│ dart:async/stream_transformers.dart 13:11                                                       _EventSinkWrapper.add[0m
[38;5;1m│ dart:_http/websocket_impl.dart 348:23                                                           _WebSocketProtocolTransformer._messageFrameEnd[0m
[38;5;1m│ dart:_http/websocket_impl.dart 238:46                                                           _WebSocketProtocolTransformer.add[0m
[38;5;1m│ dart:async/stream_transformers.dart 115:24                                                      _SinkTransformerStreamSubscription._handleData[0m
[38;5;1m│ dart:async/zone.dart 1778:10                                                                    _RootZone.runUnaryGuarded[0m
[38;5;1m│ dart:async/stream_impl.dart 381:11                                                              _BufferingStreamSubscription._sendData[0m
[38;5;1m│ dart:async/stream_impl.dart 312:7                                                               _BufferingStreamSubscription._add[0m
[38;5;1m│ dart:async/stream_controller.dart 798:19                                                        _SyncStreamControllerDispatch._sendData[0m
[38;5;1m│ dart:async/stream_controller.dart 663:7                                                         _StreamController._add[0m
[38;5;1m│ dart:async/stream_controller.dart 618:5                                                         _StreamController.add[0m
[38;5;1m│ dart:io-patch/socket_patch.dart 2880:41                                                         _Socket._onData[0m
[38;5;1m│ dart:async/zone.dart 1778:10                                                                    _RootZone.runUnaryGuarded[0m
[38;5;1m│ dart:async/stream_impl.dart 381:11                                                              _BufferingStreamSubscription._sendData[0m
[38;5;1m│ dart:async/stream_impl.dart 312:7                                                               _BufferingStreamSubscription._add[0m
[38;5;1m│ dart:async/stream_controller.dart 798:19                                                        _SyncStreamControllerDispatch._sendData[0m
[38;5;1m│ dart:async/stream_controller.dart 663:7                                                         _StreamController._add[0m
[38;5;1m│ dart:async/stream_controller.dart 618:5                                                         _StreamController.add[0m
[38;5;1m│ dart:io-patch/socket_patch.dart 2315:31                                                         new _RawSocket.<fn>[0m
[38;5;1m│ dart:io-patch/socket_patch.dart 1655:14                                                         _NativeSocket.issueReadEvent.issue[0m
[38;5;1m│ dart:async/schedule_microtask.dart 40:35                                                        _microtaskLoop[0m
[38;5;1m│ dart:async/schedule_microtask.dart 49:5                                                         _startMicrotaskLoop[0m
[38;5;1m│ }[0m
[38;5;1m└──────────────────────────────────────────────────────────────────────────────────────────────────────────────[0m
01:12 +183 -18: C:/Users/User/FlutterProjects/taskly_bloc/test/presentation/features/journal/journal_tracker_wizard_page_widget_test.dart: renders stepper with group options
01:13 +184 -18: C:/Users/User/FlutterProjects/taskly_bloc/test/presentation/features/journal/journal_tracker_wizard_page_widget_test.dart: requires name and scope before continuing
01:13 +185 -18: C:/Users/User/FlutterProjects/taskly_bloc/test/presentation/features/journal/journal_tracker_wizard_page_widget_test.dart: validates measurement selection before create
01:13 +186 -18: C:/Users/User/FlutterProjects/taskly_bloc/test/presentation/features/journal/journal_tracker_wizard_page_widget_test.dart: shows error for invalid rating range
01:14 +187 -18: C:/Users/User/FlutterProjects/taskly_bloc/test/presentation/features/journal/journal_tracker_wizard_page_widget_test.dart: shows error for invalid quantity step
01:14 +188 -18: C:/Users/User/FlutterProjects/taskly_bloc/test/presentation/features/journal/journal_tracker_wizard_page_widget_test.dart: shows error when choice has no options
01:15 +189 -18: C:/Users/User/FlutterProjects/taskly_bloc/test/presentation/features/journal/journal_tracker_wizard_page_widget_test.dart: choice UI adds and removes options
01:15 +190 -18: C:/Users/User/FlutterProjects/taskly_bloc/test/presentation/features/journal/journal_tracker_wizard_page_widget_test.dart: creates tracker and reports saved state
01:15 +191 -18: C:/Users/User/FlutterProjects/taskly_bloc/test/presentation/features/journal/journal_tracker_wizard_page_widget_test.dart: shows error snack when save fails
[38;5;1m┌──────────────────────────────────────────────────────────────────────────────────────────────────────────────[0m
[38;5;1m│ [exception] | 6:38:23 955ms | [app.unexpected] [JournalTrackerWizardBloc] save failed (unmapped exception) | feature=journal screen=journal_tracker_wizard intent=create_tracker operation=journal.saveTrackerDefinition correlationId=56e57b90-7500-4709-8d14-ded5e93995b8 entityType=tracker_definition scope=day measurement=toggle (route: <unknown>)[0m
[38;5;1m│ Exception: save failed[0m
[38;5;1m│ StackTrace: #0      When.thenThrow.<anonymous closure> (package:mocktail/src/mocktail.dart:249:7)[0m
[38;5;1m│ #1      Mock.noSuchMethod (package:mocktail/src/mocktail.dart:131:37)[0m
[38;5;1m│ #2      MockJournalRepositoryContract.saveTrackerDefinition (file:///C:/Users/User/FlutterProjects/taskly_bloc/test/mocks/feature_mocks.dart:26:7)[0m
[38;5;1m│ #3      JournalTrackerWizardBloc._onSaveRequested (package:taskly_bloc/presentation/features/journal/bloc/journal_tracker_wizard_bloc.dart:603:25)[0m
[38;5;1m│ <asynchronous suspension>[0m
[38;5;1m│ #4      Bloc.on.<anonymous closure>.handleEvent (package:bloc/src/bloc.dart:226:13)[0m
[38;5;1m│ <asynchronous suspension>[0m
[38;5;1m│ }[0m
[38;5;1m└──────────────────────────────────────────────────────────────────────────────────────────────────────────────[0m
01:16 +192 -18: C:/Users/User/FlutterProjects/taskly_bloc/test/presentation/features/journal/journal_tracker_wizard_page_widget_test.dart: shows rating config fields when rating selected
01:16 +193 -18: C:/Users/User/FlutterProjects/taskly_bloc/test/presentation/features/journal/journal_tracker_wizard_page_widget_test.dart: shows quantity config fields when quantity selected
01:16 +194 -18: C:/Users/User/FlutterProjects/taskly_bloc/test/presentation/features/journal/journal_tracker_wizard_page_widget_test.dart: (tearDownAll)
01:16 +194 -18: loading C:/Users/User/FlutterProjects/taskly_bloc/test/presentation/features/onboarding/bloc/onboarding_bloc_test.dart
01:17 +194 -18: C:/Users/User/FlutterProjects/taskly_bloc/test/presentation/features/onboarding/bloc/onboarding_bloc_test.dart: (setUpAll)
01:17 +194 -18: C:/Users/User/FlutterProjects/taskly_bloc/test/presentation/features/onboarding/bloc/onboarding_bloc_test.dart: name change updates display name
01:17 +195 -18: C:/Users/User/FlutterProjects/taskly_bloc/test/presentation/features/onboarding/bloc/onboarding_bloc_test.dart: advances from name step when display name is saved
01:18 +196 -18: C:/Users/User/FlutterProjects/taskly_bloc/test/presentation/features/onboarding/bloc/onboarding_bloc_test.dart: saves suggestion signal and moves to values setup
01:18 +197 -18: C:/Users/User/FlutterProjects/taskly_bloc/test/presentation/features/onboarding/bloc/onboarding_bloc_test.dart: (tearDownAll)
01:18 +197 -18: loading C:/Users/User/FlutterProjects/taskly_bloc/test/presentation/features/onboarding/onboarding_flow_page_widget_test.dart
01:19 +197 -18: C:/Users/User/FlutterProjects/taskly_bloc/test/presentation/features/onboarding/onboarding_flow_page_widget_test.dart: (setUpAll)
01:19 +197 -18: C:/Users/User/FlutterProjects/taskly_bloc/test/presentation/features/onboarding/onboarding_flow_page_widget_test.dart: shows welcome step content
01:19 +198 -18: C:/Users/User/FlutterProjects/taskly_bloc/test/presentation/features/onboarding/onboarding_flow_page_widget_test.dart: shows loading state while saving name
══╡ EXCEPTION CAUGHT BY FLUTTER TEST FRAMEWORK ╞════════════════════════════════════════════════════
The following StateError was thrown running a test:
Bad state: No element

When the exception was thrown, this was the stack:
#0      Iterable.single (dart:core/iterable.dart:694:25)
#1      WidgetController.state (package:flutter_test/src/controller.dart:912:42)
#2      WidgetTester.showKeyboard.<anonymous closure> (package:flutter_test/src/widget_tester.dart:1125:42)
#5      TestAsyncUtils.guard (package:flutter_test/src/test_async_utils.dart:74:41)
#6      WidgetTester.showKeyboard (package:flutter_test/src/widget_tester.dart:1124:27)
#7      WidgetTester.enterText.<anonymous closure> (package:flutter_test/src/widget_tester.dart:1160:13)
#10     TestAsyncUtils.guard (package:flutter_test/src/test_async_utils.dart:74:41)
#11     WidgetTester.enterText (package:flutter_test/src/widget_tester.dart:1159:27)
#12     main.<anonymous closure> (file:///C:/Users/User/FlutterProjects/taskly_bloc/test/presentation/features/onboarding/onboarding_flow_page_widget_test.dart:114:18)
<asynchronous suspension>
<asynchronous suspension>
#14     testWidgetsSafe.<anonymous closure> (file:///C:/Users/User/FlutterProjects/taskly_bloc/test/helpers/test_helpers.dart:71:9)
<asynchronous suspension>
#15     testWidgets.<anonymous closure>.<anonymous closure> (package:flutter_test/src/widget_tester.dart:192:15)
<asynchronous suspension>
#16     TestWidgetsFlutterBinding._runTestBody (package:flutter_test/src/binding.dart:1059:5)
<asynchronous suspension>
<asynchronous suspension>
(elided 6 frames from dart:async and package:stack_trace)

The test description was:
  shows loading state while saving name
════════════════════════════════════════════════════════════════════════════════════════════════════
01:20 +198 -19: C:/Users/User/FlutterProjects/taskly_bloc/test/presentation/features/onboarding/onboarding_flow_page_widget_test.dart: shows loading state while saving name [E]
  Test failed. See exception logs above.
  The test description was: shows loading state while saving name
  
01:20 +198 -19: C:/Users/User/FlutterProjects/taskly_bloc/test/presentation/features/onboarding/onboarding_flow_page_widget_test.dart: shows error snack bar when name save fails
══╡ EXCEPTION CAUGHT BY FLUTTER TEST FRAMEWORK ╞════════════════════════════════════════════════════
The following StateError was thrown running a test:
Bad state: No element

When the exception was thrown, this was the stack:
#0      Iterable.single (dart:core/iterable.dart:694:25)
#1      WidgetController.state (package:flutter_test/src/controller.dart:912:42)
#2      WidgetTester.showKeyboard.<anonymous closure> (package:flutter_test/src/widget_tester.dart:1125:42)
#5      TestAsyncUtils.guard (package:flutter_test/src/test_async_utils.dart:74:41)
#6      WidgetTester.showKeyboard (package:flutter_test/src/widget_tester.dart:1124:27)
#7      WidgetTester.enterText.<anonymous closure> (package:flutter_test/src/widget_tester.dart:1160:13)
#10     TestAsyncUtils.guard (package:flutter_test/src/test_async_utils.dart:74:41)
#11     WidgetTester.enterText (package:flutter_test/src/widget_tester.dart:1159:27)
#12     main.<anonymous closure> (file:///C:/Users/User/FlutterProjects/taskly_bloc/test/presentation/features/onboarding/onboarding_flow_page_widget_test.dart:138:18)
<asynchronous suspension>
<asynchronous suspension>
#14     testWidgetsSafe.<anonymous closure> (file:///C:/Users/User/FlutterProjects/taskly_bloc/test/helpers/test_helpers.dart:71:9)
<asynchronous suspension>
#15     testWidgets.<anonymous closure>.<anonymous closure> (package:flutter_test/src/widget_tester.dart:192:15)
<asynchronous suspension>
#16     TestWidgetsFlutterBinding._runTestBody (package:flutter_test/src/binding.dart:1059:5)
<asynchronous suspension>
<asynchronous suspension>
(elided 6 frames from dart:async and package:stack_trace)

The test description was:
  shows error snack bar when name save fails
════════════════════════════════════════════════════════════════════════════════════════════════════
01:20 +198 -20: C:/Users/User/FlutterProjects/taskly_bloc/test/presentation/features/onboarding/onboarding_flow_page_widget_test.dart: shows error snack bar when name save fails [E]
  Test failed. See exception logs above.
  The test description was: shows error snack bar when name save fails
  
01:20 +198 -20: C:/Users/User/FlutterProjects/taskly_bloc/test/presentation/features/onboarding/onboarding_flow_page_widget_test.dart: (tearDownAll)
01:20 +198 -20: loading C:/Users/User/FlutterProjects/taskly_bloc/test/presentation/features/projects/bloc/projects_feed_bloc_test.dart
01:20 +198 -20: C:/Users/User/FlutterProjects/taskly_bloc/test/presentation/features/projects/bloc/projects_feed_bloc_test.dart: (setUpAll)
01:20 +198 -20: C:/Users/User/FlutterProjects/taskly_bloc/test/presentation/features/projects/bloc/projects_feed_bloc_test.dart: emits loaded state when snapshot arrives
01:21 +199 -20: C:/Users/User/FlutterProjects/taskly_bloc/test/presentation/features/projects/bloc/projects_feed_bloc_test.dart: filters rows when search query changes
01:21 +200 -20: C:/Users/User/FlutterProjects/taskly_bloc/test/presentation/features/projects/bloc/projects_feed_bloc_test.dart: emits error when the query stream fails
01:21 +201 -20: C:/Users/User/FlutterProjects/taskly_bloc/test/presentation/features/projects/bloc/projects_feed_bloc_test.dart: repro: global scope should render projects before inbox count emits
01:22 +202 -20: C:/Users/User/FlutterProjects/taskly_bloc/test/presentation/features/projects/bloc/projects_feed_bloc_test.dart: value scope still renders project without inbox count
01:22 +203 -20: C:/Users/User/FlutterProjects/taskly_bloc/test/presentation/features/projects/bloc/projects_feed_bloc_test.dart: repro: inbox count present should not block new projects
01:22 +204 -20: C:/Users/User/FlutterProjects/taskly_bloc/test/presentation/features/projects/bloc/projects_feed_bloc_test.dart: (tearDownAll)
01:23 +204 -20: loading C:/Users/User/FlutterProjects/taskly_bloc/test/presentation/features/projects/bloc/projects_scope_picker_bloc_test.dart
01:23 +204 -20: C:/Users/User/FlutterProjects/taskly_bloc/test/presentation/features/projects/bloc/projects_scope_picker_bloc_test.dart: (setUpAll)
01:23 +204 -20: C:/Users/User/FlutterProjects/taskly_bloc/test/presentation/features/projects/bloc/projects_scope_picker_bloc_test.dart: emits loaded state with sorted values and projects
01:24 +205 -20: C:/Users/User/FlutterProjects/taskly_bloc/test/presentation/features/projects/bloc/projects_scope_picker_bloc_test.dart: updates when streams emit new values
01:24 +206 -20: C:/Users/User/FlutterProjects/taskly_bloc/test/presentation/features/projects/bloc/projects_scope_picker_bloc_test.dart: retry exits loading after stream error
01:24 +207 -20: C:/Users/User/FlutterProjects/taskly_bloc/test/presentation/features/projects/bloc/projects_scope_picker_bloc_test.dart: (tearDownAll)
01:24 +207 -20: loading C:/Users/User/FlutterProjects/taskly_bloc/test/presentation/features/projects/bloc/projects_screen_bloc_test.dart
01:25 +207 -20: C:/Users/User/FlutterProjects/taskly_bloc/test/presentation/features/projects/bloc/projects_screen_bloc_test.dart: (setUpAll)
01:25 +207 -20: C:/Users/User/FlutterProjects/taskly_bloc/test/presentation/features/projects/bloc/projects_screen_bloc_test.dart: initial state defaults are stable
01:25 +208 -20: C:/Users/User/FlutterProjects/taskly_bloc/test/presentation/features/projects/bloc/projects_screen_bloc_test.dart: toggles focus-only and updates search query
01:25 +209 -20: C:/Users/User/FlutterProjects/taskly_bloc/test/presentation/features/projects/bloc/projects_screen_bloc_test.dart: emits create task effect with scope defaults
01:26 +210 -20: C:/Users/User/FlutterProjects/taskly_bloc/test/presentation/features/projects/bloc/projects_screen_bloc_test.dart: clears effect when handled
01:26 +211 -20: C:/Users/User/FlutterProjects/taskly_bloc/test/presentation/features/projects/bloc/projects_screen_bloc_test.dart: (tearDownAll)
01:26 +211 -20: loading C:/Users/User/FlutterProjects/taskly_bloc/test/presentation/features/projects/bloc/project_detail_bloc_test.dart
01:27 +211 -20: C:/Users/User/FlutterProjects/taskly_bloc/test/presentation/features/projects/bloc/project_detail_bloc_test.dart: (setUpAll)
01:27 +211 -20: C:/Users/User/FlutterProjects/taskly_bloc/test/presentation/features/projects/bloc/project_detail_bloc_test.dart: loadById emits load success
01:27 +212 -20: C:/Users/User/FlutterProjects/taskly_bloc/test/presentation/features/projects/bloc/project_detail_bloc_test.dart: loadById emits not found failure
01:27 +213 -20: C:/Users/User/FlutterProjects/taskly_bloc/test/presentation/features/projects/bloc/project_detail_bloc_test.dart: create forwards context and emits success
01:28 +214 -20: C:/Users/User/FlutterProjects/taskly_bloc/test/presentation/features/projects/bloc/project_detail_bloc_test.dart: update emits validation failure
01:28 +215 -20: C:/Users/User/FlutterProjects/taskly_bloc/test/presentation/features/projects/bloc/project_detail_bloc_test.dart: setPinned emits inline success then reloads project
01:28 +216 -20: C:/Users/User/FlutterProjects/taskly_bloc/test/presentation/features/projects/bloc/project_detail_bloc_test.dart: (tearDownAll)
01:28 +216 -20: loading C:/Users/User/FlutterProjects/taskly_bloc/test/presentation/features/projects/bloc/project_overview_bloc_test.dart
01:29 +216 -20: C:/Users/User/FlutterProjects/taskly_bloc/test/presentation/features/projects/bloc/project_overview_bloc_test.dart: (setUpAll)
01:29 +216 -20: C:/Users/User/FlutterProjects/taskly_bloc/test/presentation/features/projects/bloc/project_overview_bloc_test.dart: loads overview with project and tasks
01:29 +217 -20: C:/Users/User/FlutterProjects/taskly_bloc/test/presentation/features/projects/bloc/project_overview_bloc_test.dart: inbox project uses synthetic project
01:30 +218 -20: C:/Users/User/FlutterProjects/taskly_bloc/test/presentation/features/projects/bloc/project_overview_bloc_test.dart: (tearDownAll)
01:30 +218 -20: loading C:/Users/User/FlutterProjects/taskly_bloc/test/presentation/features/projects/projects_page_widget_test.dart
01:30 +218 -20: C:/Users/User/FlutterProjects/taskly_bloc/test/presentation/features/projects/projects_page_widget_test.dart: (setUpAll)
01:30 +218 -20: C:/Users/User/FlutterProjects/taskly_bloc/test/presentation/features/projects/projects_page_widget_test.dart: shows empty state when no projects are available
01:34 +219 -20: C:/Users/User/FlutterProjects/taskly_bloc/test/presentation/features/projects/projects_page_widget_test.dart: shows error state when feed stream errors
01:37 +220 -20: C:/Users/User/FlutterProjects/taskly_bloc/test/presentation/features/projects/projects_page_widget_test.dart: renders project content when loaded
01:41 +221 -20: C:/Users/User/FlutterProjects/taskly_bloc/test/presentation/features/projects/projects_page_widget_test.dart: updates list when feed emits new data
01:44 +222 -20: C:/Users/User/FlutterProjects/taskly_bloc/test/presentation/features/projects/projects_page_widget_test.dart: (tearDownAll)
01:44 +222 -20: loading C:/Users/User/FlutterProjects/taskly_bloc/test/presentation/features/projects/project_create_edit_view_widget_test.dart
01:45 +222 -20: C:/Users/User/FlutterProjects/taskly_bloc/test/presentation/features/projects/project_create_edit_view_widget_test.dart: (setUpAll)
01:45 +222 -20: C:/Users/User/FlutterProjects/taskly_bloc/test/presentation/features/projects/project_create_edit_view_widget_test.dart: shows loading indicator while loading
01:45 +223 -20: C:/Users/User/FlutterProjects/taskly_bloc/test/presentation/features/projects/project_create_edit_view_widget_test.dart: renders project form for create flow
══╡ EXCEPTION CAUGHT BY WIDGETS LIBRARY ╞═══════════════════════════════════════════════════════════
The following assertion was thrown building TextField(controller:
TextEditingController#fbbc1(TextEditingValue(text: ┤├, selection: TextSelection.invalid, composing:
TextRange(start: -1, end: -1))), focusNode: FocusNode#34bb7(project.name), enabled: true,
decoration: InputDecoration(hintText: "Title", isDense: true, contentPadding: EdgeInsets.zero,
border: _NoInputBorder()), style: TextStyle(debugLabel: ((englishLike headlineSmall
2021).merge(((blackMountainView headlineSmall).apply).merge(unknown))).copyWith, inherit: false,
color: Color(alpha: 1.0000, red: 0.0941, green: 0.1098, blue: 0.1255, colorSpace: ColorSpace.sRGB),
family: Roboto, size: 24.0, weight: 600, letterSpacing: 0.0, baseline: alphabetic, height: 1.3x,
leadingDistribution: even, decoration: Color(alpha: 1.0000, red: 0.0941, green: 0.1098, blue:
0.1255, colorSpace: ColorSpace.sRGB) TextDecoration.none), autocorrect: true, textInputAction: next,
textCapitalization: sentences, dirty, dependencies: [MediaQuery, UnmanagedRestorationScope], state:
_TextFieldState#22a99):
No Material widget found.
TextField widgets require a Material widget ancestor within the closest LookupBoundary.
In Material Design, most widgets are conceptually "printed" on a sheet of material. In Flutter's
material library, that material is represented by the Material widget. It is the Material widget
that renders ink splashes, for instance. Because of this, many material library widgets require that
there be a Material widget in the tree above them.
To introduce a Material widget, you can either directly include one, or use a widget that contains
Material itself, such as a Card, Dialog, Drawer, or Scaffold.
The specific widget that could not find a Material ancestor was:
  TextField
The ancestors of this widget were:
  ...
  Semantics
  FormBuilderTextField
  Expanded
  Row
  Column
  ...

The relevant error-causing widget was:
  TextField
  TextField:file:///C:/Users/User/AppData/Local/Pub/Cache/hosted/pub.dev/flutter_form_builder-10.2.0/lib/src/fields/form_builder_text_field.dart:474:19

When the exception was thrown, this was the stack:
#0      debugCheckHasMaterial.<anonymous closure> (package:flutter/src/material/debug.dart:40:7)
#1      debugCheckHasMaterial (package:flutter/src/material/debug.dart:67:4)
#2      _TextFieldState.build (package:flutter/src/material/text_field.dart:1521:12)
#3      StatefulElement.build (package:flutter/src/widgets/framework.dart:5934:27)
#4      ComponentElement.performRebuild (package:flutter/src/widgets/framework.dart:5820:15)
#5      StatefulElement.performRebuild (package:flutter/src/widgets/framework.dart:5985:11)
#6      Element.rebuild (package:flutter/src/widgets/framework.dart:5532:7)
#7      ComponentElement._firstBuild (package:flutter/src/widgets/framework.dart:5802:5)
#8      StatefulElement._firstBuild (package:flutter/src/widgets/framework.dart:5976:11)
#9      ComponentElement.mount (package:flutter/src/widgets/framework.dart:5796:5)
...     Normal element mounting (18 frames)
#27     Element.inflateWidget (package:flutter/src/widgets/framework.dart:4590:20)
#28     MultiChildRenderObjectElement.inflateWidget (package:flutter/src/widgets/framework.dart:7269:36)
#29     MultiChildRenderObjectElement.mount (package:flutter/src/widgets/framework.dart:7285:32)
#30     Element.inflateWidget (package:flutter/src/widgets/framework.dart:4590:20)
#31     MultiChildRenderObjectElement.inflateWidget (package:flutter/src/widgets/framework.dart:7269:36)
#32     MultiChildRenderObjectElement.mount (package:flutter/src/widgets/framework.dart:7285:32)
...     Normal element mounting (163 frames)
#195    Element.inflateWidget (package:flutter/src/widgets/framework.dart:4590:20)
#196    MultiChildRenderObjectElement.inflateWidget (package:flutter/src/widgets/framework.dart:7269:36)
#197    MultiChildRenderObjectElement.mount (package:flutter/src/widgets/framework.dart:7285:32)
...     Normal element mounting (35 frames)
#232    SingleChildWidgetElementMixin.mount (package:nested/nested.dart:222:11)
...     Normal element mounting (31 frames)
#263    _InheritedProviderScopeElement.mount (package:provider/src/inherited_provider.dart:424:11)
...     Normal element mounting (7 frames)
#270    SingleChildWidgetElementMixin.mount (package:nested/nested.dart:222:11)
...     Normal element mounting (7 frames)
#277    _InheritedProviderScopeElement.mount (package:provider/src/inherited_provider.dart:424:11)
...     Normal element mounting (7 frames)
#284    SingleChildWidgetElementMixin.mount (package:nested/nested.dart:222:11)
...     Normal element mounting (7 frames)
#291    SingleChildWidgetElementMixin.mount (package:nested/nested.dart:222:11)
...     Normal element mounting (260 frames)
#551    Element.inflateWidget (package:flutter/src/widgets/framework.dart:4590:20)
#552    MultiChildRenderObjectElement.inflateWidget (package:flutter/src/widgets/framework.dart:7269:36)
#553    MultiChildRenderObjectElement.mount (package:flutter/src/widgets/framework.dart:7285:32)
...     Normal element mounting (465 frames)
#1018   Element.inflateWidget (package:flutter/src/widgets/framework.dart:4590:20)
#1019   Element.updateChild (package:flutter/src/widgets/framework.dart:4053:20)
#1020   ComponentElement.performRebuild (package:flutter/src/widgets/framework.dart:5844:16)
#1021   Element.rebuild (package:flutter/src/widgets/framework.dart:5532:7)
#1022   ProxyElement.update (package:flutter/src/widgets/framework.dart:6152:5)
#1023   _InheritedNotifierElement.update (package:flutter/src/widgets/inherited_notifier.dart:108:11)
#1024   Element.updateChild (package:flutter/src/widgets/framework.dart:4037:15)
#1025   ComponentElement.performRebuild (package:flutter/src/widgets/framework.dart:5844:16)
#1026   StatefulElement.performRebuild (package:flutter/src/widgets/framework.dart:5985:11)
#1027   Element.rebuild (package:flutter/src/widgets/framework.dart:5532:7)
#1028   StatefulElement.update (package:flutter/src/widgets/framework.dart:6010:5)
#1029   Element.updateChild (package:flutter/src/widgets/framework.dart:4037:15)
#1030   ComponentElement.performRebuild (package:flutter/src/widgets/framework.dart:5844:16)
#1031   Element.rebuild (package:flutter/src/widgets/framework.dart:5532:7)
#1032   ProxyElement.update (package:flutter/src/widgets/framework.dart:6152:5)
#1033   _InheritedNotifierElement.update (package:flutter/src/widgets/inherited_notifier.dart:108:11)
#1034   Element.updateChild (package:flutter/src/widgets/framework.dart:4037:15)
#1035   ComponentElement.performRebuild (package:flutter/src/widgets/framework.dart:5844:16)
#1036   StatefulElement.performRebuild (package:flutter/src/widgets/framework.dart:5985:11)
#1037   Element.rebuild (package:flutter/src/widgets/framework.dart:5532:7)
#1038   StatefulElement.update (package:flutter/src/widgets/framework.dart:6010:5)
#1039   Element.updateChild (package:flutter/src/widgets/framework.dart:4037:15)
#1040   ComponentElement.performRebuild (package:flutter/src/widgets/framework.dart:5844:16)
#1041   StatefulElement.performRebuild (package:flutter/src/widgets/framework.dart:5985:11)
#1042   Element.rebuild (package:flutter/src/widgets/framework.dart:5532:7)
#1043   StatefulElement.update (package:flutter/src/widgets/framework.dart:6010:5)
#1044   Element.updateChild (package:flutter/src/widgets/framework.dart:4037:15)
#1045   ComponentElement.performRebuild (package:flutter/src/widgets/framework.dart:5844:16)
#1046   Element.rebuild (package:flutter/src/widgets/framework.dart:5532:7)
#1047   ProxyElement.update (package:flutter/src/widgets/framework.dart:6152:5)
#1048   Element.updateChild (package:flutter/src/widgets/framework.dart:4037:15)
#1049   ComponentElement.performRebuild (package:flutter/src/widgets/framework.dart:5844:16)
#1050   StatefulElement.performRebuild (package:flutter/src/widgets/framework.dart:5985:11)
#1051   Element.rebuild (package:flutter/src/widgets/framework.dart:5532:7)
#1052   StatefulElement.update (package:flutter/src/widgets/framework.dart:6010:5)
#1053   Element.updateChild (package:flutter/src/widgets/framework.dart:4037:15)
#1054   ComponentElement.performRebuild (package:flutter/src/widgets/framework.dart:5844:16)
#1055   Element.rebuild (package:flutter/src/widgets/framework.dart:5532:7)
#1056   ProxyElement.update (package:flutter/src/widgets/framework.dart:6152:5)
#1057   Element.updateChild (package:flutter/src/widgets/framework.dart:4037:15)
#1058   ComponentElement.performRebuild (package:flutter/src/widgets/framework.dart:5844:16)
#1059   Element.rebuild (package:flutter/src/widgets/framework.dart:5532:7)
#1060   ProxyElement.update (package:flutter/src/widgets/framework.dart:6152:5)
#1061   Element.updateChild (package:flutter/src/widgets/framework.dart:4037:15)
#1062   _RawViewElement._updateChild (package:flutter/src/widgets/view.dart:481:16)
#1063   _RawViewElement.update (package:flutter/src/widgets/view.dart:568:5)
#1064   Element.updateChild (package:flutter/src/widgets/framework.dart:4037:15)
#1065   ComponentElement.performRebuild (package:flutter/src/widgets/framework.dart:5844:16)
#1066   Element.rebuild (package:flutter/src/widgets/framework.dart:5532:7)
#1067   StatelessElement.update (package:flutter/src/widgets/framework.dart:5898:5)
#1068   Element.updateChild (package:flutter/src/widgets/framework.dart:4037:15)
#1069   ComponentElement.performRebuild (package:flutter/src/widgets/framework.dart:5844:16)
#1070   StatefulElement.performRebuild (package:flutter/src/widgets/framework.dart:5985:11)
#1071   Element.rebuild (package:flutter/src/widgets/framework.dart:5532:7)
#1072   StatefulElement.update (package:flutter/src/widgets/framework.dart:6010:5)
#1073   Element.updateChild (package:flutter/src/widgets/framework.dart:4037:15)
#1074   RootElement._rebuild (package:flutter/src/widgets/binding.dart:1782:16)
#1075   RootElement.update (package:flutter/src/widgets/binding.dart:1760:5)
#1076   RootElement.performRebuild (package:flutter/src/widgets/binding.dart:1774:7)
#1077   Element.rebuild (package:flutter/src/widgets/framework.dart:5532:7)
#1078   BuildScope._tryRebuild (package:flutter/src/widgets/framework.dart:2750:15)
#1079   BuildScope._flushDirtyElements (package:flutter/src/widgets/framework.dart:2807:11)
#1080   BuildOwner.buildScope (package:flutter/src/widgets/framework.dart:3111:18)
#1081   AutomatedTestWidgetsFlutterBinding.drawFrame (package:flutter_test/src/binding.dart:1506:19)
#1082   RendererBinding._handlePersistentFrameCallback (package:flutter/src/rendering/binding.dart:495:5)
#1083   SchedulerBinding._invokeFrameCallback (package:flutter/src/scheduler/binding.dart:1434:15)
#1084   SchedulerBinding.handleDrawFrame (package:flutter/src/scheduler/binding.dart:1347:9)
#1085   AutomatedTestWidgetsFlutterBinding.pump.<anonymous closure> (package:flutter_test/src/binding.dart:1335:9)
#1088   TestAsyncUtils.guard (package:flutter_test/src/test_async_utils.dart:74:41)
#1089   AutomatedTestWidgetsFlutterBinding.pump (package:flutter_test/src/binding.dart:1324:27)
#1090   WidgetTester.pumpWidget.<anonymous closure> (package:flutter_test/src/widget_tester.dart:598:22)
#1093   TestAsyncUtils.guard (package:flutter_test/src/test_async_utils.dart:74:41)
#1094   WidgetTester.pumpWidget (package:flutter_test/src/widget_tester.dart:595:27)
#1095   pumpTasklyApp (file:///C:/Users/User/FlutterProjects/taskly_bloc/test/helpers/pump_app.dart:43:16)
#1096   WidgetPumpExtensions.pumpWidgetWithBloc (file:///C:/Users/User/FlutterProjects/taskly_bloc/test/helpers/widget_test_helpers.dart:96:11)
#1097   main.pumpView (file:///C:/Users/User/FlutterProjects/taskly_bloc/test/presentation/features/projects/project_create_edit_view_widget_test.dart:38:18)
#1098   main.<anonymous closure> (file:///C:/Users/User/FlutterProjects/taskly_bloc/test/presentation/features/projects/project_create_edit_view_widget_test.dart:65:11)
#1099   testWidgetsSafe.<anonymous closure> (file:///C:/Users/User/FlutterProjects/taskly_bloc/test/helpers/test_helpers.dart:71:23)
#1100   testWidgets.<anonymous closure>.<anonymous closure> (package:flutter_test/src/widget_tester.dart:192:29)
<asynchronous suspension>
#1101   TestWidgetsFlutterBinding._runTestBody (package:flutter_test/src/binding.dart:1059:5)
<asynchronous suspension>
<asynchronous suspension>
(elided 5 frames from dart:async and package:stack_trace)

════════════════════════════════════════════════════════════════════════════════════════════════════
══╡ EXCEPTION CAUGHT BY WIDGETS LIBRARY ╞═══════════════════════════════════════════════════════════
The following assertion was thrown building TextField(controller:
TextEditingController#fbbc1(TextEditingValue(text: ┤├, selection: TextSelection.invalid, composing:
TextRange(start: -1, end: -1))), focusNode: FocusNode#34bb7(project.name), enabled: true,
decoration: InputDecoration(hintText: "Title", isDense: true, contentPadding: EdgeInsets.zero,
border: _NoInputBorder()), style: TextStyle(debugLabel: ((englishLike headlineSmall
2021).merge(((blackMountainView headlineSmall).apply).merge(unknown))).copyWith, inherit: false,
color: Color(alpha: 1.0000, red: 0.0941, green: 0.1098, blue: 0.1255, colorSpace: ColorSpace.sRGB),
family: Roboto, size: 24.0, weight: 600, letterSpacing: 0.0, baseline: alphabetic, height: 1.3x,
leadingDistribution: even, decoration: Color(alpha: 1.0000, red: 0.0941, green: 0.1098, blue:
0.1255, colorSpace: ColorSpace.sRGB) TextDecoration.none), autocorrect: true, textInputAction: next,
textCapitalization: sentences, dependencies: [MediaQuery, UnmanagedRestorationScope], state:
_TextFieldState#22a99):
No Material widget found.
TextField widgets require a Material widget ancestor within the closest LookupBoundary.
In Material Design, most widgets are conceptually "printed" on a sheet of material. In Flutter's
material library, that material is represented by the Material widget. It is the Material widget
that renders ink splashes, for instance. Because of this, many material library widgets require that
there be a Material widget in the tree above them.
To introduce a Material widget, you can either directly include one, or use a widget that contains
Material itself, such as a Card, Dialog, Drawer, or Scaffold.
The specific widget that could not find a Material ancestor was:
  TextField
The ancestors of this widget were:
  ...
  Semantics
  FormBuilderTextField
  Expanded
  Row
  Column
  ...

The relevant error-causing widget was:
  TextField
  TextField:file:///C:/Users/User/AppData/Local/Pub/Cache/hosted/pub.dev/flutter_form_builder-10.2.0/lib/src/fields/form_builder_text_field.dart:474:19

When the exception was thrown, this was the stack:
#0      debugCheckHasMaterial.<anonymous closure> (package:flutter/src/material/debug.dart:40:7)
#1      debugCheckHasMaterial (package:flutter/src/material/debug.dart:67:4)
#2      _TextFieldState.build (package:flutter/src/material/text_field.dart:1521:12)
#3      StatefulElement.build (package:flutter/src/widgets/framework.dart:5934:27)
#4      ComponentElement.performRebuild (package:flutter/src/widgets/framework.dart:5820:15)
#5      StatefulElement.performRebuild (package:flutter/src/widgets/framework.dart:5985:11)
#6      Element.rebuild (package:flutter/src/widgets/framework.dart:5532:7)
#7      StatefulElement.update (package:flutter/src/widgets/framework.dart:6010:5)
#8      Element.updateChild (package:flutter/src/widgets/framework.dart:4037:15)
#9      SingleChildRenderObjectElement.update (package:flutter/src/widgets/framework.dart:7125:14)
#10     Element.updateChild (package:flutter/src/widgets/framework.dart:4037:15)
#11     ComponentElement.performRebuild (package:flutter/src/widgets/framework.dart:5844:16)
#12     StatefulElement.performRebuild (package:flutter/src/widgets/framework.dart:5985:11)
#13     Element.rebuild (package:flutter/src/widgets/framework.dart:5532:7)
#14     StatefulElement.update (package:flutter/src/widgets/framework.dart:6010:5)
#15     Element.updateChild (package:flutter/src/widgets/framework.dart:4037:15)
#16     ComponentElement.performRebuild (package:flutter/src/widgets/framework.dart:5844:16)
#17     Element.rebuild (package:flutter/src/widgets/framework.dart:5532:7)
#18     ProxyElement.update (package:flutter/src/widgets/framework.dart:6152:5)
#19     Element.updateChild (package:flutter/src/widgets/framework.dart:4037:15)
#20     Element.updateChildren (package:flutter/src/widgets/framework.dart:4194:32)
#21     MultiChildRenderObjectElement.update (package:flutter/src/widgets/framework.dart:7302:17)
#22     Element.updateChild (package:flutter/src/widgets/framework.dart:4037:15)
#23     Element.updateChildren (package:flutter/src/widgets/framework.dart:4194:32)
#24     MultiChildRenderObjectElement.update (package:flutter/src/widgets/framework.dart:7302:17)
#25     Element.updateChild (package:flutter/src/widgets/framework.dart:4037:15)
#26     ComponentElement.performRebuild (package:flutter/src/widgets/framework.dart:5844:16)
#27     Element.rebuild (package:flutter/src/widgets/framework.dart:5532:7)
#28     ProxyElement.update (package:flutter/src/widgets/framework.dart:6152:5)
#29     _InheritedNotifierElement.update (package:flutter/src/widgets/inherited_notifier.dart:108:11)
#30     Element.updateChild (package:flutter/src/widgets/framework.dart:4037:15)
#31     ComponentElement.performRebuild (package:flutter/src/widgets/framework.dart:5844:16)
#32     StatefulElement.performRebuild (package:flutter/src/widgets/framework.dart:5985:11)
#33     Element.rebuild (package:flutter/src/widgets/framework.dart:5532:7)
#34     StatefulElement.update (package:flutter/src/widgets/framework.dart:6010:5)
#35     Element.updateChild (package:flutter/src/widgets/framework.dart:4037:15)
#36     ComponentElement.performRebuild (package:flutter/src/widgets/framework.dart:5844:16)
#37     StatefulElement.performRebuild (package:flutter/src/widgets/framework.dart:5985:11)
#38     Element.rebuild (package:flutter/src/widgets/framework.dart:5532:7)
#39     StatefulElement.update (package:flutter/src/widgets/framework.dart:6010:5)
#40     Element.updateChild (package:flutter/src/widgets/framework.dart:4037:15)
#41     ComponentElement.performRebuild (package:flutter/src/widgets/framework.dart:5844:16)
#42     Element.rebuild (package:flutter/src/widgets/framework.dart:5532:7)
#43     ProxyElement.update (package:flutter/src/widgets/framework.dart:6152:5)
#44     Element.updateChild (package:flutter/src/widgets/framework.dart:4037:15)
#45     ComponentElement.performRebuild (package:flutter/src/widgets/framework.dart:5844:16)
#46     Element.rebuild (package:flutter/src/widgets/framework.dart:5532:7)
#47     ProxyElement.update (package:flutter/src/widgets/framework.dart:6152:5)
#48     Element.updateChild (package:flutter/src/widgets/framework.dart:4037:15)
#49     ComponentElement.performRebuild (package:flutter/src/widgets/framework.dart:5844:16)
#50     StatefulElement.performRebuild (package:flutter/src/widgets/framework.dart:5985:11)
#51     Element.rebuild (package:flutter/src/widgets/framework.dart:5532:7)
#52     StatefulElement.update (package:flutter/src/widgets/framework.dart:6010:5)
#53     Element.updateChild (package:flutter/src/widgets/framework.dart:4037:15)
#54     SingleChildRenderObjectElement.update (package:flutter/src/widgets/framework.dart:7125:14)
#55     Element.updateChild (package:flutter/src/widgets/framework.dart:4037:15)
#56     ComponentElement.performRebuild (package:flutter/src/widgets/framework.dart:5844:16)
#57     StatefulElement.performRebuild (package:flutter/src/widgets/framework.dart:5985:11)
#58     Element.rebuild (package:flutter/src/widgets/framework.dart:5532:7)
#59     StatefulElement.update (package:flutter/src/widgets/framework.dart:6010:5)
#60     Element.updateChild (package:flutter/src/widgets/framework.dart:4037:15)
#61     ComponentElement.performRebuild (package:flutter/src/widgets/framework.dart:5844:16)
#62     StatefulElement.performRebuild (package:flutter/src/widgets/framework.dart:5985:11)
#63     Element.rebuild (package:flutter/src/widgets/framework.dart:5532:7)
#64     StatefulElement.update (package:flutter/src/widgets/framework.dart:6010:5)
#65     Element.updateChild (package:flutter/src/widgets/framework.dart:4037:15)
#66     SingleChildRenderObjectElement.update (package:flutter/src/widgets/framework.dart:7125:14)
#67     Element.updateChild (package:flutter/src/widgets/framework.dart:4037:15)
#68     SingleChildRenderObjectElement.update (package:flutter/src/widgets/framework.dart:7125:14)
#69     Element.updateChild (package:flutter/src/widgets/framework.dart:4037:15)
#70     SingleChildRenderObjectElement.update (package:flutter/src/widgets/framework.dart:7125:14)
#71     Element.updateChild (package:flutter/src/widgets/framework.dart:4037:15)
#72     SingleChildRenderObjectElement.update (package:flutter/src/widgets/framework.dart:7125:14)
#73     Element.updateChild (package:flutter/src/widgets/framework.dart:4037:15)
#74     SingleChildRenderObjectElement.update (package:flutter/src/widgets/framework.dart:7125:14)
#75     Element.updateChild (package:flutter/src/widgets/framework.dart:4037:15)
#76     SingleChildRenderObjectElement.update (package:flutter/src/widgets/framework.dart:7125:14)
#77     Element.updateChild (package:flutter/src/widgets/framework.dart:4037:15)
#78     SingleChildRenderObjectElement.update (package:flutter/src/widgets/framework.dart:7125:14)
#79     Element.updateChild (package:flutter/src/widgets/framework.dart:4037:15)
#80     ComponentElement.performRebuild (package:flutter/src/widgets/framework.dart:5844:16)
#81     StatefulElement.performRebuild (package:flutter/src/widgets/framework.dart:5985:11)
#82     Element.rebuild (package:flutter/src/widgets/framework.dart:5532:7)
#83     StatefulElement.update (package:flutter/src/widgets/framework.dart:6010:5)
#84     Element.updateChild (package:flutter/src/widgets/framework.dart:4037:15)
#85     SingleChildRenderObjectElement.update (package:flutter/src/widgets/framework.dart:7125:14)
#86     Element.updateChild (package:flutter/src/widgets/framework.dart:4037:15)
#87     ComponentElement.performRebuild (package:flutter/src/widgets/framework.dart:5844:16)
#88     Element.rebuild (package:flutter/src/widgets/framework.dart:5532:7)
#89     ProxyElement.update (package:flutter/src/widgets/framework.dart:6152:5)
#90     Element.updateChild (package:flutter/src/widgets/framework.dart:4037:15)
#91     SingleChildRenderObjectElement.update (package:flutter/src/widgets/framework.dart:7125:14)
#92     Element.updateChild (package:flutter/src/widgets/framework.dart:4037:15)
#93     ComponentElement.performRebuild (package:flutter/src/widgets/framework.dart:5844:16)
#94     Element.rebuild (package:flutter/src/widgets/framework.dart:5532:7)
#95     ProxyElement.update (package:flutter/src/widgets/framework.dart:6152:5)
#96     Element.updateChild (package:flutter/src/widgets/framework.dart:4037:15)
#97     SingleChildRenderObjectElement.update (package:flutter/src/widgets/framework.dart:7125:14)
#98     Element.updateChild (package:flutter/src/widgets/framework.dart:4037:15)
#99     ComponentElement.performRebuild (package:flutter/src/widgets/framework.dart:5844:16)
#100    Element.rebuild (package:flutter/src/widgets/framework.dart:5532:7)
#101    StatelessElement.update (package:flutter/src/widgets/framework.dart:5898:5)
#102    Element.updateChild (package:flutter/src/widgets/framework.dart:4037:15)
#103    SingleChildRenderObjectElement.update (package:flutter/src/widgets/framework.dart:7125:14)
#104    Element.updateChild (package:flutter/src/widgets/framework.dart:4037:15)
#105    ComponentElement.performRebuild (package:flutter/src/widgets/framework.dart:5844:16)
#106    StatefulElement.performRebuild (package:flutter/src/widgets/framework.dart:5985:11)
#107    Element.rebuild (package:flutter/src/widgets/framework.dart:5532:7)
#108    StatefulElement.update (package:flutter/src/widgets/framework.dart:6010:5)
#109    Element.updateChild (package:flutter/src/widgets/framework.dart:4037:15)
#110    ComponentElement.performRebuild (package:flutter/src/widgets/framework.dart:5844:16)
#111    Element.rebuild (package:flutter/src/widgets/framework.dart:5532:7)
#112    ProxyElement.update (package:flutter/src/widgets/framework.dart:6152:5)
#113    Element.updateChild (package:flutter/src/widgets/framework.dart:4037:15)
#114    ComponentElement.performRebuild (package:flutter/src/widgets/framework.dart:5844:16)
#115    StatefulElement.performRebuild (package:flutter/src/widgets/framework.dart:5985:11)
#116    Element.rebuild (package:flutter/src/widgets/framework.dart:5532:7)
#117    StatefulElement.update (package:flutter/src/widgets/framework.dart:6010:5)
#118    Element.updateChild (package:flutter/src/widgets/framework.dart:4037:15)
#119    ComponentElement.performRebuild (package:flutter/src/widgets/framework.dart:5844:16)
#120    StatefulElement.performRebuild (package:flutter/src/widgets/framework.dart:5985:11)
#121    Element.rebuild (package:flutter/src/widgets/framework.dart:5532:7)
#122    StatefulElement.update (package:flutter/src/widgets/framework.dart:6010:5)
#123    Element.updateChild (package:flutter/src/widgets/framework.dart:4037:15)
#124    ComponentElement.performRebuild (package:flutter/src/widgets/framework.dart:5844:16)
#125    Element.rebuild (package:flutter/src/widgets/framework.dart:5532:7)
#126    StatelessElement.update (package:flutter/src/widgets/framework.dart:5898:5)
#127    Element.updateChild (package:flutter/src/widgets/framework.dart:4037:15)
#128    ComponentElement.performRebuild (package:flutter/src/widgets/framework.dart:5844:16)
#129    Element.rebuild (package:flutter/src/widgets/framework.dart:5532:7)
#130    ProxyElement.update (package:flutter/src/widgets/framework.dart:6152:5)
#131    Element.updateChild (package:flutter/src/widgets/framework.dart:4037:15)
#132    Element.updateChildren (package:flutter/src/widgets/framework.dart:4194:32)
#133    MultiChildRenderObjectElement.update (package:flutter/src/widgets/framework.dart:7302:17)
#134    Element.updateChild (package:flutter/src/widgets/framework.dart:4037:15)
#135    SingleChildRenderObjectElement.update (package:flutter/src/widgets/framework.dart:7125:14)
#136    Element.updateChild (package:flutter/src/widgets/framework.dart:4037:15)
#137    SingleChildRenderObjectElement.update (package:flutter/src/widgets/framework.dart:7125:14)
#138    Element.updateChild (package:flutter/src/widgets/framework.dart:4037:15)
#139    ComponentElement.performRebuild (package:flutter/src/widgets/framework.dart:5844:16)
#140    Element.rebuild (package:flutter/src/widgets/framework.dart:5532:7)
#141    StatelessElement.update (package:flutter/src/widgets/framework.dart:5898:5)
#142    Element.updateChild (package:flutter/src/widgets/framework.dart:4037:15)
#143    ComponentElement.performRebuild (package:flutter/src/widgets/framework.dart:5844:16)
#144    Element.rebuild (package:flutter/src/widgets/framework.dart:5532:7)
#145    StatelessElement.update (package:flutter/src/widgets/framework.dart:5898:5)
#146    Element.updateChild (package:flutter/src/widgets/framework.dart:4037:15)
#147    ComponentElement.performRebuild (package:flutter/src/widgets/framework.dart:5844:16)
#148    StatefulElement.performRebuild (package:flutter/src/widgets/framework.dart:5985:11)
#149    Element.rebuild (package:flutter/src/widgets/framework.dart:5532:7)
#150    StatefulElement.update (package:flutter/src/widgets/framework.dart:6010:5)
#151    Element.updateChild (package:flutter/src/widgets/framework.dart:4037:15)
#152    ComponentElement.performRebuild (package:flutter/src/widgets/framework.dart:5844:16)
#153    StatefulElement.performRebuild (package:flutter/src/widgets/framework.dart:5985:11)
#154    Element.rebuild (package:flutter/src/widgets/framework.dart:5532:7)
#155    StatefulElement.update (package:flutter/src/widgets/framework.dart:6010:5)
#156    Element.updateChild (package:flutter/src/widgets/framework.dart:4037:15)
#157    ComponentElement.performRebuild (package:flutter/src/widgets/framework.dart:5844:16)
#158    StatefulElement.performRebuild (package:flutter/src/widgets/framework.dart:5985:11)
#159    Element.rebuild (package:flutter/src/widgets/framework.dart:5532:7)
#160    BuildScope._tryRebuild (package:flutter/src/widgets/framework.dart:2750:15)
#161    BuildScope._flushDirtyElements (package:flutter/src/widgets/framework.dart:2807:11)
#162    BuildOwner.buildScope (package:flutter/src/widgets/framework.dart:3111:18)
#163    AutomatedTestWidgetsFlutterBinding.drawFrame (package:flutter_test/src/binding.dart:1506:19)
#164    RendererBinding._handlePersistentFrameCallback (package:flutter/src/rendering/binding.dart:495:5)
#165    SchedulerBinding._invokeFrameCallback (package:flutter/src/scheduler/binding.dart:1434:15)
#166    SchedulerBinding.handleDrawFrame (package:flutter/src/scheduler/binding.dart:1347:9)
#167    AutomatedTestWidgetsFlutterBinding.pump.<anonymous closure> (package:flutter_test/src/binding.dart:1335:9)
#170    TestAsyncUtils.guard (package:flutter_test/src/test_async_utils.dart:74:41)
#171    AutomatedTestWidgetsFlutterBinding.pump (package:flutter_test/src/binding.dart:1324:27)
#172    WidgetTester.pump.<anonymous closure> (package:flutter_test/src/widget_tester.dart:652:53)
#175    TestAsyncUtils.guard (package:flutter_test/src/test_async_utils.dart:74:41)
#176    WidgetTester.pump (package:flutter_test/src/widget_tester.dart:652:27)
#177    testWidgetsSafe.<anonymous closure> (file:///C:/Users/User/FlutterProjects/taskly_bloc/test/helpers/test_helpers.dart:84:22)
<asynchronous suspension>
#178    testWidgets.<anonymous closure>.<anonymous closure> (package:flutter_test/src/widget_tester.dart:192:15)
<asynchronous suspension>
#179    TestWidgetsFlutterBinding._runTestBody (package:flutter_test/src/binding.dart:1059:5)
<asynchronous suspension>
<asynchronous suspension>
(elided 5 frames from dart:async and package:stack_trace)

════════════════════════════════════════════════════════════════════════════════════════════════════
══╡ EXCEPTION CAUGHT BY FLUTTER TEST FRAMEWORK ╞════════════════════════════════════════════════════
The following message was thrown:
Multiple exceptions (2) were detected during the running of the current test, and at least one was
unexpected.
════════════════════════════════════════════════════════════════════════════════════════════════════
01:46 +223 -21: C:/Users/User/FlutterProjects/taskly_bloc/test/presentation/features/projects/project_create_edit_view_widget_test.dart: renders project form for create flow [E]
  Test failed. See exception logs above.
  The test description was: renders project form for create flow
  
01:46 +223 -21: C:/Users/User/FlutterProjects/taskly_bloc/test/presentation/features/projects/project_create_edit_view_widget_test.dart: renders project form for edit flow
══╡ EXCEPTION CAUGHT BY WIDGETS LIBRARY ╞═══════════════════════════════════════════════════════════
The following assertion was thrown building Checkbox(dirty, state: _CheckboxState#ed58f(tickers:
tracking 4 tickers)):
No Material widget found.
Checkbox widgets require a Material widget ancestor within the closest LookupBoundary.
In Material Design, most widgets are conceptually "printed" on a sheet of material. In Flutter's
material library, that material is represented by the Material widget. It is the Material widget
that renders ink splashes, for instance. Because of this, many material library widgets require that
there be a Material widget in the tree above them.
To introduce a Material widget, you can either directly include one, or use a widget that contains
Material itself, such as a Card, Dialog, Drawer, or Scaffold.
The specific widget that could not find a Material ancestor was:
  Checkbox
The ancestors of this widget were:
  ...
  SizedBox
  Semantics
  FormBuilderField<bool>
  Padding
  Row
  ...

The relevant error-causing widget was:
  Checkbox
  Checkbox:file:///C:/Users/User/FlutterProjects/taskly_bloc/lib/presentation/features/projects/widgets/project_form.dart:475:36

When the exception was thrown, this was the stack:
#0      debugCheckHasMaterial.<anonymous closure> (package:flutter/src/material/debug.dart:40:7)
#1      debugCheckHasMaterial (package:flutter/src/material/debug.dart:67:4)
#2      _CheckboxState.build (package:flutter/src/material/checkbox.dart:506:12)
#3      StatefulElement.build (package:flutter/src/widgets/framework.dart:5934:27)
#4      ComponentElement.performRebuild (package:flutter/src/widgets/framework.dart:5820:15)
#5      StatefulElement.performRebuild (package:flutter/src/widgets/framework.dart:5985:11)
#6      Element.rebuild (package:flutter/src/widgets/framework.dart:5532:7)
#7      ComponentElement._firstBuild (package:flutter/src/widgets/framework.dart:5802:5)
#8      StatefulElement._firstBuild (package:flutter/src/widgets/framework.dart:5976:11)
#9      ComponentElement.mount (package:flutter/src/widgets/framework.dart:5796:5)
...     Normal element mounting (18 frames)
#27     Element.inflateWidget (package:flutter/src/widgets/framework.dart:4590:20)
#28     MultiChildRenderObjectElement.inflateWidget (package:flutter/src/widgets/framework.dart:7269:36)
#29     MultiChildRenderObjectElement.mount (package:flutter/src/widgets/framework.dart:7285:32)
#30     Element.inflateWidget (package:flutter/src/widgets/framework.dart:4590:20)
#31     MultiChildRenderObjectElement.inflateWidget (package:flutter/src/widgets/framework.dart:7269:36)
#32     MultiChildRenderObjectElement.mount (package:flutter/src/widgets/framework.dart:7285:32)
...     Normal element mounting (163 frames)
#195    Element.inflateWidget (package:flutter/src/widgets/framework.dart:4590:20)
#196    MultiChildRenderObjectElement.inflateWidget (package:flutter/src/widgets/framework.dart:7269:36)
#197    MultiChildRenderObjectElement.mount (package:flutter/src/widgets/framework.dart:7285:32)
...     Normal element mounting (35 frames)
#232    SingleChildWidgetElementMixin.mount (package:nested/nested.dart:222:11)
...     Normal element mounting (31 frames)
#263    _InheritedProviderScopeElement.mount (package:provider/src/inherited_provider.dart:424:11)
...     Normal element mounting (7 frames)
#270    SingleChildWidgetElementMixin.mount (package:nested/nested.dart:222:11)
...     Normal element mounting (7 frames)
#277    _InheritedProviderScopeElement.mount (package:provider/src/inherited_provider.dart:424:11)
...     Normal element mounting (7 frames)
#284    SingleChildWidgetElementMixin.mount (package:nested/nested.dart:222:11)
...     Normal element mounting (7 frames)
#291    SingleChildWidgetElementMixin.mount (package:nested/nested.dart:222:11)
...     Normal element mounting (260 frames)
#551    Element.inflateWidget (package:flutter/src/widgets/framework.dart:4590:20)
#552    MultiChildRenderObjectElement.inflateWidget (package:flutter/src/widgets/framework.dart:7269:36)
#553    MultiChildRenderObjectElement.mount (package:flutter/src/widgets/framework.dart:7285:32)
...     Normal element mounting (465 frames)
#1018   Element.inflateWidget (package:flutter/src/widgets/framework.dart:4590:20)
#1019   Element.updateChild (package:flutter/src/widgets/framework.dart:4053:20)
#1020   ComponentElement.performRebuild (package:flutter/src/widgets/framework.dart:5844:16)
#1021   Element.rebuild (package:flutter/src/widgets/framework.dart:5532:7)
#1022   ProxyElement.update (package:flutter/src/widgets/framework.dart:6152:5)
#1023   _InheritedNotifierElement.update (package:flutter/src/widgets/inherited_notifier.dart:108:11)
#1024   Element.updateChild (package:flutter/src/widgets/framework.dart:4037:15)
#1025   ComponentElement.performRebuild (package:flutter/src/widgets/framework.dart:5844:16)
#1026   StatefulElement.performRebuild (package:flutter/src/widgets/framework.dart:5985:11)
#1027   Element.rebuild (package:flutter/src/widgets/framework.dart:5532:7)
#1028   StatefulElement.update (package:flutter/src/widgets/framework.dart:6010:5)
#1029   Element.updateChild (package:flutter/src/widgets/framework.dart:4037:15)
#1030   ComponentElement.performRebuild (package:flutter/src/widgets/framework.dart:5844:16)
#1031   Element.rebuild (package:flutter/src/widgets/framework.dart:5532:7)
#1032   ProxyElement.update (package:flutter/src/widgets/framework.dart:6152:5)
#1033   _InheritedNotifierElement.update (package:flutter/src/widgets/inherited_notifier.dart:108:11)
#1034   Element.updateChild (package:flutter/src/widgets/framework.dart:4037:15)
#1035   ComponentElement.performRebuild (package:flutter/src/widgets/framework.dart:5844:16)
#1036   StatefulElement.performRebuild (package:flutter/src/widgets/framework.dart:5985:11)
#1037   Element.rebuild (package:flutter/src/widgets/framework.dart:5532:7)
#1038   StatefulElement.update (package:flutter/src/widgets/framework.dart:6010:5)
#1039   Element.updateChild (package:flutter/src/widgets/framework.dart:4037:15)
#1040   ComponentElement.performRebuild (package:flutter/src/widgets/framework.dart:5844:16)
#1041   StatefulElement.performRebuild (package:flutter/src/widgets/framework.dart:5985:11)
#1042   Element.rebuild (package:flutter/src/widgets/framework.dart:5532:7)
#1043   StatefulElement.update (package:flutter/src/widgets/framework.dart:6010:5)
#1044   Element.updateChild (package:flutter/src/widgets/framework.dart:4037:15)
#1045   ComponentElement.performRebuild (package:flutter/src/widgets/framework.dart:5844:16)
#1046   Element.rebuild (package:flutter/src/widgets/framework.dart:5532:7)
#1047   ProxyElement.update (package:flutter/src/widgets/framework.dart:6152:5)
#1048   Element.updateChild (package:flutter/src/widgets/framework.dart:4037:15)
#1049   ComponentElement.performRebuild (package:flutter/src/widgets/framework.dart:5844:16)
#1050   StatefulElement.performRebuild (package:flutter/src/widgets/framework.dart:5985:11)
#1051   Element.rebuild (package:flutter/src/widgets/framework.dart:5532:7)
#1052   StatefulElement.update (package:flutter/src/widgets/framework.dart:6010:5)
#1053   Element.updateChild (package:flutter/src/widgets/framework.dart:4037:15)
#1054   ComponentElement.performRebuild (package:flutter/src/widgets/framework.dart:5844:16)
#1055   Element.rebuild (package:flutter/src/widgets/framework.dart:5532:7)
#1056   ProxyElement.update (package:flutter/src/widgets/framework.dart:6152:5)
#1057   Element.updateChild (package:flutter/src/widgets/framework.dart:4037:15)
#1058   ComponentElement.performRebuild (package:flutter/src/widgets/framework.dart:5844:16)
#1059   Element.rebuild (package:flutter/src/widgets/framework.dart:5532:7)
#1060   ProxyElement.update (package:flutter/src/widgets/framework.dart:6152:5)
#1061   Element.updateChild (package:flutter/src/widgets/framework.dart:4037:15)
#1062   _RawViewElement._updateChild (package:flutter/src/widgets/view.dart:481:16)
#1063   _RawViewElement.update (package:flutter/src/widgets/view.dart:568:5)
#1064   Element.updateChild (package:flutter/src/widgets/framework.dart:4037:15)
#1065   ComponentElement.performRebuild (package:flutter/src/widgets/framework.dart:5844:16)
#1066   Element.rebuild (package:flutter/src/widgets/framework.dart:5532:7)
#1067   StatelessElement.update (package:flutter/src/widgets/framework.dart:5898:5)
#1068   Element.updateChild (package:flutter/src/widgets/framework.dart:4037:15)
#1069   ComponentElement.performRebuild (package:flutter/src/widgets/framework.dart:5844:16)
#1070   StatefulElement.performRebuild (package:flutter/src/widgets/framework.dart:5985:11)
#1071   Element.rebuild (package:flutter/src/widgets/framework.dart:5532:7)
#1072   StatefulElement.update (package:flutter/src/widgets/framework.dart:6010:5)
#1073   Element.updateChild (package:flutter/src/widgets/framework.dart:4037:15)
#1074   RootElement._rebuild (package:flutter/src/widgets/binding.dart:1782:16)
#1075   RootElement.update (package:flutter/src/widgets/binding.dart:1760:5)
#1076   RootElement.performRebuild (package:flutter/src/widgets/binding.dart:1774:7)
#1077   Element.rebuild (package:flutter/src/widgets/framework.dart:5532:7)
#1078   BuildScope._tryRebuild (package:flutter/src/widgets/framework.dart:2750:15)
#1079   BuildScope._flushDirtyElements (package:flutter/src/widgets/framework.dart:2807:11)
#1080   BuildOwner.buildScope (package:flutter/src/widgets/framework.dart:3111:18)
#1081   AutomatedTestWidgetsFlutterBinding.drawFrame (package:flutter_test/src/binding.dart:1506:19)
#1082   RendererBinding._handlePersistentFrameCallback (package:flutter/src/rendering/binding.dart:495:5)
#1083   SchedulerBinding._invokeFrameCallback (package:flutter/src/scheduler/binding.dart:1434:15)
#1084   SchedulerBinding.handleDrawFrame (package:flutter/src/scheduler/binding.dart:1347:9)
#1085   AutomatedTestWidgetsFlutterBinding.pump.<anonymous closure> (package:flutter_test/src/binding.dart:1335:9)
#1088   TestAsyncUtils.guard (package:flutter_test/src/test_async_utils.dart:74:41)
#1089   AutomatedTestWidgetsFlutterBinding.pump (package:flutter_test/src/binding.dart:1324:27)
#1090   WidgetTester.pumpWidget.<anonymous closure> (package:flutter_test/src/widget_tester.dart:598:22)
#1093   TestAsyncUtils.guard (package:flutter_test/src/test_async_utils.dart:74:41)
#1094   WidgetTester.pumpWidget (package:flutter_test/src/widget_tester.dart:595:27)
#1095   pumpTasklyApp (file:///C:/Users/User/FlutterProjects/taskly_bloc/test/helpers/pump_app.dart:43:16)
#1096   WidgetPumpExtensions.pumpWidgetWithBloc (file:///C:/Users/User/FlutterProjects/taskly_bloc/test/helpers/widget_test_helpers.dart:96:11)
#1097   main.pumpView (file:///C:/Users/User/FlutterProjects/taskly_bloc/test/presentation/features/projects/project_create_edit_view_widget_test.dart:38:18)
#1098   main.<anonymous closure> (file:///C:/Users/User/FlutterProjects/taskly_bloc/test/presentation/features/projects/project_create_edit_view_widget_test.dart:79:11)
#1099   testWidgetsSafe.<anonymous closure> (file:///C:/Users/User/FlutterProjects/taskly_bloc/test/helpers/test_helpers.dart:71:23)
#1100   testWidgets.<anonymous closure>.<anonymous closure> (package:flutter_test/src/widget_tester.dart:192:29)
<asynchronous suspension>
#1101   TestWidgetsFlutterBinding._runTestBody (package:flutter_test/src/binding.dart:1059:5)
<asynchronous suspension>
<asynchronous suspension>
(elided 5 frames from dart:async and package:stack_trace)

════════════════════════════════════════════════════════════════════════════════════════════════════
══╡ EXCEPTION CAUGHT BY WIDGETS LIBRARY ╞═══════════════════════════════════════════════════════════
The following assertion was thrown building TextField(controller:
TextEditingController#41588(TextEditingValue(text: ┤Project X├, selection: TextSelection.invalid,
composing: TextRange(start: -1, end: -1))), focusNode: FocusNode#a1972(project.name), enabled: true,
decoration: InputDecoration(hintText: "Title", isDense: true, contentPadding: EdgeInsets.zero,
border: _NoInputBorder()), style: TextStyle(debugLabel: ((englishLike headlineSmall
2021).merge(((blackMountainView headlineSmall).apply).merge(unknown))).copyWith, inherit: false,
color: Color(alpha: 1.0000, red: 0.0941, green: 0.1098, blue: 0.1255, colorSpace: ColorSpace.sRGB),
family: Roboto, size: 24.0, weight: 600, letterSpacing: 0.0, baseline: alphabetic, height: 1.3x,
leadingDistribution: even, decoration: Color(alpha: 1.0000, red: 0.0941, green: 0.1098, blue:
0.1255, colorSpace: ColorSpace.sRGB) TextDecoration.none), autocorrect: true, textInputAction: next,
textCapitalization: sentences, dirty, dependencies: [MediaQuery, UnmanagedRestorationScope], state:
_TextFieldState#0bab6):
No Material widget found.
TextField widgets require a Material widget ancestor within the closest LookupBoundary.
In Material Design, most widgets are conceptually "printed" on a sheet of material. In Flutter's
material library, that material is represented by the Material widget. It is the Material widget
that renders ink splashes, for instance. Because of this, many material library widgets require that
there be a Material widget in the tree above them.
To introduce a Material widget, you can either directly include one, or use a widget that contains
Material itself, such as a Card, Dialog, Drawer, or Scaffold.
The specific widget that could not find a Material ancestor was:
  TextField
The ancestors of this widget were:
  ...
  Semantics
  FormBuilderTextField
  Expanded
  Row
  Column
  ...

The relevant error-causing widget was:
  TextField
  TextField:file:///C:/Users/User/AppData/Local/Pub/Cache/hosted/pub.dev/flutter_form_builder-10.2.0/lib/src/fields/form_builder_text_field.dart:474:19

When the exception was thrown, this was the stack:
#0      debugCheckHasMaterial.<anonymous closure> (package:flutter/src/material/debug.dart:40:7)
#1      debugCheckHasMaterial (package:flutter/src/material/debug.dart:67:4)
#2      _TextFieldState.build (package:flutter/src/material/text_field.dart:1521:12)
#3      StatefulElement.build (package:flutter/src/widgets/framework.dart:5934:27)
#4      ComponentElement.performRebuild (package:flutter/src/widgets/framework.dart:5820:15)
#5      StatefulElement.performRebuild (package:flutter/src/widgets/framework.dart:5985:11)
#6      Element.rebuild (package:flutter/src/widgets/framework.dart:5532:7)
#7      ComponentElement._firstBuild (package:flutter/src/widgets/framework.dart:5802:5)
#8      StatefulElement._firstBuild (package:flutter/src/widgets/framework.dart:5976:11)
#9      ComponentElement.mount (package:flutter/src/widgets/framework.dart:5796:5)
...     Normal element mounting (18 frames)
#27     Element.inflateWidget (package:flutter/src/widgets/framework.dart:4590:20)
#28     MultiChildRenderObjectElement.inflateWidget (package:flutter/src/widgets/framework.dart:7269:36)
#29     MultiChildRenderObjectElement.mount (package:flutter/src/widgets/framework.dart:7285:32)
#30     Element.inflateWidget (package:flutter/src/widgets/framework.dart:4590:20)
#31     MultiChildRenderObjectElement.inflateWidget (package:flutter/src/widgets/framework.dart:7269:36)
#32     MultiChildRenderObjectElement.mount (package:flutter/src/widgets/framework.dart:7285:32)
...     Normal element mounting (163 frames)
#195    Element.inflateWidget (package:flutter/src/widgets/framework.dart:4590:20)
#196    MultiChildRenderObjectElement.inflateWidget (package:flutter/src/widgets/framework.dart:7269:36)
#197    MultiChildRenderObjectElement.mount (package:flutter/src/widgets/framework.dart:7285:32)
...     Normal element mounting (35 frames)
#232    SingleChildWidgetElementMixin.mount (package:nested/nested.dart:222:11)
...     Normal element mounting (31 frames)
#263    _InheritedProviderScopeElement.mount (package:provider/src/inherited_provider.dart:424:11)
...     Normal element mounting (7 frames)
#270    SingleChildWidgetElementMixin.mount (package:nested/nested.dart:222:11)
...     Normal element mounting (7 frames)
#277    _InheritedProviderScopeElement.mount (package:provider/src/inherited_provider.dart:424:11)
...     Normal element mounting (7 frames)
#284    SingleChildWidgetElementMixin.mount (package:nested/nested.dart:222:11)
...     Normal element mounting (7 frames)
#291    SingleChildWidgetElementMixin.mount (package:nested/nested.dart:222:11)
...     Normal element mounting (260 frames)
#551    Element.inflateWidget (package:flutter/src/widgets/framework.dart:4590:20)
#552    MultiChildRenderObjectElement.inflateWidget (package:flutter/src/widgets/framework.dart:7269:36)
#553    MultiChildRenderObjectElement.mount (package:flutter/src/widgets/framework.dart:7285:32)
...     Normal element mounting (465 frames)
#1018   Element.inflateWidget (package:flutter/src/widgets/framework.dart:4590:20)
#1019   Element.updateChild (package:flutter/src/widgets/framework.dart:4053:20)
#1020   ComponentElement.performRebuild (package:flutter/src/widgets/framework.dart:5844:16)
#1021   Element.rebuild (package:flutter/src/widgets/framework.dart:5532:7)
#1022   ProxyElement.update (package:flutter/src/widgets/framework.dart:6152:5)
#1023   _InheritedNotifierElement.update (package:flutter/src/widgets/inherited_notifier.dart:108:11)
#1024   Element.updateChild (package:flutter/src/widgets/framework.dart:4037:15)
#1025   ComponentElement.performRebuild (package:flutter/src/widgets/framework.dart:5844:16)
#1026   StatefulElement.performRebuild (package:flutter/src/widgets/framework.dart:5985:11)
#1027   Element.rebuild (package:flutter/src/widgets/framework.dart:5532:7)
#1028   StatefulElement.update (package:flutter/src/widgets/framework.dart:6010:5)
#1029   Element.updateChild (package:flutter/src/widgets/framework.dart:4037:15)
#1030   ComponentElement.performRebuild (package:flutter/src/widgets/framework.dart:5844:16)
#1031   Element.rebuild (package:flutter/src/widgets/framework.dart:5532:7)
#1032   ProxyElement.update (package:flutter/src/widgets/framework.dart:6152:5)
#1033   _InheritedNotifierElement.update (package:flutter/src/widgets/inherited_notifier.dart:108:11)
#1034   Element.updateChild (package:flutter/src/widgets/framework.dart:4037:15)
#1035   ComponentElement.performRebuild (package:flutter/src/widgets/framework.dart:5844:16)
#1036   StatefulElement.performRebuild (package:flutter/src/widgets/framework.dart:5985:11)
#1037   Element.rebuild (package:flutter/src/widgets/framework.dart:5532:7)
#1038   StatefulElement.update (package:flutter/src/widgets/framework.dart:6010:5)
#1039   Element.updateChild (package:flutter/src/widgets/framework.dart:4037:15)
#1040   ComponentElement.performRebuild (package:flutter/src/widgets/framework.dart:5844:16)
#1041   StatefulElement.performRebuild (package:flutter/src/widgets/framework.dart:5985:11)
#1042   Element.rebuild (package:flutter/src/widgets/framework.dart:5532:7)
#1043   StatefulElement.update (package:flutter/src/widgets/framework.dart:6010:5)
#1044   Element.updateChild (package:flutter/src/widgets/framework.dart:4037:15)
#1045   ComponentElement.performRebuild (package:flutter/src/widgets/framework.dart:5844:16)
#1046   Element.rebuild (package:flutter/src/widgets/framework.dart:5532:7)
#1047   ProxyElement.update (package:flutter/src/widgets/framework.dart:6152:5)
#1048   Element.updateChild (package:flutter/src/widgets/framework.dart:4037:15)
#1049   ComponentElement.performRebuild (package:flutter/src/widgets/framework.dart:5844:16)
#1050   StatefulElement.performRebuild (package:flutter/src/widgets/framework.dart:5985:11)
#1051   Element.rebuild (package:flutter/src/widgets/framework.dart:5532:7)
#1052   StatefulElement.update (package:flutter/src/widgets/framework.dart:6010:5)
#1053   Element.updateChild (package:flutter/src/widgets/framework.dart:4037:15)
#1054   ComponentElement.performRebuild (package:flutter/src/widgets/framework.dart:5844:16)
#1055   Element.rebuild (package:flutter/src/widgets/framework.dart:5532:7)
#1056   ProxyElement.update (package:flutter/src/widgets/framework.dart:6152:5)
#1057   Element.updateChild (package:flutter/src/widgets/framework.dart:4037:15)
#1058   ComponentElement.performRebuild (package:flutter/src/widgets/framework.dart:5844:16)
#1059   Element.rebuild (package:flutter/src/widgets/framework.dart:5532:7)
#1060   ProxyElement.update (package:flutter/src/widgets/framework.dart:6152:5)
#1061   Element.updateChild (package:flutter/src/widgets/framework.dart:4037:15)
#1062   _RawViewElement._updateChild (package:flutter/src/widgets/view.dart:481:16)
#1063   _RawViewElement.update (package:flutter/src/widgets/view.dart:568:5)
#1064   Element.updateChild (package:flutter/src/widgets/framework.dart:4037:15)
#1065   ComponentElement.performRebuild (package:flutter/src/widgets/framework.dart:5844:16)
#1066   Element.rebuild (package:flutter/src/widgets/framework.dart:5532:7)
#1067   StatelessElement.update (package:flutter/src/widgets/framework.dart:5898:5)
#1068   Element.updateChild (package:flutter/src/widgets/framework.dart:4037:15)
#1069   ComponentElement.performRebuild (package:flutter/src/widgets/framework.dart:5844:16)
#1070   StatefulElement.performRebuild (package:flutter/src/widgets/framework.dart:5985:11)
#1071   Element.rebuild (package:flutter/src/widgets/framework.dart:5532:7)
#1072   StatefulElement.update (package:flutter/src/widgets/framework.dart:6010:5)
#1073   Element.updateChild (package:flutter/src/widgets/framework.dart:4037:15)
#1074   RootElement._rebuild (package:flutter/src/widgets/binding.dart:1782:16)
#1075   RootElement.update (package:flutter/src/widgets/binding.dart:1760:5)
#1076   RootElement.performRebuild (package:flutter/src/widgets/binding.dart:1774:7)
#1077   Element.rebuild (package:flutter/src/widgets/framework.dart:5532:7)
#1078   BuildScope._tryRebuild (package:flutter/src/widgets/framework.dart:2750:15)
#1079   BuildScope._flushDirtyElements (package:flutter/src/widgets/framework.dart:2807:11)
#1080   BuildOwner.buildScope (package:flutter/src/widgets/framework.dart:3111:18)
#1081   AutomatedTestWidgetsFlutterBinding.drawFrame (package:flutter_test/src/binding.dart:1506:19)
#1082   RendererBinding._handlePersistentFrameCallback (package:flutter/src/rendering/binding.dart:495:5)
#1083   SchedulerBinding._invokeFrameCallback (package:flutter/src/scheduler/binding.dart:1434:15)
#1084   SchedulerBinding.handleDrawFrame (package:flutter/src/scheduler/binding.dart:1347:9)
#1085   AutomatedTestWidgetsFlutterBinding.pump.<anonymous closure> (package:flutter_test/src/binding.dart:1335:9)
#1088   TestAsyncUtils.guard (package:flutter_test/src/test_async_utils.dart:74:41)
#1089   AutomatedTestWidgetsFlutterBinding.pump (package:flutter_test/src/binding.dart:1324:27)
#1090   WidgetTester.pumpWidget.<anonymous closure> (package:flutter_test/src/widget_tester.dart:598:22)
#1093   TestAsyncUtils.guard (package:flutter_test/src/test_async_utils.dart:74:41)
#1094   WidgetTester.pumpWidget (package:flutter_test/src/widget_tester.dart:595:27)
#1095   pumpTasklyApp (file:///C:/Users/User/FlutterProjects/taskly_bloc/test/helpers/pump_app.dart:43:16)
#1096   WidgetPumpExtensions.pumpWidgetWithBloc (file:///C:/Users/User/FlutterProjects/taskly_bloc/test/helpers/widget_test_helpers.dart:96:11)
#1097   main.pumpView (file:///C:/Users/User/FlutterProjects/taskly_bloc/test/presentation/features/projects/project_create_edit_view_widget_test.dart:38:18)
#1098   main.<anonymous closure> (file:///C:/Users/User/FlutterProjects/taskly_bloc/test/presentation/features/projects/project_create_edit_view_widget_test.dart:79:11)
#1099   testWidgetsSafe.<anonymous closure> (file:///C:/Users/User/FlutterProjects/taskly_bloc/test/helpers/test_helpers.dart:71:23)
#1100   testWidgets.<anonymous closure>.<anonymous closure> (package:flutter_test/src/widget_tester.dart:192:29)
<asynchronous suspension>
#1101   TestWidgetsFlutterBinding._runTestBody (package:flutter_test/src/binding.dart:1059:5)
<asynchronous suspension>
<asynchronous suspension>
(elided 5 frames from dart:async and package:stack_trace)

════════════════════════════════════════════════════════════════════════════════════════════════════
══╡ EXCEPTION CAUGHT BY WIDGETS LIBRARY ╞═══════════════════════════════════════════════════════════
The following assertion was thrown building Checkbox(state: _CheckboxState#ed58f(tickers: tracking 4
tickers)):
No Material widget found.
Checkbox widgets require a Material widget ancestor within the closest LookupBoundary.
In Material Design, most widgets are conceptually "printed" on a sheet of material. In Flutter's
material library, that material is represented by the Material widget. It is the Material widget
that renders ink splashes, for instance. Because of this, many material library widgets require that
there be a Material widget in the tree above them.
To introduce a Material widget, you can either directly include one, or use a widget that contains
Material itself, such as a Card, Dialog, Drawer, or Scaffold.
The specific widget that could not find a Material ancestor was:
  Checkbox
The ancestors of this widget were:
  ...
  SizedBox
  Semantics
  FormBuilderField<bool>
  Padding
  Row
  ...

The relevant error-causing widget was:
  Checkbox
  Checkbox:file:///C:/Users/User/FlutterProjects/taskly_bloc/lib/presentation/features/projects/widgets/project_form.dart:475:36

When the exception was thrown, this was the stack:
#0      debugCheckHasMaterial.<anonymous closure> (package:flutter/src/material/debug.dart:40:7)
#1      debugCheckHasMaterial (package:flutter/src/material/debug.dart:67:4)
#2      _CheckboxState.build (package:flutter/src/material/checkbox.dart:506:12)
#3      StatefulElement.build (package:flutter/src/widgets/framework.dart:5934:27)
#4      ComponentElement.performRebuild (package:flutter/src/widgets/framework.dart:5820:15)
#5      StatefulElement.performRebuild (package:flutter/src/widgets/framework.dart:5985:11)
#6      Element.rebuild (package:flutter/src/widgets/framework.dart:5532:7)
#7      StatefulElement.update (package:flutter/src/widgets/framework.dart:6010:5)
#8      Element.updateChild (package:flutter/src/widgets/framework.dart:4037:15)
#9      SingleChildRenderObjectElement.update (package:flutter/src/widgets/framework.dart:7125:14)
#10     Element.updateChild (package:flutter/src/widgets/framework.dart:4037:15)
#11     SingleChildRenderObjectElement.update (package:flutter/src/widgets/framework.dart:7125:14)
#12     Element.updateChild (package:flutter/src/widgets/framework.dart:4037:15)
#13     ComponentElement.performRebuild (package:flutter/src/widgets/framework.dart:5844:16)
#14     StatefulElement.performRebuild (package:flutter/src/widgets/framework.dart:5985:11)
#15     Element.rebuild (package:flutter/src/widgets/framework.dart:5532:7)
#16     StatefulElement.update (package:flutter/src/widgets/framework.dart:6010:5)
#17     Element.updateChild (package:flutter/src/widgets/framework.dart:4037:15)
#18     SingleChildRenderObjectElement.update (package:flutter/src/widgets/framework.dart:7125:14)
#19     Element.updateChild (package:flutter/src/widgets/framework.dart:4037:15)
#20     Element.updateChildren (package:flutter/src/widgets/framework.dart:4194:32)
#21     MultiChildRenderObjectElement.update (package:flutter/src/widgets/framework.dart:7302:17)
#22     Element.updateChild (package:flutter/src/widgets/framework.dart:4037:15)
#23     Element.updateChildren (package:flutter/src/widgets/framework.dart:4194:32)
#24     MultiChildRenderObjectElement.update (package:flutter/src/widgets/framework.dart:7302:17)
#25     Element.updateChild (package:flutter/src/widgets/framework.dart:4037:15)
#26     ComponentElement.performRebuild (package:flutter/src/widgets/framework.dart:5844:16)
#27     Element.rebuild (package:flutter/src/widgets/framework.dart:5532:7)
#28     ProxyElement.update (package:flutter/src/widgets/framework.dart:6152:5)
#29     _InheritedNotifierElement.update (package:flutter/src/widgets/inherited_notifier.dart:108:11)
#30     Element.updateChild (package:flutter/src/widgets/framework.dart:4037:15)
#31     ComponentElement.performRebuild (package:flutter/src/widgets/framework.dart:5844:16)
#32     StatefulElement.performRebuild (package:flutter/src/widgets/framework.dart:5985:11)
#33     Element.rebuild (package:flutter/src/widgets/framework.dart:5532:7)
#34     StatefulElement.update (package:flutter/src/widgets/framework.dart:6010:5)
#35     Element.updateChild (package:flutter/src/widgets/framework.dart:4037:15)
#36     ComponentElement.performRebuild (package:flutter/src/widgets/framework.dart:5844:16)
#37     StatefulElement.performRebuild (package:flutter/src/widgets/framework.dart:5985:11)
#38     Element.rebuild (package:flutter/src/widgets/framework.dart:5532:7)
#39     StatefulElement.update (package:flutter/src/widgets/framework.dart:6010:5)
#40     Element.updateChild (package:flutter/src/widgets/framework.dart:4037:15)
#41     ComponentElement.performRebuild (package:flutter/src/widgets/framework.dart:5844:16)
#42     Element.rebuild (package:flutter/src/widgets/framework.dart:5532:7)
#43     ProxyElement.update (package:flutter/src/widgets/framework.dart:6152:5)
#44     Element.updateChild (package:flutter/src/widgets/framework.dart:4037:15)
#45     ComponentElement.performRebuild (package:flutter/src/widgets/framework.dart:5844:16)
#46     Element.rebuild (package:flutter/src/widgets/framework.dart:5532:7)
#47     ProxyElement.update (package:flutter/src/widgets/framework.dart:6152:5)
#48     Element.updateChild (package:flutter/src/widgets/framework.dart:4037:15)
#49     ComponentElement.performRebuild (package:flutter/src/widgets/framework.dart:5844:16)
#50     StatefulElement.performRebuild (package:flutter/src/widgets/framework.dart:5985:11)
#51     Element.rebuild (package:flutter/src/widgets/framework.dart:5532:7)
#52     StatefulElement.update (package:flutter/src/widgets/framework.dart:6010:5)
#53     Element.updateChild (package:flutter/src/widgets/framework.dart:4037:15)
#54     SingleChildRenderObjectElement.update (package:flutter/src/widgets/framework.dart:7125:14)
#55     Element.updateChild (package:flutter/src/widgets/framework.dart:4037:15)
#56     ComponentElement.performRebuild (package:flutter/src/widgets/framework.dart:5844:16)
#57     StatefulElement.performRebuild (package:flutter/src/widgets/framework.dart:5985:11)
#58     Element.rebuild (package:flutter/src/widgets/framework.dart:5532:7)
#59     StatefulElement.update (package:flutter/src/widgets/framework.dart:6010:5)
#60     Element.updateChild (package:flutter/src/widgets/framework.dart:4037:15)
#61     ComponentElement.performRebuild (package:flutter/src/widgets/framework.dart:5844:16)
#62     StatefulElement.performRebuild (package:flutter/src/widgets/framework.dart:5985:11)
#63     Element.rebuild (package:flutter/src/widgets/framework.dart:5532:7)
#64     StatefulElement.update (package:flutter/src/widgets/framework.dart:6010:5)
#65     Element.updateChild (package:flutter/src/widgets/framework.dart:4037:15)
#66     SingleChildRenderObjectElement.update (package:flutter/src/widgets/framework.dart:7125:14)
#67     Element.updateChild (package:flutter/src/widgets/framework.dart:4037:15)
#68     SingleChildRenderObjectElement.update (package:flutter/src/widgets/framework.dart:7125:14)
#69     Element.updateChild (package:flutter/src/widgets/framework.dart:4037:15)
#70     SingleChildRenderObjectElement.update (package:flutter/src/widgets/framework.dart:7125:14)
#71     Element.updateChild (package:flutter/src/widgets/framework.dart:4037:15)
#72     SingleChildRenderObjectElement.update (package:flutter/src/widgets/framework.dart:7125:14)
#73     Element.updateChild (package:flutter/src/widgets/framework.dart:4037:15)
#74     SingleChildRenderObjectElement.update (package:flutter/src/widgets/framework.dart:7125:14)
#75     Element.updateChild (package:flutter/src/widgets/framework.dart:4037:15)
#76     SingleChildRenderObjectElement.update (package:flutter/src/widgets/framework.dart:7125:14)
#77     Element.updateChild (package:flutter/src/widgets/framework.dart:4037:15)
#78     SingleChildRenderObjectElement.update (package:flutter/src/widgets/framework.dart:7125:14)
#79     Element.updateChild (package:flutter/src/widgets/framework.dart:4037:15)
#80     ComponentElement.performRebuild (package:flutter/src/widgets/framework.dart:5844:16)
#81     StatefulElement.performRebuild (package:flutter/src/widgets/framework.dart:5985:11)
#82     Element.rebuild (package:flutter/src/widgets/framework.dart:5532:7)
#83     StatefulElement.update (package:flutter/src/widgets/framework.dart:6010:5)
#84     Element.updateChild (package:flutter/src/widgets/framework.dart:4037:15)
#85     SingleChildRenderObjectElement.update (package:flutter/src/widgets/framework.dart:7125:14)
#86     Element.updateChild (package:flutter/src/widgets/framework.dart:4037:15)
#87     ComponentElement.performRebuild (package:flutter/src/widgets/framework.dart:5844:16)
#88     Element.rebuild (package:flutter/src/widgets/framework.dart:5532:7)
#89     ProxyElement.update (package:flutter/src/widgets/framework.dart:6152:5)
#90     Element.updateChild (package:flutter/src/widgets/framework.dart:4037:15)
#91     SingleChildRenderObjectElement.update (package:flutter/src/widgets/framework.dart:7125:14)
#92     Element.updateChild (package:flutter/src/widgets/framework.dart:4037:15)
#93     ComponentElement.performRebuild (package:flutter/src/widgets/framework.dart:5844:16)
#94     Element.rebuild (package:flutter/src/widgets/framework.dart:5532:7)
#95     ProxyElement.update (package:flutter/src/widgets/framework.dart:6152:5)
#96     Element.updateChild (package:flutter/src/widgets/framework.dart:4037:15)
#97     SingleChildRenderObjectElement.update (package:flutter/src/widgets/framework.dart:7125:14)
#98     Element.updateChild (package:flutter/src/widgets/framework.dart:4037:15)
#99     ComponentElement.performRebuild (package:flutter/src/widgets/framework.dart:5844:16)
#100    Element.rebuild (package:flutter/src/widgets/framework.dart:5532:7)
#101    StatelessElement.update (package:flutter/src/widgets/framework.dart:5898:5)
#102    Element.updateChild (package:flutter/src/widgets/framework.dart:4037:15)
#103    SingleChildRenderObjectElement.update (package:flutter/src/widgets/framework.dart:7125:14)
#104    Element.updateChild (package:flutter/src/widgets/framework.dart:4037:15)
#105    ComponentElement.performRebuild (package:flutter/src/widgets/framework.dart:5844:16)
#106    StatefulElement.performRebuild (package:flutter/src/widgets/framework.dart:5985:11)
#107    Element.rebuild (package:flutter/src/widgets/framework.dart:5532:7)
#108    StatefulElement.update (package:flutter/src/widgets/framework.dart:6010:5)
#109    Element.updateChild (package:flutter/src/widgets/framework.dart:4037:15)
#110    ComponentElement.performRebuild (package:flutter/src/widgets/framework.dart:5844:16)
#111    Element.rebuild (package:flutter/src/widgets/framework.dart:5532:7)
#112    ProxyElement.update (package:flutter/src/widgets/framework.dart:6152:5)
#113    Element.updateChild (package:flutter/src/widgets/framework.dart:4037:15)
#114    ComponentElement.performRebuild (package:flutter/src/widgets/framework.dart:5844:16)
#115    StatefulElement.performRebuild (package:flutter/src/widgets/framework.dart:5985:11)
#116    Element.rebuild (package:flutter/src/widgets/framework.dart:5532:7)
#117    StatefulElement.update (package:flutter/src/widgets/framework.dart:6010:5)
#118    Element.updateChild (package:flutter/src/widgets/framework.dart:4037:15)
#119    ComponentElement.performRebuild (package:flutter/src/widgets/framework.dart:5844:16)
#120    StatefulElement.performRebuild (package:flutter/src/widgets/framework.dart:5985:11)
#121    Element.rebuild (package:flutter/src/widgets/framework.dart:5532:7)
#122    StatefulElement.update (package:flutter/src/widgets/framework.dart:6010:5)
#123    Element.updateChild (package:flutter/src/widgets/framework.dart:4037:15)
#124    ComponentElement.performRebuild (package:flutter/src/widgets/framework.dart:5844:16)
#125    Element.rebuild (package:flutter/src/widgets/framework.dart:5532:7)
#126    StatelessElement.update (package:flutter/src/widgets/framework.dart:5898:5)
#127    Element.updateChild (package:flutter/src/widgets/framework.dart:4037:15)
#128    ComponentElement.performRebuild (package:flutter/src/widgets/framework.dart:5844:16)
#129    Element.rebuild (package:flutter/src/widgets/framework.dart:5532:7)
#130    ProxyElement.update (package:flutter/src/widgets/framework.dart:6152:5)
#131    Element.updateChild (package:flutter/src/widgets/framework.dart:4037:15)
#132    Element.updateChildren (package:flutter/src/widgets/framework.dart:4194:32)
#133    MultiChildRenderObjectElement.update (package:flutter/src/widgets/framework.dart:7302:17)
#134    Element.updateChild (package:flutter/src/widgets/framework.dart:4037:15)
#135    SingleChildRenderObjectElement.update (package:flutter/src/widgets/framework.dart:7125:14)
#136    Element.updateChild (package:flutter/src/widgets/framework.dart:4037:15)
#137    SingleChildRenderObjectElement.update (package:flutter/src/widgets/framework.dart:7125:14)
#138    Element.updateChild (package:flutter/src/widgets/framework.dart:4037:15)
#139    ComponentElement.performRebuild (package:flutter/src/widgets/framework.dart:5844:16)
#140    Element.rebuild (package:flutter/src/widgets/framework.dart:5532:7)
#141    StatelessElement.update (package:flutter/src/widgets/framework.dart:5898:5)
#142    Element.updateChild (package:flutter/src/widgets/framework.dart:4037:15)
#143    ComponentElement.performRebuild (package:flutter/src/widgets/framework.dart:5844:16)
#144    Element.rebuild (package:flutter/src/widgets/framework.dart:5532:7)
#145    StatelessElement.update (package:flutter/src/widgets/framework.dart:5898:5)
#146    Element.updateChild (package:flutter/src/widgets/framework.dart:4037:15)
#147    ComponentElement.performRebuild (package:flutter/src/widgets/framework.dart:5844:16)
#148    StatefulElement.performRebuild (package:flutter/src/widgets/framework.dart:5985:11)
#149    Element.rebuild (package:flutter/src/widgets/framework.dart:5532:7)
#150    StatefulElement.update (package:flutter/src/widgets/framework.dart:6010:5)
#151    Element.updateChild (package:flutter/src/widgets/framework.dart:4037:15)
#152    ComponentElement.performRebuild (package:flutter/src/widgets/framework.dart:5844:16)
#153    StatefulElement.performRebuild (package:flutter/src/widgets/framework.dart:5985:11)
#154    Element.rebuild (package:flutter/src/widgets/framework.dart:5532:7)
#155    StatefulElement.update (package:flutter/src/widgets/framework.dart:6010:5)
#156    Element.updateChild (package:flutter/src/widgets/framework.dart:4037:15)
#157    ComponentElement.performRebuild (package:flutter/src/widgets/framework.dart:5844:16)
#158    StatefulElement.performRebuild (package:flutter/src/widgets/framework.dart:5985:11)
#159    Element.rebuild (package:flutter/src/widgets/framework.dart:5532:7)
#160    BuildScope._tryRebuild (package:flutter/src/widgets/framework.dart:2750:15)
#161    BuildScope._flushDirtyElements (package:flutter/src/widgets/framework.dart:2807:11)
#162    BuildOwner.buildScope (package:flutter/src/widgets/framework.dart:3111:18)
#163    AutomatedTestWidgetsFlutterBinding.drawFrame (package:flutter_test/src/binding.dart:1506:19)
#164    RendererBinding._handlePersistentFrameCallback (package:flutter/src/rendering/binding.dart:495:5)
#165    SchedulerBinding._invokeFrameCallback (package:flutter/src/scheduler/binding.dart:1434:15)
#166    SchedulerBinding.handleDrawFrame (package:flutter/src/scheduler/binding.dart:1347:9)
#167    AutomatedTestWidgetsFlutterBinding.pump.<anonymous closure> (package:flutter_test/src/binding.dart:1335:9)
#170    TestAsyncUtils.guard (package:flutter_test/src/test_async_utils.dart:74:41)
#171    AutomatedTestWidgetsFlutterBinding.pump (package:flutter_test/src/binding.dart:1324:27)
#172    WidgetTester.pump.<anonymous closure> (package:flutter_test/src/widget_tester.dart:652:53)
#175    TestAsyncUtils.guard (package:flutter_test/src/test_async_utils.dart:74:41)
#176    WidgetTester.pump (package:flutter_test/src/widget_tester.dart:652:27)
#177    testWidgetsSafe.<anonymous closure> (file:///C:/Users/User/FlutterProjects/taskly_bloc/test/helpers/test_helpers.dart:84:22)
<asynchronous suspension>
#178    testWidgets.<anonymous closure>.<anonymous closure> (package:flutter_test/src/widget_tester.dart:192:15)
<asynchronous suspension>
#179    TestWidgetsFlutterBinding._runTestBody (package:flutter_test/src/binding.dart:1059:5)
<asynchronous suspension>
<asynchronous suspension>
(elided 5 frames from dart:async and package:stack_trace)

════════════════════════════════════════════════════════════════════════════════════════════════════
══╡ EXCEPTION CAUGHT BY WIDGETS LIBRARY ╞═══════════════════════════════════════════════════════════
The following assertion was thrown building TextField(controller:
TextEditingController#41588(TextEditingValue(text: ┤Project X├, selection: TextSelection.invalid,
composing: TextRange(start: -1, end: -1))), focusNode: FocusNode#a1972(project.name), enabled: true,
decoration: InputDecoration(hintText: "Title", isDense: true, contentPadding: EdgeInsets.zero,
border: _NoInputBorder()), style: TextStyle(debugLabel: ((englishLike headlineSmall
2021).merge(((blackMountainView headlineSmall).apply).merge(unknown))).copyWith, inherit: false,
color: Color(alpha: 1.0000, red: 0.0941, green: 0.1098, blue: 0.1255, colorSpace: ColorSpace.sRGB),
family: Roboto, size: 24.0, weight: 600, letterSpacing: 0.0, baseline: alphabetic, height: 1.3x,
leadingDistribution: even, decoration: Color(alpha: 1.0000, red: 0.0941, green: 0.1098, blue:
0.1255, colorSpace: ColorSpace.sRGB) TextDecoration.none), autocorrect: true, textInputAction: next,
textCapitalization: sentences, dependencies: [MediaQuery, UnmanagedRestorationScope], state:
_TextFieldState#0bab6):
No Material widget found.
TextField widgets require a Material widget ancestor within the closest LookupBoundary.
In Material Design, most widgets are conceptually "printed" on a sheet of material. In Flutter's
material library, that material is represented by the Material widget. It is the Material widget
that renders ink splashes, for instance. Because of this, many material library widgets require that
there be a Material widget in the tree above them.
To introduce a Material widget, you can either directly include one, or use a widget that contains
Material itself, such as a Card, Dialog, Drawer, or Scaffold.
The specific widget that could not find a Material ancestor was:
  TextField
The ancestors of this widget were:
  ...
  Semantics
  FormBuilderTextField
  Expanded
  Row
  Column
  ...

The relevant error-causing widget was:
  TextField
  TextField:file:///C:/Users/User/AppData/Local/Pub/Cache/hosted/pub.dev/flutter_form_builder-10.2.0/lib/src/fields/form_builder_text_field.dart:474:19

When the exception was thrown, this was the stack:
#0      debugCheckHasMaterial.<anonymous closure> (package:flutter/src/material/debug.dart:40:7)
#1      debugCheckHasMaterial (package:flutter/src/material/debug.dart:67:4)
#2      _TextFieldState.build (package:flutter/src/material/text_field.dart:1521:12)
#3      StatefulElement.build (package:flutter/src/widgets/framework.dart:5934:27)
#4      ComponentElement.performRebuild (package:flutter/src/widgets/framework.dart:5820:15)
#5      StatefulElement.performRebuild (package:flutter/src/widgets/framework.dart:5985:11)
#6      Element.rebuild (package:flutter/src/widgets/framework.dart:5532:7)
#7      StatefulElement.update (package:flutter/src/widgets/framework.dart:6010:5)
#8      Element.updateChild (package:flutter/src/widgets/framework.dart:4037:15)
#9      SingleChildRenderObjectElement.update (package:flutter/src/widgets/framework.dart:7125:14)
#10     Element.updateChild (package:flutter/src/widgets/framework.dart:4037:15)
#11     ComponentElement.performRebuild (package:flutter/src/widgets/framework.dart:5844:16)
#12     StatefulElement.performRebuild (package:flutter/src/widgets/framework.dart:5985:11)
#13     Element.rebuild (package:flutter/src/widgets/framework.dart:5532:7)
#14     StatefulElement.update (package:flutter/src/widgets/framework.dart:6010:5)
#15     Element.updateChild (package:flutter/src/widgets/framework.dart:4037:15)
#16     ComponentElement.performRebuild (package:flutter/src/widgets/framework.dart:5844:16)
#17     Element.rebuild (package:flutter/src/widgets/framework.dart:5532:7)
#18     ProxyElement.update (package:flutter/src/widgets/framework.dart:6152:5)
#19     Element.updateChild (package:flutter/src/widgets/framework.dart:4037:15)
#20     Element.updateChildren (package:flutter/src/widgets/framework.dart:4194:32)
#21     MultiChildRenderObjectElement.update (package:flutter/src/widgets/framework.dart:7302:17)
#22     Element.updateChild (package:flutter/src/widgets/framework.dart:4037:15)
#23     Element.updateChildren (package:flutter/src/widgets/framework.dart:4194:32)
#24     MultiChildRenderObjectElement.update (package:flutter/src/widgets/framework.dart:7302:17)
#25     Element.updateChild (package:flutter/src/widgets/framework.dart:4037:15)
#26     ComponentElement.performRebuild (package:flutter/src/widgets/framework.dart:5844:16)
#27     Element.rebuild (package:flutter/src/widgets/framework.dart:5532:7)
#28     ProxyElement.update (package:flutter/src/widgets/framework.dart:6152:5)
#29     _InheritedNotifierElement.update (package:flutter/src/widgets/inherited_notifier.dart:108:11)
#30     Element.updateChild (package:flutter/src/widgets/framework.dart:4037:15)
#31     ComponentElement.performRebuild (package:flutter/src/widgets/framework.dart:5844:16)
#32     StatefulElement.performRebuild (package:flutter/src/widgets/framework.dart:5985:11)
#33     Element.rebuild (package:flutter/src/widgets/framework.dart:5532:7)
#34     StatefulElement.update (package:flutter/src/widgets/framework.dart:6010:5)
#35     Element.updateChild (package:flutter/src/widgets/framework.dart:4037:15)
#36     ComponentElement.performRebuild (package:flutter/src/widgets/framework.dart:5844:16)
#37     StatefulElement.performRebuild (package:flutter/src/widgets/framework.dart:5985:11)
#38     Element.rebuild (package:flutter/src/widgets/framework.dart:5532:7)
#39     StatefulElement.update (package:flutter/src/widgets/framework.dart:6010:5)
#40     Element.updateChild (package:flutter/src/widgets/framework.dart:4037:15)
#41     ComponentElement.performRebuild (package:flutter/src/widgets/framework.dart:5844:16)
#42     Element.rebuild (package:flutter/src/widgets/framework.dart:5532:7)
#43     ProxyElement.update (package:flutter/src/widgets/framework.dart:6152:5)
#44     Element.updateChild (package:flutter/src/widgets/framework.dart:4037:15)
#45     ComponentElement.performRebuild (package:flutter/src/widgets/framework.dart:5844:16)
#46     Element.rebuild (package:flutter/src/widgets/framework.dart:5532:7)
#47     ProxyElement.update (package:flutter/src/widgets/framework.dart:6152:5)
#48     Element.updateChild (package:flutter/src/widgets/framework.dart:4037:15)
#49     ComponentElement.performRebuild (package:flutter/src/widgets/framework.dart:5844:16)
#50     StatefulElement.performRebuild (package:flutter/src/widgets/framework.dart:5985:11)
#51     Element.rebuild (package:flutter/src/widgets/framework.dart:5532:7)
#52     StatefulElement.update (package:flutter/src/widgets/framework.dart:6010:5)
#53     Element.updateChild (package:flutter/src/widgets/framework.dart:4037:15)
#54     SingleChildRenderObjectElement.update (package:flutter/src/widgets/framework.dart:7125:14)
#55     Element.updateChild (package:flutter/src/widgets/framework.dart:4037:15)
#56     ComponentElement.performRebuild (package:flutter/src/widgets/framework.dart:5844:16)
#57     StatefulElement.performRebuild (package:flutter/src/widgets/framework.dart:5985:11)
#58     Element.rebuild (package:flutter/src/widgets/framework.dart:5532:7)
#59     StatefulElement.update (package:flutter/src/widgets/framework.dart:6010:5)
#60     Element.updateChild (package:flutter/src/widgets/framework.dart:4037:15)
#61     ComponentElement.performRebuild (package:flutter/src/widgets/framework.dart:5844:16)
#62     StatefulElement.performRebuild (package:flutter/src/widgets/framework.dart:5985:11)
#63     Element.rebuild (package:flutter/src/widgets/framework.dart:5532:7)
#64     StatefulElement.update (package:flutter/src/widgets/framework.dart:6010:5)
#65     Element.updateChild (package:flutter/src/widgets/framework.dart:4037:15)
#66     SingleChildRenderObjectElement.update (package:flutter/src/widgets/framework.dart:7125:14)
#67     Element.updateChild (package:flutter/src/widgets/framework.dart:4037:15)
#68     SingleChildRenderObjectElement.update (package:flutter/src/widgets/framework.dart:7125:14)
#69     Element.updateChild (package:flutter/src/widgets/framework.dart:4037:15)
#70     SingleChildRenderObjectElement.update (package:flutter/src/widgets/framework.dart:7125:14)
#71     Element.updateChild (package:flutter/src/widgets/framework.dart:4037:15)
#72     SingleChildRenderObjectElement.update (package:flutter/src/widgets/framework.dart:7125:14)
#73     Element.updateChild (package:flutter/src/widgets/framework.dart:4037:15)
#74     SingleChildRenderObjectElement.update (package:flutter/src/widgets/framework.dart:7125:14)
#75     Element.updateChild (package:flutter/src/widgets/framework.dart:4037:15)
#76     SingleChildRenderObjectElement.update (package:flutter/src/widgets/framework.dart:7125:14)
#77     Element.updateChild (package:flutter/src/widgets/framework.dart:4037:15)
#78     SingleChildRenderObjectElement.update (package:flutter/src/widgets/framework.dart:7125:14)
#79     Element.updateChild (package:flutter/src/widgets/framework.dart:4037:15)
#80     ComponentElement.performRebuild (package:flutter/src/widgets/framework.dart:5844:16)
#81     StatefulElement.performRebuild (package:flutter/src/widgets/framework.dart:5985:11)
#82     Element.rebuild (package:flutter/src/widgets/framework.dart:5532:7)
#83     StatefulElement.update (package:flutter/src/widgets/framework.dart:6010:5)
#84     Element.updateChild (package:flutter/src/widgets/framework.dart:4037:15)
#85     SingleChildRenderObjectElement.update (package:flutter/src/widgets/framework.dart:7125:14)
#86     Element.updateChild (package:flutter/src/widgets/framework.dart:4037:15)
#87     ComponentElement.performRebuild (package:flutter/src/widgets/framework.dart:5844:16)
#88     Element.rebuild (package:flutter/src/widgets/framework.dart:5532:7)
#89     ProxyElement.update (package:flutter/src/widgets/framework.dart:6152:5)
#90     Element.updateChild (package:flutter/src/widgets/framework.dart:4037:15)
#91     SingleChildRenderObjectElement.update (package:flutter/src/widgets/framework.dart:7125:14)
#92     Element.updateChild (package:flutter/src/widgets/framework.dart:4037:15)
#93     ComponentElement.performRebuild (package:flutter/src/widgets/framework.dart:5844:16)
#94     Element.rebuild (package:flutter/src/widgets/framework.dart:5532:7)
#95     ProxyElement.update (package:flutter/src/widgets/framework.dart:6152:5)
#96     Element.updateChild (package:flutter/src/widgets/framework.dart:4037:15)
#97     SingleChildRenderObjectElement.update (package:flutter/src/widgets/framework.dart:7125:14)
#98     Element.updateChild (package:flutter/src/widgets/framework.dart:4037:15)
#99     ComponentElement.performRebuild (package:flutter/src/widgets/framework.dart:5844:16)
#100    Element.rebuild (package:flutter/src/widgets/framework.dart:5532:7)
#101    StatelessElement.update (package:flutter/src/widgets/framework.dart:5898:5)
#102    Element.updateChild (package:flutter/src/widgets/framework.dart:4037:15)
#103    SingleChildRenderObjectElement.update (package:flutter/src/widgets/framework.dart:7125:14)
#104    Element.updateChild (package:flutter/src/widgets/framework.dart:4037:15)
#105    ComponentElement.performRebuild (package:flutter/src/widgets/framework.dart:5844:16)
#106    StatefulElement.performRebuild (package:flutter/src/widgets/framework.dart:5985:11)
#107    Element.rebuild (package:flutter/src/widgets/framework.dart:5532:7)
#108    StatefulElement.update (package:flutter/src/widgets/framework.dart:6010:5)
#109    Element.updateChild (package:flutter/src/widgets/framework.dart:4037:15)
#110    ComponentElement.performRebuild (package:flutter/src/widgets/framework.dart:5844:16)
#111    Element.rebuild (package:flutter/src/widgets/framework.dart:5532:7)
#112    ProxyElement.update (package:flutter/src/widgets/framework.dart:6152:5)
#113    Element.updateChild (package:flutter/src/widgets/framework.dart:4037:15)
#114    ComponentElement.performRebuild (package:flutter/src/widgets/framework.dart:5844:16)
#115    StatefulElement.performRebuild (package:flutter/src/widgets/framework.dart:5985:11)
#116    Element.rebuild (package:flutter/src/widgets/framework.dart:5532:7)
#117    StatefulElement.update (package:flutter/src/widgets/framework.dart:6010:5)
#118    Element.updateChild (package:flutter/src/widgets/framework.dart:4037:15)
#119    ComponentElement.performRebuild (package:flutter/src/widgets/framework.dart:5844:16)
#120    StatefulElement.performRebuild (package:flutter/src/widgets/framework.dart:5985:11)
#121    Element.rebuild (package:flutter/src/widgets/framework.dart:5532:7)
#122    StatefulElement.update (package:flutter/src/widgets/framework.dart:6010:5)
#123    Element.updateChild (package:flutter/src/widgets/framework.dart:4037:15)
#124    ComponentElement.performRebuild (package:flutter/src/widgets/framework.dart:5844:16)
#125    Element.rebuild (package:flutter/src/widgets/framework.dart:5532:7)
#126    StatelessElement.update (package:flutter/src/widgets/framework.dart:5898:5)
#127    Element.updateChild (package:flutter/src/widgets/framework.dart:4037:15)
#128    ComponentElement.performRebuild (package:flutter/src/widgets/framework.dart:5844:16)
#129    Element.rebuild (package:flutter/src/widgets/framework.dart:5532:7)
#130    ProxyElement.update (package:flutter/src/widgets/framework.dart:6152:5)
#131    Element.updateChild (package:flutter/src/widgets/framework.dart:4037:15)
#132    Element.updateChildren (package:flutter/src/widgets/framework.dart:4194:32)
#133    MultiChildRenderObjectElement.update (package:flutter/src/widgets/framework.dart:7302:17)
#134    Element.updateChild (package:flutter/src/widgets/framework.dart:4037:15)
#135    SingleChildRenderObjectElement.update (package:flutter/src/widgets/framework.dart:7125:14)
#136    Element.updateChild (package:flutter/src/widgets/framework.dart:4037:15)
#137    SingleChildRenderObjectElement.update (package:flutter/src/widgets/framework.dart:7125:14)
#138    Element.updateChild (package:flutter/src/widgets/framework.dart:4037:15)
#139    ComponentElement.performRebuild (package:flutter/src/widgets/framework.dart:5844:16)
#140    Element.rebuild (package:flutter/src/widgets/framework.dart:5532:7)
#141    StatelessElement.update (package:flutter/src/widgets/framework.dart:5898:5)
#142    Element.updateChild (package:flutter/src/widgets/framework.dart:4037:15)
#143    ComponentElement.performRebuild (package:flutter/src/widgets/framework.dart:5844:16)
#144    Element.rebuild (package:flutter/src/widgets/framework.dart:5532:7)
#145    StatelessElement.update (package:flutter/src/widgets/framework.dart:5898:5)
#146    Element.updateChild (package:flutter/src/widgets/framework.dart:4037:15)
#147    ComponentElement.performRebuild (package:flutter/src/widgets/framework.dart:5844:16)
#148    StatefulElement.performRebuild (package:flutter/src/widgets/framework.dart:5985:11)
#149    Element.rebuild (package:flutter/src/widgets/framework.dart:5532:7)
#150    StatefulElement.update (package:flutter/src/widgets/framework.dart:6010:5)
#151    Element.updateChild (package:flutter/src/widgets/framework.dart:4037:15)
#152    ComponentElement.performRebuild (package:flutter/src/widgets/framework.dart:5844:16)
#153    StatefulElement.performRebuild (package:flutter/src/widgets/framework.dart:5985:11)
#154    Element.rebuild (package:flutter/src/widgets/framework.dart:5532:7)
#155    StatefulElement.update (package:flutter/src/widgets/framework.dart:6010:5)
#156    Element.updateChild (package:flutter/src/widgets/framework.dart:4037:15)
#157    ComponentElement.performRebuild (package:flutter/src/widgets/framework.dart:5844:16)
#158    StatefulElement.performRebuild (package:flutter/src/widgets/framework.dart:5985:11)
#159    Element.rebuild (package:flutter/src/widgets/framework.dart:5532:7)
#160    BuildScope._tryRebuild (package:flutter/src/widgets/framework.dart:2750:15)
#161    BuildScope._flushDirtyElements (package:flutter/src/widgets/framework.dart:2807:11)
#162    BuildOwner.buildScope (package:flutter/src/widgets/framework.dart:3111:18)
#163    AutomatedTestWidgetsFlutterBinding.drawFrame (package:flutter_test/src/binding.dart:1506:19)
#164    RendererBinding._handlePersistentFrameCallback (package:flutter/src/rendering/binding.dart:495:5)
#165    SchedulerBinding._invokeFrameCallback (package:flutter/src/scheduler/binding.dart:1434:15)
#166    SchedulerBinding.handleDrawFrame (package:flutter/src/scheduler/binding.dart:1347:9)
#167    AutomatedTestWidgetsFlutterBinding.pump.<anonymous closure> (package:flutter_test/src/binding.dart:1335:9)
#170    TestAsyncUtils.guard (package:flutter_test/src/test_async_utils.dart:74:41)
#171    AutomatedTestWidgetsFlutterBinding.pump (package:flutter_test/src/binding.dart:1324:27)
#172    WidgetTester.pump.<anonymous closure> (package:flutter_test/src/widget_tester.dart:652:53)
#175    TestAsyncUtils.guard (package:flutter_test/src/test_async_utils.dart:74:41)
#176    WidgetTester.pump (package:flutter_test/src/widget_tester.dart:652:27)
#177    testWidgetsSafe.<anonymous closure> (file:///C:/Users/User/FlutterProjects/taskly_bloc/test/helpers/test_helpers.dart:84:22)
<asynchronous suspension>
#178    testWidgets.<anonymous closure>.<anonymous closure> (package:flutter_test/src/widget_tester.dart:192:15)
<asynchronous suspension>
#179    TestWidgetsFlutterBinding._runTestBody (package:flutter_test/src/binding.dart:1059:5)
<asynchronous suspension>
<asynchronous suspension>
(elided 5 frames from dart:async and package:stack_trace)

════════════════════════════════════════════════════════════════════════════════════════════════════
══╡ EXCEPTION CAUGHT BY FLUTTER TEST FRAMEWORK ╞════════════════════════════════════════════════════
The following TestFailure was thrown running a test:
Expected: exactly one matching candidate
  Actual: _TextWidgetFinder:<Found 0 widgets with text "Project X": []>
   Which: means none were found but one was expected

When the exception was thrown, this was the stack:
#4      main.<anonymous closure> (file:///C:/Users/User/FlutterProjects/taskly_bloc/test/presentation/features/projects/project_create_edit_view_widget_test.dart:82:5)
<asynchronous suspension>
<asynchronous suspension>
#6      testWidgetsSafe.<anonymous closure> (file:///C:/Users/User/FlutterProjects/taskly_bloc/test/helpers/test_helpers.dart:71:9)
<asynchronous suspension>
#7      testWidgets.<anonymous closure>.<anonymous closure> (package:flutter_test/src/widget_tester.dart:192:15)
<asynchronous suspension>
#8      TestWidgetsFlutterBinding._runTestBody (package:flutter_test/src/binding.dart:1059:5)
<asynchronous suspension>
<asynchronous suspension>
(elided 2 frames from dart:async and package:stack_trace)

This was caught by the test expectation on the following line:
  file:///C:/Users/User/FlutterProjects/taskly_bloc/test/presentation/features/projects/project_create_edit_view_widget_test.dart line 82
The test description was:
  renders project form for edit flow
════════════════════════════════════════════════════════════════════════════════════════════════════
══╡ EXCEPTION CAUGHT BY FLUTTER TEST FRAMEWORK ╞════════════════════════════════════════════════════
The following message was thrown:
Multiple exceptions (5) were detected during the running of the current test, and at least one was
unexpected.
════════════════════════════════════════════════════════════════════════════════════════════════════
01:46 +223 -22: C:/Users/User/FlutterProjects/taskly_bloc/test/presentation/features/projects/project_create_edit_view_widget_test.dart: renders project form for edit flow [E]
  Test failed. See exception logs above.
  The test description was: renders project form for edit flow
  
01:46 +223 -22: C:/Users/User/FlutterProjects/taskly_bloc/test/presentation/features/projects/project_create_edit_view_widget_test.dart: (tearDownAll)
01:46 +223 -22: loading C:/Users/User/FlutterProjects/taskly_bloc/test/presentation/features/projects/project_detail_page_widget_test.dart
01:47 +223 -22: C:/Users/User/FlutterProjects/taskly_bloc/test/presentation/features/projects/project_detail_page_widget_test.dart: (setUpAll)
01:47 +223 -22: C:/Users/User/FlutterProjects/taskly_bloc/test/presentation/features/projects/project_detail_page_widget_test.dart: shows loading state before project loads
01:47 +224 -22: C:/Users/User/FlutterProjects/taskly_bloc/test/presentation/features/projects/project_detail_page_widget_test.dart: shows error state when project stream errors
01:47 +225 -22: C:/Users/User/FlutterProjects/taskly_bloc/test/presentation/features/projects/project_detail_page_widget_test.dart: renders project details when loaded
01:48 +226 -22: C:/Users/User/FlutterProjects/taskly_bloc/test/presentation/features/projects/project_detail_page_widget_test.dart: updates task list when tasks change
01:48 +227 -22: C:/Users/User/FlutterProjects/taskly_bloc/test/presentation/features/projects/project_detail_page_widget_test.dart: (tearDownAll)
01:48 +227 -22: loading C:/Users/User/FlutterProjects/taskly_bloc/test/presentation/features/projects/project_editor_route_page_widget_test.dart
01:49 +227 -22: C:/Users/User/FlutterProjects/taskly_bloc/test/presentation/features/projects/project_editor_route_page_widget_test.dart: (setUpAll)
01:49 +227 -22: C:/Users/User/FlutterProjects/taskly_bloc/test/presentation/features/projects/project_editor_route_page_widget_test.dart: renders project editor full page for deep link
01:50 +228 -22: C:/Users/User/FlutterProjects/taskly_bloc/test/presentation/features/projects/project_editor_route_page_widget_test.dart: (tearDownAll)
01:50 +228 -22: loading C:/Users/User/FlutterProjects/taskly_bloc/test/presentation/features/project_picker/bloc/project_picker_bloc_test.dart
01:51 +228 -22: C:/Users/User/FlutterProjects/taskly_bloc/test/presentation/features/project_picker/bloc/project_picker_bloc_test.dart: (setUpAll)
01:51 +228 -22: C:/Users/User/FlutterProjects/taskly_bloc/test/presentation/features/project_picker/bloc/project_picker_bloc_test.dart: loads and filters projects
01:51 +228 -23: C:/Users/User/FlutterProjects/taskly_bloc/test/presentation/features/project_picker/bloc/project_picker_bloc_test.dart: loads and filters projects [E]
  Expected: [
              <<Instance of 'ProjectPickerState'>>,
              <<Instance of 'ProjectPickerState'>>,
              <<Instance of 'ProjectPickerState'>>
            ]
    Actual: [
              Instance of 'ProjectPickerState',
              Instance of 'ProjectPickerState',
              Instance of 'ProjectPickerState',
              Instance of 'ProjectPickerState'
            ]
     Which: at location [3] is [
              Instance of 'ProjectPickerState',
              Instance of 'ProjectPickerState',
              Instance of 'ProjectPickerState',
              Instance of 'ProjectPickerState'
            ] which longer than expected
  
  package:matcher                              expect
  package:bloc_test/src/bloc_test.dart 218:16  testBloc.<fn>
  ===== asynchronous gap ===========================
  dart:async                                   _Completer.completeError
  package:bloc_test/src/bloc_test.dart 255:43  _runZonedGuarded.<fn>
  ===== asynchronous gap ===========================
  dart:async                                   _CustomZone.registerBinaryCallback
  package:bloc_test/src/bloc_test.dart 252:5   _runZonedGuarded.<fn>
  dart:async                                   runZonedGuarded
  package:bloc_test/src/bloc_test.dart 251:3   _runZonedGuarded
  package:bloc_test/src/bloc_test.dart 198:11  testBloc
  package:bloc_test/src/bloc_test.dart 156:13  blocTest.<fn>
  
01:51 +228 -23: C:/Users/User/FlutterProjects/taskly_bloc/test/presentation/features/project_picker/bloc/project_picker_bloc_test.dart: (tearDownAll)
01:51 +228 -23: loading C:/Users/User/FlutterProjects/taskly_bloc/test/presentation/features/review/bloc/weekly_review_bloc_test.dart
01:52 +228 -23: C:/Users/User/FlutterProjects/taskly_bloc/test/presentation/features/review/bloc/weekly_review_bloc_test.dart: (setUpAll)
01:52 +228 -23: C:/Users/User/FlutterProjects/taskly_bloc/test/presentation/features/review/bloc/weekly_review_bloc_test.dart: requested loads values summary when ratings disabled
01:52 +229 -23: C:/Users/User/FlutterProjects/taskly_bloc/test/presentation/features/review/bloc/weekly_review_bloc_test.dart: value rating change records ratings with context
01:53 +230 -23: C:/Users/User/FlutterProjects/taskly_bloc/test/presentation/features/review/bloc/weekly_review_bloc_test.dart: (tearDownAll)
01:53 +230 -23: loading C:/Users/User/FlutterProjects/taskly_bloc/test/presentation/features/review/weekly_review_modal_widget_test.dart
01:53 +230 -23: C:/Users/User/FlutterProjects/taskly_bloc/test/presentation/features/review/weekly_review_modal_widget_test.dart: (setUpAll)
01:53 +230 -23: C:/Users/User/FlutterProjects/taskly_bloc/test/presentation/features/review/weekly_review_modal_widget_test.dart: shows loading state while weekly review loads
01:54 +231 -23: C:/Users/User/FlutterProjects/taskly_bloc/test/presentation/features/review/weekly_review_modal_widget_test.dart: shows error state when weekly review fails
01:54 +232 -23: C:/Users/User/FlutterProjects/taskly_bloc/test/presentation/features/review/weekly_review_modal_widget_test.dart: renders weekly review content when loaded
01:54 +233 -23: C:/Users/User/FlutterProjects/taskly_bloc/test/presentation/features/review/weekly_review_modal_widget_test.dart: (tearDownAll)
01:54 +233 -23: loading C:/Users/User/FlutterProjects/taskly_bloc/test/presentation/features/routines/bloc/routine_detail_bloc_test.dart
Warning: A tag was used that wasn't specified in dart_test.yaml.
  routines was used in the suite itself

01:55 +233 -23: C:/Users/User/FlutterProjects/taskly_bloc/test/presentation/features/routines/bloc/routine_detail_bloc_test.dart: (setUpAll)
01:55 +233 -23: C:/Users/User/FlutterProjects/taskly_bloc/test/presentation/features/routines/bloc/routine_detail_bloc_test.dart: loads initial data for create
01:55 +234 -23: C:/Users/User/FlutterProjects/taskly_bloc/test/presentation/features/routines/bloc/routine_detail_bloc_test.dart: emits failure when routine not found
01:56 +235 -23: C:/Users/User/FlutterProjects/taskly_bloc/test/presentation/features/routines/bloc/routine_detail_bloc_test.dart: (tearDownAll)
01:56 +235 -23: loading C:/Users/User/FlutterProjects/taskly_bloc/test/presentation/features/routines/bloc/routine_list_bloc_test.dart
Warning: A tag was used that wasn't specified in dart_test.yaml.
  routines was used in the suite itself

01:56 +235 -23: C:/Users/User/FlutterProjects/taskly_bloc/test/presentation/features/routines/bloc/routine_list_bloc_test.dart: (setUpAll)
01:56 +235 -23: C:/Users/User/FlutterProjects/taskly_bloc/test/presentation/features/routines/bloc/routine_list_bloc_test.dart: loads routines and emits loaded state
01:57 +236 -23: C:/Users/User/FlutterProjects/taskly_bloc/test/presentation/features/routines/bloc/routine_list_bloc_test.dart: (tearDownAll)
01:57 +236 -23: loading C:/Users/User/FlutterProjects/taskly_bloc/test/presentation/features/routines/routines_page_widget_test.dart
Warning: A tag was used that wasn't specified in dart_test.yaml.
  routines was used in the suite itself

01:57 +236 -23: C:/Users/User/FlutterProjects/taskly_bloc/test/presentation/features/routines/routines_page_widget_test.dart: (setUpAll)
01:57 +236 -23: C:/Users/User/FlutterProjects/taskly_bloc/test/presentation/features/routines/routines_page_widget_test.dart: shows loading state while routines load
01:59 +237 -23: C:/Users/User/FlutterProjects/taskly_bloc/test/presentation/features/routines/routines_page_widget_test.dart: shows error state when repository throws
[38;5;1m┌──────────────────────────────────────────────────────────────────────────────────────────────────────────────[0m
[38;5;1m│ [exception] | 6:39:07 657ms | [app.unexpected] [RoutineListBloc] initial load failed (route: <unknown>)[0m
[38;5;1m│ Exception: routine load failed[0m
[38;5;1m│ StackTrace: #0      When.thenThrow.<anonymous closure> (package:mocktail/src/mocktail.dart:249:7)[0m
[38;5;1m│ #1      Mock.noSuchMethod (package:mocktail/src/mocktail.dart:131:37)[0m
[38;5;1m│ #2      MockRoutineRepository.getAll (file:///C:/Users/User/FlutterProjects/taskly_bloc/test/presentation/features/routines/routines_page_widget_test.dart:28:7)[0m
[38;5;1m│ #3      RoutineListBloc._onSubscriptionRequested (package:taskly_bloc/presentation/features/routines/bloc/routine_list_bloc.dart:91:48)[0m
[38;5;1m│ #4      Bloc.on.<anonymous closure>.handleEvent (package:bloc/src/bloc.dart:226:26)[0m
[38;5;1m│ #5      Bloc.on.<anonymous closure> (package:bloc/src/bloc.dart:237:9)[0m
[38;5;1m│ #6      _MapStream._handleData (dart:async/stream_pipe.dart:247:31)[0m
[38;5;1m│ #7      _ForwardingStreamSubscription._handleData (dart:async/stream_pipe.dart:184:13)[0m
[38;5;1m│ #8      StackZoneSpecification._registerUnaryCallback.<anonymous closure>.<anonymous closure> (package:stack_trace/src/stack_zone_specification.dart:127:36)[0m
[38;5;1m│ #9      StackZoneSpecification._run (package:stack_trace/src/stack_zone_specification.dart:207:15)[0m
[38;5;1m│ #10     StackZoneSpecification._registerUnaryCallback.<anonymous closure> (package:stack_trace/src/stack_zone_specification.dart:127:24)[0m
[38;5;1m│ #11     _rootRunUnary (dart:async/zone.dart:1538:47)[0m
[38;5;1m│ #12     _CustomZone.runUnary (dart:async/zone.dart:1429:19)[0m
[38;5;1m│ #13     _CustomZone.runUnaryGuarded (dart:async/zone.dart:1329:7)[0m
[38;5;1m│ #14     CastStreamSubscription._onData (dart:_internal/async_cast.dart:95:11)[0m
[38;5;1m│ #15     StackZoneSpecification._registerUnaryCallback.<anonymous closure>.<anonymous closure> (package:stack_trace/src/stack_zone_specification.dart:127:36)[0m
[38;5;1m│ #16     StackZoneSpecification._run (package:stack_trace/src/stack_zone_specification.dart:207:15)[0m
[38;5;1m│ #17     StackZoneSpecification._registerUnaryCallback.<anonymous closure> (package:stack_trace/src/stack_zone_specification.dart:127:24)[0m
[38;5;1m│ #18     _rootRunUnary (dart:async/zone.dart:1538:47)[0m
[38;5;1m│ #19     _CustomZone.runUnary (dart:async/zone.dart:1429:19)[0m
[38;5;1m│ #20     _CustomZone.runUnaryGuarded (dart:async/zone.dart:1329:7)[0m
[38;5;1m│ #21     _BufferingStreamSubscription._sendData (dart:async/stream_impl.dart:381:11)[0m
[38;5;1m│ #22     _BufferingStreamSubscription._add (dart:async/stream_impl.dart:312:7)[0m
[38;5;1m│ #23     _ForwardingStreamSubscription._add (dart:async/stream_pipe.dart:154:11)[0m
[38;5;1m│ #24     _WhereStream._handleData (dart:async/stream_pipe.dart:229:12)[0m
[38;5;1m│ #25     _ForwardingStreamSubscription._handleData (dart:async/stream_pipe.dart:184:13)[0m
[38;5;1m│ #26     StackZoneSpecification._registerUnaryCallback.<anonymous closure>.<anonymous closure> (package:stack_trace/src/stack_zone_specification.dart:127:36)[0m
[38;5;1m│ #27     StackZoneSpecification._run (package:stack_trace/src/stack_zone_specification.dart:207:15)[0m
[38;5;1m│ #28     StackZoneSpecification._registerUnaryCallback.<anonymous closure> (package:stack_trace/src/stack_zone_specification.dart:127:24)[0m
[38;5;1m│ #29     _rootRunUnary (dart:async/zone.dart:1538:47)[0m
[38;5;1m│ #30     _CustomZone.runUnary (dart:async/zone.dart:1429:19)[0m
[38;5;1m│ #31     _CustomZone.runUnaryGuarded (dart:async/zone.dart:1329:7)[0m
[38;5;1m│ #32     _BufferingStreamSubscription._sendData (dart:async/stream_impl.dart:381:11)[0m
[38;5;1m│ #33     _DelayedData.perform (dart:async/stream_impl.dart:573:14)[0m
[38;5;1m│ #34     _PendingEvents.handleNext (dart:async/stream_impl.dart:678:11)[0m
[38;5;1m│ #35     _PendingEvents.schedule.<anonymous closure> (dart:async/stream_impl.dart:649:7)[0m
[38;5;1m│ #36     StackZoneSpecification._run (package:stack_trace/src/stack_zone_specification.dart:207:15)[0m
[38;5;1m│ #37     StackZoneSpecification._registerCallback.<anonymous closure> (package:stack_trace/src/stack_zone_specification.dart:114:48)[0m
[38;5;1m│ #38     _rootRun (dart:async/zone.dart:1517:47)[0m
[38;5;1m│ #39     _CustomZone.run (dart:async/zone.dart:1422:19)[0m
[38;5;1m│ #40     _CustomZone.runGuarded (dart:async/zone.dart:1321:7)[0m
[38;5;1m│ #41     _CustomZone.bindCallbackGuarded.<anonymous closure> (dart:async/zone.dart:1362:23)[0m
[38;5;1m│ #42     _rootRun (dart:async/zone.dart:1517:47)[0m
[38;5;1m│ #43     _CustomZone.run (dart:async/zone.dart:1422:19)[0m
[38;5;1m│ #44     _CustomZone.runGuarded (dart:async/zone.dart:1321:7)[0m
[38;5;1m│ #45     FakeAsync.run.<anonymous closure>.<anonymous closure> (package:fake_async/fake_async.dart:189:18)[0m
[38;5;1m│ #46     FakeAsync.flushMicrotasks (package:fake_async/fake_async.dart:200:32)[0m
[38;5;1m│ #47     AutomatedTestWidgetsFlutterBinding.pump.<anonymous closure> (package:flutter_test/src/binding.dart:1337:26)[0m
[38;5;1m│ #48     _rootRun (dart:async/zone.dart:1525:13)[0m
[38;5;1m│ #49     _CustomZone.run (dart:async/zone.dart:1422:19)[0m
[38;5;1m│ #50     TestAsyncUtils.guard (package:flutter_test/src/test_async_utils.dart:74:41)[0m
[38;5;1m│ #51     AutomatedTestWidgetsFlutterBinding.pump (package:flutter_test/src/binding.dart:1324:27)[0m
[38;5;1m│ #52     WidgetTester.pumpWidget.<anonymous closure> (package:flutter_test/src/widget_tester.dart:598:22)[0m
[38;5;1m│ #53     _rootRun (dart:async/zone.dart:1525:13)[0m
[38;5;1m│ #54     _CustomZone.run (dart:async/zone.dart:1422:19)[0m
[38;5;1m│ #55     TestAsyncUtils.guard (package:flutter_test/src/test_async_utils.dart:74:41)[0m
[38;5;1m│ #56     WidgetTester.pumpWidget (package:flutter_test/src/widget_tester.dart:595:27)[0m
[38;5;1m│ #57     pumpTasklyApp (file:///C:/Users/User/FlutterProjects/taskly_bloc/test/helpers/pump_app.dart:31:18)[0m
[38;5;1m│ #58     WidgetPumpExtensions.pumpWidgetWithRouter (file:///C:/Users/User/FlutterProjects/taskly_bloc/test/helpers/widget_test_helpers.dart:150:11)[0m
[38;5;1m│ #59     main.pumpPage (file:///C:/Users/User/FlutterProjects/taskly_bloc/test/presentation/features/routines/routines_page_widget_test.dart:205:18)[0m
[38;5;1m│ #60     main.<anonymous closure> (file:///C:/Users/User/FlutterProjects/taskly_bloc/test/presentation/features/routines/routines_page_widget_test.dart:240:11)[0m
[38;5;1m│ #61     testWidgetsSafe.<anonymous closure> (file:///C:/Users/User/FlutterProjects/taskly_bloc/test/helpers/test_helpers.dart:71:23)[0m
[38;5;1m│ #62     testWidgets.<anonymous closure>.<anonymous closure> (package:flutter_test/src/widget_tester.dart:192:29)[0m
[38;5;1m│ <asynchronous suspension>[0m
[38;5;1m│ #63     TestWidgetsFlutterBinding._runTestBody (package:flutter_test/src/binding.dart:1059:5)[0m
[38;5;1m│ <asynchronous suspension>[0m
[38;5;1m│ #64     StackZoneSpecification._registerCallback.<anonymous closure> (package:stack_trace/src/stack_zone_specification.dart:114:42)[0m
[38;5;1m│ <asynchronous suspension>[0m
[38;5;1m│ }[0m
[38;5;1m└──────────────────────────────────────────────────────────────────────────────────────────────────────────────[0m
01:59 +238 -23: C:/Users/User/FlutterProjects/taskly_bloc/test/presentation/features/routines/routines_page_widget_test.dart: renders routine list content when loaded
══╡ EXCEPTION CAUGHT BY WIDGETS LIBRARY ╞═══════════════════════════════════════════════════════════
The following ProviderNotFoundException was thrown building RoutinesListView(dirty, dependencies:
[InheritedCupertinoTheme, _InheritedTheme, _LocalizationsScope-[GlobalKey#22cb0]]):
Error: Could not find the correct Provider<GuidedTourBloc> above this RoutinesListView Widget

This happens because you used a `BuildContext` that does not include the provider
of your choice. There are a few common scenarios:

- You added a new provider in your `main.dart` and performed a hot-reload.
  To fix, perform a hot-restart.

- The provider you are trying to read is in a different route.

  Providers are "scoped". So if you insert of provider inside a route, then
  other routes will not be able to access that provider.

- You used a `BuildContext` that is an ancestor of the provider you are trying to read.

  Make sure that RoutinesListView is under your MultiProvider/Provider<GuidedTourBloc>.
  This usually happens when you are creating a provider and trying to read it immediately.

  For example, instead of:

  ```
  Widget build(BuildContext context) {
    return Provider<Example>(
      create: (_) => Example(),
      // Will throw a ProviderNotFoundError, because `context` is associated
      // to the widget that is the parent of `Provider<Example>`
      child: Text(context.watch<Example>().toString()),
    );
  }
  ```

  consider using `builder` like so:

  ```
  Widget build(BuildContext context) {
    return Provider<Example>(
      create: (_) => Example(),
      // we use `builder` to obtain a new `BuildContext` that has access to the provider
      builder: (context, child) {
        // No longer throws
        return Text(context.watch<Example>().toString());
      }
    );
  }
  ```

If none of these solutions work, consider asking for help on StackOverflow:
https://stackoverflow.com/questions/tagged/flutter

When the exception was thrown, this was the stack:
#0      Provider._inheritedElementOf (package:provider/src/provider.dart:377:7)
#1      SelectContext.select (package:provider/src/inherited_provider.dart:276:39)
#2      RoutinesListView.build (package:taskly_bloc/presentation/features/routines/widgets/routines_list.dart:36:32)
#3      StatelessElement.build (package:flutter/src/widgets/framework.dart:5892:49)
#4      ComponentElement.performRebuild (package:flutter/src/widgets/framework.dart:5820:15)
#5      Element.rebuild (package:flutter/src/widgets/framework.dart:5532:7)
#6      ComponentElement._firstBuild (package:flutter/src/widgets/framework.dart:5802:5)
#7      ComponentElement.mount (package:flutter/src/widgets/framework.dart:5796:5)
...     Normal element mounting (7 frames)
#14     Element.inflateWidget (package:flutter/src/widgets/framework.dart:4590:20)
#15     Element.updateChild (package:flutter/src/widgets/framework.dart:4053:20)
#16     ComponentElement.performRebuild (package:flutter/src/widgets/framework.dart:5844:16)
#17     StatefulElement.performRebuild (package:flutter/src/widgets/framework.dart:5985:11)
#18     Element.rebuild (package:flutter/src/widgets/framework.dart:5532:7)
#19     StatefulElement.update (package:flutter/src/widgets/framework.dart:6010:5)
#20     Element.updateChild (package:flutter/src/widgets/framework.dart:4037:15)
#21     ComponentElement.performRebuild (package:flutter/src/widgets/framework.dart:5844:16)
#22     StatefulElement.performRebuild (package:flutter/src/widgets/framework.dart:5985:11)
#23     Element.rebuild (package:flutter/src/widgets/framework.dart:5532:7)
#24     BuildScope._tryRebuild (package:flutter/src/widgets/framework.dart:2750:15)
#25     BuildScope._flushDirtyElements (package:flutter/src/widgets/framework.dart:2807:11)
#26     BuildOwner.buildScope (package:flutter/src/widgets/framework.dart:3111:18)
#27     AutomatedTestWidgetsFlutterBinding.drawFrame (package:flutter_test/src/binding.dart:1506:19)
#28     RendererBinding._handlePersistentFrameCallback (package:flutter/src/rendering/binding.dart:495:5)
#29     SchedulerBinding._invokeFrameCallback (package:flutter/src/scheduler/binding.dart:1434:15)
#30     SchedulerBinding.handleDrawFrame (package:flutter/src/scheduler/binding.dart:1347:9)
#31     AutomatedTestWidgetsFlutterBinding.pump.<anonymous closure> (package:flutter_test/src/binding.dart:1335:9)
#34     TestAsyncUtils.guard (package:flutter_test/src/test_async_utils.dart:74:41)
#35     AutomatedTestWidgetsFlutterBinding.pump (package:flutter_test/src/binding.dart:1324:27)
#36     WidgetTester.pump.<anonymous closure> (package:flutter_test/src/widget_tester.dart:652:53)
#39     TestAsyncUtils.guard (package:flutter_test/src/test_async_utils.dart:74:41)
#40     WidgetTester.pump (package:flutter_test/src/widget_tester.dart:652:27)
#41     PumpHelpers.pumpForStream (file:///C:/Users/User/FlutterProjects/taskly_bloc/test/helpers/test_helpers.dart:170:13)
#42     main.<anonymous closure> (file:///C:/Users/User/FlutterProjects/taskly_bloc/test/presentation/features/routines/routines_page_widget_test.dart:271:18)
<asynchronous suspension>
<asynchronous suspension>
#44     testWidgetsSafe.<anonymous closure> (file:///C:/Users/User/FlutterProjects/taskly_bloc/test/helpers/test_helpers.dart:71:9)
<asynchronous suspension>
#45     testWidgets.<anonymous closure>.<anonymous closure> (package:flutter_test/src/widget_tester.dart:192:15)
<asynchronous suspension>
#46     TestWidgetsFlutterBinding._runTestBody (package:flutter_test/src/binding.dart:1059:5)
<asynchronous suspension>
<asynchronous suspension>
(elided 6 frames from dart:async and package:stack_trace)

════════════════════════════════════════════════════════════════════════════════════════════════════
══╡ EXCEPTION CAUGHT BY FLUTTER TEST FRAMEWORK ╞════════════════════════════════════════════════════
The following TestFailure was thrown running a test:
Expected: exactly one matching candidate
  Actual: _TextWidgetFinder:<Found 0 widgets with text "Morning Walk": []>
   Which: means none were found but one was expected

When the exception was thrown, this was the stack:
#4      main.<anonymous closure> (file:///C:/Users/User/FlutterProjects/taskly_bloc/test/presentation/features/routines/routines_page_widget_test.dart:273:5)
<asynchronous suspension>
<asynchronous suspension>
#6      testWidgetsSafe.<anonymous closure> (file:///C:/Users/User/FlutterProjects/taskly_bloc/test/helpers/test_helpers.dart:71:9)
<asynchronous suspension>
#7      testWidgets.<anonymous closure>.<anonymous closure> (package:flutter_test/src/widget_tester.dart:192:15)
<asynchronous suspension>
#8      TestWidgetsFlutterBinding._runTestBody (package:flutter_test/src/binding.dart:1059:5)
<asynchronous suspension>
<asynchronous suspension>
(elided 2 frames from dart:async and package:stack_trace)

This was caught by the test expectation on the following line:
  file:///C:/Users/User/FlutterProjects/taskly_bloc/test/presentation/features/routines/routines_page_widget_test.dart line 273
The test description was:
  renders routine list content when loaded
════════════════════════════════════════════════════════════════════════════════════════════════════
══╡ EXCEPTION CAUGHT BY FLUTTER TEST FRAMEWORK ╞════════════════════════════════════════════════════
The following message was thrown:
Multiple exceptions (2) were detected during the running of the current test, and at least one was
unexpected.
════════════════════════════════════════════════════════════════════════════════════════════════════
01:59 +238 -24: C:/Users/User/FlutterProjects/taskly_bloc/test/presentation/features/routines/routines_page_widget_test.dart: renders routine list content when loaded [E]
  Test failed. See exception logs above.
  The test description was: renders routine list content when loaded
  
══╡ EXCEPTION CAUGHT BY WIDGET INSPECTOR ╞══════════════════════════════════════════════════════════
The following assertion was thrown:
Looking up a deactivated widget's ancestor is unsafe.
At this point the state of the widget's element tree is no longer stable.
To safely refer to a widget's ancestor in its dispose() method, save a reference to the ancestor by
calling dependOnInheritedWidgetOfExactType() in the widget's didChangeDependencies() method.

When the exception was thrown, this was the stack:
#0      Element._debugCheckStateIsActiveForAncestorLookup.<anonymous closure> (package:flutter/src/widgets/framework.dart:5052:9)
#1      Element._debugCheckStateIsActiveForAncestorLookup (package:flutter/src/widgets/framework.dart:5066:6)
#2      Element.visitAncestorElements (package:flutter/src/widgets/framework.dart:5177:12)
#3      _describeRelevantUserCode (package:flutter/src/widgets/widget_inspector.dart:4244:13)
#4      _parseDiagnosticsNode (package:flutter/src/widgets/widget_inspector.dart:4163:12)
#5      debugTransformDebugCreator (package:flutter/src/widgets/widget_inspector.dart:4142:21)
#6      _FlutterErrorDetailsNode.builder (package:flutter/src/foundation/assertions.dart:1310:31)
#7      DiagnosticableNode.emptyBodyDescription (package:flutter/src/foundation/diagnostics.dart:2941:45)
#8      TextTreeRenderer._debugRender (package:flutter/src/foundation/diagnostics.dart:1307:14)
#9      TextTreeRenderer.render (package:flutter/src/foundation/diagnostics.dart:1137:14)
#10     FlutterError.dumpErrorToConsole (package:flutter/src/foundation/assertions.dart:1040:13)
#11     TestWidgetsFlutterBinding._runTest.<anonymous closure> (package:flutter_test/src/binding.dart:886:24)
#12     FlutterError.reportError (package:flutter/src/foundation/assertions.dart:1203:14)
#13     TestWidgetsFlutterBinding._runTest.handleUncaughtError (package:flutter_test/src/binding.dart:985:20)
#14     TestWidgetsFlutterBinding._runTest.<anonymous closure> (package:flutter_test/src/binding.dart:1027:13)
<asynchronous suspension>
(elided 5 frames from dart:async)

This exception was caught while trying to describe the user-relevant code of another error.
════════════════════════════════════════════════════════════════════════════════════════════════════
02:00 +238 -24: C:/Users/User/FlutterProjects/taskly_bloc/test/presentation/features/routines/routines_page_widget_test.dart: updates list when routines change
══╡ EXCEPTION CAUGHT BY WIDGETS LIBRARY ╞═══════════════════════════════════════════════════════════
The following ProviderNotFoundException was thrown building RoutinesListView(dirty, dependencies:
[InheritedCupertinoTheme, _InheritedTheme, _LocalizationsScope-[GlobalKey#fc389]]):
Error: Could not find the correct Provider<GuidedTourBloc> above this RoutinesListView Widget

This happens because you used a `BuildContext` that does not include the provider
of your choice. There are a few common scenarios:

- You added a new provider in your `main.dart` and performed a hot-reload.
  To fix, perform a hot-restart.

- The provider you are trying to read is in a different route.

  Providers are "scoped". So if you insert of provider inside a route, then
  other routes will not be able to access that provider.

- You used a `BuildContext` that is an ancestor of the provider you are trying to read.

  Make sure that RoutinesListView is under your MultiProvider/Provider<GuidedTourBloc>.
  This usually happens when you are creating a provider and trying to read it immediately.

  For example, instead of:

  ```
  Widget build(BuildContext context) {
    return Provider<Example>(
      create: (_) => Example(),
      // Will throw a ProviderNotFoundError, because `context` is associated
      // to the widget that is the parent of `Provider<Example>`
      child: Text(context.watch<Example>().toString()),
    );
  }
  ```

  consider using `builder` like so:

  ```
  Widget build(BuildContext context) {
    return Provider<Example>(
      create: (_) => Example(),
      // we use `builder` to obtain a new `BuildContext` that has access to the provider
      builder: (context, child) {
        // No longer throws
        return Text(context.watch<Example>().toString());
      }
    );
  }
  ```

If none of these solutions work, consider asking for help on StackOverflow:
https://stackoverflow.com/questions/tagged/flutter

When the exception was thrown, this was the stack:
#0      Provider._inheritedElementOf (package:provider/src/provider.dart:377:7)
#1      SelectContext.select (package:provider/src/inherited_provider.dart:276:39)
#2      RoutinesListView.build (package:taskly_bloc/presentation/features/routines/widgets/routines_list.dart:36:32)
#3      StatelessElement.build (package:flutter/src/widgets/framework.dart:5892:49)
#4      ComponentElement.performRebuild (package:flutter/src/widgets/framework.dart:5820:15)
#5      Element.rebuild (package:flutter/src/widgets/framework.dart:5532:7)
#6      ComponentElement._firstBuild (package:flutter/src/widgets/framework.dart:5802:5)
#7      ComponentElement.mount (package:flutter/src/widgets/framework.dart:5796:5)
...     Normal element mounting (7 frames)
#14     Element.inflateWidget (package:flutter/src/widgets/framework.dart:4590:20)
#15     Element.updateChild (package:flutter/src/widgets/framework.dart:4053:20)
#16     ComponentElement.performRebuild (package:flutter/src/widgets/framework.dart:5844:16)
#17     StatefulElement.performRebuild (package:flutter/src/widgets/framework.dart:5985:11)
#18     Element.rebuild (package:flutter/src/widgets/framework.dart:5532:7)
#19     StatefulElement.update (package:flutter/src/widgets/framework.dart:6010:5)
#20     Element.updateChild (package:flutter/src/widgets/framework.dart:4037:15)
#21     ComponentElement.performRebuild (package:flutter/src/widgets/framework.dart:5844:16)
#22     StatefulElement.performRebuild (package:flutter/src/widgets/framework.dart:5985:11)
#23     Element.rebuild (package:flutter/src/widgets/framework.dart:5532:7)
#24     BuildScope._tryRebuild (package:flutter/src/widgets/framework.dart:2750:15)
#25     BuildScope._flushDirtyElements (package:flutter/src/widgets/framework.dart:2807:11)
#26     BuildOwner.buildScope (package:flutter/src/widgets/framework.dart:3111:18)
#27     AutomatedTestWidgetsFlutterBinding.drawFrame (package:flutter_test/src/binding.dart:1506:19)
#28     RendererBinding._handlePersistentFrameCallback (package:flutter/src/rendering/binding.dart:495:5)
#29     SchedulerBinding._invokeFrameCallback (package:flutter/src/scheduler/binding.dart:1434:15)
#30     SchedulerBinding.handleDrawFrame (package:flutter/src/scheduler/binding.dart:1347:9)
#31     AutomatedTestWidgetsFlutterBinding.pump.<anonymous closure> (package:flutter_test/src/binding.dart:1335:9)
#34     TestAsyncUtils.guard (package:flutter_test/src/test_async_utils.dart:74:41)
#35     AutomatedTestWidgetsFlutterBinding.pump (package:flutter_test/src/binding.dart:1324:27)
#36     WidgetTester.pump.<anonymous closure> (package:flutter_test/src/widget_tester.dart:652:53)
#39     TestAsyncUtils.guard (package:flutter_test/src/test_async_utils.dart:74:41)
#40     WidgetTester.pump (package:flutter_test/src/widget_tester.dart:652:27)
#41     PumpHelpers.pumpForStream (file:///C:/Users/User/FlutterProjects/taskly_bloc/test/helpers/test_helpers.dart:170:13)
#42     main.<anonymous closure> (file:///C:/Users/User/FlutterProjects/taskly_bloc/test/presentation/features/routines/routines_page_widget_test.dart:299:18)
<asynchronous suspension>
<asynchronous suspension>
#44     testWidgetsSafe.<anonymous closure> (file:///C:/Users/User/FlutterProjects/taskly_bloc/test/helpers/test_helpers.dart:71:9)
<asynchronous suspension>
#45     testWidgets.<anonymous closure>.<anonymous closure> (package:flutter_test/src/widget_tester.dart:192:15)
<asynchronous suspension>
#46     TestWidgetsFlutterBinding._runTestBody (package:flutter_test/src/binding.dart:1059:5)
<asynchronous suspension>
<asynchronous suspension>
(elided 6 frames from dart:async and package:stack_trace)

════════════════════════════════════════════════════════════════════════════════════════════════════
══╡ EXCEPTION CAUGHT BY FLUTTER TEST FRAMEWORK ╞════════════════════════════════════════════════════
The following TestFailure was thrown running a test:
Expected: exactly one matching candidate
  Actual: _TextWidgetFinder:<Found 0 widgets with text "Stretch": []>
   Which: means none were found but one was expected

When the exception was thrown, this was the stack:
#4      main.<anonymous closure> (file:///C:/Users/User/FlutterProjects/taskly_bloc/test/presentation/features/routines/routines_page_widget_test.dart:301:5)
<asynchronous suspension>
<asynchronous suspension>
#6      testWidgetsSafe.<anonymous closure> (file:///C:/Users/User/FlutterProjects/taskly_bloc/test/helpers/test_helpers.dart:71:9)
<asynchronous suspension>
#7      testWidgets.<anonymous closure>.<anonymous closure> (package:flutter_test/src/widget_tester.dart:192:15)
<asynchronous suspension>
#8      TestWidgetsFlutterBinding._runTestBody (package:flutter_test/src/binding.dart:1059:5)
<asynchronous suspension>
<asynchronous suspension>
(elided 2 frames from dart:async and package:stack_trace)

This was caught by the test expectation on the following line:
  file:///C:/Users/User/FlutterProjects/taskly_bloc/test/presentation/features/routines/routines_page_widget_test.dart line 301
The test description was:
  updates list when routines change
════════════════════════════════════════════════════════════════════════════════════════════════════
══╡ EXCEPTION CAUGHT BY FLUTTER TEST FRAMEWORK ╞════════════════════════════════════════════════════
The following message was thrown:
Multiple exceptions (2) were detected during the running of the current test, and at least one was
unexpected.
════════════════════════════════════════════════════════════════════════════════════════════════════
02:00 +238 -25: C:/Users/User/FlutterProjects/taskly_bloc/test/presentation/features/routines/routines_page_widget_test.dart: updates list when routines change [E]
  Test failed. See exception logs above.
  The test description was: updates list when routines change
  
══╡ EXCEPTION CAUGHT BY WIDGET INSPECTOR ╞══════════════════════════════════════════════════════════
The following assertion was thrown:
Looking up a deactivated widget's ancestor is unsafe.
At this point the state of the widget's element tree is no longer stable.
To safely refer to a widget's ancestor in its dispose() method, save a reference to the ancestor by
calling dependOnInheritedWidgetOfExactType() in the widget's didChangeDependencies() method.

When the exception was thrown, this was the stack:
#0      Element._debugCheckStateIsActiveForAncestorLookup.<anonymous closure> (package:flutter/src/widgets/framework.dart:5052:9)
#1      Element._debugCheckStateIsActiveForAncestorLookup (package:flutter/src/widgets/framework.dart:5066:6)
#2      Element.visitAncestorElements (package:flutter/src/widgets/framework.dart:5177:12)
#3      _describeRelevantUserCode (package:flutter/src/widgets/widget_inspector.dart:4244:13)
#4      _parseDiagnosticsNode (package:flutter/src/widgets/widget_inspector.dart:4163:12)
#5      debugTransformDebugCreator (package:flutter/src/widgets/widget_inspector.dart:4142:21)
#6      _FlutterErrorDetailsNode.builder (package:flutter/src/foundation/assertions.dart:1310:31)
#7      DiagnosticableNode.emptyBodyDescription (package:flutter/src/foundation/diagnostics.dart:2941:45)
#8      TextTreeRenderer._debugRender (package:flutter/src/foundation/diagnostics.dart:1307:14)
#9      TextTreeRenderer.render (package:flutter/src/foundation/diagnostics.dart:1137:14)
#10     FlutterError.dumpErrorToConsole (package:flutter/src/foundation/assertions.dart:1040:13)
#11     TestWidgetsFlutterBinding._runTest.<anonymous closure> (package:flutter_test/src/binding.dart:886:24)
#12     FlutterError.reportError (package:flutter/src/foundation/assertions.dart:1203:14)
#13     TestWidgetsFlutterBinding._runTest.handleUncaughtError (package:flutter_test/src/binding.dart:985:20)
#14     TestWidgetsFlutterBinding._runTest.<anonymous closure> (package:flutter_test/src/binding.dart:1027:13)
<asynchronous suspension>
(elided 5 frames from dart:async)

This exception was caught while trying to describe the user-relevant code of another error.
════════════════════════════════════════════════════════════════════════════════════════════════════
02:01 +238 -25: C:/Users/User/FlutterProjects/taskly_bloc/test/presentation/features/routines/routines_page_widget_test.dart: (tearDownAll)
02:02 +238 -25: loading C:/Users/User/FlutterProjects/taskly_bloc/test/presentation/features/routines/routine_detail_view_widget_test.dart
Warning: A tag was used that wasn't specified in dart_test.yaml.
  routines was used in the suite itself

02:02 +238 -25: C:/Users/User/FlutterProjects/taskly_bloc/test/presentation/features/routines/routine_detail_view_widget_test.dart: (setUpAll)
02:02 +238 -25: C:/Users/User/FlutterProjects/taskly_bloc/test/presentation/features/routines/routine_detail_view_widget_test.dart: shows loading indicator while loading
02:03 +239 -25: C:/Users/User/FlutterProjects/taskly_bloc/test/presentation/features/routines/routine_detail_view_widget_test.dart: renders routine form for edit flow
02:03 +240 -25: C:/Users/User/FlutterProjects/taskly_bloc/test/presentation/features/routines/routine_detail_view_widget_test.dart: renders routine form for create flow
02:03 +241 -25: C:/Users/User/FlutterProjects/taskly_bloc/test/presentation/features/routines/routine_detail_view_widget_test.dart: (tearDownAll)
02:03 +241 -25: loading C:/Users/User/FlutterProjects/taskly_bloc/test/presentation/features/routines/routine_editor_route_page_widget_test.dart
Warning: A tag was used that wasn't specified in dart_test.yaml.
  routines was used in the suite itself

02:04 +241 -25: C:/Users/User/FlutterProjects/taskly_bloc/test/presentation/features/routines/routine_editor_route_page_widget_test.dart: (setUpAll)
02:04 +241 -25: C:/Users/User/FlutterProjects/taskly_bloc/test/presentation/features/routines/routine_editor_route_page_widget_test.dart: renders routine editor full page for deep link
02:05 +242 -25: C:/Users/User/FlutterProjects/taskly_bloc/test/presentation/features/routines/routine_editor_route_page_widget_test.dart: (tearDownAll)
02:05 +242 -25: loading C:/Users/User/FlutterProjects/taskly_bloc/test/presentation/features/scheduled/bloc/scheduled_scope_header_bloc_test.dart
02:06 +242 -25: C:/Users/User/FlutterProjects/taskly_bloc/test/presentation/features/scheduled/bloc/scheduled_scope_header_bloc_test.dart: (setUpAll)
02:06 +242 -25: C:/Users/User/FlutterProjects/taskly_bloc/test/presentation/features/scheduled/bloc/scheduled_scope_header_bloc_test.dart: loads project scope title
02:06 +243 -25: C:/Users/User/FlutterProjects/taskly_bloc/test/presentation/features/scheduled/bloc/scheduled_scope_header_bloc_test.dart: loads value scope title
02:06 +244 -25: C:/Users/User/FlutterProjects/taskly_bloc/test/presentation/features/scheduled/bloc/scheduled_scope_header_bloc_test.dart: retry exits loading after missing project
02:07 +245 -25: C:/Users/User/FlutterProjects/taskly_bloc/test/presentation/features/scheduled/bloc/scheduled_scope_header_bloc_test.dart: (tearDownAll)
02:07 +245 -25: loading C:/Users/User/FlutterProjects/taskly_bloc/test/presentation/features/scheduled/bloc/scheduled_screen_bloc_test.dart
02:07 +245 -25: C:/Users/User/FlutterProjects/taskly_bloc/test/presentation/features/scheduled/bloc/scheduled_screen_bloc_test.dart: (setUpAll)
02:08 +245 -25: C:/Users/User/FlutterProjects/taskly_bloc/test/presentation/features/scheduled/bloc/scheduled_screen_bloc_test.dart: emits create task effect for selected day
02:08 +246 -25: C:/Users/User/FlutterProjects/taskly_bloc/test/presentation/features/scheduled/bloc/scheduled_screen_bloc_test.dart: reschedules tasks and emits bulk effect
02:08 +247 -25: C:/Users/User/FlutterProjects/taskly_bloc/test/presentation/features/scheduled/bloc/scheduled_screen_bloc_test.dart: reschedules projects and emits bulk effect
02:08 +248 -25: C:/Users/User/FlutterProjects/taskly_bloc/test/presentation/features/scheduled/bloc/scheduled_screen_bloc_test.dart: emits show message on reschedule failure
02:09 +249 -25: C:/Users/User/FlutterProjects/taskly_bloc/test/presentation/features/scheduled/bloc/scheduled_screen_bloc_test.dart: (tearDownAll)
02:09 +249 -25: loading C:/Users/User/FlutterProjects/taskly_bloc/test/presentation/features/scheduled/bloc/scheduled_timeline_bloc_test.dart
02:09 +249 -25: C:/Users/User/FlutterProjects/taskly_bloc/test/presentation/features/scheduled/bloc/scheduled_timeline_bloc_test.dart: (setUpAll)
02:10 +249 -25: C:/Users/User/FlutterProjects/taskly_bloc/test/presentation/features/scheduled/bloc/scheduled_timeline_bloc_test.dart: emits loaded state when occurrences arrive
02:10 +250 -25: C:/Users/User/FlutterProjects/taskly_bloc/test/presentation/features/scheduled/bloc/scheduled_timeline_bloc_test.dart: emits error when occurrences stream fails
02:10 +251 -25: C:/Users/User/FlutterProjects/taskly_bloc/test/presentation/features/scheduled/bloc/scheduled_timeline_bloc_test.dart: toggles overdue collapsed
02:11 +252 -25: C:/Users/User/FlutterProjects/taskly_bloc/test/presentation/features/scheduled/bloc/scheduled_timeline_bloc_test.dart: day jump sets scroll target
02:11 +253 -25: C:/Users/User/FlutterProjects/taskly_bloc/test/presentation/features/scheduled/bloc/scheduled_timeline_bloc_test.dart: (tearDownAll)
02:11 +253 -25: loading C:/Users/User/FlutterProjects/taskly_bloc/test/presentation/features/scheduled/scheduled_page_widget_test.dart
02:12 +253 -25: C:/Users/User/FlutterProjects/taskly_bloc/test/presentation/features/scheduled/scheduled_page_widget_test.dart: (setUpAll)
02:12 +253 -25: C:/Users/User/FlutterProjects/taskly_bloc/test/presentation/features/scheduled/scheduled_page_widget_test.dart: renders schedule header in demo mode
02:13 +254 -25: C:/Users/User/FlutterProjects/taskly_bloc/test/presentation/features/scheduled/scheduled_page_widget_test.dart: renders demo scheduled items
02:13 +255 -25: C:/Users/User/FlutterProjects/taskly_bloc/test/presentation/features/scheduled/scheduled_page_widget_test.dart: (tearDownAll)
02:13 +255 -25: loading C:/Users/User/FlutterProjects/taskly_bloc/test/presentation/features/scheduled/scheduled_scope_header_widget_test.dart
02:14 +255 -25: C:/Users/User/FlutterProjects/taskly_bloc/test/presentation/features/scheduled/scheduled_scope_header_widget_test.dart: (setUpAll)
02:14 +255 -25: C:/Users/User/FlutterProjects/taskly_bloc/test/presentation/features/scheduled/scheduled_scope_header_widget_test.dart: shows loading placeholder before scope loads
02:15 +256 -25: C:/Users/User/FlutterProjects/taskly_bloc/test/presentation/features/scheduled/scheduled_scope_header_widget_test.dart: shows project title when loaded
02:15 +257 -25: C:/Users/User/FlutterProjects/taskly_bloc/test/presentation/features/scheduled/scheduled_scope_header_widget_test.dart: shows error message when stream errors
02:15 +258 -25: C:/Users/User/FlutterProjects/taskly_bloc/test/presentation/features/scheduled/scheduled_scope_header_widget_test.dart: (tearDownAll)
02:15 +258 -25: loading C:/Users/User/FlutterProjects/taskly_bloc/test/presentation/features/scope_context/bloc/scope_context_bloc_test.dart
02:15 +258 -25: C:/Users/User/FlutterProjects/taskly_bloc/test/presentation/features/scope_context/bloc/scope_context_bloc_test.dart: (setUpAll)
02:15 +258 -25: C:/Users/User/FlutterProjects/taskly_bloc/test/presentation/features/scope_context/bloc/scope_context_bloc_test.dart: loads project scope title and task count
02:16 +259 -25: C:/Users/User/FlutterProjects/taskly_bloc/test/presentation/features/scope_context/bloc/scope_context_bloc_test.dart: loads value scope title with project counts
02:16 +260 -25: C:/Users/User/FlutterProjects/taskly_bloc/test/presentation/features/scope_context/bloc/scope_context_bloc_test.dart: retry exits loading after error
02:17 +261 -25: C:/Users/User/FlutterProjects/taskly_bloc/test/presentation/features/scope_context/bloc/scope_context_bloc_test.dart: (tearDownAll)
02:17 +261 -25: loading C:/Users/User/FlutterProjects/taskly_bloc/test/presentation/features/settings/bloc/allocation_settings_bloc_test.dart
02:17 +261 -25: C:/Users/User/FlutterProjects/taskly_bloc/test/presentation/features/settings/bloc/allocation_settings_bloc_test.dart: (setUpAll)
02:17 +261 -25: C:/Users/User/FlutterProjects/taskly_bloc/test/presentation/features/settings/bloc/allocation_settings_bloc_test.dart: loads settings from repository stream
02:18 +262 -25: C:/Users/User/FlutterProjects/taskly_bloc/test/presentation/features/settings/bloc/allocation_settings_bloc_test.dart: persists values balance changes with operation context
02:18 +262 -26: C:/Users/User/FlutterProjects/taskly_bloc/test/presentation/features/settings/bloc/allocation_settings_bloc_test.dart: persists values balance changes with operation context [E]
  type 'Null' is not a subtype of type 'Future<void>'
  test\mocks\repository_mocks.dart 25:7                                                         MockSettingsRepositoryContract.save
  package:taskly_bloc/presentation/features/settings/bloc/allocation_settings_bloc.dart 186:31  AllocationSettingsBloc._persist
  package:taskly_bloc/presentation/features/settings/bloc/allocation_settings_bloc.dart 137:11  AllocationSettingsBloc._onValuesBalanceChanged
  package:bloc/src/bloc.dart 226:26                                                             Bloc.on.<fn>.handleEvent
  package:bloc/src/bloc.dart 237:9                                                              Bloc.on.<fn>
  ===== asynchronous gap ===========================
  dart:async                                                                                    _Completer.completeError
  package:bloc_test/src/bloc_test.dart 255:43                                                   _runZonedGuarded.<fn>
  ===== asynchronous gap ===========================
  dart:async                                                                                    _CustomZone.registerBinaryCallback
  package:bloc/src/bloc.dart 226:13                                                             Bloc.on.<fn>.handleEvent
  package:bloc/src/bloc.dart 237:9                                                              Bloc.on.<fn>
  ===== asynchronous gap ===========================
  dart:async                                                                                    _ForwardingStream.listen
  package:bloc/src/bloc.dart 341:40                                                             _FlatMapStreamTransformer.bind.<fn>
  dart:async                                                                                    _StreamImpl.listen
  package:bloc/src/bloc.dart 240:7                                                              Bloc.on
  package:taskly_bloc/presentation/features/settings/bloc/allocation_settings_bloc.dart 92:5    new AllocationSettingsBloc
  test\presentation\features\settings\bloc\allocation_settings_bloc_test.dart 33:12             main.buildBloc
  package:bloc_test/src/bloc_test.dart 201:25                                                   testBloc.<fn>
  ===== asynchronous gap ===========================
  dart:async                                                                                    _CustomZone.registerUnaryCallback
  package:bloc_test/src/bloc_test.dart 199:7                                                    testBloc.<fn>
  package:bloc_test/src/bloc_test.dart 252:15                                                   _runZonedGuarded.<fn>
  dart:async                                                                                    runZonedGuarded
  package:bloc_test/src/bloc_test.dart 251:3                                                    _runZonedGuarded
  package:bloc_test/src/bloc_test.dart 198:11                                                   testBloc
  package:bloc_test/src/bloc_test.dart 156:13                                                   blocTest.<fn>
  
02:18 +262 -26: C:/Users/User/FlutterProjects/taskly_bloc/test/presentation/features/settings/bloc/allocation_settings_bloc_test.dart: emits error message when stream fails
02:18 +263 -26: C:/Users/User/FlutterProjects/taskly_bloc/test/presentation/features/settings/bloc/allocation_settings_bloc_test.dart: (tearDownAll)
02:18 +263 -26: loading C:/Users/User/FlutterProjects/taskly_bloc/test/presentation/features/settings/bloc/global_settings_bloc_test.dart
02:19 +263 -26: C:/Users/User/FlutterProjects/taskly_bloc/test/presentation/features/settings/bloc/global_settings_bloc_test.dart: (setUpAll)
02:19 +263 -26: C:/Users/User/FlutterProjects/taskly_bloc/test/presentation/features/settings/bloc/global_settings_bloc_test.dart: loads settings from stream
[38;5;255m┌──────────────────────────────────────────────────────────────────────────────────────────────────────────────[0m
[38;5;255m│ [debug] | 6:39:27 103ms | [BLOC STREAM] _onStreamUpdated[0m
[38;5;255m│   incoming.themeMode=AppThemeMode.system[0m
[38;5;255m│   current.themeMode=AppThemeMode.system[0m
[38;5;255m│   incoming.colorSchemeSeedArgb=4284960932[0m
[38;5;255m│   current.colorSchemeSeedArgb=4284960932[0m
[38;5;255m│   isDifferent=false, wasLoading=true[0m
[38;5;255m└──────────────────────────────────────────────────────────────────────────────────────────────────────────────[0m
[38;5;255m┌──────────────────────────────────────────────────────────────────────────────────────────────────────────────[0m
[38;5;255m│ [debug] | 6:39:27 107ms | [BLOC STREAM] EMITTING state update[0m
[38;5;255m│   themeMode: AppThemeMode.system → AppThemeMode.system[0m
[38;5;255m└──────────────────────────────────────────────────────────────────────────────────────────────────────────────[0m
02:19 +264 -26: C:/Users/User/FlutterProjects/taskly_bloc/test/presentation/features/settings/bloc/global_settings_bloc_test.dart: theme mode change persists settings with context
[38;5;3m┌──────────────────────────────────────────────────────────────────────────────────────────────────────────────[0m
[38;5;3m│ [warning] | 6:39:27 414ms | [settings.global] ThemeMode change requested[0m
[38;5;3m│   at=2025-01-15 00:00:00.000Z[0m
[38;5;3m│   old=AppThemeMode.system[0m
[38;5;3m│   new=AppThemeMode.dark[0m
[38;5;3m└──────────────────────────────────────────────────────────────────────────────────────────────────────────────[0m
[38;5;3m┌──────────────────────────────────────────────────────────────────────────────────────────────────────────────[0m
[38;5;3m│ [warning] | 6:39:27 417ms | [settings.global] ThemeMode persisted[0m
[38;5;3m│   at=2025-01-15 00:00:00.000Z[0m
[38;5;3m│   value=AppThemeMode.dark[0m
[38;5;3m└──────────────────────────────────────────────────────────────────────────────────────────────────────────────[0m
02:19 +265 -26: C:/Users/User/FlutterProjects/taskly_bloc/test/presentation/features/settings/bloc/global_settings_bloc_test.dart: (tearDownAll)
02:19 +265 -26: loading C:/Users/User/FlutterProjects/taskly_bloc/test/presentation/features/settings/bloc/settings_maintenance_bloc_test.dart
02:20 +265 -26: C:/Users/User/FlutterProjects/taskly_bloc/test/presentation/features/settings/bloc/settings_maintenance_bloc_test.dart: (setUpAll)
02:20 +265 -26: C:/Users/User/FlutterProjects/taskly_bloc/test/presentation/features/settings/bloc/settings_maintenance_bloc_test.dart: initial state is idle
02:20 +266 -26: C:/Users/User/FlutterProjects/taskly_bloc/test/presentation/features/settings/bloc/settings_maintenance_bloc_test.dart: generateTemplateData emits running -> success -> idle
02:20 +267 -26: C:/Users/User/FlutterProjects/taskly_bloc/test/presentation/features/settings/bloc/settings_maintenance_bloc_test.dart: generateTemplateData emits failure when reset fails
02:21 +268 -26: C:/Users/User/FlutterProjects/taskly_bloc/test/presentation/features/settings/bloc/settings_maintenance_bloc_test.dart: resetOnboardingAndSignOut emits running -> success -> idle
02:21 +269 -26: C:/Users/User/FlutterProjects/taskly_bloc/test/presentation/features/settings/bloc/settings_maintenance_bloc_test.dart: resetOnboardingAndSignOut emits failure when sign out fails
02:21 +270 -26: C:/Users/User/FlutterProjects/taskly_bloc/test/presentation/features/settings/bloc/settings_maintenance_bloc_test.dart: (tearDownAll)
02:21 +270 -26: loading C:/Users/User/FlutterProjects/taskly_bloc/test/presentation/features/settings/settings_account_page_widget_test.dart
02:22 +270 -26: C:/Users/User/FlutterProjects/taskly_bloc/test/presentation/features/settings/settings_account_page_widget_test.dart: (setUpAll)
02:22 +270 -26: C:/Users/User/FlutterProjects/taskly_bloc/test/presentation/features/settings/settings_account_page_widget_test.dart: settings account shows user info and sign out
02:23 +271 -26: C:/Users/User/FlutterProjects/taskly_bloc/test/presentation/features/settings/settings_account_page_widget_test.dart: (tearDownAll)
02:23 +271 -26: loading C:/Users/User/FlutterProjects/taskly_bloc/test/presentation/features/settings/settings_developer_page_widget_test.dart
02:23 +271 -26: C:/Users/User/FlutterProjects/taskly_bloc/test/presentation/features/settings/settings_developer_page_widget_test.dart: (setUpAll)
02:24 +271 -26: C:/Users/User/FlutterProjects/taskly_bloc/test/presentation/features/settings/settings_developer_page_widget_test.dart: settings developer page renders items
02:24 +272 -26: C:/Users/User/FlutterProjects/taskly_bloc/test/presentation/features/settings/settings_developer_page_widget_test.dart: (tearDownAll)
02:24 +272 -26: loading C:/Users/User/FlutterProjects/taskly_bloc/test/presentation/features/settings/settings_pages_widget_test.dart
02:25 +272 -26: C:/Users/User/FlutterProjects/taskly_bloc/test/presentation/features/settings/settings_pages_widget_test.dart: (setUpAll)
02:25 +272 -26: C:/Users/User/FlutterProjects/taskly_bloc/test/presentation/features/settings/settings_pages_widget_test.dart: appearance page shows loading state
02:26 +273 -26: C:/Users/User/FlutterProjects/taskly_bloc/test/presentation/features/settings/settings_pages_widget_test.dart: appearance page shows content when loaded
02:26 +274 -26: C:/Users/User/FlutterProjects/taskly_bloc/test/presentation/features/settings/settings_pages_widget_test.dart: my day settings render when loaded
02:26 +275 -26: C:/Users/User/FlutterProjects/taskly_bloc/test/presentation/features/settings/settings_pages_widget_test.dart: language and region page renders
02:26 +276 -26: C:/Users/User/FlutterProjects/taskly_bloc/test/presentation/features/settings/settings_pages_widget_test.dart: weekly review page renders
02:26 +277 -26: C:/Users/User/FlutterProjects/taskly_bloc/test/presentation/features/settings/settings_pages_widget_test.dart: task suggestions page shows loading
══╡ EXCEPTION CAUGHT BY WIDGETS LIBRARY ╞═══════════════════════════════════════════════════════════
The following ProviderNotFoundException was thrown building KeyedSubtree-[GlobalKey#935a0]:
Error: Could not find the correct Provider<SettingsRepositoryContract> above this
_InheritedProviderScope<AllocationSettingsBloc?> Widget

This happens because you used a `BuildContext` that does not include the provider
of your choice. There are a few common scenarios:

- You added a new provider in your `main.dart` and performed a hot-reload.
  To fix, perform a hot-restart.

- The provider you are trying to read is in a different route.

  Providers are "scoped". So if you insert of provider inside a route, then
  other routes will not be able to access that provider.

- You used a `BuildContext` that is an ancestor of the provider you are trying to read.

  Make sure that _InheritedProviderScope<AllocationSettingsBloc?> is under your
MultiProvider/Provider<SettingsRepositoryContract>.
  This usually happens when you are creating a provider and trying to read it immediately.

  For example, instead of:

  ```
  Widget build(BuildContext context) {
    return Provider<Example>(
      create: (_) => Example(),
      // Will throw a ProviderNotFoundError, because `context` is associated
      // to the widget that is the parent of `Provider<Example>`
      child: Text(context.watch<Example>().toString()),
    );
  }
  ```

  consider using `builder` like so:

  ```
  Widget build(BuildContext context) {
    return Provider<Example>(
      create: (_) => Example(),
      // we use `builder` to obtain a new `BuildContext` that has access to the provider
      builder: (context, child) {
        // No longer throws
        return Text(context.watch<Example>().toString());
      }
    );
  }
  ```

If none of these solutions work, consider asking for help on StackOverflow:
https://stackoverflow.com/questions/tagged/flutter

When the exception was thrown, this was the stack:
#0      Provider._inheritedElementOf (package:provider/src/provider.dart:377:7)
#1      Provider.of (package:provider/src/provider.dart:327:30)
#2      ReadContext.read (package:provider/src/provider.dart:683:21)
#3      SettingsTaskSuggestionsPage.build.<anonymous closure> (package:taskly_bloc/presentation/features/settings/view/settings_task_suggestions_page.dart:16:37)
#4      _CreateInheritedProviderState.value (package:provider/src/inherited_provider.dart:749:36)
#5      _InheritedProviderScopeElement.value (package:provider/src/inherited_provider.dart:603:33)
#6      Provider.of (package:provider/src/provider.dart:337:37)
#7      ReadContext.read (package:provider/src/provider.dart:683:21)
#8      _BlocBuilderBaseState.initState (package:flutter_bloc/src/bloc_builder.dart:152:36)
#9      StatefulElement._firstBuild (package:flutter/src/widgets/framework.dart:5953:55)
#10     ComponentElement.mount (package:flutter/src/widgets/framework.dart:5796:5)
...     Normal element mounting (25 frames)
#35     Element.inflateWidget (package:flutter/src/widgets/framework.dart:4590:20)
#36     MultiChildRenderObjectElement.inflateWidget (package:flutter/src/widgets/framework.dart:7269:36)
#37     MultiChildRenderObjectElement.mount (package:flutter/src/widgets/framework.dart:7285:32)
...     Normal element mounting (111 frames)
#148    _InheritedProviderScopeElement.mount (package:provider/src/inherited_provider.dart:424:11)
...     Normal element mounting (7 frames)
#155    SingleChildWidgetElementMixin.mount (package:nested/nested.dart:222:11)
...     Normal element mounting (7 frames)
#162    SingleChildWidgetElementMixin.mount (package:nested/nested.dart:222:11)
...     Normal element mounting (13 frames)
#175    _InheritedProviderScopeElement.mount (package:provider/src/inherited_provider.dart:424:11)
...     Normal element mounting (7 frames)
#182    SingleChildWidgetElementMixin.mount (package:nested/nested.dart:222:11)
...     Normal element mounting (7 frames)
#189    SingleChildWidgetElementMixin.mount (package:nested/nested.dart:222:11)
...     Normal element mounting (260 frames)
#449    Element.inflateWidget (package:flutter/src/widgets/framework.dart:4590:20)
#450    MultiChildRenderObjectElement.inflateWidget (package:flutter/src/widgets/framework.dart:7269:36)
#451    MultiChildRenderObjectElement.mount (package:flutter/src/widgets/framework.dart:7285:32)
...     Normal element mounting (465 frames)
#916    Element.inflateWidget (package:flutter/src/widgets/framework.dart:4590:20)
#917    Element.updateChild (package:flutter/src/widgets/framework.dart:4053:20)
#918    ComponentElement.performRebuild (package:flutter/src/widgets/framework.dart:5844:16)
#919    Element.rebuild (package:flutter/src/widgets/framework.dart:5532:7)
#920    ProxyElement.update (package:flutter/src/widgets/framework.dart:6152:5)
#921    _InheritedNotifierElement.update (package:flutter/src/widgets/inherited_notifier.dart:108:11)
#922    Element.updateChild (package:flutter/src/widgets/framework.dart:4037:15)
#923    ComponentElement.performRebuild (package:flutter/src/widgets/framework.dart:5844:16)
#924    StatefulElement.performRebuild (package:flutter/src/widgets/framework.dart:5985:11)
#925    Element.rebuild (package:flutter/src/widgets/framework.dart:5532:7)
#926    StatefulElement.update (package:flutter/src/widgets/framework.dart:6010:5)
#927    Element.updateChild (package:flutter/src/widgets/framework.dart:4037:15)
#928    ComponentElement.performRebuild (package:flutter/src/widgets/framework.dart:5844:16)
#929    Element.rebuild (package:flutter/src/widgets/framework.dart:5532:7)
#930    ProxyElement.update (package:flutter/src/widgets/framework.dart:6152:5)
#931    _InheritedNotifierElement.update (package:flutter/src/widgets/inherited_notifier.dart:108:11)
#932    Element.updateChild (package:flutter/src/widgets/framework.dart:4037:15)
#933    ComponentElement.performRebuild (package:flutter/src/widgets/framework.dart:5844:16)
#934    StatefulElement.performRebuild (package:flutter/src/widgets/framework.dart:5985:11)
#935    Element.rebuild (package:flutter/src/widgets/framework.dart:5532:7)
#936    StatefulElement.update (package:flutter/src/widgets/framework.dart:6010:5)
#937    Element.updateChild (package:flutter/src/widgets/framework.dart:4037:15)
#938    ComponentElement.performRebuild (package:flutter/src/widgets/framework.dart:5844:16)
#939    StatefulElement.performRebuild (package:flutter/src/widgets/framework.dart:5985:11)
#940    Element.rebuild (package:flutter/src/widgets/framework.dart:5532:7)
#941    StatefulElement.update (package:flutter/src/widgets/framework.dart:6010:5)
#942    Element.updateChild (package:flutter/src/widgets/framework.dart:4037:15)
#943    ComponentElement.performRebuild (package:flutter/src/widgets/framework.dart:5844:16)
#944    Element.rebuild (package:flutter/src/widgets/framework.dart:5532:7)
#945    ProxyElement.update (package:flutter/src/widgets/framework.dart:6152:5)
#946    Element.updateChild (package:flutter/src/widgets/framework.dart:4037:15)
#947    ComponentElement.performRebuild (package:flutter/src/widgets/framework.dart:5844:16)
#948    StatefulElement.performRebuild (package:flutter/src/widgets/framework.dart:5985:11)
#949    Element.rebuild (package:flutter/src/widgets/framework.dart:5532:7)
#950    StatefulElement.update (package:flutter/src/widgets/framework.dart:6010:5)
#951    Element.updateChild (package:flutter/src/widgets/framework.dart:4037:15)
#952    ComponentElement.performRebuild (package:flutter/src/widgets/framework.dart:5844:16)
#953    Element.rebuild (package:flutter/src/widgets/framework.dart:5532:7)
#954    ProxyElement.update (package:flutter/src/widgets/framework.dart:6152:5)
#955    Element.updateChild (package:flutter/src/widgets/framework.dart:4037:15)
#956    ComponentElement.performRebuild (package:flutter/src/widgets/framework.dart:5844:16)
#957    Element.rebuild (package:flutter/src/widgets/framework.dart:5532:7)
#958    ProxyElement.update (package:flutter/src/widgets/framework.dart:6152:5)
#959    Element.updateChild (package:flutter/src/widgets/framework.dart:4037:15)
#960    _RawViewElement._updateChild (package:flutter/src/widgets/view.dart:481:16)
#961    _RawViewElement.update (package:flutter/src/widgets/view.dart:568:5)
#962    Element.updateChild (package:flutter/src/widgets/framework.dart:4037:15)
#963    ComponentElement.performRebuild (package:flutter/src/widgets/framework.dart:5844:16)
#964    Element.rebuild (package:flutter/src/widgets/framework.dart:5532:7)
#965    StatelessElement.update (package:flutter/src/widgets/framework.dart:5898:5)
#966    Element.updateChild (package:flutter/src/widgets/framework.dart:4037:15)
#967    ComponentElement.performRebuild (package:flutter/src/widgets/framework.dart:5844:16)
#968    StatefulElement.performRebuild (package:flutter/src/widgets/framework.dart:5985:11)
#969    Element.rebuild (package:flutter/src/widgets/framework.dart:5532:7)
#970    StatefulElement.update (package:flutter/src/widgets/framework.dart:6010:5)
#971    Element.updateChild (package:flutter/src/widgets/framework.dart:4037:15)
#972    RootElement._rebuild (package:flutter/src/widgets/binding.dart:1782:16)
#973    RootElement.update (package:flutter/src/widgets/binding.dart:1760:5)
#974    RootElement.performRebuild (package:flutter/src/widgets/binding.dart:1774:7)
#975    Element.rebuild (package:flutter/src/widgets/framework.dart:5532:7)
#976    BuildScope._tryRebuild (package:flutter/src/widgets/framework.dart:2750:15)
#977    BuildScope._flushDirtyElements (package:flutter/src/widgets/framework.dart:2807:11)
#978    BuildOwner.buildScope (package:flutter/src/widgets/framework.dart:3111:18)
#979    AutomatedTestWidgetsFlutterBinding.drawFrame (package:flutter_test/src/binding.dart:1506:19)
#980    RendererBinding._handlePersistentFrameCallback (package:flutter/src/rendering/binding.dart:495:5)
#981    SchedulerBinding._invokeFrameCallback (package:flutter/src/scheduler/binding.dart:1434:15)
#982    SchedulerBinding.handleDrawFrame (package:flutter/src/scheduler/binding.dart:1347:9)
#983    AutomatedTestWidgetsFlutterBinding.pump.<anonymous closure> (package:flutter_test/src/binding.dart:1335:9)
#986    TestAsyncUtils.guard (package:flutter_test/src/test_async_utils.dart:74:41)
#987    AutomatedTestWidgetsFlutterBinding.pump (package:flutter_test/src/binding.dart:1324:27)
#988    WidgetTester.pumpWidget.<anonymous closure> (package:flutter_test/src/widget_tester.dart:598:22)
#991    TestAsyncUtils.guard (package:flutter_test/src/test_async_utils.dart:74:41)
#992    WidgetTester.pumpWidget (package:flutter_test/src/widget_tester.dart:595:27)
#993    pumpTasklyApp (file:///C:/Users/User/FlutterProjects/taskly_bloc/test/helpers/pump_app.dart:43:16)
#994    WidgetPumpExtensions.pumpWidgetWithBloc (file:///C:/Users/User/FlutterProjects/taskly_bloc/test/helpers/widget_test_helpers.dart:96:11)
#995    main.<anonymous closure> (file:///C:/Users/User/FlutterProjects/taskly_bloc/test/presentation/features/settings/settings_pages_widget_test.dart:111:18)
#996    testWidgetsSafe.<anonymous closure> (file:///C:/Users/User/FlutterProjects/taskly_bloc/test/helpers/test_helpers.dart:71:23)
#997    testWidgets.<anonymous closure>.<anonymous closure> (package:flutter_test/src/widget_tester.dart:192:29)
<asynchronous suspension>
#998    TestWidgetsFlutterBinding._runTestBody (package:flutter_test/src/binding.dart:1059:5)
<asynchronous suspension>
<asynchronous suspension>
(elided 5 frames from dart:async and package:stack_trace)

════════════════════════════════════════════════════════════════════════════════════════════════════
══╡ EXCEPTION CAUGHT BY WIDGETS LIBRARY ╞═══════════════════════════════════════════════════════════
The following _TypeError was thrown while finalizing the widget tree:
type 'Null' is not a subtype of type 'AllocationSettingsBloc' in type cast

When the exception was thrown, this was the stack:
#0      _CreateInheritedProviderState.dispose (package:provider/src/inherited_provider.dart:810:47)
#1      _InheritedProviderScopeElement.unmount (package:provider/src/inherited_provider.dart:572:20)
#2      _InactiveElements._unmount (package:flutter/src/widgets/framework.dart:2117:13)
#3      _InactiveElements._unmount.<anonymous closure> (package:flutter/src/widgets/framework.dart:2115:7)
#4      ComponentElement.visitChildren (package:flutter/src/widgets/framework.dart:5874:14)
#5      _InactiveElements._unmount (package:flutter/src/widgets/framework.dart:2113:13)
#6      _InactiveElements._unmount.<anonymous closure> (package:flutter/src/widgets/framework.dart:2115:7)
#7      ComponentElement.visitChildren (package:flutter/src/widgets/framework.dart:5874:14)
#8      _InactiveElements._unmount (package:flutter/src/widgets/framework.dart:2113:13)
#9      _InactiveElements._unmount.<anonymous closure> (package:flutter/src/widgets/framework.dart:2115:7)
#10     ComponentElement.visitChildren (package:flutter/src/widgets/framework.dart:5874:14)
#11     _InactiveElements._unmount (package:flutter/src/widgets/framework.dart:2113:13)
#12     _InactiveElements._unmount.<anonymous closure> (package:flutter/src/widgets/framework.dart:2115:7)
#13     ComponentElement.visitChildren (package:flutter/src/widgets/framework.dart:5874:14)
#14     _InactiveElements._unmount (package:flutter/src/widgets/framework.dart:2113:13)
#15     _InactiveElements._unmount.<anonymous closure> (package:flutter/src/widgets/framework.dart:2115:7)
#16     ComponentElement.visitChildren (package:flutter/src/widgets/framework.dart:5874:14)
#17     _InactiveElements._unmount (package:flutter/src/widgets/framework.dart:2113:13)
#18     _InactiveElements._unmount.<anonymous closure> (package:flutter/src/widgets/framework.dart:2115:7)
#19     ComponentElement.visitChildren (package:flutter/src/widgets/framework.dart:5874:14)
#20     _InactiveElements._unmount (package:flutter/src/widgets/framework.dart:2113:13)
#21     _InactiveElements._unmount.<anonymous closure> (package:flutter/src/widgets/framework.dart:2115:7)
#22     SingleChildRenderObjectElement.visitChildren (package:flutter/src/widgets/framework.dart:7104:14)
#23     _InactiveElements._unmount (package:flutter/src/widgets/framework.dart:2113:13)
#24     _InactiveElements._unmount.<anonymous closure> (package:flutter/src/widgets/framework.dart:2115:7)
#25     ComponentElement.visitChildren (package:flutter/src/widgets/framework.dart:5874:14)
#26     _InactiveElements._unmount (package:flutter/src/widgets/framework.dart:2113:13)
#27     _InactiveElements._unmount.<anonymous closure> (package:flutter/src/widgets/framework.dart:2115:7)
#28     SingleChildRenderObjectElement.visitChildren (package:flutter/src/widgets/framework.dart:7104:14)
#29     _InactiveElements._unmount (package:flutter/src/widgets/framework.dart:2113:13)
#30     _InactiveElements._unmount.<anonymous closure> (package:flutter/src/widgets/framework.dart:2115:7)
#31     SingleChildRenderObjectElement.visitChildren (package:flutter/src/widgets/framework.dart:7104:14)
#32     _InactiveElements._unmount (package:flutter/src/widgets/framework.dart:2113:13)
#33     _InactiveElements._unmount.<anonymous closure> (package:flutter/src/widgets/framework.dart:2115:7)
#34     ComponentElement.visitChildren (package:flutter/src/widgets/framework.dart:5874:14)
#35     _InactiveElements._unmount (package:flutter/src/widgets/framework.dart:2113:13)
#36     _InactiveElements._unmount.<anonymous closure> (package:flutter/src/widgets/framework.dart:2115:7)
#37     SingleChildRenderObjectElement.visitChildren (package:flutter/src/widgets/framework.dart:7104:14)
#38     _InactiveElements._unmount (package:flutter/src/widgets/framework.dart:2113:13)
#39     _InactiveElements._unmount.<anonymous closure> (package:flutter/src/widgets/framework.dart:2115:7)
#40     ComponentElement.visitChildren (package:flutter/src/widgets/framework.dart:5874:14)
#41     _InactiveElements._unmount (package:flutter/src/widgets/framework.dart:2113:13)
#42     _InactiveElements._unmount.<anonymous closure> (package:flutter/src/widgets/framework.dart:2115:7)
#43     SingleChildRenderObjectElement.visitChildren (package:flutter/src/widgets/framework.dart:7104:14)
#44     _InactiveElements._unmount (package:flutter/src/widgets/framework.dart:2113:13)
#45     _InactiveElements._unmount.<anonymous closure> (package:flutter/src/widgets/framework.dart:2115:7)
#46     SingleChildRenderObjectElement.visitChildren (package:flutter/src/widgets/framework.dart:7104:14)
#47     _InactiveElements._unmount (package:flutter/src/widgets/framework.dart:2113:13)
#48     _InactiveElements._unmount.<anonymous closure> (package:flutter/src/widgets/framework.dart:2115:7)
#49     ComponentElement.visitChildren (package:flutter/src/widgets/framework.dart:5874:14)
#50     _InactiveElements._unmount (package:flutter/src/widgets/framework.dart:2113:13)
#51     _InactiveElements._unmount.<anonymous closure> (package:flutter/src/widgets/framework.dart:2115:7)
#52     SingleChildRenderObjectElement.visitChildren (package:flutter/src/widgets/framework.dart:7104:14)
#53     _InactiveElements._unmount (package:flutter/src/widgets/framework.dart:2113:13)
#54     _InactiveElements._unmount.<anonymous closure> (package:flutter/src/widgets/framework.dart:2115:7)
#55     ComponentElement.visitChildren (package:flutter/src/widgets/framework.dart:5874:14)
#56     _InactiveElements._unmount (package:flutter/src/widgets/framework.dart:2113:13)
#57     _InactiveElements._unmount.<anonymous closure> (package:flutter/src/widgets/framework.dart:2115:7)
#58     SingleChildRenderObjectElement.visitChildren (package:flutter/src/widgets/framework.dart:7104:14)
#59     _InactiveElements._unmount (package:flutter/src/widgets/framework.dart:2113:13)
#60     _InactiveElements._unmount.<anonymous closure> (package:flutter/src/widgets/framework.dart:2115:7)
#61     SingleChildRenderObjectElement.visitChildren (package:flutter/src/widgets/framework.dart:7104:14)
#62     _InactiveElements._unmount (package:flutter/src/widgets/framework.dart:2113:13)
#63     _InactiveElements._unmount.<anonymous closure> (package:flutter/src/widgets/framework.dart:2115:7)
#64     ComponentElement.visitChildren (package:flutter/src/widgets/framework.dart:5874:14)
#65     _InactiveElements._unmount (package:flutter/src/widgets/framework.dart:2113:13)
#66     _InactiveElements._unmount.<anonymous closure> (package:flutter/src/widgets/framework.dart:2115:7)
#67     SingleChildRenderObjectElement.visitChildren (package:flutter/src/widgets/framework.dart:7104:14)
#68     _InactiveElements._unmount (package:flutter/src/widgets/framework.dart:2113:13)
#69     _InactiveElements._unmount.<anonymous closure> (package:flutter/src/widgets/framework.dart:2115:7)
#70     SingleChildRenderObjectElement.visitChildren (package:flutter/src/widgets/framework.dart:7104:14)
#71     _InactiveElements._unmount (package:flutter/src/widgets/framework.dart:2113:13)
#72     _InactiveElements._unmount.<anonymous closure> (package:flutter/src/widgets/framework.dart:2115:7)
#73     SingleChildRenderObjectElement.visitChildren (package:flutter/src/widgets/framework.dart:7104:14)
#74     _InactiveElements._unmount (package:flutter/src/widgets/framework.dart:2113:13)
#75     _InactiveElements._unmount.<anonymous closure> (package:flutter/src/widgets/framework.dart:2115:7)
#76     ComponentElement.visitChildren (package:flutter/src/widgets/framework.dart:5874:14)
#77     _InactiveElements._unmount (package:flutter/src/widgets/framework.dart:2113:13)
#78     _InactiveElements._unmount.<anonymous closure> (package:flutter/src/widgets/framework.dart:2115:7)
#79     SingleChildRenderObjectElement.visitChildren (package:flutter/src/widgets/framework.dart:7104:14)
#80     _InactiveElements._unmount (package:flutter/src/widgets/framework.dart:2113:13)
#81     _InactiveElements._unmount.<anonymous closure> (package:flutter/src/widgets/framework.dart:2115:7)
#82     ComponentElement.visitChildren (package:flutter/src/widgets/framework.dart:5874:14)
#83     _InactiveElements._unmount (package:flutter/src/widgets/framework.dart:2113:13)
#84     _InactiveElements._unmount.<anonymous closure> (package:flutter/src/widgets/framework.dart:2115:7)
#85     ComponentElement.visitChildren (package:flutter/src/widgets/framework.dart:5874:14)
#86     _InactiveElements._unmount (package:flutter/src/widgets/framework.dart:2113:13)
#87     _InactiveElements._unmount.<anonymous closure> (package:flutter/src/widgets/framework.dart:2115:7)
#88     ComponentElement.visitChildren (package:flutter/src/widgets/framework.dart:5874:14)
#89     _InactiveElements._unmount (package:flutter/src/widgets/framework.dart:2113:13)
#90     _InactiveElements._unmount.<anonymous closure> (package:flutter/src/widgets/framework.dart:2115:7)
#91     ComponentElement.visitChildren (package:flutter/src/widgets/framework.dart:5874:14)
#92     _InactiveElements._unmount (package:flutter/src/widgets/framework.dart:2113:13)
#93     _InactiveElements._unmount.<anonymous closure> (package:flutter/src/widgets/framework.dart:2115:7)
#94     ComponentElement.visitChildren (package:flutter/src/widgets/framework.dart:5874:14)
#95     _InactiveElements._unmount (package:flutter/src/widgets/framework.dart:2113:13)
#96     _InactiveElements._unmount.<anonymous closure> (package:flutter/src/widgets/framework.dart:2115:7)
#97     SingleChildRenderObjectElement.visitChildren (package:flutter/src/widgets/framework.dart:7104:14)
#98     _InactiveElements._unmount (package:flutter/src/widgets/framework.dart:2113:13)
#99     _InactiveElements._unmount.<anonymous closure> (package:flutter/src/widgets/framework.dart:2115:7)
#100    ComponentElement.visitChildren (package:flutter/src/widgets/framework.dart:5874:14)
#101    _InactiveElements._unmount (package:flutter/src/widgets/framework.dart:2113:13)
#102    _InactiveElements._unmount.<anonymous closure> (package:flutter/src/widgets/framework.dart:2115:7)
#103    SingleChildRenderObjectElement.visitChildren (package:flutter/src/widgets/framework.dart:7104:14)
#104    _InactiveElements._unmount (package:flutter/src/widgets/framework.dart:2113:13)
#105    _InactiveElements._unmount.<anonymous closure> (package:flutter/src/widgets/framework.dart:2115:7)
#106    ComponentElement.visitChildren (package:flutter/src/widgets/framework.dart:5874:14)
#107    _InactiveElements._unmount (package:flutter/src/widgets/framework.dart:2113:13)
#108    _InactiveElements._unmount.<anonymous closure> (package:flutter/src/widgets/framework.dart:2115:7)
#109    ComponentElement.visitChildren (package:flutter/src/widgets/framework.dart:5874:14)
#110    _InactiveElements._unmount (package:flutter/src/widgets/framework.dart:2113:13)
#111    _InactiveElements._unmount.<anonymous closure> (package:flutter/src/widgets/framework.dart:2115:7)
#112    ComponentElement.visitChildren (package:flutter/src/widgets/framework.dart:5874:14)
#113    _InactiveElements._unmount (package:flutter/src/widgets/framework.dart:2113:13)
#114    _InactiveElements._unmount.<anonymous closure> (package:flutter/src/widgets/framework.dart:2115:7)
#115    ComponentElement.visitChildren (package:flutter/src/widgets/framework.dart:5874:14)
#116    _InactiveElements._unmount (package:flutter/src/widgets/framework.dart:2113:13)
#117    _InactiveElements._unmount.<anonymous closure> (package:flutter/src/widgets/framework.dart:2115:7)
#118    ComponentElement.visitChildren (package:flutter/src/widgets/framework.dart:5874:14)
#119    _InactiveElements._unmount (package:flutter/src/widgets/framework.dart:2113:13)
#120    _InactiveElements._unmount.<anonymous closure> (package:flutter/src/widgets/framework.dart:2115:7)
#121    ComponentElement.visitChildren (package:flutter/src/widgets/framework.dart:5874:14)
#122    _InactiveElements._unmount (package:flutter/src/widgets/framework.dart:2113:13)
#123    _InactiveElements._unmount.<anonymous closure> (package:flutter/src/widgets/framework.dart:2115:7)
#124    SingleChildRenderObjectElement.visitChildren (package:flutter/src/widgets/framework.dart:7104:14)
#125    _InactiveElements._unmount (package:flutter/src/widgets/framework.dart:2113:13)
#126    _InactiveElements._unmount.<anonymous closure> (package:flutter/src/widgets/framework.dart:2115:7)
#127    ComponentElement.visitChildren (package:flutter/src/widgets/framework.dart:5874:14)
#128    _InactiveElements._unmount (package:flutter/src/widgets/framework.dart:2113:13)
#129    _InactiveElements._unmount.<anonymous closure> (package:flutter/src/widgets/framework.dart:2115:7)
#130    ComponentElement.visitChildren (package:flutter/src/widgets/framework.dart:5874:14)
#131    _InactiveElements._unmount (package:flutter/src/widgets/framework.dart:2113:13)
#132    _InactiveElements._unmount.<anonymous closure> (package:flutter/src/widgets/framework.dart:2115:7)
#133    ComponentElement.visitChildren (package:flutter/src/widgets/framework.dart:5874:14)
#134    _InactiveElements._unmount (package:flutter/src/widgets/framework.dart:2113:13)
#135    _InactiveElements._unmount.<anonymous closure> (package:flutter/src/widgets/framework.dart:2115:7)
#136    ComponentElement.visitChildren (package:flutter/src/widgets/framework.dart:5874:14)
#137    _InactiveElements._unmount (package:flutter/src/widgets/framework.dart:2113:13)
#138    _InactiveElements._unmount.<anonymous closure> (package:flutter/src/widgets/framework.dart:2115:7)
#139    ComponentElement.visitChildren (package:flutter/src/widgets/framework.dart:5874:14)
#140    _InactiveElements._unmount (package:flutter/src/widgets/framework.dart:2113:13)
#141    _InactiveElements._unmount.<anonymous closure> (package:flutter/src/widgets/framework.dart:2115:7)
#142    SingleChildRenderObjectElement.visitChildren (package:flutter/src/widgets/framework.dart:7104:14)
#143    _InactiveElements._unmount (package:flutter/src/widgets/framework.dart:2113:13)
#144    _InactiveElements._unmount.<anonymous closure> (package:flutter/src/widgets/framework.dart:2115:7)
#145    ComponentElement.visitChildren (package:flutter/src/widgets/framework.dart:5874:14)
#146    _InactiveElements._unmount (package:flutter/src/widgets/framework.dart:2113:13)
#147    _InactiveElements._unmount.<anonymous closure> (package:flutter/src/widgets/framework.dart:2115:7)
#148    ComponentElement.visitChildren (package:flutter/src/widgets/framework.dart:5874:14)
#149    _InactiveElements._unmount (package:flutter/src/widgets/framework.dart:2113:13)
#150    _InactiveElements._unmount.<anonymous closure> (package:flutter/src/widgets/framework.dart:2115:7)
#151    ComponentElement.visitChildren (package:flutter/src/widgets/framework.dart:5874:14)
#152    _InactiveElements._unmount (package:flutter/src/widgets/framework.dart:2113:13)
#153    _InactiveElements._unmount.<anonymous closure> (package:flutter/src/widgets/framework.dart:2115:7)
#154    ComponentElement.visitChildren (package:flutter/src/widgets/framework.dart:5874:14)
#155    _InactiveElements._unmount (package:flutter/src/widgets/framework.dart:2113:13)
#156    _InactiveElements._unmount.<anonymous closure> (package:flutter/src/widgets/framework.dart:2115:7)
#157    ComponentElement.visitChildren (package:flutter/src/widgets/framework.dart:5874:14)
#158    _InactiveElements._unmount (package:flutter/src/widgets/framework.dart:2113:13)
#159    _InactiveElements._unmount.<anonymous closure> (package:flutter/src/widgets/framework.dart:2115:7)
#160    MultiChildRenderObjectElement.visitChildren (package:flutter/src/widgets/framework.dart:7228:16)
#161    _InactiveElements._unmount (package:flutter/src/widgets/framework.dart:2113:13)
#162    _InactiveElements._unmount.<anonymous closure> (package:flutter/src/widgets/framework.dart:2115:7)
#163    ComponentElement.visitChildren (package:flutter/src/widgets/framework.dart:5874:14)
#164    _InactiveElements._unmount (package:flutter/src/widgets/framework.dart:2113:13)
#165    _InactiveElements._unmount.<anonymous closure> (package:flutter/src/widgets/framework.dart:2115:7)
#166    ComponentElement.visitChildren (package:flutter/src/widgets/framework.dart:5874:14)
#167    _InactiveElements._unmount (package:flutter/src/widgets/framework.dart:2113:13)
#168    _InactiveElements._unmount.<anonymous closure> (package:flutter/src/widgets/framework.dart:2115:7)
#169    ComponentElement.visitChildren (package:flutter/src/widgets/framework.dart:5874:14)
#170    _InactiveElements._unmount (package:flutter/src/widgets/framework.dart:2113:13)
#171    _InactiveElements._unmount.<anonymous closure> (package:flutter/src/widgets/framework.dart:2115:7)
#172    ComponentElement.visitChildren (package:flutter/src/widgets/framework.dart:5874:14)
#173    _InactiveElements._unmount (package:flutter/src/widgets/framework.dart:2113:13)
#174    _InactiveElements._unmount.<anonymous closure> (package:flutter/src/widgets/framework.dart:2115:7)
#175    ComponentElement.visitChildren (package:flutter/src/widgets/framework.dart:5874:14)
#176    _InactiveElements._unmount (package:flutter/src/widgets/framework.dart:2113:13)
#177    _InactiveElements._unmount.<anonymous closure> (package:flutter/src/widgets/framework.dart:2115:7)
#178    ComponentElement.visitChildren (package:flutter/src/widgets/framework.dart:5874:14)
#179    _InactiveElements._unmount (package:flutter/src/widgets/framework.dart:2113:13)
#180    _InactiveElements._unmount.<anonymous closure> (package:flutter/src/widgets/framework.dart:2115:7)
#181    ComponentElement.visitChildren (package:flutter/src/widgets/framework.dart:5874:14)
#182    _InactiveElements._unmount (package:flutter/src/widgets/framework.dart:2113:13)
#183    _InactiveElements._unmount.<anonymous closure> (package:flutter/src/widgets/framework.dart:2115:7)
#184    SingleChildRenderObjectElement.visitChildren (package:flutter/src/widgets/framework.dart:7104:14)
#185    _InactiveElements._unmount (package:flutter/src/widgets/framework.dart:2113:13)
#186    _InactiveElements._unmount.<anonymous closure> (package:flutter/src/widgets/framework.dart:2115:7)
#187    SingleChildRenderObjectElement.visitChildren (package:flutter/src/widgets/framework.dart:7104:14)
#188    _InactiveElements._unmount (package:flutter/src/widgets/framework.dart:2113:13)
#189    _InactiveElements._unmount.<anonymous closure> (package:flutter/src/widgets/framework.dart:2115:7)
#190    ComponentElement.visitChildren (package:flutter/src/widgets/framework.dart:5874:14)
#191    _InactiveElements._unmount (package:flutter/src/widgets/framework.dart:2113:13)
#192    _InactiveElements._unmount.<anonymous closure> (package:flutter/src/widgets/framework.dart:2115:7)
#193    ComponentElement.visitChildren (package:flutter/src/widgets/framework.dart:5874:14)
#194    _InactiveElements._unmount (package:flutter/src/widgets/framework.dart:2113:13)
#195    _InactiveElements._unmount.<anonymous closure> (package:flutter/src/widgets/framework.dart:2115:7)
#196    ComponentElement.visitChildren (package:flutter/src/widgets/framework.dart:5874:14)
#197    _InactiveElements._unmount (package:flutter/src/widgets/framework.dart:2113:13)
#198    _InactiveElements._unmount.<anonymous closure> (package:flutter/src/widgets/framework.dart:2115:7)
#199    ComponentElement.visitChildren (package:flutter/src/widgets/framework.dart:5874:14)
#200    _InactiveElements._unmount (package:flutter/src/widgets/framework.dart:2113:13)
#201    _InactiveElements._unmount.<anonymous closure> (package:flutter/src/widgets/framework.dart:2115:7)
#202    SingleChildRenderObjectElement.visitChildren (package:flutter/src/widgets/framework.dart:7104:14)
#203    _InactiveElements._unmount (package:flutter/src/widgets/framework.dart:2113:13)
#204    _InactiveElements._unmount.<anonymous closure> (package:flutter/src/widgets/framework.dart:2115:7)
#205    ComponentElement.visitChildren (package:flutter/src/widgets/framework.dart:5874:14)
#206    _InactiveElements._unmount (package:flutter/src/widgets/framework.dart:2113:13)
#207    _InactiveElements._unmount.<anonymous closure> (package:flutter/src/widgets/framework.dart:2115:7)
#208    ComponentElement.visitChildren (package:flutter/src/widgets/framework.dart:5874:14)
#209    _InactiveElements._unmount (package:flutter/src/widgets/framework.dart:2113:13)
#210    _InactiveElements._unmount.<anonymous closure> (package:flutter/src/widgets/framework.dart:2115:7)
#211    ComponentElement.visitChildren (package:flutter/src/widgets/framework.dart:5874:14)
#212    _InactiveElements._unmount (package:flutter/src/widgets/framework.dart:2113:13)
#213    _InactiveElements._unmount.<anonymous closure> (package:flutter/src/widgets/framework.dart:2115:7)
#214    ComponentElement.visitChildren (package:flutter/src/widgets/framework.dart:5874:14)
#215    _InactiveElements._unmount (package:flutter/src/widgets/framework.dart:2113:13)
#216    _InactiveElements._unmount.<anonymous closure> (package:flutter/src/widgets/framework.dart:2115:7)
#217    ComponentElement.visitChildren (package:flutter/src/widgets/framework.dart:5874:14)
#218    _InactiveElements._unmount (package:flutter/src/widgets/framework.dart:2113:13)
#219    _InactiveElements._unmount.<anonymous closure> (package:flutter/src/widgets/framework.dart:2115:7)
#220    ComponentElement.visitChildren (package:flutter/src/widgets/framework.dart:5874:14)
#221    _InactiveElements._unmount (package:flutter/src/widgets/framework.dart:2113:13)
#222    _InactiveElements._unmount.<anonymous closure> (package:flutter/src/widgets/framework.dart:2115:7)
#223    ComponentElement.visitChildren (package:flutter/src/widgets/framework.dart:5874:14)
#224    _InactiveElements._unmount (package:flutter/src/widgets/framework.dart:2113:13)
#225    _InactiveElements._unmount.<anonymous closure> (package:flutter/src/widgets/framework.dart:2115:7)
#226    ComponentElement.visitChildren (package:flutter/src/widgets/framework.dart:5874:14)
#227    _InactiveElements._unmount (package:flutter/src/widgets/framework.dart:2113:13)
#228    _InactiveElements._unmount.<anonymous closure> (package:flutter/src/widgets/framework.dart:2115:7)
#229    ComponentElement.visitChildren (package:flutter/src/widgets/framework.dart:5874:14)
#230    _InactiveElements._unmount (package:flutter/src/widgets/framework.dart:2113:13)
#231    _InactiveElements._unmount.<anonymous closure> (package:flutter/src/widgets/framework.dart:2115:7)
#232    ComponentElement.visitChildren (package:flutter/src/widgets/framework.dart:5874:14)
#233    _InactiveElements._unmount (package:flutter/src/widgets/framework.dart:2113:13)
#234    _InactiveElements._unmount.<anonymous closure> (package:flutter/src/widgets/framework.dart:2115:7)
#235    ComponentElement.visitChildren (package:flutter/src/widgets/framework.dart:5874:14)
#236    _InactiveElements._unmount (package:flutter/src/widgets/framework.dart:2113:13)
#237    _InactiveElements._unmount.<anonymous closure> (package:flutter/src/widgets/framework.dart:2115:7)
#238    ComponentElement.visitChildren (package:flutter/src/widgets/framework.dart:5874:14)
#239    _InactiveElements._unmount (package:flutter/src/widgets/framework.dart:2113:13)
#240    _InactiveElements._unmount.<anonymous closure> (package:flutter/src/widgets/framework.dart:2115:7)
#241    ComponentElement.visitChildren (package:flutter/src/widgets/framework.dart:5874:14)
#242    _InactiveElements._unmount (package:flutter/src/widgets/framework.dart:2113:13)
#243    _InactiveElements._unmount.<anonymous closure> (package:flutter/src/widgets/framework.dart:2115:7)
#244    ComponentElement.visitChildren (package:flutter/src/widgets/framework.dart:5874:14)
#245    _InactiveElements._unmount (package:flutter/src/widgets/framework.dart:2113:13)
#246    _InactiveElements._unmount.<anonymous closure> (package:flutter/src/widgets/framework.dart:2115:7)
#247    ComponentElement.visitChildren (package:flutter/src/widgets/framework.dart:5874:14)
#248    _InactiveElements._unmount (package:flutter/src/widgets/framework.dart:2113:13)
#249    _InactiveElements._unmount.<anonymous closure> (package:flutter/src/widgets/framework.dart:2115:7)
#250    SingleChildRenderObjectElement.visitChildren (package:flutter/src/widgets/framework.dart:7104:14)
#251    _InactiveElements._unmount (package:flutter/src/widgets/framework.dart:2113:13)
#252    _InactiveElements._unmount.<anonymous closure> (package:flutter/src/widgets/framework.dart:2115:7)
#253    ComponentElement.visitChildren (package:flutter/src/widgets/framework.dart:5874:14)
#254    _InactiveElements._unmount (package:flutter/src/widgets/framework.dart:2113:13)
#255    _InactiveElements._unmount.<anonymous closure> (package:flutter/src/widgets/framework.dart:2115:7)
#256    ComponentElement.visitChildren (package:flutter/src/widgets/framework.dart:5874:14)
#257    _InactiveElements._unmount (package:flutter/src/widgets/framework.dart:2113:13)
#258    _InactiveElements._unmount.<anonymous closure> (package:flutter/src/widgets/framework.dart:2115:7)
#259    ComponentElement.visitChildren (package:flutter/src/widgets/framework.dart:5874:14)
#260    _InactiveElements._unmount (package:flutter/src/widgets/framework.dart:2113:13)
#261    _InactiveElements._unmount.<anonymous closure> (package:flutter/src/widgets/framework.dart:2115:7)
#262    ComponentElement.visitChildren (package:flutter/src/widgets/framework.dart:5874:14)
#263    _InactiveElements._unmount (package:flutter/src/widgets/framework.dart:2113:13)
#264    _InactiveElements._unmount.<anonymous closure> (package:flutter/src/widgets/framework.dart:2115:7)
#265    ComponentElement.visitChildren (package:flutter/src/widgets/framework.dart:5874:14)
#266    _InactiveElements._unmount (package:flutter/src/widgets/framework.dart:2113:13)
#267    _InactiveElements._unmount.<anonymous closure> (package:flutter/src/widgets/framework.dart:2115:7)
#268    SingleChildRenderObjectElement.visitChildren (package:flutter/src/widgets/framework.dart:7104:14)
#269    _InactiveElements._unmount (package:flutter/src/widgets/framework.dart:2113:13)
#270    _InactiveElements._unmount.<anonymous closure> (package:flutter/src/widgets/framework.dart:2115:7)
#271    ComponentElement.visitChildren (package:flutter/src/widgets/framework.dart:5874:14)
#272    _InactiveElements._unmount (package:flutter/src/widgets/framework.dart:2113:13)
#273    _InactiveElements._unmount.<anonymous closure> (package:flutter/src/widgets/framework.dart:2115:7)
#274    ComponentElement.visitChildren (package:flutter/src/widgets/framework.dart:5874:14)
#275    _InactiveElements._unmount (package:flutter/src/widgets/framework.dart:2113:13)
#276    _InactiveElements._unmount.<anonymous closure> (package:flutter/src/widgets/framework.dart:2115:7)
#277    SingleChildRenderObjectElement.visitChildren (package:flutter/src/widgets/framework.dart:7104:14)
#278    _InactiveElements._unmount (package:flutter/src/widgets/framework.dart:2113:13)
#279    _InactiveElements._unmount.<anonymous closure> (package:flutter/src/widgets/framework.dart:2115:7)
#280    ComponentElement.visitChildren (package:flutter/src/widgets/framework.dart:5874:14)
#281    _InactiveElements._unmount (package:flutter/src/widgets/framework.dart:2113:13)
#282    _InactiveElements._unmount.<anonymous closure> (package:flutter/src/widgets/framework.dart:2115:7)
#283    ComponentElement.visitChildren (package:flutter/src/widgets/framework.dart:5874:14)
#284    _InactiveElements._unmount (package:flutter/src/widgets/framework.dart:2113:13)
#285    _InactiveElements._unmount.<anonymous closure> (package:flutter/src/widgets/framework.dart:2115:7)
#286    ComponentElement.visitChildren (package:flutter/src/widgets/framework.dart:5874:14)
#287    _InactiveElements._unmount (package:flutter/src/widgets/framework.dart:2113:13)
#288    _InactiveElements._unmount.<anonymous closure> (package:flutter/src/widgets/framework.dart:2115:7)
#289    ComponentElement.visitChildren (package:flutter/src/widgets/framework.dart:5874:14)
#290    _InactiveElements._unmount (package:flutter/src/widgets/framework.dart:2113:13)
#291    _InactiveElements._unmount.<anonymous closure> (package:flutter/src/widgets/framework.dart:2115:7)
#292    ComponentElement.visitChildren (package:flutter/src/widgets/framework.dart:5874:14)
#293    _InactiveElements._unmount (package:flutter/src/widgets/framework.dart:2113:13)
#294    _InactiveElements._unmount.<anonymous closure> (package:flutter/src/widgets/framework.dart:2115:7)
#295    SingleChildRenderObjectElement.visitChildren (package:flutter/src/widgets/framework.dart:7104:14)
#296    _InactiveElements._unmount (package:flutter/src/widgets/framework.dart:2113:13)
#297    _InactiveElements._unmount.<anonymous closure> (package:flutter/src/widgets/framework.dart:2115:7)
#298    ComponentElement.visitChildren (package:flutter/src/widgets/framework.dart:5874:14)
#299    _InactiveElements._unmount (package:flutter/src/widgets/framework.dart:2113:13)
#300    _InactiveElements._unmount.<anonymous closure> (package:flutter/src/widgets/framework.dart:2115:7)
#301    ComponentElement.visitChildren (package:flutter/src/widgets/framework.dart:5874:14)
#302    _InactiveElements._unmount (package:flutter/src/widgets/framework.dart:2113:13)
#303    _InactiveElements._unmount.<anonymous closure> (package:flutter/src/widgets/framework.dart:2115:7)
#304    ComponentElement.visitChildren (package:flutter/src/widgets/framework.dart:5874:14)
#305    _InactiveElements._unmount (package:flutter/src/widgets/framework.dart:2113:13)
#306    _InactiveElements._unmount.<anonymous closure> (package:flutter/src/widgets/framework.dart:2115:7)
#307    ComponentElement.visitChildren (package:flutter/src/widgets/framework.dart:5874:14)
#308    _InactiveElements._unmount (package:flutter/src/widgets/framework.dart:2113:13)
#309    _InactiveElements._unmount.<anonymous closure> (package:flutter/src/widgets/framework.dart:2115:7)
#310    ComponentElement.visitChildren (package:flutter/src/widgets/framework.dart:5874:14)
#311    _InactiveElements._unmount (package:flutter/src/widgets/framework.dart:2113:13)
#312    _InactiveElements._unmount.<anonymous closure> (package:flutter/src/widgets/framework.dart:2115:7)
#313    SingleChildRenderObjectElement.visitChildren (package:flutter/src/widgets/framework.dart:7104:14)
#314    _InactiveElements._unmount (package:flutter/src/widgets/framework.dart:2113:13)
#315    _InactiveElements._unmount.<anonymous closure> (package:flutter/src/widgets/framework.dart:2115:7)
#316    ComponentElement.visitChildren (package:flutter/src/widgets/framework.dart:5874:14)
#317    _InactiveElements._unmount (package:flutter/src/widgets/framework.dart:2113:13)
#318    _InactiveElements._unmount.<anonymous closure> (package:flutter/src/widgets/framework.dart:2115:7)
#319    ComponentElement.visitChildren (package:flutter/src/widgets/framework.dart:5874:14)
#320    _InactiveElements._unmount (package:flutter/src/widgets/framework.dart:2113:13)
#321    _InactiveElements._unmount.<anonymous closure> (package:flutter/src/widgets/framework.dart:2115:7)
#322    ComponentElement.visitChildren (package:flutter/src/widgets/framework.dart:5874:14)
#323    _InactiveElements._unmount (package:flutter/src/widgets/framework.dart:2113:13)
#324    _InactiveElements._unmount.<anonymous closure> (package:flutter/src/widgets/framework.dart:2115:7)
#325    ComponentElement.visitChildren (package:flutter/src/widgets/framework.dart:5874:14)
#326    _InactiveElements._unmount (package:flutter/src/widgets/framework.dart:2113:13)
#327    _InactiveElements._unmount.<anonymous closure> (package:flutter/src/widgets/framework.dart:2115:7)
#328    SingleChildRenderObjectElement.visitChildren (package:flutter/src/widgets/framework.dart:7104:14)
#329    _InactiveElements._unmount (package:flutter/src/widgets/framework.dart:2113:13)
#330    _InactiveElements._unmount.<anonymous closure> (package:flutter/src/widgets/framework.dart:2115:7)
#331    ComponentElement.visitChildren (package:flutter/src/widgets/framework.dart:5874:14)
#332    _InactiveElements._unmount (package:flutter/src/widgets/framework.dart:2113:13)
#333    _InactiveElements._unmount.<anonymous closure> (package:flutter/src/widgets/framework.dart:2115:7)
#334    ComponentElement.visitChildren (package:flutter/src/widgets/framework.dart:5874:14)
#335    _InactiveElements._unmount (package:flutter/src/widgets/framework.dart:2113:13)
#336    _InactiveElements._unmount.<anonymous closure> (package:flutter/src/widgets/framework.dart:2115:7)
#337    ComponentElement.visitChildren (package:flutter/src/widgets/framework.dart:5874:14)
#338    _InactiveElements._unmount (package:flutter/src/widgets/framework.dart:2113:13)
#339    _InactiveElements._unmount.<anonymous closure> (package:flutter/src/widgets/framework.dart:2115:7)
#340    ComponentElement.visitChildren (package:flutter/src/widgets/framework.dart:5874:14)
#341    _InactiveElements._unmount (package:flutter/src/widgets/framework.dart:2113:13)
#342    _InactiveElements._unmount.<anonymous closure> (package:flutter/src/widgets/framework.dart:2115:7)
#343    ComponentElement.visitChildren (package:flutter/src/widgets/framework.dart:5874:14)
#344    _InactiveElements._unmount (package:flutter/src/widgets/framework.dart:2113:13)
#345    _InactiveElements._unmount.<anonymous closure> (package:flutter/src/widgets/framework.dart:2115:7)
#346    ComponentElement.visitChildren (package:flutter/src/widgets/framework.dart:5874:14)
#347    _InactiveElements._unmount (package:flutter/src/widgets/framework.dart:2113:13)
#348    _InactiveElements._unmount.<anonymous closure> (package:flutter/src/widgets/framework.dart:2115:7)
#349    ComponentElement.visitChildren (package:flutter/src/widgets/framework.dart:5874:14)
#350    _InactiveElements._unmount (package:flutter/src/widgets/framework.dart:2113:13)
#351    _InactiveElements._unmount.<anonymous closure> (package:flutter/src/widgets/framework.dart:2115:7)
#352    ComponentElement.visitChildren (package:flutter/src/widgets/framework.dart:5874:14)
#353    _InactiveElements._unmount (package:flutter/src/widgets/framework.dart:2113:13)
#354    _InactiveElements._unmount.<anonymous closure> (package:flutter/src/widgets/framework.dart:2115:7)
#355    ComponentElement.visitChildren (package:flutter/src/widgets/framework.dart:5874:14)
#356    _InactiveElements._unmount (package:flutter/src/widgets/framework.dart:2113:13)
#357    _InactiveElements._unmount.<anonymous closure> (package:flutter/src/widgets/framework.dart:2115:7)
#358    ComponentElement.visitChildren (package:flutter/src/widgets/framework.dart:5874:14)
#359    _InactiveElements._unmount (package:flutter/src/widgets/framework.dart:2113:13)
#360    _InactiveElements._unmount.<anonymous closure> (package:flutter/src/widgets/framework.dart:2115:7)
#361    ComponentElement.visitChildren (package:flutter/src/widgets/framework.dart:5874:14)
#362    _InactiveElements._unmount (package:flutter/src/widgets/framework.dart:2113:13)
#363    _InactiveElements._unmount.<anonymous closure> (package:flutter/src/widgets/framework.dart:2115:7)
#364    SingleChildRenderObjectElement.visitChildren (package:flutter/src/widgets/framework.dart:7104:14)
#365    _InactiveElements._unmount (package:flutter/src/widgets/framework.dart:2113:13)
#366    _InactiveElements._unmount.<anonymous closure> (package:flutter/src/widgets/framework.dart:2115:7)
#367    ComponentElement.visitChildren (package:flutter/src/widgets/framework.dart:5874:14)
#368    _InactiveElements._unmount (package:flutter/src/widgets/framework.dart:2113:13)
#369    _InactiveElements._unmount.<anonymous closure> (package:flutter/src/widgets/framework.dart:2115:7)
#370    ComponentElement.visitChildren (package:flutter/src/widgets/framework.dart:5874:14)
#371    _InactiveElements._unmount (package:flutter/src/widgets/framework.dart:2113:13)
#372    _InactiveElements._unmount.<anonymous closure> (package:flutter/src/widgets/framework.dart:2115:7)
#373    ComponentElement.visitChildren (package:flutter/src/widgets/framework.dart:5874:14)
#374    _InactiveElements._unmount (package:flutter/src/widgets/framework.dart:2113:13)
#375    _InactiveElements._unmount.<anonymous closure> (package:flutter/src/widgets/framework.dart:2115:7)
#376    ComponentElement.visitChildren (package:flutter/src/widgets/framework.dart:5874:14)
#377    _InactiveElements._unmount (package:flutter/src/widgets/framework.dart:2113:13)
#378    _InactiveElements._unmount.<anonymous closure> (package:flutter/src/widgets/framework.dart:2115:7)
#379    ComponentElement.visitChildren (package:flutter/src/widgets/framework.dart:5874:14)
#380    _InactiveElements._unmount (package:flutter/src/widgets/framework.dart:2113:13)
#381    ListIterable.forEach (dart:_internal/iterable.dart:49:13)
#382    _InactiveElements._unmountAll (package:flutter/src/widgets/framework.dart:2126:25)
#383    BuildOwner.lockState (package:flutter/src/widgets/framework.dart:3020:15)
#384    BuildOwner.finalizeTree (package:flutter/src/widgets/framework.dart:3344:7)
#385    AutomatedTestWidgetsFlutterBinding.drawFrame (package:flutter_test/src/binding.dart:1528:19)
#386    RendererBinding._handlePersistentFrameCallback (package:flutter/src/rendering/binding.dart:495:5)
#387    SchedulerBinding._invokeFrameCallback (package:flutter/src/scheduler/binding.dart:1434:15)
#388    SchedulerBinding.handleDrawFrame (package:flutter/src/scheduler/binding.dart:1347:9)
#389    AutomatedTestWidgetsFlutterBinding.pump.<anonymous closure> (package:flutter_test/src/binding.dart:1335:9)
#392    TestAsyncUtils.guard (package:flutter_test/src/test_async_utils.dart:74:41)
#393    AutomatedTestWidgetsFlutterBinding.pump (package:flutter_test/src/binding.dart:1324:27)
#394    WidgetTester.pumpWidget.<anonymous closure> (package:flutter_test/src/widget_tester.dart:598:22)
#397    TestAsyncUtils.guard (package:flutter_test/src/test_async_utils.dart:74:41)
#398    WidgetTester.pumpWidget (package:flutter_test/src/widget_tester.dart:595:27)
#399    testWidgetsSafe.<anonymous closure> (file:///C:/Users/User/FlutterProjects/taskly_bloc/test/helpers/test_helpers.dart:85:22)
<asynchronous suspension>
#400    testWidgets.<anonymous closure>.<anonymous closure> (package:flutter_test/src/widget_tester.dart:192:15)
<asynchronous suspension>
#401    TestWidgetsFlutterBinding._runTestBody (package:flutter_test/src/binding.dart:1059:5)
<asynchronous suspension>
<asynchronous suspension>
(elided 5 frames from dart:async and package:stack_trace)
════════════════════════════════════════════════════════════════════════════════════════════════════
══╡ EXCEPTION CAUGHT BY WIDGET INSPECTOR ╞══════════════════════════════════════════════════════════
The following assertion was thrown:
Looking up a deactivated widget's ancestor is unsafe.
At this point the state of the widget's element tree is no longer stable.
To safely refer to a widget's ancestor in its dispose() method, save a reference to the ancestor by
calling dependOnInheritedWidgetOfExactType() in the widget's didChangeDependencies() method.

When the exception was thrown, this was the stack:
#0      Element._debugCheckStateIsActiveForAncestorLookup.<anonymous closure> (package:flutter/src/widgets/framework.dart:5052:9)
#1      Element._debugCheckStateIsActiveForAncestorLookup (package:flutter/src/widgets/framework.dart:5066:6)
#2      Element.visitAncestorElements (package:flutter/src/widgets/framework.dart:5177:12)
#3      _describeRelevantUserCode (package:flutter/src/widgets/widget_inspector.dart:4244:13)
#4      _parseDiagnosticsNode (package:flutter/src/widgets/widget_inspector.dart:4163:12)
#5      debugTransformDebugCreator (package:flutter/src/widgets/widget_inspector.dart:4142:21)
#6      _FlutterErrorDetailsNode.builder (package:flutter/src/foundation/assertions.dart:1310:31)
#7      DiagnosticableNode.getProperties (package:flutter/src/foundation/diagnostics.dart:2945:68)
#8      TextTreeRenderer._debugRender (package:flutter/src/foundation/diagnostics.dart:1270:63)
#9      TextTreeRenderer.render (package:flutter/src/foundation/diagnostics.dart:1137:14)
#10     FlutterError.dumpErrorToConsole (package:flutter/src/foundation/assertions.dart:1040:13)
#11     TestWidgetsFlutterBinding._runTest.<anonymous closure> (package:flutter_test/src/binding.dart:886:24)
#12     FlutterError.reportError (package:flutter/src/foundation/assertions.dart:1203:14)
#13     _reportException (package:flutter/src/widgets/framework.dart:7405:16)
#14     BuildOwner.finalizeTree (package:flutter/src/widgets/framework.dart:3439:7)
#15     AutomatedTestWidgetsFlutterBinding.drawFrame (package:flutter_test/src/binding.dart:1528:19)
#16     RendererBinding._handlePersistentFrameCallback (package:flutter/src/rendering/binding.dart:495:5)
#17     SchedulerBinding._invokeFrameCallback (package:flutter/src/scheduler/binding.dart:1434:15)
#18     SchedulerBinding.handleDrawFrame (package:flutter/src/scheduler/binding.dart:1347:9)
#19     AutomatedTestWidgetsFlutterBinding.pump.<anonymous closure> (package:flutter_test/src/binding.dart:1335:9)
#22     TestAsyncUtils.guard (package:flutter_test/src/test_async_utils.dart:74:41)
#23     AutomatedTestWidgetsFlutterBinding.pump (package:flutter_test/src/binding.dart:1324:27)
#24     WidgetTester.pumpWidget.<anonymous closure> (package:flutter_test/src/widget_tester.dart:598:22)
#27     TestAsyncUtils.guard (package:flutter_test/src/test_async_utils.dart:74:41)
#28     WidgetTester.pumpWidget (package:flutter_test/src/widget_tester.dart:595:27)
#29     testWidgetsSafe.<anonymous closure> (file:///C:/Users/User/FlutterProjects/taskly_bloc/test/helpers/test_helpers.dart:85:22)
<asynchronous suspension>
#30     testWidgets.<anonymous closure>.<anonymous closure> (package:flutter_test/src/widget_tester.dart:192:15)
<asynchronous suspension>
#31     TestWidgetsFlutterBinding._runTestBody (package:flutter_test/src/binding.dart:1059:5)
<asynchronous suspension>
<asynchronous suspension>
(elided 5 frames from dart:async and package:stack_trace)

This exception was caught while trying to describe the user-relevant code of another error.
════════════════════════════════════════════════════════════════════════════════════════════════════
══╡ EXCEPTION CAUGHT BY WIDGET INSPECTOR ╞══════════════════════════════════════════════════════════
The following assertion was thrown:
Looking up a deactivated widget's ancestor is unsafe.
At this point the state of the widget's element tree is no longer stable.
To safely refer to a widget's ancestor in its dispose() method, save a reference to the ancestor by
calling dependOnInheritedWidgetOfExactType() in the widget's didChangeDependencies() method.

When the exception was thrown, this was the stack:
#0      Element._debugCheckStateIsActiveForAncestorLookup.<anonymous closure> (package:flutter/src/widgets/framework.dart:5052:9)
#1      Element._debugCheckStateIsActiveForAncestorLookup (package:flutter/src/widgets/framework.dart:5066:6)
#2      Element.visitAncestorElements (package:flutter/src/widgets/framework.dart:5177:12)
#3      _describeRelevantUserCode (package:flutter/src/widgets/widget_inspector.dart:4244:13)
#4      _parseDiagnosticsNode (package:flutter/src/widgets/widget_inspector.dart:4163:12)
#5      debugTransformDebugCreator (package:flutter/src/widgets/widget_inspector.dart:4142:21)
#6      _FlutterErrorDetailsNode.builder (package:flutter/src/foundation/assertions.dart:1310:31)
#7      DiagnosticableNode.emptyBodyDescription (package:flutter/src/foundation/diagnostics.dart:2941:45)
#8      TextTreeRenderer._debugRender (package:flutter/src/foundation/diagnostics.dart:1307:14)
#9      TextTreeRenderer.render (package:flutter/src/foundation/diagnostics.dart:1137:14)
#10     FlutterError.dumpErrorToConsole (package:flutter/src/foundation/assertions.dart:1040:13)
#11     TestWidgetsFlutterBinding._runTest.<anonymous closure> (package:flutter_test/src/binding.dart:886:24)
#12     FlutterError.reportError (package:flutter/src/foundation/assertions.dart:1203:14)
#13     _reportException (package:flutter/src/widgets/framework.dart:7405:16)
#14     BuildOwner.finalizeTree (package:flutter/src/widgets/framework.dart:3439:7)
#15     AutomatedTestWidgetsFlutterBinding.drawFrame (package:flutter_test/src/binding.dart:1528:19)
#16     RendererBinding._handlePersistentFrameCallback (package:flutter/src/rendering/binding.dart:495:5)
#17     SchedulerBinding._invokeFrameCallback (package:flutter/src/scheduler/binding.dart:1434:15)
#18     SchedulerBinding.handleDrawFrame (package:flutter/src/scheduler/binding.dart:1347:9)
#19     AutomatedTestWidgetsFlutterBinding.pump.<anonymous closure> (package:flutter_test/src/binding.dart:1335:9)
#22     TestAsyncUtils.guard (package:flutter_test/src/test_async_utils.dart:74:41)
#23     AutomatedTestWidgetsFlutterBinding.pump (package:flutter_test/src/binding.dart:1324:27)
#24     WidgetTester.pumpWidget.<anonymous closure> (package:flutter_test/src/widget_tester.dart:598:22)
#27     TestAsyncUtils.guard (package:flutter_test/src/test_async_utils.dart:74:41)
#28     WidgetTester.pumpWidget (package:flutter_test/src/widget_tester.dart:595:27)
#29     testWidgetsSafe.<anonymous closure> (file:///C:/Users/User/FlutterProjects/taskly_bloc/test/helpers/test_helpers.dart:85:22)
<asynchronous suspension>
#30     testWidgets.<anonymous closure>.<anonymous closure> (package:flutter_test/src/widget_tester.dart:192:15)
<asynchronous suspension>
#31     TestWidgetsFlutterBinding._runTestBody (package:flutter_test/src/binding.dart:1059:5)
<asynchronous suspension>
<asynchronous suspension>
(elided 5 frames from dart:async and package:stack_trace)

This exception was caught while trying to describe the user-relevant code of another error.
════════════════════════════════════════════════════════════════════════════════════════════════════
══╡ EXCEPTION CAUGHT BY FLUTTER TEST FRAMEWORK ╞════════════════════════════════════════════════════
The following TestFailure was thrown running a test:
Expected: exactly one matching candidate
  Actual: _TypeWidgetFinder:<Found 0 widgets with type "CircularProgressIndicator": []>
   Which: means none were found but one was expected

When the exception was thrown, this was the stack:
#4      main.<anonymous closure> (file:///C:/Users/User/FlutterProjects/taskly_bloc/test/presentation/features/settings/settings_pages_widget_test.dart:116:5)
<asynchronous suspension>
<asynchronous suspension>
#6      testWidgetsSafe.<anonymous closure> (file:///C:/Users/User/FlutterProjects/taskly_bloc/test/helpers/test_helpers.dart:71:9)
<asynchronous suspension>
#7      testWidgets.<anonymous closure>.<anonymous closure> (package:flutter_test/src/widget_tester.dart:192:15)
<asynchronous suspension>
#8      TestWidgetsFlutterBinding._runTestBody (package:flutter_test/src/binding.dart:1059:5)
<asynchronous suspension>
<asynchronous suspension>
(elided 2 frames from dart:async and package:stack_trace)

This was caught by the test expectation on the following line:
  file:///C:/Users/User/FlutterProjects/taskly_bloc/test/presentation/features/settings/settings_pages_widget_test.dart line 116
The test description was:
  task suggestions page shows loading
════════════════════════════════════════════════════════════════════════════════════════════════════
══╡ EXCEPTION CAUGHT BY FLUTTER TEST FRAMEWORK ╞════════════════════════════════════════════════════
The following message was thrown:
Multiple exceptions (5) were detected during the running of the current test, and at least one was
unexpected.
════════════════════════════════════════════════════════════════════════════════════════════════════
02:26 +277 -27: C:/Users/User/FlutterProjects/taskly_bloc/test/presentation/features/settings/settings_pages_widget_test.dart: task suggestions page shows loading [E]
  Test failed. See exception logs above.
  The test description was: task suggestions page shows loading
  
02:26 +277 -27: C:/Users/User/FlutterProjects/taskly_bloc/test/presentation/features/settings/settings_pages_widget_test.dart: task suggestions page shows content
══╡ EXCEPTION CAUGHT BY WIDGETS LIBRARY ╞═══════════════════════════════════════════════════════════
The following ProviderNotFoundException was thrown building KeyedSubtree-[GlobalKey#a0f95]:
Error: Could not find the correct Provider<SettingsRepositoryContract> above this
_InheritedProviderScope<AllocationSettingsBloc?> Widget

This happens because you used a `BuildContext` that does not include the provider
of your choice. There are a few common scenarios:

- You added a new provider in your `main.dart` and performed a hot-reload.
  To fix, perform a hot-restart.

- The provider you are trying to read is in a different route.

  Providers are "scoped". So if you insert of provider inside a route, then
  other routes will not be able to access that provider.

- You used a `BuildContext` that is an ancestor of the provider you are trying to read.

  Make sure that _InheritedProviderScope<AllocationSettingsBloc?> is under your
MultiProvider/Provider<SettingsRepositoryContract>.
  This usually happens when you are creating a provider and trying to read it immediately.

  For example, instead of:

  ```
  Widget build(BuildContext context) {
    return Provider<Example>(
      create: (_) => Example(),
      // Will throw a ProviderNotFoundError, because `context` is associated
      // to the widget that is the parent of `Provider<Example>`
      child: Text(context.watch<Example>().toString()),
    );
  }
  ```

  consider using `builder` like so:

  ```
  Widget build(BuildContext context) {
    return Provider<Example>(
      create: (_) => Example(),
      // we use `builder` to obtain a new `BuildContext` that has access to the provider
      builder: (context, child) {
        // No longer throws
        return Text(context.watch<Example>().toString());
      }
    );
  }
  ```

If none of these solutions work, consider asking for help on StackOverflow:
https://stackoverflow.com/questions/tagged/flutter

When the exception was thrown, this was the stack:
#0      Provider._inheritedElementOf (package:provider/src/provider.dart:377:7)
#1      Provider.of (package:provider/src/provider.dart:327:30)
#2      ReadContext.read (package:provider/src/provider.dart:683:21)
#3      SettingsTaskSuggestionsPage.build.<anonymous closure> (package:taskly_bloc/presentation/features/settings/view/settings_task_suggestions_page.dart:16:37)
#4      _CreateInheritedProviderState.value (package:provider/src/inherited_provider.dart:749:36)
#5      _InheritedProviderScopeElement.value (package:provider/src/inherited_provider.dart:603:33)
#6      Provider.of (package:provider/src/provider.dart:337:37)
#7      ReadContext.read (package:provider/src/provider.dart:683:21)
#8      _BlocBuilderBaseState.initState (package:flutter_bloc/src/bloc_builder.dart:152:36)
#9      StatefulElement._firstBuild (package:flutter/src/widgets/framework.dart:5953:55)
#10     ComponentElement.mount (package:flutter/src/widgets/framework.dart:5796:5)
...     Normal element mounting (25 frames)
#35     Element.inflateWidget (package:flutter/src/widgets/framework.dart:4590:20)
#36     MultiChildRenderObjectElement.inflateWidget (package:flutter/src/widgets/framework.dart:7269:36)
#37     MultiChildRenderObjectElement.mount (package:flutter/src/widgets/framework.dart:7285:32)
...     Normal element mounting (111 frames)
#148    _InheritedProviderScopeElement.mount (package:provider/src/inherited_provider.dart:424:11)
...     Normal element mounting (7 frames)
#155    SingleChildWidgetElementMixin.mount (package:nested/nested.dart:222:11)
...     Normal element mounting (7 frames)
#162    SingleChildWidgetElementMixin.mount (package:nested/nested.dart:222:11)
...     Normal element mounting (13 frames)
#175    _InheritedProviderScopeElement.mount (package:provider/src/inherited_provider.dart:424:11)
...     Normal element mounting (7 frames)
#182    SingleChildWidgetElementMixin.mount (package:nested/nested.dart:222:11)
...     Normal element mounting (7 frames)
#189    SingleChildWidgetElementMixin.mount (package:nested/nested.dart:222:11)
...     Normal element mounting (260 frames)
#449    Element.inflateWidget (package:flutter/src/widgets/framework.dart:4590:20)
#450    MultiChildRenderObjectElement.inflateWidget (package:flutter/src/widgets/framework.dart:7269:36)
#451    MultiChildRenderObjectElement.mount (package:flutter/src/widgets/framework.dart:7285:32)
...     Normal element mounting (465 frames)
#916    Element.inflateWidget (package:flutter/src/widgets/framework.dart:4590:20)
#917    Element.updateChild (package:flutter/src/widgets/framework.dart:4053:20)
#918    ComponentElement.performRebuild (package:flutter/src/widgets/framework.dart:5844:16)
#919    Element.rebuild (package:flutter/src/widgets/framework.dart:5532:7)
#920    ProxyElement.update (package:flutter/src/widgets/framework.dart:6152:5)
#921    _InheritedNotifierElement.update (package:flutter/src/widgets/inherited_notifier.dart:108:11)
#922    Element.updateChild (package:flutter/src/widgets/framework.dart:4037:15)
#923    ComponentElement.performRebuild (package:flutter/src/widgets/framework.dart:5844:16)
#924    StatefulElement.performRebuild (package:flutter/src/widgets/framework.dart:5985:11)
#925    Element.rebuild (package:flutter/src/widgets/framework.dart:5532:7)
#926    StatefulElement.update (package:flutter/src/widgets/framework.dart:6010:5)
#927    Element.updateChild (package:flutter/src/widgets/framework.dart:4037:15)
#928    ComponentElement.performRebuild (package:flutter/src/widgets/framework.dart:5844:16)
#929    Element.rebuild (package:flutter/src/widgets/framework.dart:5532:7)
#930    ProxyElement.update (package:flutter/src/widgets/framework.dart:6152:5)
#931    _InheritedNotifierElement.update (package:flutter/src/widgets/inherited_notifier.dart:108:11)
#932    Element.updateChild (package:flutter/src/widgets/framework.dart:4037:15)
#933    ComponentElement.performRebuild (package:flutter/src/widgets/framework.dart:5844:16)
#934    StatefulElement.performRebuild (package:flutter/src/widgets/framework.dart:5985:11)
#935    Element.rebuild (package:flutter/src/widgets/framework.dart:5532:7)
#936    StatefulElement.update (package:flutter/src/widgets/framework.dart:6010:5)
#937    Element.updateChild (package:flutter/src/widgets/framework.dart:4037:15)
#938    ComponentElement.performRebuild (package:flutter/src/widgets/framework.dart:5844:16)
#939    StatefulElement.performRebuild (package:flutter/src/widgets/framework.dart:5985:11)
#940    Element.rebuild (package:flutter/src/widgets/framework.dart:5532:7)
#941    StatefulElement.update (package:flutter/src/widgets/framework.dart:6010:5)
#942    Element.updateChild (package:flutter/src/widgets/framework.dart:4037:15)
#943    ComponentElement.performRebuild (package:flutter/src/widgets/framework.dart:5844:16)
#944    Element.rebuild (package:flutter/src/widgets/framework.dart:5532:7)
#945    ProxyElement.update (package:flutter/src/widgets/framework.dart:6152:5)
#946    Element.updateChild (package:flutter/src/widgets/framework.dart:4037:15)
#947    ComponentElement.performRebuild (package:flutter/src/widgets/framework.dart:5844:16)
#948    StatefulElement.performRebuild (package:flutter/src/widgets/framework.dart:5985:11)
#949    Element.rebuild (package:flutter/src/widgets/framework.dart:5532:7)
#950    StatefulElement.update (package:flutter/src/widgets/framework.dart:6010:5)
#951    Element.updateChild (package:flutter/src/widgets/framework.dart:4037:15)
#952    ComponentElement.performRebuild (package:flutter/src/widgets/framework.dart:5844:16)
#953    Element.rebuild (package:flutter/src/widgets/framework.dart:5532:7)
#954    ProxyElement.update (package:flutter/src/widgets/framework.dart:6152:5)
#955    Element.updateChild (package:flutter/src/widgets/framework.dart:4037:15)
#956    ComponentElement.performRebuild (package:flutter/src/widgets/framework.dart:5844:16)
#957    Element.rebuild (package:flutter/src/widgets/framework.dart:5532:7)
#958    ProxyElement.update (package:flutter/src/widgets/framework.dart:6152:5)
#959    Element.updateChild (package:flutter/src/widgets/framework.dart:4037:15)
#960    _RawViewElement._updateChild (package:flutter/src/widgets/view.dart:481:16)
#961    _RawViewElement.update (package:flutter/src/widgets/view.dart:568:5)
#962    Element.updateChild (package:flutter/src/widgets/framework.dart:4037:15)
#963    ComponentElement.performRebuild (package:flutter/src/widgets/framework.dart:5844:16)
#964    Element.rebuild (package:flutter/src/widgets/framework.dart:5532:7)
#965    StatelessElement.update (package:flutter/src/widgets/framework.dart:5898:5)
#966    Element.updateChild (package:flutter/src/widgets/framework.dart:4037:15)
#967    ComponentElement.performRebuild (package:flutter/src/widgets/framework.dart:5844:16)
#968    StatefulElement.performRebuild (package:flutter/src/widgets/framework.dart:5985:11)
#969    Element.rebuild (package:flutter/src/widgets/framework.dart:5532:7)
#970    StatefulElement.update (package:flutter/src/widgets/framework.dart:6010:5)
#971    Element.updateChild (package:flutter/src/widgets/framework.dart:4037:15)
#972    RootElement._rebuild (package:flutter/src/widgets/binding.dart:1782:16)
#973    RootElement.update (package:flutter/src/widgets/binding.dart:1760:5)
#974    RootElement.performRebuild (package:flutter/src/widgets/binding.dart:1774:7)
#975    Element.rebuild (package:flutter/src/widgets/framework.dart:5532:7)
#976    BuildScope._tryRebuild (package:flutter/src/widgets/framework.dart:2750:15)
#977    BuildScope._flushDirtyElements (package:flutter/src/widgets/framework.dart:2807:11)
#978    BuildOwner.buildScope (package:flutter/src/widgets/framework.dart:3111:18)
#979    AutomatedTestWidgetsFlutterBinding.drawFrame (package:flutter_test/src/binding.dart:1506:19)
#980    RendererBinding._handlePersistentFrameCallback (package:flutter/src/rendering/binding.dart:495:5)
#981    SchedulerBinding._invokeFrameCallback (package:flutter/src/scheduler/binding.dart:1434:15)
#982    SchedulerBinding.handleDrawFrame (package:flutter/src/scheduler/binding.dart:1347:9)
#983    AutomatedTestWidgetsFlutterBinding.pump.<anonymous closure> (package:flutter_test/src/binding.dart:1335:9)
#986    TestAsyncUtils.guard (package:flutter_test/src/test_async_utils.dart:74:41)
#987    AutomatedTestWidgetsFlutterBinding.pump (package:flutter_test/src/binding.dart:1324:27)
#988    WidgetTester.pumpWidget.<anonymous closure> (package:flutter_test/src/widget_tester.dart:598:22)
#991    TestAsyncUtils.guard (package:flutter_test/src/test_async_utils.dart:74:41)
#992    WidgetTester.pumpWidget (package:flutter_test/src/widget_tester.dart:595:27)
#993    pumpTasklyApp (file:///C:/Users/User/FlutterProjects/taskly_bloc/test/helpers/pump_app.dart:43:16)
#994    WidgetPumpExtensions.pumpWidgetWithBloc (file:///C:/Users/User/FlutterProjects/taskly_bloc/test/helpers/widget_test_helpers.dart:96:11)
#995    main.<anonymous closure> (file:///C:/Users/User/FlutterProjects/taskly_bloc/test/presentation/features/settings/settings_pages_widget_test.dart:129:18)
#996    testWidgetsSafe.<anonymous closure> (file:///C:/Users/User/FlutterProjects/taskly_bloc/test/helpers/test_helpers.dart:71:23)
#997    testWidgets.<anonymous closure>.<anonymous closure> (package:flutter_test/src/widget_tester.dart:192:29)
<asynchronous suspension>
#998    TestWidgetsFlutterBinding._runTestBody (package:flutter_test/src/binding.dart:1059:5)
<asynchronous suspension>
<asynchronous suspension>
(elided 5 frames from dart:async and package:stack_trace)

════════════════════════════════════════════════════════════════════════════════════════════════════
══╡ EXCEPTION CAUGHT BY WIDGETS LIBRARY ╞═══════════════════════════════════════════════════════════
The following _TypeError was thrown while finalizing the widget tree:
type 'Null' is not a subtype of type 'AllocationSettingsBloc' in type cast

When the exception was thrown, this was the stack:
#0      _CreateInheritedProviderState.dispose (package:provider/src/inherited_provider.dart:810:47)
#1      _InheritedProviderScopeElement.unmount (package:provider/src/inherited_provider.dart:572:20)
#2      _InactiveElements._unmount (package:flutter/src/widgets/framework.dart:2117:13)
#3      _InactiveElements._unmount.<anonymous closure> (package:flutter/src/widgets/framework.dart:2115:7)
#4      ComponentElement.visitChildren (package:flutter/src/widgets/framework.dart:5874:14)
#5      _InactiveElements._unmount (package:flutter/src/widgets/framework.dart:2113:13)
#6      _InactiveElements._unmount.<anonymous closure> (package:flutter/src/widgets/framework.dart:2115:7)
#7      ComponentElement.visitChildren (package:flutter/src/widgets/framework.dart:5874:14)
#8      _InactiveElements._unmount (package:flutter/src/widgets/framework.dart:2113:13)
#9      _InactiveElements._unmount.<anonymous closure> (package:flutter/src/widgets/framework.dart:2115:7)
#10     ComponentElement.visitChildren (package:flutter/src/widgets/framework.dart:5874:14)
#11     _InactiveElements._unmount (package:flutter/src/widgets/framework.dart:2113:13)
#12     _InactiveElements._unmount.<anonymous closure> (package:flutter/src/widgets/framework.dart:2115:7)
#13     ComponentElement.visitChildren (package:flutter/src/widgets/framework.dart:5874:14)
#14     _InactiveElements._unmount (package:flutter/src/widgets/framework.dart:2113:13)
#15     _InactiveElements._unmount.<anonymous closure> (package:flutter/src/widgets/framework.dart:2115:7)
#16     ComponentElement.visitChildren (package:flutter/src/widgets/framework.dart:5874:14)
#17     _InactiveElements._unmount (package:flutter/src/widgets/framework.dart:2113:13)
#18     _InactiveElements._unmount.<anonymous closure> (package:flutter/src/widgets/framework.dart:2115:7)
#19     ComponentElement.visitChildren (package:flutter/src/widgets/framework.dart:5874:14)
#20     _InactiveElements._unmount (package:flutter/src/widgets/framework.dart:2113:13)
#21     _InactiveElements._unmount.<anonymous closure> (package:flutter/src/widgets/framework.dart:2115:7)
#22     SingleChildRenderObjectElement.visitChildren (package:flutter/src/widgets/framework.dart:7104:14)
#23     _InactiveElements._unmount (package:flutter/src/widgets/framework.dart:2113:13)
#24     _InactiveElements._unmount.<anonymous closure> (package:flutter/src/widgets/framework.dart:2115:7)
#25     ComponentElement.visitChildren (package:flutter/src/widgets/framework.dart:5874:14)
#26     _InactiveElements._unmount (package:flutter/src/widgets/framework.dart:2113:13)
#27     _InactiveElements._unmount.<anonymous closure> (package:flutter/src/widgets/framework.dart:2115:7)
#28     SingleChildRenderObjectElement.visitChildren (package:flutter/src/widgets/framework.dart:7104:14)
#29     _InactiveElements._unmount (package:flutter/src/widgets/framework.dart:2113:13)
#30     _InactiveElements._unmount.<anonymous closure> (package:flutter/src/widgets/framework.dart:2115:7)
#31     SingleChildRenderObjectElement.visitChildren (package:flutter/src/widgets/framework.dart:7104:14)
#32     _InactiveElements._unmount (package:flutter/src/widgets/framework.dart:2113:13)
#33     _InactiveElements._unmount.<anonymous closure> (package:flutter/src/widgets/framework.dart:2115:7)
#34     ComponentElement.visitChildren (package:flutter/src/widgets/framework.dart:5874:14)
#35     _InactiveElements._unmount (package:flutter/src/widgets/framework.dart:2113:13)
#36     _InactiveElements._unmount.<anonymous closure> (package:flutter/src/widgets/framework.dart:2115:7)
#37     SingleChildRenderObjectElement.visitChildren (package:flutter/src/widgets/framework.dart:7104:14)
#38     _InactiveElements._unmount (package:flutter/src/widgets/framework.dart:2113:13)
#39     _InactiveElements._unmount.<anonymous closure> (package:flutter/src/widgets/framework.dart:2115:7)
#40     ComponentElement.visitChildren (package:flutter/src/widgets/framework.dart:5874:14)
#41     _InactiveElements._unmount (package:flutter/src/widgets/framework.dart:2113:13)
#42     _InactiveElements._unmount.<anonymous closure> (package:flutter/src/widgets/framework.dart:2115:7)
#43     SingleChildRenderObjectElement.visitChildren (package:flutter/src/widgets/framework.dart:7104:14)
#44     _InactiveElements._unmount (package:flutter/src/widgets/framework.dart:2113:13)
#45     _InactiveElements._unmount.<anonymous closure> (package:flutter/src/widgets/framework.dart:2115:7)
#46     SingleChildRenderObjectElement.visitChildren (package:flutter/src/widgets/framework.dart:7104:14)
#47     _InactiveElements._unmount (package:flutter/src/widgets/framework.dart:2113:13)
#48     _InactiveElements._unmount.<anonymous closure> (package:flutter/src/widgets/framework.dart:2115:7)
#49     ComponentElement.visitChildren (package:flutter/src/widgets/framework.dart:5874:14)
#50     _InactiveElements._unmount (package:flutter/src/widgets/framework.dart:2113:13)
#51     _InactiveElements._unmount.<anonymous closure> (package:flutter/src/widgets/framework.dart:2115:7)
#52     SingleChildRenderObjectElement.visitChildren (package:flutter/src/widgets/framework.dart:7104:14)
#53     _InactiveElements._unmount (package:flutter/src/widgets/framework.dart:2113:13)
#54     _InactiveElements._unmount.<anonymous closure> (package:flutter/src/widgets/framework.dart:2115:7)
#55     ComponentElement.visitChildren (package:flutter/src/widgets/framework.dart:5874:14)
#56     _InactiveElements._unmount (package:flutter/src/widgets/framework.dart:2113:13)
#57     _InactiveElements._unmount.<anonymous closure> (package:flutter/src/widgets/framework.dart:2115:7)
#58     SingleChildRenderObjectElement.visitChildren (package:flutter/src/widgets/framework.dart:7104:14)
#59     _InactiveElements._unmount (package:flutter/src/widgets/framework.dart:2113:13)
#60     _InactiveElements._unmount.<anonymous closure> (package:flutter/src/widgets/framework.dart:2115:7)
#61     SingleChildRenderObjectElement.visitChildren (package:flutter/src/widgets/framework.dart:7104:14)
#62     _InactiveElements._unmount (package:flutter/src/widgets/framework.dart:2113:13)
#63     _InactiveElements._unmount.<anonymous closure> (package:flutter/src/widgets/framework.dart:2115:7)
#64     ComponentElement.visitChildren (package:flutter/src/widgets/framework.dart:5874:14)
#65     _InactiveElements._unmount (package:flutter/src/widgets/framework.dart:2113:13)
#66     _InactiveElements._unmount.<anonymous closure> (package:flutter/src/widgets/framework.dart:2115:7)
#67     SingleChildRenderObjectElement.visitChildren (package:flutter/src/widgets/framework.dart:7104:14)
#68     _InactiveElements._unmount (package:flutter/src/widgets/framework.dart:2113:13)
#69     _InactiveElements._unmount.<anonymous closure> (package:flutter/src/widgets/framework.dart:2115:7)
#70     SingleChildRenderObjectElement.visitChildren (package:flutter/src/widgets/framework.dart:7104:14)
#71     _InactiveElements._unmount (package:flutter/src/widgets/framework.dart:2113:13)
#72     _InactiveElements._unmount.<anonymous closure> (package:flutter/src/widgets/framework.dart:2115:7)
#73     SingleChildRenderObjectElement.visitChildren (package:flutter/src/widgets/framework.dart:7104:14)
#74     _InactiveElements._unmount (package:flutter/src/widgets/framework.dart:2113:13)
#75     _InactiveElements._unmount.<anonymous closure> (package:flutter/src/widgets/framework.dart:2115:7)
#76     ComponentElement.visitChildren (package:flutter/src/widgets/framework.dart:5874:14)
#77     _InactiveElements._unmount (package:flutter/src/widgets/framework.dart:2113:13)
#78     _InactiveElements._unmount.<anonymous closure> (package:flutter/src/widgets/framework.dart:2115:7)
#79     SingleChildRenderObjectElement.visitChildren (package:flutter/src/widgets/framework.dart:7104:14)
#80     _InactiveElements._unmount (package:flutter/src/widgets/framework.dart:2113:13)
#81     _InactiveElements._unmount.<anonymous closure> (package:flutter/src/widgets/framework.dart:2115:7)
#82     ComponentElement.visitChildren (package:flutter/src/widgets/framework.dart:5874:14)
#83     _InactiveElements._unmount (package:flutter/src/widgets/framework.dart:2113:13)
#84     _InactiveElements._unmount.<anonymous closure> (package:flutter/src/widgets/framework.dart:2115:7)
#85     ComponentElement.visitChildren (package:flutter/src/widgets/framework.dart:5874:14)
#86     _InactiveElements._unmount (package:flutter/src/widgets/framework.dart:2113:13)
#87     _InactiveElements._unmount.<anonymous closure> (package:flutter/src/widgets/framework.dart:2115:7)
#88     ComponentElement.visitChildren (package:flutter/src/widgets/framework.dart:5874:14)
#89     _InactiveElements._unmount (package:flutter/src/widgets/framework.dart:2113:13)
#90     _InactiveElements._unmount.<anonymous closure> (package:flutter/src/widgets/framework.dart:2115:7)
#91     ComponentElement.visitChildren (package:flutter/src/widgets/framework.dart:5874:14)
#92     _InactiveElements._unmount (package:flutter/src/widgets/framework.dart:2113:13)
#93     _InactiveElements._unmount.<anonymous closure> (package:flutter/src/widgets/framework.dart:2115:7)
#94     ComponentElement.visitChildren (package:flutter/src/widgets/framework.dart:5874:14)
#95     _InactiveElements._unmount (package:flutter/src/widgets/framework.dart:2113:13)
#96     _InactiveElements._unmount.<anonymous closure> (package:flutter/src/widgets/framework.dart:2115:7)
#97     SingleChildRenderObjectElement.visitChildren (package:flutter/src/widgets/framework.dart:7104:14)
#98     _InactiveElements._unmount (package:flutter/src/widgets/framework.dart:2113:13)
#99     _InactiveElements._unmount.<anonymous closure> (package:flutter/src/widgets/framework.dart:2115:7)
#100    ComponentElement.visitChildren (package:flutter/src/widgets/framework.dart:5874:14)
#101    _InactiveElements._unmount (package:flutter/src/widgets/framework.dart:2113:13)
#102    _InactiveElements._unmount.<anonymous closure> (package:flutter/src/widgets/framework.dart:2115:7)
#103    SingleChildRenderObjectElement.visitChildren (package:flutter/src/widgets/framework.dart:7104:14)
#104    _InactiveElements._unmount (package:flutter/src/widgets/framework.dart:2113:13)
#105    _InactiveElements._unmount.<anonymous closure> (package:flutter/src/widgets/framework.dart:2115:7)
#106    ComponentElement.visitChildren (package:flutter/src/widgets/framework.dart:5874:14)
#107    _InactiveElements._unmount (package:flutter/src/widgets/framework.dart:2113:13)
#108    _InactiveElements._unmount.<anonymous closure> (package:flutter/src/widgets/framework.dart:2115:7)
#109    ComponentElement.visitChildren (package:flutter/src/widgets/framework.dart:5874:14)
#110    _InactiveElements._unmount (package:flutter/src/widgets/framework.dart:2113:13)
#111    _InactiveElements._unmount.<anonymous closure> (package:flutter/src/widgets/framework.dart:2115:7)
#112    ComponentElement.visitChildren (package:flutter/src/widgets/framework.dart:5874:14)
#113    _InactiveElements._unmount (package:flutter/src/widgets/framework.dart:2113:13)
#114    _InactiveElements._unmount.<anonymous closure> (package:flutter/src/widgets/framework.dart:2115:7)
#115    ComponentElement.visitChildren (package:flutter/src/widgets/framework.dart:5874:14)
#116    _InactiveElements._unmount (package:flutter/src/widgets/framework.dart:2113:13)
#117    _InactiveElements._unmount.<anonymous closure> (package:flutter/src/widgets/framework.dart:2115:7)
#118    ComponentElement.visitChildren (package:flutter/src/widgets/framework.dart:5874:14)
#119    _InactiveElements._unmount (package:flutter/src/widgets/framework.dart:2113:13)
#120    _InactiveElements._unmount.<anonymous closure> (package:flutter/src/widgets/framework.dart:2115:7)
#121    ComponentElement.visitChildren (package:flutter/src/widgets/framework.dart:5874:14)
#122    _InactiveElements._unmount (package:flutter/src/widgets/framework.dart:2113:13)
#123    _InactiveElements._unmount.<anonymous closure> (package:flutter/src/widgets/framework.dart:2115:7)
#124    SingleChildRenderObjectElement.visitChildren (package:flutter/src/widgets/framework.dart:7104:14)
#125    _InactiveElements._unmount (package:flutter/src/widgets/framework.dart:2113:13)
#126    _InactiveElements._unmount.<anonymous closure> (package:flutter/src/widgets/framework.dart:2115:7)
#127    ComponentElement.visitChildren (package:flutter/src/widgets/framework.dart:5874:14)
#128    _InactiveElements._unmount (package:flutter/src/widgets/framework.dart:2113:13)
#129    _InactiveElements._unmount.<anonymous closure> (package:flutter/src/widgets/framework.dart:2115:7)
#130    ComponentElement.visitChildren (package:flutter/src/widgets/framework.dart:5874:14)
#131    _InactiveElements._unmount (package:flutter/src/widgets/framework.dart:2113:13)
#132    _InactiveElements._unmount.<anonymous closure> (package:flutter/src/widgets/framework.dart:2115:7)
#133    ComponentElement.visitChildren (package:flutter/src/widgets/framework.dart:5874:14)
#134    _InactiveElements._unmount (package:flutter/src/widgets/framework.dart:2113:13)
#135    _InactiveElements._unmount.<anonymous closure> (package:flutter/src/widgets/framework.dart:2115:7)
#136    ComponentElement.visitChildren (package:flutter/src/widgets/framework.dart:5874:14)
#137    _InactiveElements._unmount (package:flutter/src/widgets/framework.dart:2113:13)
#138    _InactiveElements._unmount.<anonymous closure> (package:flutter/src/widgets/framework.dart:2115:7)
#139    ComponentElement.visitChildren (package:flutter/src/widgets/framework.dart:5874:14)
#140    _InactiveElements._unmount (package:flutter/src/widgets/framework.dart:2113:13)
#141    _InactiveElements._unmount.<anonymous closure> (package:flutter/src/widgets/framework.dart:2115:7)
#142    SingleChildRenderObjectElement.visitChildren (package:flutter/src/widgets/framework.dart:7104:14)
#143    _InactiveElements._unmount (package:flutter/src/widgets/framework.dart:2113:13)
#144    _InactiveElements._unmount.<anonymous closure> (package:flutter/src/widgets/framework.dart:2115:7)
#145    ComponentElement.visitChildren (package:flutter/src/widgets/framework.dart:5874:14)
#146    _InactiveElements._unmount (package:flutter/src/widgets/framework.dart:2113:13)
#147    _InactiveElements._unmount.<anonymous closure> (package:flutter/src/widgets/framework.dart:2115:7)
#148    ComponentElement.visitChildren (package:flutter/src/widgets/framework.dart:5874:14)
#149    _InactiveElements._unmount (package:flutter/src/widgets/framework.dart:2113:13)
#150    _InactiveElements._unmount.<anonymous closure> (package:flutter/src/widgets/framework.dart:2115:7)
#151    ComponentElement.visitChildren (package:flutter/src/widgets/framework.dart:5874:14)
#152    _InactiveElements._unmount (package:flutter/src/widgets/framework.dart:2113:13)
#153    _InactiveElements._unmount.<anonymous closure> (package:flutter/src/widgets/framework.dart:2115:7)
#154    ComponentElement.visitChildren (package:flutter/src/widgets/framework.dart:5874:14)
#155    _InactiveElements._unmount (package:flutter/src/widgets/framework.dart:2113:13)
#156    _InactiveElements._unmount.<anonymous closure> (package:flutter/src/widgets/framework.dart:2115:7)
#157    ComponentElement.visitChildren (package:flutter/src/widgets/framework.dart:5874:14)
#158    _InactiveElements._unmount (package:flutter/src/widgets/framework.dart:2113:13)
#159    _InactiveElements._unmount.<anonymous closure> (package:flutter/src/widgets/framework.dart:2115:7)
#160    MultiChildRenderObjectElement.visitChildren (package:flutter/src/widgets/framework.dart:7228:16)
#161    _InactiveElements._unmount (package:flutter/src/widgets/framework.dart:2113:13)
#162    _InactiveElements._unmount.<anonymous closure> (package:flutter/src/widgets/framework.dart:2115:7)
#163    ComponentElement.visitChildren (package:flutter/src/widgets/framework.dart:5874:14)
#164    _InactiveElements._unmount (package:flutter/src/widgets/framework.dart:2113:13)
#165    _InactiveElements._unmount.<anonymous closure> (package:flutter/src/widgets/framework.dart:2115:7)
#166    ComponentElement.visitChildren (package:flutter/src/widgets/framework.dart:5874:14)
#167    _InactiveElements._unmount (package:flutter/src/widgets/framework.dart:2113:13)
#168    _InactiveElements._unmount.<anonymous closure> (package:flutter/src/widgets/framework.dart:2115:7)
#169    ComponentElement.visitChildren (package:flutter/src/widgets/framework.dart:5874:14)
#170    _InactiveElements._unmount (package:flutter/src/widgets/framework.dart:2113:13)
#171    _InactiveElements._unmount.<anonymous closure> (package:flutter/src/widgets/framework.dart:2115:7)
#172    ComponentElement.visitChildren (package:flutter/src/widgets/framework.dart:5874:14)
#173    _InactiveElements._unmount (package:flutter/src/widgets/framework.dart:2113:13)
#174    _InactiveElements._unmount.<anonymous closure> (package:flutter/src/widgets/framework.dart:2115:7)
#175    ComponentElement.visitChildren (package:flutter/src/widgets/framework.dart:5874:14)
#176    _InactiveElements._unmount (package:flutter/src/widgets/framework.dart:2113:13)
#177    _InactiveElements._unmount.<anonymous closure> (package:flutter/src/widgets/framework.dart:2115:7)
#178    ComponentElement.visitChildren (package:flutter/src/widgets/framework.dart:5874:14)
#179    _InactiveElements._unmount (package:flutter/src/widgets/framework.dart:2113:13)
#180    _InactiveElements._unmount.<anonymous closure> (package:flutter/src/widgets/framework.dart:2115:7)
#181    ComponentElement.visitChildren (package:flutter/src/widgets/framework.dart:5874:14)
#182    _InactiveElements._unmount (package:flutter/src/widgets/framework.dart:2113:13)
#183    _InactiveElements._unmount.<anonymous closure> (package:flutter/src/widgets/framework.dart:2115:7)
#184    SingleChildRenderObjectElement.visitChildren (package:flutter/src/widgets/framework.dart:7104:14)
#185    _InactiveElements._unmount (package:flutter/src/widgets/framework.dart:2113:13)
#186    _InactiveElements._unmount.<anonymous closure> (package:flutter/src/widgets/framework.dart:2115:7)
#187    SingleChildRenderObjectElement.visitChildren (package:flutter/src/widgets/framework.dart:7104:14)
#188    _InactiveElements._unmount (package:flutter/src/widgets/framework.dart:2113:13)
#189    _InactiveElements._unmount.<anonymous closure> (package:flutter/src/widgets/framework.dart:2115:7)
#190    ComponentElement.visitChildren (package:flutter/src/widgets/framework.dart:5874:14)
#191    _InactiveElements._unmount (package:flutter/src/widgets/framework.dart:2113:13)
#192    _InactiveElements._unmount.<anonymous closure> (package:flutter/src/widgets/framework.dart:2115:7)
#193    ComponentElement.visitChildren (package:flutter/src/widgets/framework.dart:5874:14)
#194    _InactiveElements._unmount (package:flutter/src/widgets/framework.dart:2113:13)
#195    _InactiveElements._unmount.<anonymous closure> (package:flutter/src/widgets/framework.dart:2115:7)
#196    ComponentElement.visitChildren (package:flutter/src/widgets/framework.dart:5874:14)
#197    _InactiveElements._unmount (package:flutter/src/widgets/framework.dart:2113:13)
#198    _InactiveElements._unmount.<anonymous closure> (package:flutter/src/widgets/framework.dart:2115:7)
#199    ComponentElement.visitChildren (package:flutter/src/widgets/framework.dart:5874:14)
#200    _InactiveElements._unmount (package:flutter/src/widgets/framework.dart:2113:13)
#201    _InactiveElements._unmount.<anonymous closure> (package:flutter/src/widgets/framework.dart:2115:7)
#202    SingleChildRenderObjectElement.visitChildren (package:flutter/src/widgets/framework.dart:7104:14)
#203    _InactiveElements._unmount (package:flutter/src/widgets/framework.dart:2113:13)
#204    _InactiveElements._unmount.<anonymous closure> (package:flutter/src/widgets/framework.dart:2115:7)
#205    ComponentElement.visitChildren (package:flutter/src/widgets/framework.dart:5874:14)
#206    _InactiveElements._unmount (package:flutter/src/widgets/framework.dart:2113:13)
#207    _InactiveElements._unmount.<anonymous closure> (package:flutter/src/widgets/framework.dart:2115:7)
#208    ComponentElement.visitChildren (package:flutter/src/widgets/framework.dart:5874:14)
#209    _InactiveElements._unmount (package:flutter/src/widgets/framework.dart:2113:13)
#210    _InactiveElements._unmount.<anonymous closure> (package:flutter/src/widgets/framework.dart:2115:7)
#211    ComponentElement.visitChildren (package:flutter/src/widgets/framework.dart:5874:14)
#212    _InactiveElements._unmount (package:flutter/src/widgets/framework.dart:2113:13)
#213    _InactiveElements._unmount.<anonymous closure> (package:flutter/src/widgets/framework.dart:2115:7)
#214    ComponentElement.visitChildren (package:flutter/src/widgets/framework.dart:5874:14)
#215    _InactiveElements._unmount (package:flutter/src/widgets/framework.dart:2113:13)
#216    _InactiveElements._unmount.<anonymous closure> (package:flutter/src/widgets/framework.dart:2115:7)
#217    ComponentElement.visitChildren (package:flutter/src/widgets/framework.dart:5874:14)
#218    _InactiveElements._unmount (package:flutter/src/widgets/framework.dart:2113:13)
#219    _InactiveElements._unmount.<anonymous closure> (package:flutter/src/widgets/framework.dart:2115:7)
#220    ComponentElement.visitChildren (package:flutter/src/widgets/framework.dart:5874:14)
#221    _InactiveElements._unmount (package:flutter/src/widgets/framework.dart:2113:13)
#222    _InactiveElements._unmount.<anonymous closure> (package:flutter/src/widgets/framework.dart:2115:7)
#223    ComponentElement.visitChildren (package:flutter/src/widgets/framework.dart:5874:14)
#224    _InactiveElements._unmount (package:flutter/src/widgets/framework.dart:2113:13)
#225    _InactiveElements._unmount.<anonymous closure> (package:flutter/src/widgets/framework.dart:2115:7)
#226    ComponentElement.visitChildren (package:flutter/src/widgets/framework.dart:5874:14)
#227    _InactiveElements._unmount (package:flutter/src/widgets/framework.dart:2113:13)
#228    _InactiveElements._unmount.<anonymous closure> (package:flutter/src/widgets/framework.dart:2115:7)
#229    ComponentElement.visitChildren (package:flutter/src/widgets/framework.dart:5874:14)
#230    _InactiveElements._unmount (package:flutter/src/widgets/framework.dart:2113:13)
#231    _InactiveElements._unmount.<anonymous closure> (package:flutter/src/widgets/framework.dart:2115:7)
#232    ComponentElement.visitChildren (package:flutter/src/widgets/framework.dart:5874:14)
#233    _InactiveElements._unmount (package:flutter/src/widgets/framework.dart:2113:13)
#234    _InactiveElements._unmount.<anonymous closure> (package:flutter/src/widgets/framework.dart:2115:7)
#235    ComponentElement.visitChildren (package:flutter/src/widgets/framework.dart:5874:14)
#236    _InactiveElements._unmount (package:flutter/src/widgets/framework.dart:2113:13)
#237    _InactiveElements._unmount.<anonymous closure> (package:flutter/src/widgets/framework.dart:2115:7)
#238    ComponentElement.visitChildren (package:flutter/src/widgets/framework.dart:5874:14)
#239    _InactiveElements._unmount (package:flutter/src/widgets/framework.dart:2113:13)
#240    _InactiveElements._unmount.<anonymous closure> (package:flutter/src/widgets/framework.dart:2115:7)
#241    ComponentElement.visitChildren (package:flutter/src/widgets/framework.dart:5874:14)
#242    _InactiveElements._unmount (package:flutter/src/widgets/framework.dart:2113:13)
#243    _InactiveElements._unmount.<anonymous closure> (package:flutter/src/widgets/framework.dart:2115:7)
#244    ComponentElement.visitChildren (package:flutter/src/widgets/framework.dart:5874:14)
#245    _InactiveElements._unmount (package:flutter/src/widgets/framework.dart:2113:13)
#246    _InactiveElements._unmount.<anonymous closure> (package:flutter/src/widgets/framework.dart:2115:7)
#247    ComponentElement.visitChildren (package:flutter/src/widgets/framework.dart:5874:14)
#248    _InactiveElements._unmount (package:flutter/src/widgets/framework.dart:2113:13)
#249    _InactiveElements._unmount.<anonymous closure> (package:flutter/src/widgets/framework.dart:2115:7)
#250    SingleChildRenderObjectElement.visitChildren (package:flutter/src/widgets/framework.dart:7104:14)
#251    _InactiveElements._unmount (package:flutter/src/widgets/framework.dart:2113:13)
#252    _InactiveElements._unmount.<anonymous closure> (package:flutter/src/widgets/framework.dart:2115:7)
#253    ComponentElement.visitChildren (package:flutter/src/widgets/framework.dart:5874:14)
#254    _InactiveElements._unmount (package:flutter/src/widgets/framework.dart:2113:13)
#255    _InactiveElements._unmount.<anonymous closure> (package:flutter/src/widgets/framework.dart:2115:7)
#256    ComponentElement.visitChildren (package:flutter/src/widgets/framework.dart:5874:14)
#257    _InactiveElements._unmount (package:flutter/src/widgets/framework.dart:2113:13)
#258    _InactiveElements._unmount.<anonymous closure> (package:flutter/src/widgets/framework.dart:2115:7)
#259    ComponentElement.visitChildren (package:flutter/src/widgets/framework.dart:5874:14)
#260    _InactiveElements._unmount (package:flutter/src/widgets/framework.dart:2113:13)
#261    _InactiveElements._unmount.<anonymous closure> (package:flutter/src/widgets/framework.dart:2115:7)
#262    ComponentElement.visitChildren (package:flutter/src/widgets/framework.dart:5874:14)
#263    _InactiveElements._unmount (package:flutter/src/widgets/framework.dart:2113:13)
#264    _InactiveElements._unmount.<anonymous closure> (package:flutter/src/widgets/framework.dart:2115:7)
#265    ComponentElement.visitChildren (package:flutter/src/widgets/framework.dart:5874:14)
#266    _InactiveElements._unmount (package:flutter/src/widgets/framework.dart:2113:13)
#267    _InactiveElements._unmount.<anonymous closure> (package:flutter/src/widgets/framework.dart:2115:7)
#268    SingleChildRenderObjectElement.visitChildren (package:flutter/src/widgets/framework.dart:7104:14)
#269    _InactiveElements._unmount (package:flutter/src/widgets/framework.dart:2113:13)
#270    _InactiveElements._unmount.<anonymous closure> (package:flutter/src/widgets/framework.dart:2115:7)
#271    ComponentElement.visitChildren (package:flutter/src/widgets/framework.dart:5874:14)
#272    _InactiveElements._unmount (package:flutter/src/widgets/framework.dart:2113:13)
#273    _InactiveElements._unmount.<anonymous closure> (package:flutter/src/widgets/framework.dart:2115:7)
#274    ComponentElement.visitChildren (package:flutter/src/widgets/framework.dart:5874:14)
#275    _InactiveElements._unmount (package:flutter/src/widgets/framework.dart:2113:13)
#276    _InactiveElements._unmount.<anonymous closure> (package:flutter/src/widgets/framework.dart:2115:7)
#277    SingleChildRenderObjectElement.visitChildren (package:flutter/src/widgets/framework.dart:7104:14)
#278    _InactiveElements._unmount (package:flutter/src/widgets/framework.dart:2113:13)
#279    _InactiveElements._unmount.<anonymous closure> (package:flutter/src/widgets/framework.dart:2115:7)
#280    ComponentElement.visitChildren (package:flutter/src/widgets/framework.dart:5874:14)
#281    _InactiveElements._unmount (package:flutter/src/widgets/framework.dart:2113:13)
#282    _InactiveElements._unmount.<anonymous closure> (package:flutter/src/widgets/framework.dart:2115:7)
#283    ComponentElement.visitChildren (package:flutter/src/widgets/framework.dart:5874:14)
#284    _InactiveElements._unmount (package:flutter/src/widgets/framework.dart:2113:13)
#285    _InactiveElements._unmount.<anonymous closure> (package:flutter/src/widgets/framework.dart:2115:7)
#286    ComponentElement.visitChildren (package:flutter/src/widgets/framework.dart:5874:14)
#287    _InactiveElements._unmount (package:flutter/src/widgets/framework.dart:2113:13)
#288    _InactiveElements._unmount.<anonymous closure> (package:flutter/src/widgets/framework.dart:2115:7)
#289    ComponentElement.visitChildren (package:flutter/src/widgets/framework.dart:5874:14)
#290    _InactiveElements._unmount (package:flutter/src/widgets/framework.dart:2113:13)
#291    _InactiveElements._unmount.<anonymous closure> (package:flutter/src/widgets/framework.dart:2115:7)
#292    ComponentElement.visitChildren (package:flutter/src/widgets/framework.dart:5874:14)
#293    _InactiveElements._unmount (package:flutter/src/widgets/framework.dart:2113:13)
#294    _InactiveElements._unmount.<anonymous closure> (package:flutter/src/widgets/framework.dart:2115:7)
#295    SingleChildRenderObjectElement.visitChildren (package:flutter/src/widgets/framework.dart:7104:14)
#296    _InactiveElements._unmount (package:flutter/src/widgets/framework.dart:2113:13)
#297    _InactiveElements._unmount.<anonymous closure> (package:flutter/src/widgets/framework.dart:2115:7)
#298    ComponentElement.visitChildren (package:flutter/src/widgets/framework.dart:5874:14)
#299    _InactiveElements._unmount (package:flutter/src/widgets/framework.dart:2113:13)
#300    _InactiveElements._unmount.<anonymous closure> (package:flutter/src/widgets/framework.dart:2115:7)
#301    ComponentElement.visitChildren (package:flutter/src/widgets/framework.dart:5874:14)
#302    _InactiveElements._unmount (package:flutter/src/widgets/framework.dart:2113:13)
#303    _InactiveElements._unmount.<anonymous closure> (package:flutter/src/widgets/framework.dart:2115:7)
#304    ComponentElement.visitChildren (package:flutter/src/widgets/framework.dart:5874:14)
#305    _InactiveElements._unmount (package:flutter/src/widgets/framework.dart:2113:13)
#306    _InactiveElements._unmount.<anonymous closure> (package:flutter/src/widgets/framework.dart:2115:7)
#307    ComponentElement.visitChildren (package:flutter/src/widgets/framework.dart:5874:14)
#308    _InactiveElements._unmount (package:flutter/src/widgets/framework.dart:2113:13)
#309    _InactiveElements._unmount.<anonymous closure> (package:flutter/src/widgets/framework.dart:2115:7)
#310    ComponentElement.visitChildren (package:flutter/src/widgets/framework.dart:5874:14)
#311    _InactiveElements._unmount (package:flutter/src/widgets/framework.dart:2113:13)
#312    _InactiveElements._unmount.<anonymous closure> (package:flutter/src/widgets/framework.dart:2115:7)
#313    SingleChildRenderObjectElement.visitChildren (package:flutter/src/widgets/framework.dart:7104:14)
#314    _InactiveElements._unmount (package:flutter/src/widgets/framework.dart:2113:13)
#315    _InactiveElements._unmount.<anonymous closure> (package:flutter/src/widgets/framework.dart:2115:7)
#316    ComponentElement.visitChildren (package:flutter/src/widgets/framework.dart:5874:14)
#317    _InactiveElements._unmount (package:flutter/src/widgets/framework.dart:2113:13)
#318    _InactiveElements._unmount.<anonymous closure> (package:flutter/src/widgets/framework.dart:2115:7)
#319    ComponentElement.visitChildren (package:flutter/src/widgets/framework.dart:5874:14)
#320    _InactiveElements._unmount (package:flutter/src/widgets/framework.dart:2113:13)
#321    _InactiveElements._unmount.<anonymous closure> (package:flutter/src/widgets/framework.dart:2115:7)
#322    ComponentElement.visitChildren (package:flutter/src/widgets/framework.dart:5874:14)
#323    _InactiveElements._unmount (package:flutter/src/widgets/framework.dart:2113:13)
#324    _InactiveElements._unmount.<anonymous closure> (package:flutter/src/widgets/framework.dart:2115:7)
#325    ComponentElement.visitChildren (package:flutter/src/widgets/framework.dart:5874:14)
#326    _InactiveElements._unmount (package:flutter/src/widgets/framework.dart:2113:13)
#327    _InactiveElements._unmount.<anonymous closure> (package:flutter/src/widgets/framework.dart:2115:7)
#328    SingleChildRenderObjectElement.visitChildren (package:flutter/src/widgets/framework.dart:7104:14)
#329    _InactiveElements._unmount (package:flutter/src/widgets/framework.dart:2113:13)
#330    _InactiveElements._unmount.<anonymous closure> (package:flutter/src/widgets/framework.dart:2115:7)
#331    ComponentElement.visitChildren (package:flutter/src/widgets/framework.dart:5874:14)
#332    _InactiveElements._unmount (package:flutter/src/widgets/framework.dart:2113:13)
#333    _InactiveElements._unmount.<anonymous closure> (package:flutter/src/widgets/framework.dart:2115:7)
#334    ComponentElement.visitChildren (package:flutter/src/widgets/framework.dart:5874:14)
#335    _InactiveElements._unmount (package:flutter/src/widgets/framework.dart:2113:13)
#336    _InactiveElements._unmount.<anonymous closure> (package:flutter/src/widgets/framework.dart:2115:7)
#337    ComponentElement.visitChildren (package:flutter/src/widgets/framework.dart:5874:14)
#338    _InactiveElements._unmount (package:flutter/src/widgets/framework.dart:2113:13)
#339    _InactiveElements._unmount.<anonymous closure> (package:flutter/src/widgets/framework.dart:2115:7)
#340    ComponentElement.visitChildren (package:flutter/src/widgets/framework.dart:5874:14)
#341    _InactiveElements._unmount (package:flutter/src/widgets/framework.dart:2113:13)
#342    _InactiveElements._unmount.<anonymous closure> (package:flutter/src/widgets/framework.dart:2115:7)
#343    ComponentElement.visitChildren (package:flutter/src/widgets/framework.dart:5874:14)
#344    _InactiveElements._unmount (package:flutter/src/widgets/framework.dart:2113:13)
#345    _InactiveElements._unmount.<anonymous closure> (package:flutter/src/widgets/framework.dart:2115:7)
#346    ComponentElement.visitChildren (package:flutter/src/widgets/framework.dart:5874:14)
#347    _InactiveElements._unmount (package:flutter/src/widgets/framework.dart:2113:13)
#348    _InactiveElements._unmount.<anonymous closure> (package:flutter/src/widgets/framework.dart:2115:7)
#349    ComponentElement.visitChildren (package:flutter/src/widgets/framework.dart:5874:14)
#350    _InactiveElements._unmount (package:flutter/src/widgets/framework.dart:2113:13)
#351    _InactiveElements._unmount.<anonymous closure> (package:flutter/src/widgets/framework.dart:2115:7)
#352    ComponentElement.visitChildren (package:flutter/src/widgets/framework.dart:5874:14)
#353    _InactiveElements._unmount (package:flutter/src/widgets/framework.dart:2113:13)
#354    _InactiveElements._unmount.<anonymous closure> (package:flutter/src/widgets/framework.dart:2115:7)
#355    ComponentElement.visitChildren (package:flutter/src/widgets/framework.dart:5874:14)
#356    _InactiveElements._unmount (package:flutter/src/widgets/framework.dart:2113:13)
#357    _InactiveElements._unmount.<anonymous closure> (package:flutter/src/widgets/framework.dart:2115:7)
#358    ComponentElement.visitChildren (package:flutter/src/widgets/framework.dart:5874:14)
#359    _InactiveElements._unmount (package:flutter/src/widgets/framework.dart:2113:13)
#360    _InactiveElements._unmount.<anonymous closure> (package:flutter/src/widgets/framework.dart:2115:7)
#361    ComponentElement.visitChildren (package:flutter/src/widgets/framework.dart:5874:14)
#362    _InactiveElements._unmount (package:flutter/src/widgets/framework.dart:2113:13)
#363    _InactiveElements._unmount.<anonymous closure> (package:flutter/src/widgets/framework.dart:2115:7)
#364    SingleChildRenderObjectElement.visitChildren (package:flutter/src/widgets/framework.dart:7104:14)
#365    _InactiveElements._unmount (package:flutter/src/widgets/framework.dart:2113:13)
#366    _InactiveElements._unmount.<anonymous closure> (package:flutter/src/widgets/framework.dart:2115:7)
#367    ComponentElement.visitChildren (package:flutter/src/widgets/framework.dart:5874:14)
#368    _InactiveElements._unmount (package:flutter/src/widgets/framework.dart:2113:13)
#369    _InactiveElements._unmount.<anonymous closure> (package:flutter/src/widgets/framework.dart:2115:7)
#370    ComponentElement.visitChildren (package:flutter/src/widgets/framework.dart:5874:14)
#371    _InactiveElements._unmount (package:flutter/src/widgets/framework.dart:2113:13)
#372    _InactiveElements._unmount.<anonymous closure> (package:flutter/src/widgets/framework.dart:2115:7)
#373    ComponentElement.visitChildren (package:flutter/src/widgets/framework.dart:5874:14)
#374    _InactiveElements._unmount (package:flutter/src/widgets/framework.dart:2113:13)
#375    _InactiveElements._unmount.<anonymous closure> (package:flutter/src/widgets/framework.dart:2115:7)
#376    ComponentElement.visitChildren (package:flutter/src/widgets/framework.dart:5874:14)
#377    _InactiveElements._unmount (package:flutter/src/widgets/framework.dart:2113:13)
#378    _InactiveElements._unmount.<anonymous closure> (package:flutter/src/widgets/framework.dart:2115:7)
#379    ComponentElement.visitChildren (package:flutter/src/widgets/framework.dart:5874:14)
#380    _InactiveElements._unmount (package:flutter/src/widgets/framework.dart:2113:13)
#381    ListIterable.forEach (dart:_internal/iterable.dart:49:13)
#382    _InactiveElements._unmountAll (package:flutter/src/widgets/framework.dart:2126:25)
#383    BuildOwner.lockState (package:flutter/src/widgets/framework.dart:3020:15)
#384    BuildOwner.finalizeTree (package:flutter/src/widgets/framework.dart:3344:7)
#385    AutomatedTestWidgetsFlutterBinding.drawFrame (package:flutter_test/src/binding.dart:1528:19)
#386    RendererBinding._handlePersistentFrameCallback (package:flutter/src/rendering/binding.dart:495:5)
#387    SchedulerBinding._invokeFrameCallback (package:flutter/src/scheduler/binding.dart:1434:15)
#388    SchedulerBinding.handleDrawFrame (package:flutter/src/scheduler/binding.dart:1347:9)
#389    AutomatedTestWidgetsFlutterBinding.pump.<anonymous closure> (package:flutter_test/src/binding.dart:1335:9)
#392    TestAsyncUtils.guard (package:flutter_test/src/test_async_utils.dart:74:41)
#393    AutomatedTestWidgetsFlutterBinding.pump (package:flutter_test/src/binding.dart:1324:27)
#394    WidgetTester.pumpWidget.<anonymous closure> (package:flutter_test/src/widget_tester.dart:598:22)
#397    TestAsyncUtils.guard (package:flutter_test/src/test_async_utils.dart:74:41)
#398    WidgetTester.pumpWidget (package:flutter_test/src/widget_tester.dart:595:27)
#399    testWidgetsSafe.<anonymous closure> (file:///C:/Users/User/FlutterProjects/taskly_bloc/test/helpers/test_helpers.dart:85:22)
<asynchronous suspension>
#400    testWidgets.<anonymous closure>.<anonymous closure> (package:flutter_test/src/widget_tester.dart:192:15)
<asynchronous suspension>
#401    TestWidgetsFlutterBinding._runTestBody (package:flutter_test/src/binding.dart:1059:5)
<asynchronous suspension>
<asynchronous suspension>
(elided 5 frames from dart:async and package:stack_trace)
════════════════════════════════════════════════════════════════════════════════════════════════════
══╡ EXCEPTION CAUGHT BY WIDGET INSPECTOR ╞══════════════════════════════════════════════════════════
The following assertion was thrown:
Looking up a deactivated widget's ancestor is unsafe.
At this point the state of the widget's element tree is no longer stable.
To safely refer to a widget's ancestor in its dispose() method, save a reference to the ancestor by
calling dependOnInheritedWidgetOfExactType() in the widget's didChangeDependencies() method.

When the exception was thrown, this was the stack:
#0      Element._debugCheckStateIsActiveForAncestorLookup.<anonymous closure> (package:flutter/src/widgets/framework.dart:5052:9)
#1      Element._debugCheckStateIsActiveForAncestorLookup (package:flutter/src/widgets/framework.dart:5066:6)
#2      Element.visitAncestorElements (package:flutter/src/widgets/framework.dart:5177:12)
#3      _describeRelevantUserCode (package:flutter/src/widgets/widget_inspector.dart:4244:13)
#4      _parseDiagnosticsNode (package:flutter/src/widgets/widget_inspector.dart:4163:12)
#5      debugTransformDebugCreator (package:flutter/src/widgets/widget_inspector.dart:4142:21)
#6      _FlutterErrorDetailsNode.builder (package:flutter/src/foundation/assertions.dart:1310:31)
#7      DiagnosticableNode.getProperties (package:flutter/src/foundation/diagnostics.dart:2945:68)
#8      TextTreeRenderer._debugRender (package:flutter/src/foundation/diagnostics.dart:1270:63)
#9      TextTreeRenderer.render (package:flutter/src/foundation/diagnostics.dart:1137:14)
#10     FlutterError.dumpErrorToConsole (package:flutter/src/foundation/assertions.dart:1040:13)
#11     TestWidgetsFlutterBinding._runTest.<anonymous closure> (package:flutter_test/src/binding.dart:886:24)
#12     FlutterError.reportError (package:flutter/src/foundation/assertions.dart:1203:14)
#13     _reportException (package:flutter/src/widgets/framework.dart:7405:16)
#14     BuildOwner.finalizeTree (package:flutter/src/widgets/framework.dart:3439:7)
#15     AutomatedTestWidgetsFlutterBinding.drawFrame (package:flutter_test/src/binding.dart:1528:19)
#16     RendererBinding._handlePersistentFrameCallback (package:flutter/src/rendering/binding.dart:495:5)
#17     SchedulerBinding._invokeFrameCallback (package:flutter/src/scheduler/binding.dart:1434:15)
#18     SchedulerBinding.handleDrawFrame (package:flutter/src/scheduler/binding.dart:1347:9)
#19     AutomatedTestWidgetsFlutterBinding.pump.<anonymous closure> (package:flutter_test/src/binding.dart:1335:9)
#22     TestAsyncUtils.guard (package:flutter_test/src/test_async_utils.dart:74:41)
#23     AutomatedTestWidgetsFlutterBinding.pump (package:flutter_test/src/binding.dart:1324:27)
#24     WidgetTester.pumpWidget.<anonymous closure> (package:flutter_test/src/widget_tester.dart:598:22)
#27     TestAsyncUtils.guard (package:flutter_test/src/test_async_utils.dart:74:41)
#28     WidgetTester.pumpWidget (package:flutter_test/src/widget_tester.dart:595:27)
#29     testWidgetsSafe.<anonymous closure> (file:///C:/Users/User/FlutterProjects/taskly_bloc/test/helpers/test_helpers.dart:85:22)
<asynchronous suspension>
#30     testWidgets.<anonymous closure>.<anonymous closure> (package:flutter_test/src/widget_tester.dart:192:15)
<asynchronous suspension>
#31     TestWidgetsFlutterBinding._runTestBody (package:flutter_test/src/binding.dart:1059:5)
<asynchronous suspension>
<asynchronous suspension>
(elided 5 frames from dart:async and package:stack_trace)

This exception was caught while trying to describe the user-relevant code of another error.
════════════════════════════════════════════════════════════════════════════════════════════════════
══╡ EXCEPTION CAUGHT BY WIDGET INSPECTOR ╞══════════════════════════════════════════════════════════
The following assertion was thrown:
Looking up a deactivated widget's ancestor is unsafe.
At this point the state of the widget's element tree is no longer stable.
To safely refer to a widget's ancestor in its dispose() method, save a reference to the ancestor by
calling dependOnInheritedWidgetOfExactType() in the widget's didChangeDependencies() method.

When the exception was thrown, this was the stack:
#0      Element._debugCheckStateIsActiveForAncestorLookup.<anonymous closure> (package:flutter/src/widgets/framework.dart:5052:9)
#1      Element._debugCheckStateIsActiveForAncestorLookup (package:flutter/src/widgets/framework.dart:5066:6)
#2      Element.visitAncestorElements (package:flutter/src/widgets/framework.dart:5177:12)
#3      _describeRelevantUserCode (package:flutter/src/widgets/widget_inspector.dart:4244:13)
#4      _parseDiagnosticsNode (package:flutter/src/widgets/widget_inspector.dart:4163:12)
#5      debugTransformDebugCreator (package:flutter/src/widgets/widget_inspector.dart:4142:21)
#6      _FlutterErrorDetailsNode.builder (package:flutter/src/foundation/assertions.dart:1310:31)
#7      DiagnosticableNode.emptyBodyDescription (package:flutter/src/foundation/diagnostics.dart:2941:45)
#8      TextTreeRenderer._debugRender (package:flutter/src/foundation/diagnostics.dart:1307:14)
#9      TextTreeRenderer.render (package:flutter/src/foundation/diagnostics.dart:1137:14)
#10     FlutterError.dumpErrorToConsole (package:flutter/src/foundation/assertions.dart:1040:13)
#11     TestWidgetsFlutterBinding._runTest.<anonymous closure> (package:flutter_test/src/binding.dart:886:24)
#12     FlutterError.reportError (package:flutter/src/foundation/assertions.dart:1203:14)
#13     _reportException (package:flutter/src/widgets/framework.dart:7405:16)
#14     BuildOwner.finalizeTree (package:flutter/src/widgets/framework.dart:3439:7)
#15     AutomatedTestWidgetsFlutterBinding.drawFrame (package:flutter_test/src/binding.dart:1528:19)
#16     RendererBinding._handlePersistentFrameCallback (package:flutter/src/rendering/binding.dart:495:5)
#17     SchedulerBinding._invokeFrameCallback (package:flutter/src/scheduler/binding.dart:1434:15)
#18     SchedulerBinding.handleDrawFrame (package:flutter/src/scheduler/binding.dart:1347:9)
#19     AutomatedTestWidgetsFlutterBinding.pump.<anonymous closure> (package:flutter_test/src/binding.dart:1335:9)
#22     TestAsyncUtils.guard (package:flutter_test/src/test_async_utils.dart:74:41)
#23     AutomatedTestWidgetsFlutterBinding.pump (package:flutter_test/src/binding.dart:1324:27)
#24     WidgetTester.pumpWidget.<anonymous closure> (package:flutter_test/src/widget_tester.dart:598:22)
#27     TestAsyncUtils.guard (package:flutter_test/src/test_async_utils.dart:74:41)
#28     WidgetTester.pumpWidget (package:flutter_test/src/widget_tester.dart:595:27)
#29     testWidgetsSafe.<anonymous closure> (file:///C:/Users/User/FlutterProjects/taskly_bloc/test/helpers/test_helpers.dart:85:22)
<asynchronous suspension>
#30     testWidgets.<anonymous closure>.<anonymous closure> (package:flutter_test/src/widget_tester.dart:192:15)
<asynchronous suspension>
#31     TestWidgetsFlutterBinding._runTestBody (package:flutter_test/src/binding.dart:1059:5)
<asynchronous suspension>
<asynchronous suspension>
(elided 5 frames from dart:async and package:stack_trace)

This exception was caught while trying to describe the user-relevant code of another error.
════════════════════════════════════════════════════════════════════════════════════════════════════
══╡ EXCEPTION CAUGHT BY FLUTTER TEST FRAMEWORK ╞════════════════════════════════════════════════════
The following message was thrown:
Multiple exceptions (4) were detected during the running of the current test, and at least one was
unexpected.
════════════════════════════════════════════════════════════════════════════════════════════════════
02:26 +277 -28: C:/Users/User/FlutterProjects/taskly_bloc/test/presentation/features/settings/settings_pages_widget_test.dart: task suggestions page shows content [E]
  Test failed. See exception logs above.
  The test description was: task suggestions page shows content
  
02:26 +277 -28: C:/Users/User/FlutterProjects/taskly_bloc/test/presentation/features/settings/settings_pages_widget_test.dart: (tearDownAll)
02:26 +277 -28: loading C:/Users/User/FlutterProjects/taskly_bloc/test/presentation/features/settings/settings_screen_widget_test.dart
02:27 +277 -28: C:/Users/User/FlutterProjects/taskly_bloc/test/presentation/features/settings/settings_screen_widget_test.dart: (setUpAll)
02:27 +277 -28: C:/Users/User/FlutterProjects/taskly_bloc/test/presentation/features/settings/settings_screen_widget_test.dart: settings screen renders navigation items
02:28 +278 -28: C:/Users/User/FlutterProjects/taskly_bloc/test/presentation/features/settings/settings_screen_widget_test.dart: (tearDownAll)
02:28 +278 -28: loading C:/Users/User/FlutterProjects/taskly_bloc/test/presentation/features/statistics/bloc/statistics_dashboard_bloc_test.dart
Warning: A tag was used that wasn't specified in dart_test.yaml.
  statistics was used in the suite itself

02:28 +278 -28: C:/Users/User/FlutterProjects/taskly_bloc/test/presentation/features/statistics/bloc/statistics_dashboard_bloc_test.dart: (setUpAll)
02:29 +278 -28: C:/Users/User/FlutterProjects/taskly_bloc/test/presentation/features/statistics/bloc/statistics_dashboard_bloc_test.dart: loads sections and marks ready
02:29 +279 -28: C:/Users/User/FlutterProjects/taskly_bloc/test/presentation/features/statistics/bloc/statistics_dashboard_bloc_test.dart: (tearDownAll)
02:29 +279 -28: loading C:/Users/User/FlutterProjects/taskly_bloc/test/presentation/features/statistics/statistics_dashboard_page_widget_test.dart
Warning: A tag was used that wasn't specified in dart_test.yaml.
  statistics was used in the suite itself

02:30 +279 -28: C:/Users/User/FlutterProjects/taskly_bloc/test/presentation/features/statistics/statistics_dashboard_page_widget_test.dart: (setUpAll)
02:30 +279 -28: C:/Users/User/FlutterProjects/taskly_bloc/test/presentation/features/statistics/statistics_dashboard_page_widget_test.dart: shows loading sections while dashboard loads
02:31 +280 -28: C:/Users/User/FlutterProjects/taskly_bloc/test/presentation/features/statistics/statistics_dashboard_page_widget_test.dart: shows section error when analytics fails
02:31 +281 -28: C:/Users/User/FlutterProjects/taskly_bloc/test/presentation/features/statistics/statistics_dashboard_page_widget_test.dart: renders value content when loaded
02:31 +282 -28: C:/Users/User/FlutterProjects/taskly_bloc/test/presentation/features/statistics/statistics_dashboard_page_widget_test.dart: (tearDownAll)
02:31 +282 -28: loading C:/Users/User/FlutterProjects/taskly_bloc/test/presentation/features/tasks/bloc/task_detail_bloc_test.dart
02:31 +282 -28: C:/Users/User/FlutterProjects/taskly_bloc/test/presentation/features/tasks/bloc/task_detail_bloc_test.dart: (setUpAll)
02:31 +282 -28: C:/Users/User/FlutterProjects/taskly_bloc/test/presentation/features/tasks/bloc/task_detail_bloc_test.dart: loads initial data for create flow
02:32 +283 -28: C:/Users/User/FlutterProjects/taskly_bloc/test/presentation/features/tasks/bloc/task_detail_bloc_test.dart: emits failure when task is not found
02:32 +284 -28: C:/Users/User/FlutterProjects/taskly_bloc/test/presentation/features/tasks/bloc/task_detail_bloc_test.dart: emits validation failure when create command fails validation
02:32 +285 -28: C:/Users/User/FlutterProjects/taskly_bloc/test/presentation/features/tasks/bloc/task_detail_bloc_test.dart: creates task with operation context metadata
02:33 +286 -28: C:/Users/User/FlutterProjects/taskly_bloc/test/presentation/features/tasks/bloc/task_detail_bloc_test.dart: (tearDownAll)
02:33 +286 -28: loading C:/Users/User/FlutterProjects/taskly_bloc/test/presentation/features/tasks/task_detail_sheet_widget_test.dart
02:33 +286 -28: C:/Users/User/FlutterProjects/taskly_bloc/test/presentation/features/tasks/task_detail_sheet_widget_test.dart: (setUpAll)
02:33 +286 -28: C:/Users/User/FlutterProjects/taskly_bloc/test/presentation/features/tasks/task_detail_sheet_widget_test.dart: shows loading indicator while loading
02:34 +287 -28: C:/Users/User/FlutterProjects/taskly_bloc/test/presentation/features/tasks/task_detail_sheet_widget_test.dart: renders task form for create flow
02:34 +288 -28: C:/Users/User/FlutterProjects/taskly_bloc/test/presentation/features/tasks/task_detail_sheet_widget_test.dart: renders task form for edit flow
02:34 +289 -28: C:/Users/User/FlutterProjects/taskly_bloc/test/presentation/features/tasks/task_detail_sheet_widget_test.dart: (tearDownAll)
02:35 +289 -28: loading C:/Users/User/FlutterProjects/taskly_bloc/test/presentation/features/tasks/task_editor_route_page_widget_test.dart
02:35 +289 -28: C:/Users/User/FlutterProjects/taskly_bloc/test/presentation/features/tasks/task_editor_route_page_widget_test.dart: (setUpAll)
02:35 +289 -28: C:/Users/User/FlutterProjects/taskly_bloc/test/presentation/features/tasks/task_editor_route_page_widget_test.dart: renders task editor full page for deep link
══╡ EXCEPTION CAUGHT BY WIDGETS LIBRARY ╞═══════════════════════════════════════════════════════════
The following ProviderNotFoundException was thrown building _TaskEditorFullPage(dirty):
Error: Could not find the correct Provider<DemoModeService> above this _TaskEditorFullPage Widget

This happens because you used a `BuildContext` that does not include the provider
of your choice. There are a few common scenarios:

- You added a new provider in your `main.dart` and performed a hot-reload.
  To fix, perform a hot-restart.

- The provider you are trying to read is in a different route.

  Providers are "scoped". So if you insert of provider inside a route, then
  other routes will not be able to access that provider.

- You used a `BuildContext` that is an ancestor of the provider you are trying to read.

  Make sure that _TaskEditorFullPage is under your MultiProvider/Provider<DemoModeService>.
  This usually happens when you are creating a provider and trying to read it immediately.

  For example, instead of:

  ```
  Widget build(BuildContext context) {
    return Provider<Example>(
      create: (_) => Example(),
      // Will throw a ProviderNotFoundError, because `context` is associated
      // to the widget that is the parent of `Provider<Example>`
      child: Text(context.watch<Example>().toString()),
    );
  }
  ```

  consider using `builder` like so:

  ```
  Widget build(BuildContext context) {
    return Provider<Example>(
      create: (_) => Example(),
      // we use `builder` to obtain a new `BuildContext` that has access to the provider
      builder: (context, child) {
        // No longer throws
        return Text(context.watch<Example>().toString());
      }
    );
  }
  ```

If none of these solutions work, consider asking for help on StackOverflow:
https://stackoverflow.com/questions/tagged/flutter

When the exception was thrown, this was the stack:
#0      Provider._inheritedElementOf (package:provider/src/provider.dart:377:7)
#1      Provider.of (package:provider/src/provider.dart:327:30)
#2      ReadContext.read (package:provider/src/provider.dart:683:21)
#3      _TaskEditorFullPage.build (package:taskly_bloc/presentation/features/tasks/view/task_editor_route_page.dart:71:37)
#4      StatelessElement.build (package:flutter/src/widgets/framework.dart:5892:49)
#5      ComponentElement.performRebuild (package:flutter/src/widgets/framework.dart:5820:15)
#6      Element.rebuild (package:flutter/src/widgets/framework.dart:5532:7)
#7      ComponentElement._firstBuild (package:flutter/src/widgets/framework.dart:5802:5)
#8      ComponentElement.mount (package:flutter/src/widgets/framework.dart:5796:5)
...     Normal element mounting (280 frames)
#288    Element.inflateWidget (package:flutter/src/widgets/framework.dart:4590:20)
#289    MultiChildRenderObjectElement.inflateWidget (package:flutter/src/widgets/framework.dart:7269:36)
#290    MultiChildRenderObjectElement.mount (package:flutter/src/widgets/framework.dart:7285:32)
...     Normal element mounting (506 frames)
#796    _InheritedProviderScopeElement.mount (package:provider/src/inherited_provider.dart:424:11)
...     Normal element mounting (7 frames)
#803    _InheritedProviderScopeElement.mount (package:provider/src/inherited_provider.dart:424:11)
...     Normal element mounting (7 frames)
#810    _InheritedProviderScopeElement.mount (package:provider/src/inherited_provider.dart:424:11)
...     Normal element mounting (7 frames)
#817    _InheritedProviderScopeElement.mount (package:provider/src/inherited_provider.dart:424:11)
...     Normal element mounting (7 frames)
#824    _InheritedProviderScopeElement.mount (package:provider/src/inherited_provider.dart:424:11)
...     Normal element mounting (7 frames)
#831    SingleChildWidgetElementMixin.mount (package:nested/nested.dart:222:11)
...     Normal element mounting (7 frames)
#838    _NestedHookElement.mount (package:nested/nested.dart:187:11)
...     Normal element mounting (7 frames)
#845    SingleChildWidgetElementMixin.mount (package:nested/nested.dart:222:11)
#846    Element.inflateWidget (package:flutter/src/widgets/framework.dart:4590:20)
#847    Element.updateChild (package:flutter/src/widgets/framework.dart:4053:20)
#848    ComponentElement.performRebuild (package:flutter/src/widgets/framework.dart:5844:16)
#849    Element.rebuild (package:flutter/src/widgets/framework.dart:5532:7)
#850    ProxyElement.update (package:flutter/src/widgets/framework.dart:6152:5)
#851    _InheritedNotifierElement.update (package:flutter/src/widgets/inherited_notifier.dart:108:11)
#852    Element.updateChild (package:flutter/src/widgets/framework.dart:4037:15)
#853    ComponentElement.performRebuild (package:flutter/src/widgets/framework.dart:5844:16)
#854    StatefulElement.performRebuild (package:flutter/src/widgets/framework.dart:5985:11)
#855    Element.rebuild (package:flutter/src/widgets/framework.dart:5532:7)
#856    StatefulElement.update (package:flutter/src/widgets/framework.dart:6010:5)
#857    Element.updateChild (package:flutter/src/widgets/framework.dart:4037:15)
#858    ComponentElement.performRebuild (package:flutter/src/widgets/framework.dart:5844:16)
#859    Element.rebuild (package:flutter/src/widgets/framework.dart:5532:7)
#860    ProxyElement.update (package:flutter/src/widgets/framework.dart:6152:5)
#861    _InheritedNotifierElement.update (package:flutter/src/widgets/inherited_notifier.dart:108:11)
#862    Element.updateChild (package:flutter/src/widgets/framework.dart:4037:15)
#863    ComponentElement.performRebuild (package:flutter/src/widgets/framework.dart:5844:16)
#864    StatefulElement.performRebuild (package:flutter/src/widgets/framework.dart:5985:11)
#865    Element.rebuild (package:flutter/src/widgets/framework.dart:5532:7)
#866    StatefulElement.update (package:flutter/src/widgets/framework.dart:6010:5)
#867    Element.updateChild (package:flutter/src/widgets/framework.dart:4037:15)
#868    ComponentElement.performRebuild (package:flutter/src/widgets/framework.dart:5844:16)
#869    StatefulElement.performRebuild (package:flutter/src/widgets/framework.dart:5985:11)
#870    Element.rebuild (package:flutter/src/widgets/framework.dart:5532:7)
#871    StatefulElement.update (package:flutter/src/widgets/framework.dart:6010:5)
#872    Element.updateChild (package:flutter/src/widgets/framework.dart:4037:15)
#873    ComponentElement.performRebuild (package:flutter/src/widgets/framework.dart:5844:16)
#874    Element.rebuild (package:flutter/src/widgets/framework.dart:5532:7)
#875    ProxyElement.update (package:flutter/src/widgets/framework.dart:6152:5)
#876    Element.updateChild (package:flutter/src/widgets/framework.dart:4037:15)
#877    ComponentElement.performRebuild (package:flutter/src/widgets/framework.dart:5844:16)
#878    StatefulElement.performRebuild (package:flutter/src/widgets/framework.dart:5985:11)
#879    Element.rebuild (package:flutter/src/widgets/framework.dart:5532:7)
#880    StatefulElement.update (package:flutter/src/widgets/framework.dart:6010:5)
#881    Element.updateChild (package:flutter/src/widgets/framework.dart:4037:15)
#882    ComponentElement.performRebuild (package:flutter/src/widgets/framework.dart:5844:16)
#883    Element.rebuild (package:flutter/src/widgets/framework.dart:5532:7)
#884    ProxyElement.update (package:flutter/src/widgets/framework.dart:6152:5)
#885    Element.updateChild (package:flutter/src/widgets/framework.dart:4037:15)
#886    ComponentElement.performRebuild (package:flutter/src/widgets/framework.dart:5844:16)
#887    Element.rebuild (package:flutter/src/widgets/framework.dart:5532:7)
#888    ProxyElement.update (package:flutter/src/widgets/framework.dart:6152:5)
#889    Element.updateChild (package:flutter/src/widgets/framework.dart:4037:15)
#890    _RawViewElement._updateChild (package:flutter/src/widgets/view.dart:481:16)
#891    _RawViewElement.update (package:flutter/src/widgets/view.dart:568:5)
#892    Element.updateChild (package:flutter/src/widgets/framework.dart:4037:15)
#893    ComponentElement.performRebuild (package:flutter/src/widgets/framework.dart:5844:16)
#894    Element.rebuild (package:flutter/src/widgets/framework.dart:5532:7)
#895    StatelessElement.update (package:flutter/src/widgets/framework.dart:5898:5)
#896    Element.updateChild (package:flutter/src/widgets/framework.dart:4037:15)
#897    ComponentElement.performRebuild (package:flutter/src/widgets/framework.dart:5844:16)
#898    StatefulElement.performRebuild (package:flutter/src/widgets/framework.dart:5985:11)
#899    Element.rebuild (package:flutter/src/widgets/framework.dart:5532:7)
#900    StatefulElement.update (package:flutter/src/widgets/framework.dart:6010:5)
#901    Element.updateChild (package:flutter/src/widgets/framework.dart:4037:15)
#902    RootElement._rebuild (package:flutter/src/widgets/binding.dart:1782:16)
#903    RootElement.update (package:flutter/src/widgets/binding.dart:1760:5)
#904    RootElement.performRebuild (package:flutter/src/widgets/binding.dart:1774:7)
#905    Element.rebuild (package:flutter/src/widgets/framework.dart:5532:7)
#906    BuildScope._tryRebuild (package:flutter/src/widgets/framework.dart:2750:15)
#907    BuildScope._flushDirtyElements (package:flutter/src/widgets/framework.dart:2807:11)
#908    BuildOwner.buildScope (package:flutter/src/widgets/framework.dart:3111:18)
#909    AutomatedTestWidgetsFlutterBinding.drawFrame (package:flutter_test/src/binding.dart:1506:19)
#910    RendererBinding._handlePersistentFrameCallback (package:flutter/src/rendering/binding.dart:495:5)
#911    SchedulerBinding._invokeFrameCallback (package:flutter/src/scheduler/binding.dart:1434:15)
#912    SchedulerBinding.handleDrawFrame (package:flutter/src/scheduler/binding.dart:1347:9)
#913    AutomatedTestWidgetsFlutterBinding.pump.<anonymous closure> (package:flutter_test/src/binding.dart:1335:9)
#916    TestAsyncUtils.guard (package:flutter_test/src/test_async_utils.dart:74:41)
#917    AutomatedTestWidgetsFlutterBinding.pump (package:flutter_test/src/binding.dart:1324:27)
#918    WidgetTester.pumpWidget.<anonymous closure> (package:flutter_test/src/widget_tester.dart:598:22)
#921    TestAsyncUtils.guard (package:flutter_test/src/test_async_utils.dart:74:41)
#922    WidgetTester.pumpWidget (package:flutter_test/src/widget_tester.dart:595:27)
#923    main.pumpRoute (file:///C:/Users/User/FlutterProjects/taskly_bloc/test/presentation/features/tasks/task_editor_route_page_widget_test.dart:68:18)
#924    main.<anonymous closure> (file:///C:/Users/User/FlutterProjects/taskly_bloc/test/presentation/features/tasks/task_editor_route_page_widget_test.dart:96:11)
#925    testWidgetsSafe.<anonymous closure> (file:///C:/Users/User/FlutterProjects/taskly_bloc/test/helpers/test_helpers.dart:71:23)
#926    testWidgets.<anonymous closure>.<anonymous closure> (package:flutter_test/src/widget_tester.dart:192:29)
<asynchronous suspension>
#927    TestWidgetsFlutterBinding._runTestBody (package:flutter_test/src/binding.dart:1059:5)
<asynchronous suspension>
<asynchronous suspension>
(elided 5 frames from dart:async and package:stack_trace)

════════════════════════════════════════════════════════════════════════════════════════════════════
══╡ EXCEPTION CAUGHT BY FLUTTER TEST FRAMEWORK ╞════════════════════════════════════════════════════
The following TestFailure was thrown running a test:
Expected: exactly one matching candidate
  Actual: _TypeWidgetFinder:<Found 0 widgets with type "TaskForm": []>
   Which: means none were found but one was expected

When the exception was thrown, this was the stack:
#4      main.<anonymous closure> (file:///C:/Users/User/FlutterProjects/taskly_bloc/test/presentation/features/tasks/task_editor_route_page_widget_test.dart:99:5)
<asynchronous suspension>
<asynchronous suspension>
#6      testWidgetsSafe.<anonymous closure> (file:///C:/Users/User/FlutterProjects/taskly_bloc/test/helpers/test_helpers.dart:71:9)
<asynchronous suspension>
#7      testWidgets.<anonymous closure>.<anonymous closure> (package:flutter_test/src/widget_tester.dart:192:15)
<asynchronous suspension>
#8      TestWidgetsFlutterBinding._runTestBody (package:flutter_test/src/binding.dart:1059:5)
<asynchronous suspension>
<asynchronous suspension>
(elided 2 frames from dart:async and package:stack_trace)

This was caught by the test expectation on the following line:
  file:///C:/Users/User/FlutterProjects/taskly_bloc/test/presentation/features/tasks/task_editor_route_page_widget_test.dart line 99
The test description was:
  renders task editor full page for deep link
════════════════════════════════════════════════════════════════════════════════════════════════════
══╡ EXCEPTION CAUGHT BY FLUTTER TEST FRAMEWORK ╞════════════════════════════════════════════════════
The following message was thrown:
Multiple exceptions (2) were detected during the running of the current test, and at least one was
unexpected.
════════════════════════════════════════════════════════════════════════════════════════════════════
02:36 +289 -29: C:/Users/User/FlutterProjects/taskly_bloc/test/presentation/features/tasks/task_editor_route_page_widget_test.dart: renders task editor full page for deep link [E]
  Test failed. See exception logs above.
  The test description was: renders task editor full page for deep link
  
══╡ EXCEPTION CAUGHT BY WIDGET INSPECTOR ╞══════════════════════════════════════════════════════════
The following assertion was thrown:
Looking up a deactivated widget's ancestor is unsafe.
At this point the state of the widget's element tree is no longer stable.
To safely refer to a widget's ancestor in its dispose() method, save a reference to the ancestor by
calling dependOnInheritedWidgetOfExactType() in the widget's didChangeDependencies() method.

When the exception was thrown, this was the stack:
#0      Element._debugCheckStateIsActiveForAncestorLookup.<anonymous closure> (package:flutter/src/widgets/framework.dart:5052:9)
#1      Element._debugCheckStateIsActiveForAncestorLookup (package:flutter/src/widgets/framework.dart:5066:6)
#2      Element.visitAncestorElements (package:flutter/src/widgets/framework.dart:5177:12)
#3      _describeRelevantUserCode (package:flutter/src/widgets/widget_inspector.dart:4244:13)
#4      _parseDiagnosticsNode (package:flutter/src/widgets/widget_inspector.dart:4163:12)
#5      debugTransformDebugCreator (package:flutter/src/widgets/widget_inspector.dart:4142:21)
#6      _FlutterErrorDetailsNode.builder (package:flutter/src/foundation/assertions.dart:1310:31)
#7      DiagnosticableNode.emptyBodyDescription (package:flutter/src/foundation/diagnostics.dart:2941:45)
#8      TextTreeRenderer._debugRender (package:flutter/src/foundation/diagnostics.dart:1307:14)
#9      TextTreeRenderer.render (package:flutter/src/foundation/diagnostics.dart:1137:14)
#10     FlutterError.dumpErrorToConsole (package:flutter/src/foundation/assertions.dart:1040:13)
#11     TestWidgetsFlutterBinding._runTest.<anonymous closure> (package:flutter_test/src/binding.dart:886:24)
#12     FlutterError.reportError (package:flutter/src/foundation/assertions.dart:1203:14)
#13     TestWidgetsFlutterBinding._runTest.handleUncaughtError (package:flutter_test/src/binding.dart:985:20)
#14     TestWidgetsFlutterBinding._runTest.<anonymous closure> (package:flutter_test/src/binding.dart:1027:13)
<asynchronous suspension>
(elided 5 frames from dart:async)

This exception was caught while trying to describe the user-relevant code of another error.
════════════════════════════════════════════════════════════════════════════════════════════════════
02:36 +289 -29: C:/Users/User/FlutterProjects/taskly_bloc/test/presentation/features/tasks/task_editor_route_page_widget_test.dart: (tearDownAll)
02:36 +289 -29: loading C:/Users/User/FlutterProjects/taskly_bloc/test/presentation/features/values/bloc/values_hero_bloc_test.dart
02:37 +289 -29: C:/Users/User/FlutterProjects/taskly_bloc/test/presentation/features/values/bloc/values_hero_bloc_test.dart: (setUpAll)
02:37 +289 -29: C:/Users/User/FlutterProjects/taskly_bloc/test/presentation/features/values/bloc/values_hero_bloc_test.dart: loads hero items from analytics and values
02:37 +289 -30: C:/Users/User/FlutterProjects/taskly_bloc/test/presentation/features/values/bloc/values_hero_bloc_test.dart: loads hero items from analytics and values [E]
  Invalid argument(s): An argument matcher (like `any()`) was either not used as an immediate argument to Symbol("getRecentCompletionsByValue") (argument matchers can only be used as an argument for the very method being stubbed or verified), or was used as a named argument without the Mocktail "named" API (Each argument matcher that is used as a named argument needs to specify the name of the argument it is being used in. For example: `when(() => obj.fn(x: any(named: "x")))`).
  package:mocktail/src/_is_invocation.dart 252:7                           _InvocationForMatchedArguments._reconstitutePositionalArgs
  package:mocktail/src/_is_invocation.dart 126:33                          new _InvocationForMatchedArguments
  package:mocktail/src/_is_invocation.dart 111:18                          _useMatchedInvocationIfSet
  package:mocktail/src/mocktail.dart 112:18                                Mock.noSuchMethod
  test\mocks\feature_mocks.dart 14:7                                       MockAnalyticsService.getRecentCompletionsByValue
  test\presentation\features\values\bloc\values_hero_bloc_test.dart 74:30  main.<fn>.<fn>
  package:mocktail/src/mocktail.dart 211:9                                 when.<fn>
  test\presentation\features\values\bloc\values_hero_bloc_test.dart 73:9   main.<fn>
  
02:37 +289 -30: C:/Users/User/FlutterProjects/taskly_bloc/test/presentation/features/values/bloc/values_hero_bloc_test.dart: updates when values stream changes
02:37 +289 -31: C:/Users/User/FlutterProjects/taskly_bloc/test/presentation/features/values/bloc/values_hero_bloc_test.dart: updates when values stream changes [E]
  Invalid argument(s): An argument matcher (like `any()`) was either not used as an immediate argument to Symbol("getRecentCompletionsByValue") (argument matchers can only be used as an argument for the very method being stubbed or verified), or was used as a named argument without the Mocktail "named" API (Each argument matcher that is used as a named argument needs to specify the name of the argument it is being used in. For example: `when(() => obj.fn(x: any(named: "x")))`).
  package:mocktail/src/_is_invocation.dart 252:7                           _InvocationForMatchedArguments._reconstitutePositionalArgs
  package:mocktail/src/_is_invocation.dart 126:33                          new _InvocationForMatchedArguments
  package:mocktail/src/_is_invocation.dart 111:18                          _useMatchedInvocationIfSet
  package:mocktail/src/mocktail.dart 112:18                                Mock.noSuchMethod
  test\mocks\feature_mocks.dart 14:7                                       MockAnalyticsService.getRecentCompletionsByValue
  test\presentation\features\values\bloc\values_hero_bloc_test.dart 74:30  main.<fn>.<fn>
  package:mocktail/src/mocktail.dart 211:9                                 when.<fn>
  test\presentation\features\values\bloc\values_hero_bloc_test.dart 73:9   main.<fn>
  
02:37 +289 -31: C:/Users/User/FlutterProjects/taskly_bloc/test/presentation/features/values/bloc/values_hero_bloc_test.dart: emits error when analytics fails
02:37 +289 -32: C:/Users/User/FlutterProjects/taskly_bloc/test/presentation/features/values/bloc/values_hero_bloc_test.dart: emits error when analytics fails [E]
  Invalid argument(s): An argument matcher (like `any()`) was either not used as an immediate argument to Symbol("getRecentCompletionsByValue") (argument matchers can only be used as an argument for the very method being stubbed or verified), or was used as a named argument without the Mocktail "named" API (Each argument matcher that is used as a named argument needs to specify the name of the argument it is being used in. For example: `when(() => obj.fn(x: any(named: "x")))`).
  package:mocktail/src/_is_invocation.dart 252:7                           _InvocationForMatchedArguments._reconstitutePositionalArgs
  package:mocktail/src/_is_invocation.dart 126:33                          new _InvocationForMatchedArguments
  package:mocktail/src/_is_invocation.dart 111:18                          _useMatchedInvocationIfSet
  package:mocktail/src/mocktail.dart 112:18                                Mock.noSuchMethod
  test\mocks\feature_mocks.dart 14:7                                       MockAnalyticsService.getRecentCompletionsByValue
  test\presentation\features\values\bloc\values_hero_bloc_test.dart 74:30  main.<fn>.<fn>
  package:mocktail/src/mocktail.dart 211:9                                 when.<fn>
  test\presentation\features\values\bloc\values_hero_bloc_test.dart 73:9   main.<fn>
  
02:37 +289 -32: C:/Users/User/FlutterProjects/taskly_bloc/test/presentation/features/values/bloc/values_hero_bloc_test.dart: (tearDownAll)
02:37 +289 -32: loading C:/Users/User/FlutterProjects/taskly_bloc/test/presentation/features/values/bloc/value_detail_bloc_test.dart
02:37 +289 -32: C:/Users/User/FlutterProjects/taskly_bloc/test/presentation/features/values/bloc/value_detail_bloc_test.dart: (setUpAll)
02:37 +289 -32: C:/Users/User/FlutterProjects/taskly_bloc/test/presentation/features/values/bloc/value_detail_bloc_test.dart: loads value by id
[38;5;255m┌──────────────────────────────────────────────────────────────────────────────────────────────────────────────[0m
[38;5;255m│ [debug] | 6:39:45 779ms | Loading entity...[0m
[38;5;255m└──────────────────────────────────────────────────────────────────────────────────────────────────────────────[0m
[38;5;255m┌──────────────────────────────────────────────────────────────────────────────────────────────────────────────[0m
[38;5;255m│ [debug] | 6:39:45 788ms | Entity loaded successfully[0m
[38;5;255m└──────────────────────────────────────────────────────────────────────────────────────────────────────────────[0m
02:38 +290 -32: C:/Users/User/FlutterProjects/taskly_bloc/test/presentation/features/values/bloc/value_detail_bloc_test.dart: emits validation failure on create
02:38 +291 -32: C:/Users/User/FlutterProjects/taskly_bloc/test/presentation/features/values/bloc/value_detail_bloc_test.dart: (tearDownAll)
02:38 +291 -32: loading C:/Users/User/FlutterProjects/taskly_bloc/test/presentation/features/values/bloc/value_list_bloc_test.dart
02:39 +291 -32: C:/Users/User/FlutterProjects/taskly_bloc/test/presentation/features/values/bloc/value_list_bloc_test.dart: (setUpAll)
02:39 +291 -32: C:/Users/User/FlutterProjects/taskly_bloc/test/presentation/features/values/bloc/value_list_bloc_test.dart: loads and sorts values on subscription
[38;5;3m┌──────────────────────────────────────────────────────────────────────────────────────────────────────────────[0m
[38;5;3m│ [warning] | 6:39:47 223ms | [values.list] subscription requested | pageKey= sort=name (route: <unknown>)[0m
[38;5;3m└──────────────────────────────────────────────────────────────────────────────────────────────────────────────[0m
[38;5;3m┌──────────────────────────────────────────────────────────────────────────────────────────────────────────────[0m
[38;5;3m│ [warning] | 6:39:47 232ms | [values.list] initial getAll | count=2 (route: <unknown>)[0m
[38;5;3m└──────────────────────────────────────────────────────────────────────────────────────────────────────────────[0m
[38;5;3m┌──────────────────────────────────────────────────────────────────────────────────────────────────────────────[0m
[38;5;3m│ [warning] | 6:39:47 246ms | [values.list] watchAll emission | count=2 (route: <unknown>)[0m
[38;5;3m└──────────────────────────────────────────────────────────────────────────────────────────────────────────────[0m
02:39 +292 -32: C:/Users/User/FlutterProjects/taskly_bloc/test/presentation/features/values/bloc/value_list_bloc_test.dart: (tearDownAll)
02:39 +292 -32: loading C:/Users/User/FlutterProjects/taskly_bloc/test/presentation/features/values/values_page_widget_test.dart
02:40 +292 -32: C:/Users/User/FlutterProjects/taskly_bloc/test/presentation/features/values/values_page_widget_test.dart: (setUpAll)
02:40 +292 -32: C:/Users/User/FlutterProjects/taskly_bloc/test/presentation/features/values/values_page_widget_test.dart: shows loading state while values load
02:42 +293 -32: C:/Users/User/FlutterProjects/taskly_bloc/test/presentation/features/values/values_page_widget_test.dart: shows error state when repository throws
02:42 +294 -32: C:/Users/User/FlutterProjects/taskly_bloc/test/presentation/features/values/values_page_widget_test.dart: renders values content when loaded
[38;5;3m┌──────────────────────────────────────────────────────────────────────────────────────────────────────────────[0m
[38;5;3m│ [warning] | 6:39:50 229ms | [values.list] render list | count=1 (route: <unknown>)[0m
[38;5;3m└──────────────────────────────────────────────────────────────────────────────────────────────────────────────[0m
02:43 +295 -32: C:/Users/User/FlutterProjects/taskly_bloc/test/presentation/features/values/values_page_widget_test.dart: updates list when values change
02:43 +296 -32: C:/Users/User/FlutterProjects/taskly_bloc/test/presentation/features/values/values_page_widget_test.dart: (tearDownAll)
02:43 +296 -32: loading C:/Users/User/FlutterProjects/taskly_bloc/test/presentation/features/values/value_detail_view_widget_test.dart
02:44 +296 -32: C:/Users/User/FlutterProjects/taskly_bloc/test/presentation/features/values/value_detail_view_widget_test.dart: (setUpAll)
02:44 +296 -32: C:/Users/User/FlutterProjects/taskly_bloc/test/presentation/features/values/value_detail_view_widget_test.dart: shows loading indicator while loading
02:44 +297 -32: C:/Users/User/FlutterProjects/taskly_bloc/test/presentation/features/values/value_detail_view_widget_test.dart: renders value form for edit flow
02:45 +298 -32: C:/Users/User/FlutterProjects/taskly_bloc/test/presentation/features/values/value_detail_view_widget_test.dart: shows fallback error text for invalid state
02:45 +299 -32: C:/Users/User/FlutterProjects/taskly_bloc/test/presentation/features/values/value_detail_view_widget_test.dart: (tearDownAll)
02:45 +299 -32: loading C:/Users/User/FlutterProjects/taskly_bloc/test/presentation/routing/not_found_route_page_widget_test.dart
02:46 +299 -32: C:/Users/User/FlutterProjects/taskly_bloc/test/presentation/routing/not_found_route_page_widget_test.dart: (setUpAll)
02:46 +299 -32: C:/Users/User/FlutterProjects/taskly_bloc/test/presentation/routing/not_found_route_page_widget_test.dart: shows default message when none provided
02:46 +300 -32: C:/Users/User/FlutterProjects/taskly_bloc/test/presentation/routing/not_found_route_page_widget_test.dart: navigates home from empty state action
[38;5;255m┌──────────────────────────────────────────────────────────────────────────────────────────────────────────────[0m
[38;5;255m│ [verbose] | 6:39:54 674ms | [routing] NotFound details: route missing (route: <unknown>)[0m
[38;5;255m└──────────────────────────────────────────────────────────────────────────────────────────────────────────────[0m
02:46 +301 -32: C:/Users/User/FlutterProjects/taskly_bloc/test/presentation/routing/not_found_route_page_widget_test.dart: (tearDownAll)
02:46 +301 -32: loading C:/Users/User/FlutterProjects/taskly_bloc/test/presentation/screens/bloc/my_day_bloc_test.dart
02:47 +301 -32: C:/Users/User/FlutterProjects/taskly_bloc/test/presentation/screens/bloc/my_day_bloc_test.dart: (setUpAll)
02:47 +301 -32: C:/Users/User/FlutterProjects/taskly_bloc/test/presentation/screens/bloc/my_day_bloc_test.dart: maps view model into loaded state
02:48 +302 -32: C:/Users/User/FlutterProjects/taskly_bloc/test/presentation/screens/bloc/my_day_bloc_test.dart: records routine completion when toggled to complete
02:48 +303 -32: C:/Users/User/FlutterProjects/taskly_bloc/test/presentation/screens/bloc/my_day_bloc_test.dart: (tearDownAll)
02:48 +303 -32: loading C:/Users/User/FlutterProjects/taskly_bloc/test/presentation/screens/bloc/my_day_gate_bloc_test.dart
02:48 +303 -32: C:/Users/User/FlutterProjects/taskly_bloc/test/presentation/screens/bloc/my_day_gate_bloc_test.dart: (setUpAll)
02:49 +303 -32: C:/Users/User/FlutterProjects/taskly_bloc/test/presentation/screens/bloc/my_day_gate_bloc_test.dart: emits loaded state when prerequisites stream emits
02:49 +304 -32: C:/Users/User/FlutterProjects/taskly_bloc/test/presentation/screens/bloc/my_day_gate_bloc_test.dart: retry emits loading then loaded
02:49 +305 -32: C:/Users/User/FlutterProjects/taskly_bloc/test/presentation/screens/bloc/my_day_gate_bloc_test.dart: (tearDownAll)
02:49 +305 -32: loading C:/Users/User/FlutterProjects/taskly_bloc/test/presentation/screens/bloc/plan_my_day_bloc_test.dart
02:50 +305 -32: C:/Users/User/FlutterProjects/taskly_bloc/test/presentation/screens/bloc/plan_my_day_bloc_test.dart: (setUpAll)
02:50 +305 -32: C:/Users/User/FlutterProjects/taskly_bloc/test/presentation/screens/bloc/plan_my_day_bloc_test.dart: emits ready state after initial refresh
02:50 +306 -32: C:/Users/User/FlutterProjects/taskly_bloc/test/presentation/screens/bloc/plan_my_day_bloc_test.dart: auto-includes due and planned tasks in selection
02:51 +307 -32: C:/Users/User/FlutterProjects/taskly_bloc/test/presentation/screens/bloc/plan_my_day_bloc_test.dart: switches from demo data to live data when demo mode disables
02:51 +308 -32: C:/Users/User/FlutterProjects/taskly_bloc/test/presentation/screens/bloc/plan_my_day_bloc_test.dart: (tearDownAll)
02:51 +308 -32: loading C:/Users/User/FlutterProjects/taskly_bloc/test/presentation/screens/bloc/screen_actions_bloc_failure_test.dart
02:52 +308 -32: C:/Users/User/FlutterProjects/taskly_bloc/test/presentation/screens/bloc/screen_actions_bloc_failure_test.dart: (setUpAll)
02:52 +308 -32: C:/Users/User/FlutterProjects/taskly_bloc/test/presentation/screens/bloc/screen_actions_bloc_failure_test.dart: ScreenActionsBloc failure handling emits failure then idle and completes completer on expected failure
[38;5;1m┌──────────────────────────────────────────────────────────────────────────────────────────────────────────────[0m
[38;5;1m│ [exception] | 6:40:00 87ms | [ScreenActionsBloc] task completion failed[0m
[38;5;1m│ AppFailure(kind=AppFailureKind.validation, code=null, message=bad input, cause=null)[0m
[38;5;1m│ StackTrace: #0      When.thenThrow.<anonymous closure> (package:mocktail/src/mocktail.dart:249:7)[0m
[38;5;1m│ #1      Mock.noSuchMethod (package:mocktail/src/mocktail.dart:131:37)[0m
[38;5;1m│ #2      MockOccurrenceCommandService.completeTask (file:///C:/Users/User/FlutterProjects/taskly_bloc/test/mocks/feature_mocks.dart:21:7)[0m
[38;5;1m│ #3      TaskWriteService.complete (package:taskly_domain/src/services/actions/task_write_service.dart:65:38)[0m
[38;5;1m│ #4      ScreenActionsBloc._onTaskCompletionChanged (package:taskly_bloc/presentation/screens/bloc/screen_actions_bloc.dart:253:33)[0m
[38;5;1m│ #5      Bloc.on.<anonymous closure>.handleEvent (package:bloc/src/bloc.dart:226:26)[0m
[38;5;1m│ #6      Bloc.on.<anonymous closure> (package:bloc/src/bloc.dart:237:9)[0m
[38;5;1m│ #7      Stream.asyncExpand.<anonymous closure>.<anonymous closure> (dart:async/stream.dart:887:30)[0m
[38;5;1m│ #8      StackZoneSpecification._registerUnaryCallback.<anonymous closure>.<anonymous closure> (package:stack_trace/src/stack_zone_specification.dart:127:36)[0m
[38;5;1m│ #9      StackZoneSpecification._run (package:stack_trace/src/stack_zone_specification.dart:207:15)[0m
[38;5;1m│ #10     StackZoneSpecification._registerUnaryCallback.<anonymous closure> (package:stack_trace/src/stack_zone_specification.dart:127:24)[0m
[38;5;1m│ #11     _rootRunUnary (dart:async/zone.dart:1538:47)[0m
[38;5;1m│ #12     _CustomZone.runUnary (dart:async/zone.dart:1429:19)[0m
[38;5;1m│ #13     _CustomZone.runUnaryGuarded (dart:async/zone.dart:1329:7)[0m
[38;5;1m│ #14     CastStreamSubscription._onData (dart:_internal/async_cast.dart:95:11)[0m
[38;5;1m│ #15     StackZoneSpecification._registerUnaryCallback.<anonymous closure>.<anonymous closure> (package:stack_trace/src/stack_zone_specification.dart:127:36)[0m
[38;5;1m│ #16     StackZoneSpecification._run (package:stack_trace/src/stack_zone_specification.dart:207:15)[0m
[38;5;1m│ #17     StackZoneSpecification._registerUnaryCallback.<anonymous closure> (package:stack_trace/src/stack_zone_specification.dart:127:24)[0m
[38;5;1m│ #18     _rootRunUnary (dart:async/zone.dart:1538:47)[0m
[38;5;1m│ #19     _CustomZone.runUnary (dart:async/zone.dart:1429:19)[0m
[38;5;1m│ #20     _CustomZone.runUnaryGuarded (dart:async/zone.dart:1329:7)[0m
[38;5;1m│ #21     _BufferingStreamSubscription._sendData (dart:async/stream_impl.dart:381:11)[0m
[38;5;1m│ #22     _BufferingStreamSubscription._add (dart:async/stream_impl.dart:312:7)[0m
[38;5;1m│ #23     _ForwardingStreamSubscription._add (dart:async/stream_pipe.dart:154:11)[0m
[38;5;1m│ #24     _WhereStream._handleData (dart:async/stream_pipe.dart:229:12)[0m
[38;5;1m│ #25     _ForwardingStreamSubscription._handleData (dart:async/stream_pipe.dart:184:13)[0m
[38;5;1m│ #26     StackZoneSpecification._registerUnaryCallback.<anonymous closure>.<anonymous closure> (package:stack_trace/src/stack_zone_specification.dart:127:36)[0m
[38;5;1m│ #27     StackZoneSpecification._run (package:stack_trace/src/stack_zone_specification.dart:207:15)[0m
[38;5;1m│ #28     StackZoneSpecification._registerUnaryCallback.<anonymous closure> (package:stack_trace/src/stack_zone_specification.dart:127:24)[0m
[38;5;1m│ #29     _rootRunUnary (dart:async/zone.dart:1538:47)[0m
[38;5;1m│ #30     _CustomZone.runUnary (dart:async/zone.dart:1429:19)[0m
[38;5;1m│ #31     _CustomZone.runUnaryGuarded (dart:async/zone.dart:1329:7)[0m
[38;5;1m│ #32     _BufferingStreamSubscription._sendData (dart:async/stream_impl.dart:381:11)[0m
[38;5;1m│ #33     _DelayedData.perform (dart:async/stream_impl.dart:573:14)[0m
[38;5;1m│ #34     _PendingEvents.handleNext (dart:async/stream_impl.dart:678:11)[0m
[38;5;1m│ #35     _PendingEvents.schedule.<anonymous closure> (dart:async/stream_impl.dart:649:7)[0m
[38;5;1m│ #36     StackZoneSpecification._run (package:stack_trace/src/stack_zone_specification.dart:207:15)[0m
[38;5;1m│ #37     StackZoneSpecification._registerCallback.<anonymous closure> (package:stack_trace/src/stack_zone_specification.dart:114:48)[0m
[38;5;1m│ #38     _rootRun (dart:async/zone.dart:1517:47)[0m
[38;5;1m│ #39     _CustomZone.run (dart:async/zone.dart:1422:19)[0m
[38;5;1m│ #40     _CustomZone.runGuarded (dart:async/zone.dart:1321:7)[0m
[38;5;1m│ #41     _CustomZone.bindCallbackGuarded.<anonymous closure> (dart:async/zone.dart:1362:23)[0m
[38;5;1m│ #42     StackZoneSpecification._run (package:stack_trace/src/stack_zone_specification.dart:207:15)[0m
[38;5;1m│ #43     StackZoneSpecification._registerCallback.<anonymous closure> (package:stack_trace/src/stack_zone_specification.dart:114:48)[0m
[38;5;1m│ #44     _rootRun (dart:async/zone.dart:1525:13)[0m
[38;5;1m│ #45     _CustomZone.run (dart:async/zone.dart:1422:19)[0m
[38;5;1m│ #46     _CustomZone.runGuarded (dart:async/zone.dart:1321:7)[0m
[38;5;1m│ #47     _CustomZone.bindCallbackGuarded.<anonymous closure> (dart:async/zone.dart:1362:23)[0m
[38;5;1m│ #48     _microtaskLoop (dart:async/schedule_microtask.dart:40:35)[0m
[38;5;1m│ #49     _startMicrotaskLoop (dart:async/schedule_microtask.dart:49:5)[0m
[38;5;1m│ }[0m
[38;5;1m└──────────────────────────────────────────────────────────────────────────────────────────────────────────────[0m
02:52 +309 -32: C:/Users/User/FlutterProjects/taskly_bloc/test/presentation/screens/bloc/screen_actions_bloc_failure_test.dart: ScreenActionsBloc failure handling emits failure then idle and suppresses snackbar on unexpected failure
[38;5;1m┌──────────────────────────────────────────────────────────────────────────────────────────────────────────────[0m
[38;5;1m│ [exception] | 6:40:00 414ms | [app.unexpected] Task completion change failed | feature=screen_actions screen=screen_actions intent=task_completion_changed operation=complete_occurrence correlationId=6aaa53e0-4453-4a02-a162-18dac6441872 entityType=task entityId=task-1 (route: <unknown>)[0m
[38;5;1m│ AppFailure(kind=AppFailureKind.unknown, code=null, message=boom, cause=null)[0m
[38;5;1m│ StackTrace: #0      When.thenThrow.<anonymous closure> (package:mocktail/src/mocktail.dart:249:7)[0m
[38;5;1m│ #1      Mock.noSuchMethod (package:mocktail/src/mocktail.dart:131:37)[0m
[38;5;1m│ #2      MockOccurrenceCommandService.completeTask (file:///C:/Users/User/FlutterProjects/taskly_bloc/test/mocks/feature_mocks.dart:21:7)[0m
[38;5;1m│ #3      TaskWriteService.complete (package:taskly_domain/src/services/actions/task_write_service.dart:65:38)[0m
[38;5;1m│ #4      ScreenActionsBloc._onTaskCompletionChanged (package:taskly_bloc/presentation/screens/bloc/screen_actions_bloc.dart:253:33)[0m
[38;5;1m│ #5      Bloc.on.<anonymous closure>.handleEvent (package:bloc/src/bloc.dart:226:26)[0m
[38;5;1m│ #6      Bloc.on.<anonymous closure> (package:bloc/src/bloc.dart:237:9)[0m
[38;5;1m│ #7      Stream.asyncExpand.<anonymous closure>.<anonymous closure> (dart:async/stream.dart:887:30)[0m
[38;5;1m│ #8      StackZoneSpecification._registerUnaryCallback.<anonymous closure>.<anonymous closure> (package:stack_trace/src/stack_zone_specification.dart:127:36)[0m
[38;5;1m│ #9      StackZoneSpecification._run (package:stack_trace/src/stack_zone_specification.dart:207:15)[0m
[38;5;1m│ #10     StackZoneSpecification._registerUnaryCallback.<anonymous closure> (package:stack_trace/src/stack_zone_specification.dart:127:24)[0m
[38;5;1m│ #11     _rootRunUnary (dart:async/zone.dart:1538:47)[0m
[38;5;1m│ #12     _CustomZone.runUnary (dart:async/zone.dart:1429:19)[0m
[38;5;1m│ #13     _CustomZone.runUnaryGuarded (dart:async/zone.dart:1329:7)[0m
[38;5;1m│ #14     CastStreamSubscription._onData (dart:_internal/async_cast.dart:95:11)[0m
[38;5;1m│ #15     StackZoneSpecification._registerUnaryCallback.<anonymous closure>.<anonymous closure> (package:stack_trace/src/stack_zone_specification.dart:127:36)[0m
[38;5;1m│ #16     StackZoneSpecification._run (package:stack_trace/src/stack_zone_specification.dart:207:15)[0m
[38;5;1m│ #17     StackZoneSpecification._registerUnaryCallback.<anonymous closure> (package:stack_trace/src/stack_zone_specification.dart:127:24)[0m
[38;5;1m│ #18     _rootRunUnary (dart:async/zone.dart:1538:47)[0m
[38;5;1m│ #19     _CustomZone.runUnary (dart:async/zone.dart:1429:19)[0m
[38;5;1m│ #20     _CustomZone.runUnaryGuarded (dart:async/zone.dart:1329:7)[0m
[38;5;1m│ #21     _BufferingStreamSubscription._sendData (dart:async/stream_impl.dart:381:11)[0m
[38;5;1m│ #22     _BufferingStreamSubscription._add (dart:async/stream_impl.dart:312:7)[0m
[38;5;1m│ #23     _ForwardingStreamSubscription._add (dart:async/stream_pipe.dart:154:11)[0m
[38;5;1m│ #24     _WhereStream._handleData (dart:async/stream_pipe.dart:229:12)[0m
[38;5;1m│ #25     _ForwardingStreamSubscription._handleData (dart:async/stream_pipe.dart:184:13)[0m
[38;5;1m│ #26     StackZoneSpecification._registerUnaryCallback.<anonymous closure>.<anonymous closure> (package:stack_trace/src/stack_zone_specification.dart:127:36)[0m
[38;5;1m│ #27     StackZoneSpecification._run (package:stack_trace/src/stack_zone_specification.dart:207:15)[0m
[38;5;1m│ #28     StackZoneSpecification._registerUnaryCallback.<anonymous closure> (package:stack_trace/src/stack_zone_specification.dart:127:24)[0m
[38;5;1m│ #29     _rootRunUnary (dart:async/zone.dart:1538:47)[0m
[38;5;1m│ #30     _CustomZone.runUnary (dart:async/zone.dart:1429:19)[0m
[38;5;1m│ #31     _CustomZone.runUnaryGuarded (dart:async/zone.dart:1329:7)[0m
[38;5;1m│ #32     _BufferingStreamSubscription._sendData (dart:async/stream_impl.dart:381:11)[0m
[38;5;1m│ #33     _DelayedData.perform (dart:async/stream_impl.dart:573:14)[0m
[38;5;1m│ #34     _PendingEvents.handleNext (dart:async/stream_impl.dart:678:11)[0m
[38;5;1m│ #35     _PendingEvents.schedule.<anonymous closure> (dart:async/stream_impl.dart:649:7)[0m
[38;5;1m│ #36     StackZoneSpecification._run (package:stack_trace/src/stack_zone_specification.dart:207:15)[0m
[38;5;1m│ #37     StackZoneSpecification._registerCallback.<anonymous closure> (package:stack_trace/src/stack_zone_specification.dart:114:48)[0m
[38;5;1m│ #38     _rootRun (dart:async/zone.dart:1517:47)[0m
[38;5;1m│ #39     _CustomZone.run (dart:async/zone.dart:1422:19)[0m
[38;5;1m│ #40     _CustomZone.runGuarded (dart:async/zone.dart:1321:7)[0m
[38;5;1m│ #41     _CustomZone.bindCallbackGuarded.<anonymous closure> (dart:async/zone.dart:1362:23)[0m
[38;5;1m│ #42     StackZoneSpecification._run (package:stack_trace/src/stack_zone_specification.dart:207:15)[0m
[38;5;1m│ #43     StackZoneSpecification._registerCallback.<anonymous closure> (package:stack_trace/src/stack_zone_specification.dart:114:48)[0m
[38;5;1m│ #44     _rootRun (dart:async/zone.dart:1525:13)[0m
[38;5;1m│ #45     _CustomZone.run (dart:async/zone.dart:1422:19)[0m
[38;5;1m│ #46     _CustomZone.runGuarded (dart:async/zone.dart:1321:7)[0m
[38;5;1m│ #47     _CustomZone.bindCallbackGuarded.<anonymous closure> (dart:async/zone.dart:1362:23)[0m
[38;5;1m│ #48     _microtaskLoop (dart:async/schedule_microtask.dart:40:35)[0m
[38;5;1m│ #49     _startMicrotaskLoop (dart:async/schedule_microtask.dart:49:5)[0m
[38;5;1m│ }[0m
[38;5;1m└──────────────────────────────────────────────────────────────────────────────────────────────────────────────[0m
[38;5;1m┌──────────────────────────────────────────────────────────────────────────────────────────────────────────────[0m
[38;5;1m│ [exception] | 6:40:00 415ms | [ScreenActionsBloc] task completion failed[0m
[38;5;1m│ AppFailure(kind=AppFailureKind.unknown, code=null, message=boom, cause=null)[0m
[38;5;1m│ StackTrace: #0      When.thenThrow.<anonymous closure> (package:mocktail/src/mocktail.dart:249:7)[0m
[38;5;1m│ #1      Mock.noSuchMethod (package:mocktail/src/mocktail.dart:131:37)[0m
[38;5;1m│ #2      MockOccurrenceCommandService.completeTask (file:///C:/Users/User/FlutterProjects/taskly_bloc/test/mocks/feature_mocks.dart:21:7)[0m
[38;5;1m│ #3      TaskWriteService.complete (package:taskly_domain/src/services/actions/task_write_service.dart:65:38)[0m
[38;5;1m│ #4      ScreenActionsBloc._onTaskCompletionChanged (package:taskly_bloc/presentation/screens/bloc/screen_actions_bloc.dart:253:33)[0m
[38;5;1m│ #5      Bloc.on.<anonymous closure>.handleEvent (package:bloc/src/bloc.dart:226:26)[0m
[38;5;1m│ #6      Bloc.on.<anonymous closure> (package:bloc/src/bloc.dart:237:9)[0m
[38;5;1m│ #7      Stream.asyncExpand.<anonymous closure>.<anonymous closure> (dart:async/stream.dart:887:30)[0m
[38;5;1m│ #8      StackZoneSpecification._registerUnaryCallback.<anonymous closure>.<anonymous closure> (package:stack_trace/src/stack_zone_specification.dart:127:36)[0m
[38;5;1m│ #9      StackZoneSpecification._run (package:stack_trace/src/stack_zone_specification.dart:207:15)[0m
[38;5;1m│ #10     StackZoneSpecification._registerUnaryCallback.<anonymous closure> (package:stack_trace/src/stack_zone_specification.dart:127:24)[0m
[38;5;1m│ #11     _rootRunUnary (dart:async/zone.dart:1538:47)[0m
[38;5;1m│ #12     _CustomZone.runUnary (dart:async/zone.dart:1429:19)[0m
[38;5;1m│ #13     _CustomZone.runUnaryGuarded (dart:async/zone.dart:1329:7)[0m
[38;5;1m│ #14     CastStreamSubscription._onData (dart:_internal/async_cast.dart:95:11)[0m
[38;5;1m│ #15     StackZoneSpecification._registerUnaryCallback.<anonymous closure>.<anonymous closure> (package:stack_trace/src/stack_zone_specification.dart:127:36)[0m
[38;5;1m│ #16     StackZoneSpecification._run (package:stack_trace/src/stack_zone_specification.dart:207:15)[0m
[38;5;1m│ #17     StackZoneSpecification._registerUnaryCallback.<anonymous closure> (package:stack_trace/src/stack_zone_specification.dart:127:24)[0m
[38;5;1m│ #18     _rootRunUnary (dart:async/zone.dart:1538:47)[0m
[38;5;1m│ #19     _CustomZone.runUnary (dart:async/zone.dart:1429:19)[0m
[38;5;1m│ #20     _CustomZone.runUnaryGuarded (dart:async/zone.dart:1329:7)[0m
[38;5;1m│ #21     _BufferingStreamSubscription._sendData (dart:async/stream_impl.dart:381:11)[0m
[38;5;1m│ #22     _BufferingStreamSubscription._add (dart:async/stream_impl.dart:312:7)[0m
[38;5;1m│ #23     _ForwardingStreamSubscription._add (dart:async/stream_pipe.dart:154:11)[0m
[38;5;1m│ #24     _WhereStream._handleData (dart:async/stream_pipe.dart:229:12)[0m
[38;5;1m│ #25     _ForwardingStreamSubscription._handleData (dart:async/stream_pipe.dart:184:13)[0m
[38;5;1m│ #26     StackZoneSpecification._registerUnaryCallback.<anonymous closure>.<anonymous closure> (package:stack_trace/src/stack_zone_specification.dart:127:36)[0m
[38;5;1m│ #27     StackZoneSpecification._run (package:stack_trace/src/stack_zone_specification.dart:207:15)[0m
[38;5;1m│ #28     StackZoneSpecification._registerUnaryCallback.<anonymous closure> (package:stack_trace/src/stack_zone_specification.dart:127:24)[0m
[38;5;1m│ #29     _rootRunUnary (dart:async/zone.dart:1538:47)[0m
[38;5;1m│ #30     _CustomZone.runUnary (dart:async/zone.dart:1429:19)[0m
[38;5;1m│ #31     _CustomZone.runUnaryGuarded (dart:async/zone.dart:1329:7)[0m
[38;5;1m│ #32     _BufferingStreamSubscription._sendData (dart:async/stream_impl.dart:381:11)[0m
[38;5;1m│ #33     _DelayedData.perform (dart:async/stream_impl.dart:573:14)[0m
[38;5;1m│ #34     _PendingEvents.handleNext (dart:async/stream_impl.dart:678:11)[0m
[38;5;1m│ #35     _PendingEvents.schedule.<anonymous closure> (dart:async/stream_impl.dart:649:7)[0m
[38;5;1m│ #36     StackZoneSpecification._run (package:stack_trace/src/stack_zone_specification.dart:207:15)[0m
[38;5;1m│ #37     StackZoneSpecification._registerCallback.<anonymous closure> (package:stack_trace/src/stack_zone_specification.dart:114:48)[0m
[38;5;1m│ #38     _rootRun (dart:async/zone.dart:1517:47)[0m
[38;5;1m│ #39     _CustomZone.run (dart:async/zone.dart:1422:19)[0m
[38;5;1m│ #40     _CustomZone.runGuarded (dart:async/zone.dart:1321:7)[0m
[38;5;1m│ #41     _CustomZone.bindCallbackGuarded.<anonymous closure> (dart:async/zone.dart:1362:23)[0m
[38;5;1m│ #42     StackZoneSpecification._run (package:stack_trace/src/stack_zone_specification.dart:207:15)[0m
[38;5;1m│ #43     StackZoneSpecification._registerCallback.<anonymous closure> (package:stack_trace/src/stack_zone_specification.dart:114:48)[0m
[38;5;1m│ #44     _rootRun (dart:async/zone.dart:1525:13)[0m
[38;5;1m│ #45     _CustomZone.run (dart:async/zone.dart:1422:19)[0m
[38;5;1m│ #46     _CustomZone.runGuarded (dart:async/zone.dart:1321:7)[0m
[38;5;1m│ #47     _CustomZone.bindCallbackGuarded.<anonymous closure> (dart:async/zone.dart:1362:23)[0m
[38;5;1m│ #48     _microtaskLoop (dart:async/schedule_microtask.dart:40:35)[0m
[38;5;1m│ #49     _startMicrotaskLoop (dart:async/schedule_microtask.dart:49:5)[0m
[38;5;1m│ }[0m
[38;5;1m└──────────────────────────────────────────────────────────────────────────────────────────────────────────────[0m
02:52 +310 -32: C:/Users/User/FlutterProjects/taskly_bloc/test/presentation/screens/bloc/screen_actions_bloc_failure_test.dart: ScreenActionsBloc failure handling emits failure for project completion errors
[38;5;1m┌──────────────────────────────────────────────────────────────────────────────────────────────────────────────[0m
[38;5;1m│ [exception] | 6:40:00 723ms | [ScreenActionsBloc] project completion failed[0m
[38;5;1m│ AppFailure(kind=AppFailureKind.validation, code=null, message=bad project, cause=null)[0m
[38;5;1m│ StackTrace: #0      When.thenThrow.<anonymous closure> (package:mocktail/src/mocktail.dart:249:7)[0m
[38;5;1m│ #1      Mock.noSuchMethod (package:mocktail/src/mocktail.dart:131:37)[0m
[38;5;1m│ #2      MockOccurrenceCommandService.completeProject (file:///C:/Users/User/FlutterProjects/taskly_bloc/test/mocks/feature_mocks.dart:21:7)[0m
[38;5;1m│ #3      ProjectWriteService.complete (package:taskly_domain/src/services/actions/project_write_service.dart:63:38)[0m
[38;5;1m│ #4      ScreenActionsBloc._onProjectCompletionChanged (package:taskly_bloc/presentation/screens/bloc/screen_actions_bloc.dart:313:36)[0m
[38;5;1m│ #5      Bloc.on.<anonymous closure>.handleEvent (package:bloc/src/bloc.dart:226:26)[0m
[38;5;1m│ #6      Bloc.on.<anonymous closure> (package:bloc/src/bloc.dart:237:9)[0m
[38;5;1m│ #7      Stream.asyncExpand.<anonymous closure>.<anonymous closure> (dart:async/stream.dart:887:30)[0m
[38;5;1m│ #8      StackZoneSpecification._registerUnaryCallback.<anonymous closure>.<anonymous closure> (package:stack_trace/src/stack_zone_specification.dart:127:36)[0m
[38;5;1m│ #9      StackZoneSpecification._run (package:stack_trace/src/stack_zone_specification.dart:207:15)[0m
[38;5;1m│ #10     StackZoneSpecification._registerUnaryCallback.<anonymous closure> (package:stack_trace/src/stack_zone_specification.dart:127:24)[0m
[38;5;1m│ #11     _rootRunUnary (dart:async/zone.dart:1538:47)[0m
[38;5;1m│ #12     _CustomZone.runUnary (dart:async/zone.dart:1429:19)[0m
[38;5;1m│ #13     _CustomZone.runUnaryGuarded (dart:async/zone.dart:1329:7)[0m
[38;5;1m│ #14     CastStreamSubscription._onData (dart:_internal/async_cast.dart:95:11)[0m
[38;5;1m│ #15     StackZoneSpecification._registerUnaryCallback.<anonymous closure>.<anonymous closure> (package:stack_trace/src/stack_zone_specification.dart:127:36)[0m
[38;5;1m│ #16     StackZoneSpecification._run (package:stack_trace/src/stack_zone_specification.dart:207:15)[0m
[38;5;1m│ #17     StackZoneSpecification._registerUnaryCallback.<anonymous closure> (package:stack_trace/src/stack_zone_specification.dart:127:24)[0m
[38;5;1m│ #18     _rootRunUnary (dart:async/zone.dart:1538:47)[0m
[38;5;1m│ #19     _CustomZone.runUnary (dart:async/zone.dart:1429:19)[0m
[38;5;1m│ #20     _CustomZone.runUnaryGuarded (dart:async/zone.dart:1329:7)[0m
[38;5;1m│ #21     _BufferingStreamSubscription._sendData (dart:async/stream_impl.dart:381:11)[0m
[38;5;1m│ #22     _BufferingStreamSubscription._add (dart:async/stream_impl.dart:312:7)[0m
[38;5;1m│ #23     _ForwardingStreamSubscription._add (dart:async/stream_pipe.dart:154:11)[0m
[38;5;1m│ #24     _WhereStream._handleData (dart:async/stream_pipe.dart:229:12)[0m
[38;5;1m│ #25     _ForwardingStreamSubscription._handleData (dart:async/stream_pipe.dart:184:13)[0m
[38;5;1m│ #26     StackZoneSpecification._registerUnaryCallback.<anonymous closure>.<anonymous closure> (package:stack_trace/src/stack_zone_specification.dart:127:36)[0m
[38;5;1m│ #27     StackZoneSpecification._run (package:stack_trace/src/stack_zone_specification.dart:207:15)[0m
[38;5;1m│ #28     StackZoneSpecification._registerUnaryCallback.<anonymous closure> (package:stack_trace/src/stack_zone_specification.dart:127:24)[0m
[38;5;1m│ #29     _rootRunUnary (dart:async/zone.dart:1538:47)[0m
[38;5;1m│ #30     _CustomZone.runUnary (dart:async/zone.dart:1429:19)[0m
[38;5;1m│ #31     _CustomZone.runUnaryGuarded (dart:async/zone.dart:1329:7)[0m
[38;5;1m│ #32     _BufferingStreamSubscription._sendData (dart:async/stream_impl.dart:381:11)[0m
[38;5;1m│ #33     _DelayedData.perform (dart:async/stream_impl.dart:573:14)[0m
[38;5;1m│ #34     _PendingEvents.handleNext (dart:async/stream_impl.dart:678:11)[0m
[38;5;1m│ #35     _PendingEvents.schedule.<anonymous closure> (dart:async/stream_impl.dart:649:7)[0m
[38;5;1m│ #36     StackZoneSpecification._run (package:stack_trace/src/stack_zone_specification.dart:207:15)[0m
[38;5;1m│ #37     StackZoneSpecification._registerCallback.<anonymous closure> (package:stack_trace/src/stack_zone_specification.dart:114:48)[0m
[38;5;1m│ #38     _rootRun (dart:async/zone.dart:1517:47)[0m
[38;5;1m│ #39     _CustomZone.run (dart:async/zone.dart:1422:19)[0m
[38;5;1m│ #40     _CustomZone.runGuarded (dart:async/zone.dart:1321:7)[0m
[38;5;1m│ #41     _CustomZone.bindCallbackGuarded.<anonymous closure> (dart:async/zone.dart:1362:23)[0m
[38;5;1m│ #42     StackZoneSpecification._run (package:stack_trace/src/stack_zone_specification.dart:207:15)[0m
[38;5;1m│ #43     StackZoneSpecification._registerCallback.<anonymous closure> (package:stack_trace/src/stack_zone_specification.dart:114:48)[0m
[38;5;1m│ #44     _rootRun (dart:async/zone.dart:1525:13)[0m
[38;5;1m│ #45     _CustomZone.run (dart:async/zone.dart:1422:19)[0m
[38;5;1m│ #46     _CustomZone.runGuarded (dart:async/zone.dart:1321:7)[0m
[38;5;1m│ #47     _CustomZone.bindCallbackGuarded.<anonymous closure> (dart:async/zone.dart:1362:23)[0m
[38;5;1m│ #48     _microtaskLoop (dart:async/schedule_microtask.dart:40:35)[0m
[38;5;1m│ #49     _startMicrotaskLoop (dart:async/schedule_microtask.dart:49:5)[0m
[38;5;1m│ }[0m
[38;5;1m└──────────────────────────────────────────────────────────────────────────────────────────────────────────────[0m
02:53 +311 -32: C:/Users/User/FlutterProjects/taskly_bloc/test/presentation/screens/bloc/screen_actions_bloc_failure_test.dart: ScreenActionsBloc failure handling emits failure for move task errors
[38;5;1m┌──────────────────────────────────────────────────────────────────────────────────────────────────────────────[0m
[38;5;1m│ [exception] | 6:40:01 33ms | [app.unexpected] Move task failed | feature=screen_actions screen=screen_actions intent=move_task_to_project operation=move correlationId=e32d0f1f-fc59-4d30-a823-20b28a1d6c0d entityType=task entityId=task-1 targetProjectId=project-1 (route: <unknown>)[0m
[38;5;1m│ AppFailure(kind=AppFailureKind.unknown, code=null, message=move failed, cause=null)[0m
[38;5;1m│ StackTrace: #0      When.thenThrow.<anonymous closure> (package:mocktail/src/mocktail.dart:249:7)[0m
[38;5;1m│ #1      Mock.noSuchMethod (package:mocktail/src/mocktail.dart:131:37)[0m
[38;5;1m│ #2      MockTaskRepositoryContract.update (file:///C:/Users/User/FlutterProjects/taskly_bloc/test/mocks/repository_mocks.dart:13:7)[0m
[38;5;1m│ #3      TaskWriteService.move (package:taskly_domain/src/services/actions/task_write_service.dart:100:27)[0m
[38;5;1m│ <asynchronous suspension>[0m
[38;5;1m│ #4      ScreenActionsBloc._onMoveTaskToProject (package:taskly_bloc/presentation/screens/bloc/screen_actions_bloc.dart:595:7)[0m
[38;5;1m│ <asynchronous suspension>[0m
[38;5;1m│ #5      Bloc.on.<anonymous closure>.handleEvent (package:bloc/src/bloc.dart:226:13)[0m
[38;5;1m│ <asynchronous suspension>[0m
[38;5;1m│ }[0m
[38;5;1m└──────────────────────────────────────────────────────────────────────────────────────────────────────────────[0m
[38;5;1m┌──────────────────────────────────────────────────────────────────────────────────────────────────────────────[0m
[38;5;1m│ [exception] | 6:40:01 34ms | [ScreenActionsBloc] move failed[0m
[38;5;1m│ AppFailure(kind=AppFailureKind.unknown, code=null, message=move failed, cause=null)[0m
[38;5;1m│ StackTrace: #0      When.thenThrow.<anonymous closure> (package:mocktail/src/mocktail.dart:249:7)[0m
[38;5;1m│ #1      Mock.noSuchMethod (package:mocktail/src/mocktail.dart:131:37)[0m
[38;5;1m│ #2      MockTaskRepositoryContract.update (file:///C:/Users/User/FlutterProjects/taskly_bloc/test/mocks/repository_mocks.dart:13:7)[0m
[38;5;1m│ #3      TaskWriteService.move (package:taskly_domain/src/services/actions/task_write_service.dart:100:27)[0m
[38;5;1m│ <asynchronous suspension>[0m
[38;5;1m│ #4      ScreenActionsBloc._onMoveTaskToProject (package:taskly_bloc/presentation/screens/bloc/screen_actions_bloc.dart:595:7)[0m
[38;5;1m│ <asynchronous suspension>[0m
[38;5;1m│ #5      Bloc.on.<anonymous closure>.handleEvent (package:bloc/src/bloc.dart:226:13)[0m
[38;5;1m│ <asynchronous suspension>[0m
[38;5;1m│ }[0m
[38;5;1m└──────────────────────────────────────────────────────────────────────────────────────────────────────────────[0m
02:53 +312 -32: C:/Users/User/FlutterProjects/taskly_bloc/test/presentation/screens/bloc/screen_actions_bloc_failure_test.dart: (tearDownAll)
02:53 +312 -32: loading C:/Users/User/FlutterProjects/taskly_bloc/test/presentation/screens/bloc/screen_actions_bloc_success_paths_test.dart
02:54 +312 -32: C:/Users/User/FlutterProjects/taskly_bloc/test/presentation/screens/bloc/screen_actions_bloc_success_paths_test.dart: (setUpAll)
02:54 +312 -32: C:/Users/User/FlutterProjects/taskly_bloc/test/presentation/screens/bloc/screen_actions_bloc_success_paths_test.dart: ScreenActionsBloc success paths completes project occurrence when completed=true
02:54 +313 -32: C:/Users/User/FlutterProjects/taskly_bloc/test/presentation/screens/bloc/screen_actions_bloc_success_paths_test.dart: ScreenActionsBloc success paths uncompletes project occurrence when completed=false
02:54 +314 -32: C:/Users/User/FlutterProjects/taskly_bloc/test/presentation/screens/bloc/screen_actions_bloc_success_paths_test.dart: ScreenActionsBloc success paths pins task when pinned=true
02:55 +315 -32: C:/Users/User/FlutterProjects/taskly_bloc/test/presentation/screens/bloc/screen_actions_bloc_success_paths_test.dart: ScreenActionsBloc success paths completes task occurrence when completed=true
02:55 +316 -32: C:/Users/User/FlutterProjects/taskly_bloc/test/presentation/screens/bloc/screen_actions_bloc_success_paths_test.dart: ScreenActionsBloc success paths uncompletes task occurrence when completed=false
02:55 +317 -32: C:/Users/User/FlutterProjects/taskly_bloc/test/presentation/screens/bloc/screen_actions_bloc_success_paths_test.dart: ScreenActionsBloc success paths unpins task when pinned=false
02:56 +318 -32: C:/Users/User/FlutterProjects/taskly_bloc/test/presentation/screens/bloc/screen_actions_bloc_success_paths_test.dart: ScreenActionsBloc success paths pins project when pinned=true
02:56 +319 -32: C:/Users/User/FlutterProjects/taskly_bloc/test/presentation/screens/bloc/screen_actions_bloc_success_paths_test.dart: ScreenActionsBloc success paths unpins project when pinned=false
02:56 +320 -32: C:/Users/User/FlutterProjects/taskly_bloc/test/presentation/screens/bloc/screen_actions_bloc_success_paths_test.dart: ScreenActionsBloc success paths deletes entity through TaskWriteService.delete
02:57 +321 -32: C:/Users/User/FlutterProjects/taskly_bloc/test/presentation/screens/bloc/screen_actions_bloc_success_paths_test.dart: ScreenActionsBloc success paths moves task with empty targetProjectId as null
02:57 +322 -32: C:/Users/User/FlutterProjects/taskly_bloc/test/presentation/screens/bloc/screen_actions_bloc_success_paths_test.dart: ScreenActionsBloc success paths moves task with a target project id
02:57 +323 -32: C:/Users/User/FlutterProjects/taskly_bloc/test/presentation/screens/bloc/screen_actions_bloc_success_paths_test.dart: ScreenActionsBloc success paths completes task series
02:57 +324 -32: C:/Users/User/FlutterProjects/taskly_bloc/test/presentation/screens/bloc/screen_actions_bloc_success_paths_test.dart: ScreenActionsBloc success paths completes project series
02:58 +325 -32: C:/Users/User/FlutterProjects/taskly_bloc/test/presentation/screens/bloc/screen_actions_bloc_success_paths_test.dart: ScreenActionsBloc success paths FailureEvent emits failure then idle
02:58 +326 -32: C:/Users/User/FlutterProjects/taskly_bloc/test/presentation/screens/bloc/screen_actions_bloc_success_paths_test.dart: (tearDownAll)
02:58 +326 -32: loading C:/Users/User/FlutterProjects/taskly_bloc/test/presentation/screens/bloc/screen_actions_operation_context_test.dart
02:59 +326 -32: C:/Users/User/FlutterProjects/taskly_bloc/test/presentation/screens/bloc/screen_actions_operation_context_test.dart: (setUpAll)
02:59 +326 -32: C:/Users/User/FlutterProjects/taskly_bloc/test/presentation/screens/bloc/screen_actions_operation_context_test.dart: ScreenActionsBloc (TG-006) forwards OperationContext into EntityActionService.completeTask
02:59 +327 -32: C:/Users/User/FlutterProjects/taskly_bloc/test/presentation/screens/bloc/screen_actions_operation_context_test.dart: (tearDownAll)
02:59 +327 -32: loading C:/Users/User/FlutterProjects/taskly_bloc/test/presentation/screens/my_day_page_widget_test.dart
03:00 +327 -32: C:/Users/User/FlutterProjects/taskly_bloc/test/presentation/screens/my_day_page_widget_test.dart: (setUpAll)
[my_day_test] setUpAll
03:00 +327 -32: C:/Users/User/FlutterProjects/taskly_bloc/test/presentation/screens/my_day_page_widget_test.dart: my day shows loading state while waiting for data
[my_day_test] setUp
[my_day_test] loading state test start
[my_day_test] pumpMyDay start
[my_day_test] pumpMyDay after pumpApp
[my_day_test] pumpMyDay after pumpForStream
[my_day_test] pumpMyDay after speedDial
03:03 +328 -32: C:/Users/User/FlutterProjects/taskly_bloc/test/presentation/screens/my_day_page_widget_test.dart: my day keeps content when watch stream errors after load
[my_day_test] setUp
[my_day_test] watch error test start
[my_day_test] pumpMyDay start
[my_day_test] pumpMyDay after pumpApp
[my_day_test] pumpMyDay after pumpForStream
[my_day_test] pumpMyDay after speedDial
03:05 +329 -32: C:/Users/User/FlutterProjects/taskly_bloc/test/presentation/screens/my_day_page_widget_test.dart: my day renders and updates planned tasks
[my_day_test] setUp
[my_day_test] renders/updates test start
03:05 +330 -32: C:/Users/User/FlutterProjects/taskly_bloc/test/presentation/screens/my_day_page_widget_test.dart: (tearDownAll)
03:05 +330 -32: loading C:/Users/User/FlutterProjects/taskly_bloc/test/presentation/screens/my_day_values_gate_widget_test.dart
03:06 +330 -32: C:/Users/User/FlutterProjects/taskly_bloc/test/presentation/screens/my_day_values_gate_widget_test.dart: (setUpAll)
03:06 +330 -32: C:/Users/User/FlutterProjects/taskly_bloc/test/presentation/screens/my_day_values_gate_widget_test.dart: my day values gate shows setup copy
03:07 +331 -32: C:/Users/User/FlutterProjects/taskly_bloc/test/presentation/screens/my_day_values_gate_widget_test.dart: (tearDownAll)
03:07 +331 -32: loading C:/Users/User/FlutterProjects/taskly_bloc/test/presentation/screens/plan_my_day_page_widget_test.dart
Warning: A tag was used that wasn't specified in dart_test.yaml.
  plan_my_day was used in the suite itself

03:07 +331 -32: C:/Users/User/FlutterProjects/taskly_bloc/test/presentation/screens/plan_my_day_page_widget_test.dart: (setUpAll)
03:07 +331 -32: C:/Users/User/FlutterProjects/taskly_bloc/test/presentation/screens/plan_my_day_page_widget_test.dart: plan my day shows loading state
03:08 +332 -32: C:/Users/User/FlutterProjects/taskly_bloc/test/presentation/screens/plan_my_day_page_widget_test.dart: plan my day shows values gate when setup required
03:08 +333 -32: C:/Users/User/FlutterProjects/taskly_bloc/test/presentation/screens/plan_my_day_page_widget_test.dart: plan my day renders value suggestions
03:08 +334 -32: C:/Users/User/FlutterProjects/taskly_bloc/test/presentation/screens/plan_my_day_page_widget_test.dart: plan my day shows due and planned shelves
03:08 +335 -32: C:/Users/User/FlutterProjects/taskly_bloc/test/presentation/screens/plan_my_day_page_widget_test.dart: (tearDownAll)
03:08 +335 -32: loading C:/Users/User/FlutterProjects/taskly_bloc/test/presentation/screens/services/my_day_query_service_test.dart
03:09 +335 -32: C:/Users/User/FlutterProjects/taskly_bloc/test/presentation/screens/services/my_day_query_service_test.dart: (setUpAll)
03:09 +335 -32: C:/Users/User/FlutterProjects/taskly_bloc/test/presentation/screens/services/my_day_query_service_test.dart: uses allocation snapshot when ritual is not completed
03:09 +336 -32: C:/Users/User/FlutterProjects/taskly_bloc/test/presentation/screens/services/my_day_query_service_test.dart: uses day picks when ritual is completed
03:09 +337 -32: C:/Users/User/FlutterProjects/taskly_bloc/test/presentation/screens/services/my_day_query_service_test.dart: emits new view model on day boundary trigger
03:09 +338 -32: C:/Users/User/FlutterProjects/taskly_bloc/test/presentation/screens/services/my_day_query_service_test.dart: (tearDownAll)
03:09 +338 -32: loading C:/Users/User/FlutterProjects/taskly_bloc/test/presentation/shared/selection/selection_bloc_test.dart
03:10 +338 -32: C:/Users/User/FlutterProjects/taskly_bloc/test/presentation/shared/selection/selection_bloc_test.dart: (setUpAll)
03:10 +338 -32: C:/Users/User/FlutterProjects/taskly_bloc/test/presentation/shared/selection/selection_bloc_test.dart: enters selection mode and selects initial item
03:10 +339 -32: C:/Users/User/FlutterProjects/taskly_bloc/test/presentation/shared/selection/selection_bloc_test.dart: exits selection mode when selection cleared
03:10 +340 -32: C:/Users/User/FlutterProjects/taskly_bloc/test/presentation/shared/selection/selection_bloc_test.dart: (tearDownAll)
03:10 +340 -32: loading C:/Users/User/FlutterProjects/taskly_bloc/test/presentation/shared/sync/sync_anomaly_bloc_test.dart
03:11 +340 -32: C:/Users/User/FlutterProjects/taskly_bloc/test/presentation/shared/sync/sync_anomaly_bloc_test.dart: (setUpAll)
03:11 +340 -32: C:/Users/User/FlutterProjects/taskly_bloc/test/presentation/shared/sync/sync_anomaly_bloc_test.dart: updates state when anomalies are received
03:11 +341 -32: C:/Users/User/FlutterProjects/taskly_bloc/test/presentation/shared/sync/sync_anomaly_bloc_test.dart: (tearDownAll)
03:12 +341 -32: loading C:/Users/User/FlutterProjects/taskly_bloc/test/presentation/theme/app_colors_test.dart
03:12 +341 -32: C:/Users/User/FlutterProjects/taskly_bloc/test/presentation/theme/app_colors_test.dart: (setUpAll)
03:12 +341 -32: C:/Users/User/FlutterProjects/taskly_bloc/test/presentation/theme/app_colors_test.dart: AppColors exposes stable palette values
03:12 +342 -32: C:/Users/User/FlutterProjects/taskly_bloc/test/presentation/theme/app_colors_test.dart: (tearDownAll)
03:12 +342 -32: loading C:/Users/User/FlutterProjects/taskly_bloc/test/presentation/theme/app_theme_test.dart
03:13 +342 -32: C:/Users/User/FlutterProjects/taskly_bloc/test/presentation/theme/app_theme_test.dart: (setUpAll)
03:13 +342 -32: C:/Users/User/FlutterProjects/taskly_bloc/test/presentation/theme/app_theme_test.dart: AppTheme.lightTheme uses the provided seed color
03:13 +343 -32: C:/Users/User/FlutterProjects/taskly_bloc/test/presentation/theme/app_theme_test.dart: AppTheme.darkTheme uses dark brightness
03:13 +344 -32: C:/Users/User/FlutterProjects/taskly_bloc/test/presentation/theme/app_theme_test.dart: AppTheme.tasklyTheme wires Taskly extensions
03:13 +345 -32: C:/Users/User/FlutterProjects/taskly_bloc/test/presentation/theme/app_theme_test.dart: TasklyTokens copyWith and lerp preserve values
03:13 +346 -32: C:/Users/User/FlutterProjects/taskly_bloc/test/presentation/theme/app_theme_test.dart: TasklyTokens exposes expected spacing/radius constants
03:13 +347 -32: C:/Users/User/FlutterProjects/taskly_bloc/test/presentation/theme/app_theme_test.dart: (tearDownAll)
03:13 +347 -32: loading C:/Users/User/FlutterProjects/taskly_bloc/test/presentation/theme/taskly_typography_test.dart
03:14 +347 -32: C:/Users/User/FlutterProjects/taskly_bloc/test/presentation/theme/taskly_typography_test.dart: (setUpAll)
03:14 +347 -32: C:/Users/User/FlutterProjects/taskly_bloc/test/presentation/theme/taskly_typography_test.dart: TasklyTokens fromTheme() builds expected token values
03:14 +348 -32: C:/Users/User/FlutterProjects/taskly_bloc/test/presentation/theme/taskly_typography_test.dart: TasklyTokens copyWith() overrides only provided fields
03:14 +349 -32: C:/Users/User/FlutterProjects/taskly_bloc/test/presentation/theme/taskly_typography_test.dart: TasklyTokens lerp() returns this when other is not TasklyTokens
03:14 +350 -32: C:/Users/User/FlutterProjects/taskly_bloc/test/presentation/theme/taskly_typography_test.dart: TasklyTokens lerp() interpolates values when other provided
03:14 +351 -32: C:/Users/User/FlutterProjects/taskly_bloc/test/presentation/theme/taskly_typography_test.dart: (tearDownAll)
03:14 +351 -32: loading C:/Users/User/FlutterProjects/taskly_bloc/test/presentation/ui/taskly_feed_renderer_widget_test.dart
03:14 +351 -32: C:/Users/User/FlutterProjects/taskly_bloc/test/presentation/ui/taskly_feed_renderer_widget_test.dart: (setUpAll)
03:14 +351 -32: C:/Users/User/FlutterProjects/taskly_bloc/test/presentation/ui/taskly_feed_renderer_widget_test.dart: renders empty state with action
03:15 +352 -32: C:/Users/User/FlutterProjects/taskly_bloc/test/presentation/ui/taskly_feed_renderer_widget_test.dart: renders error state with retry action
03:15 +353 -32: C:/Users/User/FlutterProjects/taskly_bloc/test/presentation/ui/taskly_feed_renderer_widget_test.dart: renders task rows in content feed
03:15 +354 -32: C:/Users/User/FlutterProjects/taskly_bloc/test/presentation/ui/taskly_feed_renderer_widget_test.dart: (tearDownAll)
03:15 +354 -32: Some tests failed.
